Archive member included because of file (symbol)

..\..\AntonAvrLib\Debug\libAntonAvrLib.a(dms_scheduler.o)
                              Main.o (createPeriodicJob)
..\..\AntonAvrLib\Debug\libAntonAvrLib.a(scheduler.o)
                              ..\..\AntonAvrLib\Debug\libAntonAvrLib.a(dms_scheduler.o) (schedule_next)
..\..\Kernel-NIBObee\Debug\libKernel-NIBObee.a(nibobee_kernel.o)
                              ..\..\AntonAvrLib\Debug\libAntonAvrLib.a(dms_scheduler.o) (__default_stack_size)
..\..\AntonAvrLib\Debug\libAntonAvrLib.a(external_interrupts.o)
                              ..\..\Kernel-NIBObee\Debug\libKernel-NIBObee.a(nibobee_kernel.o) (enablePinChangeInterrupt)
..\..\AntonAvrLib\Debug\libAntonAvrLib.a(motor.o)
                              ..\..\Kernel-NIBObee\Debug\libKernel-NIBObee.a(nibobee_kernel.o) (stopMotor)
..\..\AntonAvrLib\Debug\libAntonAvrLib.a(port.o)
                              ..\..\Kernel-NIBObee\Debug\libKernel-NIBObee.a(nibobee_kernel.o) (setPinOutput)
..\..\AntonAvrLib\Debug\libAntonAvrLib.a(timer.o)
                              ..\..\Kernel-NIBObee\Debug\libKernel-NIBObee.a(nibobee_kernel.o) (setTimerClockSelect)
..\..\AntonAvrLib\Debug\libAntonAvrLib.a(rr_scheduler.o)
                              ..\..\Kernel-NIBObee\Debug\libKernel-NIBObee.a(nibobee_kernel.o) (rr_schedule)
..\..\AntonAvrLib\Debug\libAntonAvrLib.a(hardware_reset.o)
                              ..\..\Kernel-NIBObee\Debug\libKernel-NIBObee.a(nibobee_kernel.o) (HARDWARE_RESET)
c:/program files (x86)/atmel/atmel studio 6.0/extensions/atmel/avrgcc/3.3.2.31/avrtoolchain/bin/../lib/gcc/avr/4.5.1/avr51\libgcc.a(_exit.o)
                              c:/program files (x86)/atmel/atmel studio 6.0/extensions/atmel/avrgcc/3.3.2.31/avrtoolchain/bin/../lib/gcc/avr/4.5.1/../../../../avr/lib/avr51/crtm1284p.o (exit)
c:/program files (x86)/atmel/atmel studio 6.0/extensions/atmel/avrgcc/3.3.2.31/avrtoolchain/bin/../lib/gcc/avr/4.5.1/avr51\libgcc.a(_copy_data.o)
                              ..\..\Kernel-NIBObee\Debug\libKernel-NIBObee.a(nibobee_kernel.o) (__do_copy_data)
c:/program files (x86)/atmel/atmel studio 6.0/extensions/atmel/avrgcc/3.3.2.31/avrtoolchain/bin/../lib/gcc/avr/4.5.1/avr51\libgcc.a(_clear_bss.o)
                              Main.o (__do_clear_bss)
c:/program files (x86)/atmel/atmel studio 6.0/extensions/atmel/avrgcc/3.3.2.31/avrtoolchain/bin/../lib/gcc/avr/4.5.1/../../../../avr/lib/avr51\libc.a(calloc.o)
                              ..\..\Kernel-NIBObee\Debug\libKernel-NIBObee.a(nibobee_kernel.o) (calloc)
c:/program files (x86)/atmel/atmel studio 6.0/extensions/atmel/avrgcc/3.3.2.31/avrtoolchain/bin/../lib/gcc/avr/4.5.1/../../../../avr/lib/avr51\libc.a(malloc.o)
                              c:/program files (x86)/atmel/atmel studio 6.0/extensions/atmel/avrgcc/3.3.2.31/avrtoolchain/bin/../lib/gcc/avr/4.5.1/../../../../avr/lib/avr51\libc.a(calloc.o) (malloc)
c:/program files (x86)/atmel/atmel studio 6.0/extensions/atmel/avrgcc/3.3.2.31/avrtoolchain/bin/../lib/gcc/avr/4.5.1/../../../../avr/lib/avr51\libc.a(memset.o)
                              c:/program files (x86)/atmel/atmel studio 6.0/extensions/atmel/avrgcc/3.3.2.31/avrtoolchain/bin/../lib/gcc/avr/4.5.1/../../../../avr/lib/avr51\libc.a(calloc.o) (memset)

Allocating common symbols
Common symbol       size              file

LeftRed             0x2               ..\..\Kernel-NIBObee\Debug\libKernel-NIBObee.a(nibobee_kernel.o)
processListHead     0x2               ..\..\AntonAvrLib\Debug\libAntonAvrLib.a(dms_scheduler.o)
LeftYellow          0x2               ..\..\Kernel-NIBObee\Debug\libKernel-NIBObee.a(nibobee_kernel.o)
Timer3B             0x8               ..\..\Kernel-NIBObee\Debug\libKernel-NIBObee.a(nibobee_kernel.o)
PinC7               0x3               ..\..\Kernel-NIBObee\Debug\libKernel-NIBObee.a(nibobee_kernel.o)
Timer3              0x7               ..\..\Kernel-NIBObee\Debug\libKernel-NIBObee.a(nibobee_kernel.o)
PinB2               0x3               ..\..\Kernel-NIBObee\Debug\libKernel-NIBObee.a(nibobee_kernel.o)
PinB6               0x3               ..\..\Kernel-NIBObee\Debug\libKernel-NIBObee.a(nibobee_kernel.o)
Timer1A             0x8               ..\..\Kernel-NIBObee\Debug\libKernel-NIBObee.a(nibobee_kernel.o)
YellowLeds          0x3               ..\..\Kernel-NIBObee\Debug\libKernel-NIBObee.a(nibobee_kernel.o)
PinD2               0x3               ..\..\Kernel-NIBObee\Debug\libKernel-NIBObee.a(nibobee_kernel.o)
PinD0               0x3               ..\..\Kernel-NIBObee\Debug\libKernel-NIBObee.a(nibobee_kernel.o)
ButtonLeftForward   0x2               ..\..\Kernel-NIBObee\Debug\libKernel-NIBObee.a(nibobee_kernel.o)
ButtonLeftBackward  0x2               ..\..\Kernel-NIBObee\Debug\libKernel-NIBObee.a(nibobee_kernel.o)
ButtonRightBackward
                    0x2               ..\..\Kernel-NIBObee\Debug\libKernel-NIBObee.a(nibobee_kernel.o)
RightLeds           0x3               ..\..\Kernel-NIBObee\Debug\libKernel-NIBObee.a(nibobee_kernel.o)
PinC4               0x3               ..\..\Kernel-NIBObee\Debug\libKernel-NIBObee.a(nibobee_kernel.o)
PinA4               0x3               ..\..\Kernel-NIBObee\Debug\libKernel-NIBObee.a(nibobee_kernel.o)
RedLeds             0x3               ..\..\Kernel-NIBObee\Debug\libKernel-NIBObee.a(nibobee_kernel.o)
PinD1               0x3               ..\..\Kernel-NIBObee\Debug\libKernel-NIBObee.a(nibobee_kernel.o)
Timer3A             0x8               ..\..\Kernel-NIBObee\Debug\libKernel-NIBObee.a(nibobee_kernel.o)
PinC3               0x3               ..\..\Kernel-NIBObee\Debug\libKernel-NIBObee.a(nibobee_kernel.o)
Timer0              0x7               ..\..\Kernel-NIBObee\Debug\libKernel-NIBObee.a(nibobee_kernel.o)
PinB7               0x3               ..\..\Kernel-NIBObee\Debug\libKernel-NIBObee.a(nibobee_kernel.o)
PinB5               0x3               ..\..\Kernel-NIBObee\Debug\libKernel-NIBObee.a(nibobee_kernel.o)
Timer2A             0x8               ..\..\Kernel-NIBObee\Debug\libKernel-NIBObee.a(nibobee_kernel.o)
PortD               0x6               ..\..\Kernel-NIBObee\Debug\libKernel-NIBObee.a(nibobee_kernel.o)
RightRed            0x2               ..\..\Kernel-NIBObee\Debug\libKernel-NIBObee.a(nibobee_kernel.o)
__brkval            0x2               c:/program files (x86)/atmel/atmel studio 6.0/extensions/atmel/avrgcc/3.3.2.31/avrtoolchain/bin/../lib/gcc/avr/4.5.1/../../../../avr/lib/avr51\libc.a(malloc.o)
PinA5               0x3               ..\..\Kernel-NIBObee\Debug\libKernel-NIBObee.a(nibobee_kernel.o)
LeftMotor           0x5               ..\..\Kernel-NIBObee\Debug\libKernel-NIBObee.a(nibobee_kernel.o)
PinA2               0x3               ..\..\Kernel-NIBObee\Debug\libKernel-NIBObee.a(nibobee_kernel.o)
PinD3               0x3               ..\..\Kernel-NIBObee\Debug\libKernel-NIBObee.a(nibobee_kernel.o)
ButtonRightForward  0x2               ..\..\Kernel-NIBObee\Debug\libKernel-NIBObee.a(nibobee_kernel.o)
queues              0x23              ..\..\AntonAvrLib\Debug\libAntonAvrLib.a(rr_scheduler.o)
PinC6               0x3               ..\..\Kernel-NIBObee\Debug\libKernel-NIBObee.a(nibobee_kernel.o)
Timer0A             0x8               ..\..\Kernel-NIBObee\Debug\libKernel-NIBObee.a(nibobee_kernel.o)
PinA3               0x3               ..\..\Kernel-NIBObee\Debug\libKernel-NIBObee.a(nibobee_kernel.o)
PinC5               0x3               ..\..\Kernel-NIBObee\Debug\libKernel-NIBObee.a(nibobee_kernel.o)
PinC1               0x3               ..\..\Kernel-NIBObee\Debug\libKernel-NIBObee.a(nibobee_kernel.o)
PinB0               0x3               ..\..\Kernel-NIBObee\Debug\libKernel-NIBObee.a(nibobee_kernel.o)
PortC               0x6               ..\..\Kernel-NIBObee\Debug\libKernel-NIBObee.a(nibobee_kernel.o)
AllLeds             0x3               ..\..\Kernel-NIBObee\Debug\libKernel-NIBObee.a(nibobee_kernel.o)
PinA0               0x3               ..\..\Kernel-NIBObee\Debug\libKernel-NIBObee.a(nibobee_kernel.o)
PortA               0x6               ..\..\Kernel-NIBObee\Debug\libKernel-NIBObee.a(nibobee_kernel.o)
PinB3               0x3               ..\..\Kernel-NIBObee\Debug\libKernel-NIBObee.a(nibobee_kernel.o)
PinA7               0x3               ..\..\Kernel-NIBObee\Debug\libKernel-NIBObee.a(nibobee_kernel.o)
Timer2              0x7               ..\..\Kernel-NIBObee\Debug\libKernel-NIBObee.a(nibobee_kernel.o)
LeftLeds            0x3               ..\..\Kernel-NIBObee\Debug\libKernel-NIBObee.a(nibobee_kernel.o)
PinB4               0x3               ..\..\Kernel-NIBObee\Debug\libKernel-NIBObee.a(nibobee_kernel.o)
RightMotor          0x5               ..\..\Kernel-NIBObee\Debug\libKernel-NIBObee.a(nibobee_kernel.o)
PinC2               0x3               ..\..\Kernel-NIBObee\Debug\libKernel-NIBObee.a(nibobee_kernel.o)
PinD5               0x3               ..\..\Kernel-NIBObee\Debug\libKernel-NIBObee.a(nibobee_kernel.o)
__idle_process      0x2               ..\..\Kernel-NIBObee\Debug\libKernel-NIBObee.a(nibobee_kernel.o)
PinC0               0x3               ..\..\Kernel-NIBObee\Debug\libKernel-NIBObee.a(nibobee_kernel.o)
PinD7               0x3               ..\..\Kernel-NIBObee\Debug\libKernel-NIBObee.a(nibobee_kernel.o)
RightYellow         0x2               ..\..\Kernel-NIBObee\Debug\libKernel-NIBObee.a(nibobee_kernel.o)
Timer2B             0x8               ..\..\Kernel-NIBObee\Debug\libKernel-NIBObee.a(nibobee_kernel.o)
Timer1B             0x8               ..\..\Kernel-NIBObee\Debug\libKernel-NIBObee.a(nibobee_kernel.o)
__flp               0x2               c:/program files (x86)/atmel/atmel studio 6.0/extensions/atmel/avrgcc/3.3.2.31/avrtoolchain/bin/../lib/gcc/avr/4.5.1/../../../../avr/lib/avr51\libc.a(malloc.o)
PinD4               0x3               ..\..\Kernel-NIBObee\Debug\libKernel-NIBObee.a(nibobee_kernel.o)
Timer0B             0x8               ..\..\Kernel-NIBObee\Debug\libKernel-NIBObee.a(nibobee_kernel.o)
PinA6               0x3               ..\..\Kernel-NIBObee\Debug\libKernel-NIBObee.a(nibobee_kernel.o)
Timer1              0x7               ..\..\Kernel-NIBObee\Debug\libKernel-NIBObee.a(nibobee_kernel.o)
PinD6               0x3               ..\..\Kernel-NIBObee\Debug\libKernel-NIBObee.a(nibobee_kernel.o)
PinA1               0x3               ..\..\Kernel-NIBObee\Debug\libKernel-NIBObee.a(nibobee_kernel.o)
PinB1               0x3               ..\..\Kernel-NIBObee\Debug\libKernel-NIBObee.a(nibobee_kernel.o)
PortB               0x6               ..\..\Kernel-NIBObee\Debug\libKernel-NIBObee.a(nibobee_kernel.o)

Memory Configuration

Name             Origin             Length             Attributes
text             0x00000000         0x00020000         xr
data             0x00800100         0x0000ff00         rw !x
eeprom           0x00810000         0x00010000         rw !x
fuse             0x00820000         0x00000400         rw !x
lock             0x00830000         0x00000400         rw !x
signature        0x00840000         0x00000400         rw !x
*default*        0x00000000         0xffffffff

Linker script and memory map

Address of section .data set to 0x800100
LOAD c:/program files (x86)/atmel/atmel studio 6.0/extensions/atmel/avrgcc/3.3.2.31/avrtoolchain/bin/../lib/gcc/avr/4.5.1/../../../../avr/lib/avr51/crtm1284p.o
LOAD Main.o
START GROUP
LOAD ..\..\Kernel-NIBObee\Debug\libKernel-NIBObee.a
LOAD ..\..\AntonAvrLib\Debug\libAntonAvrLib.a
LOAD c:/program files (x86)/atmel/atmel studio 6.0/extensions/atmel/avrgcc/3.3.2.31/avrtoolchain/bin/../lib/gcc/avr/4.5.1/../../../../avr/lib/avr51\libm.a
END GROUP
                0x00004000                __stack = 0x4000
LOAD c:/program files (x86)/atmel/atmel studio 6.0/extensions/atmel/avrgcc/3.3.2.31/avrtoolchain/bin/../lib/gcc/avr/4.5.1/avr51\libgcc.a
LOAD c:/program files (x86)/atmel/atmel studio 6.0/extensions/atmel/avrgcc/3.3.2.31/avrtoolchain/bin/../lib/gcc/avr/4.5.1/../../../../avr/lib/avr51\libc.a
LOAD c:/program files (x86)/atmel/atmel studio 6.0/extensions/atmel/avrgcc/3.3.2.31/avrtoolchain/bin/../lib/gcc/avr/4.5.1/avr51\libgcc.a

.hash
 *(.hash)

.dynsym
 *(.dynsym)

.dynstr
 *(.dynstr)

.gnu.version
 *(.gnu.version)

.gnu.version_d
 *(.gnu.version_d)

.gnu.version_r
 *(.gnu.version_r)

.rel.init
 *(.rel.init)

.rela.init
 *(.rela.init)

.rel.text
 *(.rel.text)
 *(.rel.text.*)
 *(.rel.gnu.linkonce.t*)

.rela.text
 *(.rela.text)
 *(.rela.text.*)
 *(.rela.gnu.linkonce.t*)

.rel.fini
 *(.rel.fini)

.rela.fini
 *(.rela.fini)

.rel.rodata
 *(.rel.rodata)
 *(.rel.rodata.*)
 *(.rel.gnu.linkonce.r*)

.rela.rodata
 *(.rela.rodata)
 *(.rela.rodata.*)
 *(.rela.gnu.linkonce.r*)

.rel.data
 *(.rel.data)
 *(.rel.data.*)
 *(.rel.gnu.linkonce.d*)

.rela.data
 *(.rela.data)
 *(.rela.data.*)
 *(.rela.gnu.linkonce.d*)

.rel.ctors
 *(.rel.ctors)

.rela.ctors
 *(.rela.ctors)

.rel.dtors
 *(.rel.dtors)

.rela.dtors
 *(.rela.dtors)

.rel.got
 *(.rel.got)

.rela.got
 *(.rela.got)

.rel.bss
 *(.rel.bss)

.rela.bss
 *(.rela.bss)

.rel.plt
 *(.rel.plt)

.rela.plt
 *(.rela.plt)

.text           0x00000000     0x1874
 *(.vectors)
 .vectors       0x00000000       0x8c c:/program files (x86)/atmel/atmel studio 6.0/extensions/atmel/avrgcc/3.3.2.31/avrtoolchain/bin/../lib/gcc/avr/4.5.1/../../../../avr/lib/avr51/crtm1284p.o
                0x00000000                __vector_default
                0x00000000                __vectors
 *(.vectors)
 *(.progmem.gcc*)
 *(.progmem*)
                0x0000008c                . = ALIGN (0x2)
                0x0000008c                __trampolines_start = .
 *(.trampolines)
 .trampolines   0x0000008c        0x0 linker stubs
 *(.trampolines*)
                0x0000008c                __trampolines_end = .
 *(.jumptables)
 *(.jumptables*)
 *(.lowtext)
 *(.lowtext*)
                0x0000008c                __ctors_start = .
 *(.ctors)
                0x0000008c                __ctors_end = .
                0x0000008c                __dtors_start = .
 *(.dtors)
                0x0000008c                __dtors_end = .
 SORT(*)(.ctors)
 SORT(*)(.dtors)
 *(.init0)
 .init0         0x0000008c        0x0 c:/program files (x86)/atmel/atmel studio 6.0/extensions/atmel/avrgcc/3.3.2.31/avrtoolchain/bin/../lib/gcc/avr/4.5.1/../../../../avr/lib/avr51/crtm1284p.o
                0x0000008c                __init
 *(.init0)
 *(.init1)
 *(.init1)
 *(.init2)
 .init2         0x0000008c        0xc c:/program files (x86)/atmel/atmel studio 6.0/extensions/atmel/avrgcc/3.3.2.31/avrtoolchain/bin/../lib/gcc/avr/4.5.1/../../../../avr/lib/avr51/crtm1284p.o
 *(.init2)
 *(.init3)
 *(.init3)
 *(.init4)
 .init4         0x00000098       0x1a c:/program files (x86)/atmel/atmel studio 6.0/extensions/atmel/avrgcc/3.3.2.31/avrtoolchain/bin/../lib/gcc/avr/4.5.1/avr51\libgcc.a(_copy_data.o)
                0x00000098                __do_copy_data
 .init4         0x000000b2       0x10 c:/program files (x86)/atmel/atmel studio 6.0/extensions/atmel/avrgcc/3.3.2.31/avrtoolchain/bin/../lib/gcc/avr/4.5.1/avr51\libgcc.a(_clear_bss.o)
                0x000000b2                __do_clear_bss
 *(.init4)
 *(.init5)
 *(.init5)
 *(.init6)
 *(.init6)
 *(.init7)
 *(.init7)
 *(.init8)
 .init8         0x000000c2       0x24 ..\..\Kernel-NIBObee\Debug\libKernel-NIBObee.a(nibobee_kernel.o)
                0x000000c2                init_reset_condition_kernel_init
                0x000000c6                init_ports_m1284P_kernel_init
                0x000000ca                init_nibobee_leds_kernel_init
                0x000000ce                init_nibobee_buttons_kernel_init
                0x000000d2                init_timer_m1284P_kernel_init
                0x000000d6                init_nibobee_motors_kernel_init
                0x000000da                init_idle_scheduler_kernel_init
                0x000000de                init_scheduler_kernel_init
                0x000000e2                init_kernel_kernel_init
 *(.init8)
 *(.init9)
 .init9         0x000000e6        0x8 c:/program files (x86)/atmel/atmel studio 6.0/extensions/atmel/avrgcc/3.3.2.31/avrtoolchain/bin/../lib/gcc/avr/4.5.1/../../../../avr/lib/avr51/crtm1284p.o
 *(.init9)
 *(.text)
 .text          0x000000ee        0x4 c:/program files (x86)/atmel/atmel studio 6.0/extensions/atmel/avrgcc/3.3.2.31/avrtoolchain/bin/../lib/gcc/avr/4.5.1/../../../../avr/lib/avr51/crtm1284p.o
                0x000000ee                __vector_22
                0x000000ee                __vector_28
                0x000000ee                __vector_1
                0x000000ee                __vector_34
                0x000000ee                __vector_24
                0x000000ee                __vector_12
                0x000000ee                __bad_interrupt
                0x000000ee                __vector_6
                0x000000ee                __vector_31
                0x000000ee                __vector_3
                0x000000ee                __vector_23
                0x000000ee                __vector_30
                0x000000ee                __vector_25
                0x000000ee                __vector_11
                0x000000ee                __vector_13
                0x000000ee                __vector_17
                0x000000ee                __vector_19
                0x000000ee                __vector_7
                0x000000ee                __vector_27
                0x000000ee                __vector_5
                0x000000ee                __vector_33
                0x000000ee                __vector_4
                0x000000ee                __vector_9
                0x000000ee                __vector_2
                0x000000ee                __vector_21
                0x000000ee                __vector_15
                0x000000ee                __vector_29
                0x000000ee                __vector_8
                0x000000ee                __vector_26
                0x000000ee                __vector_14
                0x000000ee                __vector_10
                0x000000ee                __vector_16
                0x000000ee                __vector_18
                0x000000ee                __vector_20
 .text          0x000000f2        0x0 Main.o
 .text          0x000000f2        0x0 ..\..\AntonAvrLib\Debug\libAntonAvrLib.a(dms_scheduler.o)
 .text          0x000000f2        0x0 ..\..\AntonAvrLib\Debug\libAntonAvrLib.a(scheduler.o)
 .text          0x000000f2      0x9b0 ..\..\Kernel-NIBObee\Debug\libKernel-NIBObee.a(nibobee_kernel.o)
                0x000000f2                ProcessGraveyard
                0x000000f8                init_reset_condition
                0x00000102                getResetStatus
                0x00000108                init_ports_m1284P
                0x00000392                init_nibobee_leds
                0x0000042e                initButton
                0x0000043a                initInterruptButton
                0x00000458                init_nibobee_buttons
                0x0000049a                init_timer_m1284P
                0x00000574                initMotor
                0x00000594                initMotor2Pins
                0x000005be                init_nibobee_motors
                0x000005f4                init_process_base
                0x00000640                createProcessBase3
                0x00000702                createProcessBase2
                0x00000712                createProcessBase
                0x0000071c                switchContext
                0x000007c8                getCurrentProcess
                0x000007d2                switchProcess
                0x000007ea                createProcess3
                0x0000083e                createProcess2
                0x0000084e                createProcess
                0x00000858                freeProcess
                0x0000088c                getProcessStackSize
                0x00000892                getFreeProcessStackSize
                0x000008a4                getProcessNumber
                0x000008ac                getProcessMemory
                0x000008b6                init_process
                0x000008f2                init_idle_scheduler
                0x0000090e                idle_schedule
                0x00000918                init_scheduler
                0x00000946                start_scheduler
                0x00000954                schedule
                0x00000980                __vector_32
                0x00000a6e                init_kernel
 .text          0x00000aa2        0x0 ..\..\AntonAvrLib\Debug\libAntonAvrLib.a(external_interrupts.o)
 .text          0x00000aa2        0x0 ..\..\AntonAvrLib\Debug\libAntonAvrLib.a(motor.o)
 .text          0x00000aa2        0x0 ..\..\AntonAvrLib\Debug\libAntonAvrLib.a(port.o)
 .text          0x00000aa2        0x0 ..\..\AntonAvrLib\Debug\libAntonAvrLib.a(timer.o)
 .text          0x00000aa2        0x0 ..\..\AntonAvrLib\Debug\libAntonAvrLib.a(rr_scheduler.o)
 .text          0x00000aa2        0x0 ..\..\AntonAvrLib\Debug\libAntonAvrLib.a(hardware_reset.o)
 .text          0x00000aa2        0x0 c:/program files (x86)/atmel/atmel studio 6.0/extensions/atmel/avrgcc/3.3.2.31/avrtoolchain/bin/../lib/gcc/avr/4.5.1/avr51\libgcc.a(_exit.o)
 .text          0x00000aa2        0x0 c:/program files (x86)/atmel/atmel studio 6.0/extensions/atmel/avrgcc/3.3.2.31/avrtoolchain/bin/../lib/gcc/avr/4.5.1/avr51\libgcc.a(_copy_data.o)
 .text          0x00000aa2        0x0 c:/program files (x86)/atmel/atmel studio 6.0/extensions/atmel/avrgcc/3.3.2.31/avrtoolchain/bin/../lib/gcc/avr/4.5.1/avr51\libgcc.a(_clear_bss.o)
 .text          0x00000aa2        0x0 c:/program files (x86)/atmel/atmel studio 6.0/extensions/atmel/avrgcc/3.3.2.31/avrtoolchain/bin/../lib/gcc/avr/4.5.1/../../../../avr/lib/avr51\libc.a(calloc.o)
 .text          0x00000aa2        0x0 c:/program files (x86)/atmel/atmel studio 6.0/extensions/atmel/avrgcc/3.3.2.31/avrtoolchain/bin/../lib/gcc/avr/4.5.1/../../../../avr/lib/avr51\libc.a(malloc.o)
 .text          0x00000aa2        0x0 c:/program files (x86)/atmel/atmel studio 6.0/extensions/atmel/avrgcc/3.3.2.31/avrtoolchain/bin/../lib/gcc/avr/4.5.1/../../../../avr/lib/avr51\libc.a(memset.o)
                0x00000aa2                . = ALIGN (0x2)
 *(.text.*)
 .text.MyPeriodicJob
                0x00000aa2       0x14 Main.o
                0x00000aa2                MyPeriodicJob
 .text.before_scheduler
                0x00000ab6       0x14 Main.o
                0x00000ab6                before_scheduler
 .text.main     0x00000aca       0x14 Main.o
                0x00000aca                main
 .text.AperiodicJobWrapper
                0x00000ade       0x26 ..\..\AntonAvrLib\Debug\libAntonAvrLib.a(dms_scheduler.o)
                0x00000ade                AperiodicJobWrapper
 .text.PeriodicJobWrapper
                0x00000b04       0x42 ..\..\AntonAvrLib\Debug\libAntonAvrLib.a(dms_scheduler.o)
                0x00000b04                PeriodicJobWrapper
 .text.dms_schedule
                0x00000b46       0x6c ..\..\AntonAvrLib\Debug\libAntonAvrLib.a(dms_scheduler.o)
                0x00000b46                dms_schedule
 .text.insertJobIntoList
                0x00000bb2       0x8a ..\..\AntonAvrLib\Debug\libAntonAvrLib.a(dms_scheduler.o)
                0x00000bb2                insertJobIntoList
 .text.initializeJob
                0x00000c3c       0x6c ..\..\AntonAvrLib\Debug\libAntonAvrLib.a(dms_scheduler.o)
                0x00000c3c                initializeJob
 .text.createPeriodicJob
                0x00000ca8       0x7c ..\..\AntonAvrLib\Debug\libAntonAvrLib.a(dms_scheduler.o)
                0x00000ca8                createPeriodicJob
 .text.createAperiodicJob
                0x00000d24       0x64 ..\..\AntonAvrLib\Debug\libAntonAvrLib.a(dms_scheduler.o)
                0x00000d24                createAperiodicJob
 .text.triggerAperiodicJob
                0x00000d88       0x10 ..\..\AntonAvrLib\Debug\libAntonAvrLib.a(dms_scheduler.o)
                0x00000d88                triggerAperiodicJob
 .text.schedule_next
                0x00000d98       0x12 ..\..\AntonAvrLib\Debug\libAntonAvrLib.a(scheduler.o)
                0x00000d98                schedule_next
 .text.processor_idle
                0x00000daa       0x12 ..\..\AntonAvrLib\Debug\libAntonAvrLib.a(scheduler.o)
                0x00000daa                processor_idle
 .text.processor_loop_idle
                0x00000dbc        0x6 ..\..\AntonAvrLib\Debug\libAntonAvrLib.a(scheduler.o)
                0x00000dbc                processor_loop_idle
 .text.enablePinChangeInterrupt
                0x00000dc2       0x4c ..\..\AntonAvrLib\Debug\libAntonAvrLib.a(external_interrupts.o)
                0x00000dc2                enablePinChangeInterrupt
 .text.disblePinChangeInterrupt
                0x00000e0e       0x36 ..\..\AntonAvrLib\Debug\libAntonAvrLib.a(external_interrupts.o)
                0x00000e0e                disblePinChangeInterrupt
 .text.stopMotor
                0x00000e44       0x36 ..\..\AntonAvrLib\Debug\libAntonAvrLib.a(motor.o)
                0x00000e44                stopMotor
 .text.getSpeed
                0x00000e7a        0xc ..\..\AntonAvrLib\Debug\libAntonAvrLib.a(motor.o)
                0x00000e7a                getSpeed
 .text.getDirection
                0x00000e86       0x72 ..\..\AntonAvrLib\Debug\libAntonAvrLib.a(motor.o)
                0x00000e86                getDirection
 .text.setSpeed
                0x00000ef8       0x86 ..\..\AntonAvrLib\Debug\libAntonAvrLib.a(motor.o)
                0x00000ef8                setSpeed
 .text.setSpeedForward
                0x00000f7e        0xa ..\..\AntonAvrLib\Debug\libAntonAvrLib.a(motor.o)
                0x00000f7e                setSpeedForward
 .text.setSpeedBackward
                0x00000f88        0xa ..\..\AntonAvrLib\Debug\libAntonAvrLib.a(motor.o)
                0x00000f88                setSpeedBackward
 .text.getDirSpeed
                0x00000f92       0x44 ..\..\AntonAvrLib\Debug\libAntonAvrLib.a(motor.o)
                0x00000f92                getDirSpeed
 .text.setDirSpeed
                0x00000fd6       0x1e ..\..\AntonAvrLib\Debug\libAntonAvrLib.a(motor.o)
                0x00000fd6                setDirSpeed
 .text.setPortOutput
                0x00000ff4       0x10 ..\..\AntonAvrLib\Debug\libAntonAvrLib.a(port.o)
                0x00000ff4                setPortOutput
 .text.setPortInput
                0x00001004        0xe ..\..\AntonAvrLib\Debug\libAntonAvrLib.a(port.o)
                0x00001004                setPortInput
 .text.setPinOutput
                0x00001012       0x1c ..\..\AntonAvrLib\Debug\libAntonAvrLib.a(port.o)
                0x00001012                setPinOutput
 .text.setPinInput
                0x0000102e       0x1e ..\..\AntonAvrLib\Debug\libAntonAvrLib.a(port.o)
                0x0000102e                setPinInput
 .text.writePort
                0x0000104c        0xc ..\..\AntonAvrLib\Debug\libAntonAvrLib.a(port.o)
                0x0000104c                writePort
 .text.readPort
                0x00001058        0xe ..\..\AntonAvrLib\Debug\libAntonAvrLib.a(port.o)
                0x00001058                readPort
 .text.setPinOne
                0x00001066       0x1c ..\..\AntonAvrLib\Debug\libAntonAvrLib.a(port.o)
                0x00001066                setPinOne
 .text.setPinZero
                0x00001082       0x1e ..\..\AntonAvrLib\Debug\libAntonAvrLib.a(port.o)
                0x00001082                setPinZero
 .text.writePin
                0x000010a0       0x12 ..\..\AntonAvrLib\Debug\libAntonAvrLib.a(port.o)
                0x000010a0                writePin
 .text.readPin  0x000010b2       0x22 ..\..\AntonAvrLib\Debug\libAntonAvrLib.a(port.o)
                0x000010b2                readPin
 .text.setCompareMatchOutputMode
                0x000010d4       0x58 ..\..\AntonAvrLib\Debug\libAntonAvrLib.a(timer.o)
                0x000010d4                setCompareMatchOutputMode
 .text.setTimerClockSelect
                0x0000112c       0xc8 ..\..\AntonAvrLib\Debug\libAntonAvrLib.a(timer.o)
                0x0000112c                setTimerClockSelect
 .text.setWaveformGenerationMode
                0x000011f4      0x14e ..\..\AntonAvrLib\Debug\libAntonAvrLib.a(timer.o)
                0x000011f4                setWaveformGenerationMode
 .text.enableTimerInterrupt
                0x00001342       0x28 ..\..\AntonAvrLib\Debug\libAntonAvrLib.a(timer.o)
                0x00001342                enableTimerInterrupt
 .text.enableOutputCompare
                0x0000136a       0x1e ..\..\AntonAvrLib\Debug\libAntonAvrLib.a(timer.o)
                0x0000136a                enableOutputCompare
 .text.disableOutputCompare
                0x00001388        0xa ..\..\AntonAvrLib\Debug\libAntonAvrLib.a(timer.o)
                0x00001388                disableOutputCompare
 .text.setTimerCompareValue
                0x00001392       0x30 ..\..\AntonAvrLib\Debug\libAntonAvrLib.a(timer.o)
                0x00001392                setTimerCompareValue
 .text.getTimerCompareValue
                0x000013c2       0x2a ..\..\AntonAvrLib\Debug\libAntonAvrLib.a(timer.o)
                0x000013c2                getTimerCompareValue
 .text.insertThreadIntoQueue
                0x000013ec       0x8a ..\..\AntonAvrLib\Debug\libAntonAvrLib.a(rr_scheduler.o)
                0x000013ec                insertThreadIntoQueue
 .text.createThread2
                0x00001476       0x22 ..\..\AntonAvrLib\Debug\libAntonAvrLib.a(rr_scheduler.o)
                0x00001476                createThread2
 .text.createThread
                0x00001498        0xa ..\..\AntonAvrLib\Debug\libAntonAvrLib.a(rr_scheduler.o)
                0x00001498                createThread
 .text.createThread3
                0x000014a2       0x24 ..\..\AntonAvrLib\Debug\libAntonAvrLib.a(rr_scheduler.o)
                0x000014a2                createThread3
 .text.createThread4
                0x000014c6       0x28 ..\..\AntonAvrLib\Debug\libAntonAvrLib.a(rr_scheduler.o)
                0x000014c6                createThread4
 .text.rr_schedule
                0x000014ee       0x8c ..\..\AntonAvrLib\Debug\libAntonAvrLib.a(rr_scheduler.o)
                0x000014ee                rr_schedule
 .text.rr_captureMainProcess
                0x0000157a       0x16 ..\..\AntonAvrLib\Debug\libAntonAvrLib.a(rr_scheduler.o)
                0x0000157a                rr_captureMainProcess
 .text.getCurrentThread
                0x00001590        0x6 ..\..\AntonAvrLib\Debug\libAntonAvrLib.a(rr_scheduler.o)
                0x00001590                getCurrentThread
 .text.HARDWARE_RESET
                0x00001596       0x16 ..\..\AntonAvrLib\Debug\libAntonAvrLib.a(hardware_reset.o)
                0x00001596                HARDWARE_RESET
 .text.libgcc   0x000015ac        0x0 c:/program files (x86)/atmel/atmel studio 6.0/extensions/atmel/avrgcc/3.3.2.31/avrtoolchain/bin/../lib/gcc/avr/4.5.1/avr51\libgcc.a(_exit.o)
 .text.libgcc   0x000015ac        0x0 c:/program files (x86)/atmel/atmel studio 6.0/extensions/atmel/avrgcc/3.3.2.31/avrtoolchain/bin/../lib/gcc/avr/4.5.1/avr51\libgcc.a(_copy_data.o)
 .text.libgcc   0x000015ac        0x0 c:/program files (x86)/atmel/atmel studio 6.0/extensions/atmel/avrgcc/3.3.2.31/avrtoolchain/bin/../lib/gcc/avr/4.5.1/avr51\libgcc.a(_clear_bss.o)
 .text.avr-libc
                0x000015ac       0x4a c:/program files (x86)/atmel/atmel studio 6.0/extensions/atmel/avrgcc/3.3.2.31/avrtoolchain/bin/../lib/gcc/avr/4.5.1/../../../../avr/lib/avr51\libc.a(calloc.o)
                0x000015ac                calloc
 .text.avr-libc
                0x000015f6      0x266 c:/program files (x86)/atmel/atmel studio 6.0/extensions/atmel/avrgcc/3.3.2.31/avrtoolchain/bin/../lib/gcc/avr/4.5.1/../../../../avr/lib/avr51\libc.a(malloc.o)
                0x000015f6                malloc
                0x0000172a                free
 .text.avr-libc
                0x0000185c        0xe c:/program files (x86)/atmel/atmel studio 6.0/extensions/atmel/avrgcc/3.3.2.31/avrtoolchain/bin/../lib/gcc/avr/4.5.1/../../../../avr/lib/avr51\libc.a(memset.o)
                0x0000185c                memset
                0x0000186a                . = ALIGN (0x2)
 *(.fini9)
 .fini9         0x0000186a        0x0 c:/program files (x86)/atmel/atmel studio 6.0/extensions/atmel/avrgcc/3.3.2.31/avrtoolchain/bin/../lib/gcc/avr/4.5.1/avr51\libgcc.a(_exit.o)
                0x0000186a                _exit
                0x0000186a                exit
 *(.fini9)
 *(.fini8)
 *(.fini8)
 *(.fini7)
 *(.fini7)
 *(.fini6)
 *(.fini6)
 *(.fini5)
 *(.fini5)
 *(.fini4)
 *(.fini4)
 *(.fini3)
 *(.fini3)
 *(.fini2)
 *(.fini2)
 *(.fini1)
 .fini1         0x0000186a        0x6 ..\..\Kernel-NIBObee\Debug\libKernel-NIBObee.a(nibobee_kernel.o)
                0x0000186a                MainProcessEnd
 *(.fini1)
 *(.fini0)
 .fini0         0x00001870        0x4 c:/program files (x86)/atmel/atmel studio 6.0/extensions/atmel/avrgcc/3.3.2.31/avrtoolchain/bin/../lib/gcc/avr/4.5.1/avr51\libgcc.a(_exit.o)
 *(.fini0)
                0x00001874                _etext = .

.data           0x00800100      0x120 load address 0x00001874
                0x00800100                PROVIDE (__data_start, .)
 *(.data)
 .data          0x00800100        0x0 c:/program files (x86)/atmel/atmel studio 6.0/extensions/atmel/avrgcc/3.3.2.31/avrtoolchain/bin/../lib/gcc/avr/4.5.1/../../../../avr/lib/avr51/crtm1284p.o
 .data          0x00800100        0x0 Main.o
 .data          0x00800100        0x0 ..\..\AntonAvrLib\Debug\libAntonAvrLib.a(dms_scheduler.o)
 .data          0x00800100        0x0 ..\..\AntonAvrLib\Debug\libAntonAvrLib.a(scheduler.o)
 .data          0x00800100      0x109 ..\..\Kernel-NIBObee\Debug\libKernel-NIBObee.a(nibobee_kernel.o)
                0x00800100                redLedsArray
                0x00800104                yellowLedsArray
                0x00800108                rightLedsArray
                0x0080010c                leftLedsArray
                0x00800110                allLedsArray
                0x00800118                __default_stack_size
                0x0080011a                __nextProcessNumber
 .data          0x00800209        0x8 ..\..\AntonAvrLib\Debug\libAntonAvrLib.a(external_interrupts.o)
                0x00800209                maskRegisters
 .data          0x00800211        0x0 ..\..\AntonAvrLib\Debug\libAntonAvrLib.a(motor.o)
 .data          0x00800211        0x0 ..\..\AntonAvrLib\Debug\libAntonAvrLib.a(port.o)
 .data          0x00800211        0x8 ..\..\AntonAvrLib\Debug\libAntonAvrLib.a(timer.o)
 .data          0x00800219        0x0 ..\..\AntonAvrLib\Debug\libAntonAvrLib.a(rr_scheduler.o)
 .data          0x00800219        0x0 ..\..\AntonAvrLib\Debug\libAntonAvrLib.a(hardware_reset.o)
 .data          0x00800219        0x0 c:/program files (x86)/atmel/atmel studio 6.0/extensions/atmel/avrgcc/3.3.2.31/avrtoolchain/bin/../lib/gcc/avr/4.5.1/avr51\libgcc.a(_exit.o)
 .data          0x00800219        0x0 c:/program files (x86)/atmel/atmel studio 6.0/extensions/atmel/avrgcc/3.3.2.31/avrtoolchain/bin/../lib/gcc/avr/4.5.1/avr51\libgcc.a(_copy_data.o)
 .data          0x00800219        0x0 c:/program files (x86)/atmel/atmel studio 6.0/extensions/atmel/avrgcc/3.3.2.31/avrtoolchain/bin/../lib/gcc/avr/4.5.1/avr51\libgcc.a(_clear_bss.o)
 .data          0x00800219        0x0 c:/program files (x86)/atmel/atmel studio 6.0/extensions/atmel/avrgcc/3.3.2.31/avrtoolchain/bin/../lib/gcc/avr/4.5.1/../../../../avr/lib/avr51\libc.a(calloc.o)
 .data          0x00800219        0x6 c:/program files (x86)/atmel/atmel studio 6.0/extensions/atmel/avrgcc/3.3.2.31/avrtoolchain/bin/../lib/gcc/avr/4.5.1/../../../../avr/lib/avr51\libc.a(malloc.o)
                0x00800219                __malloc_margin
                0x0080021b                __malloc_heap_start
                0x0080021d                __malloc_heap_end
 .data          0x0080021f        0x0 c:/program files (x86)/atmel/atmel studio 6.0/extensions/atmel/avrgcc/3.3.2.31/avrtoolchain/bin/../lib/gcc/avr/4.5.1/../../../../avr/lib/avr51\libc.a(memset.o)
 *(.data*)
 *(.rodata)
 *(.rodata*)
 *(.gnu.linkonce.d*)
                0x00800220                . = ALIGN (0x2)
 *fill*         0x0080021f        0x1 00
                0x00800220                _edata = .
                0x00800220                PROVIDE (__data_end, .)

.bss            0x00800220      0x136
                0x00800220                PROVIDE (__bss_start, .)
 *(.bss)
 .bss           0x00800220        0x0 c:/program files (x86)/atmel/atmel studio 6.0/extensions/atmel/avrgcc/3.3.2.31/avrtoolchain/bin/../lib/gcc/avr/4.5.1/../../../../avr/lib/avr51/crtm1284p.o
 .bss           0x00800220        0x4 Main.o
                0x00800220                counter
                0x00800222                main_counter
 .bss           0x00800224        0x0 ..\..\AntonAvrLib\Debug\libAntonAvrLib.a(dms_scheduler.o)
 .bss           0x00800224        0x0 ..\..\AntonAvrLib\Debug\libAntonAvrLib.a(scheduler.o)
 .bss           0x00800224        0x8 ..\..\Kernel-NIBObee\Debug\libKernel-NIBObee.a(nibobee_kernel.o)
                0x00800224                current_reset_status
                0x00800225                __main_process_additional_memory
                0x00800226                __current_process
                0x00800228                milliseconds_running
 .bss           0x0080022c        0x0 ..\..\AntonAvrLib\Debug\libAntonAvrLib.a(external_interrupts.o)
 .bss           0x0080022c        0x0 ..\..\AntonAvrLib\Debug\libAntonAvrLib.a(motor.o)
 .bss           0x0080022c        0x0 ..\..\AntonAvrLib\Debug\libAntonAvrLib.a(port.o)
 .bss           0x0080022c        0x0 ..\..\AntonAvrLib\Debug\libAntonAvrLib.a(timer.o)
 .bss           0x0080022c        0x2 ..\..\AntonAvrLib\Debug\libAntonAvrLib.a(rr_scheduler.o)
                0x0080022c                highestPrio
 .bss           0x0080022e        0x0 ..\..\AntonAvrLib\Debug\libAntonAvrLib.a(hardware_reset.o)
 .bss           0x0080022e        0x0 c:/program files (x86)/atmel/atmel studio 6.0/extensions/atmel/avrgcc/3.3.2.31/avrtoolchain/bin/../lib/gcc/avr/4.5.1/avr51\libgcc.a(_exit.o)
 .bss           0x0080022e        0x0 c:/program files (x86)/atmel/atmel studio 6.0/extensions/atmel/avrgcc/3.3.2.31/avrtoolchain/bin/../lib/gcc/avr/4.5.1/avr51\libgcc.a(_copy_data.o)
 .bss           0x0080022e        0x0 c:/program files (x86)/atmel/atmel studio 6.0/extensions/atmel/avrgcc/3.3.2.31/avrtoolchain/bin/../lib/gcc/avr/4.5.1/avr51\libgcc.a(_clear_bss.o)
 .bss           0x0080022e        0x0 c:/program files (x86)/atmel/atmel studio 6.0/extensions/atmel/avrgcc/3.3.2.31/avrtoolchain/bin/../lib/gcc/avr/4.5.1/../../../../avr/lib/avr51\libc.a(calloc.o)
 .bss           0x0080022e        0x0 c:/program files (x86)/atmel/atmel studio 6.0/extensions/atmel/avrgcc/3.3.2.31/avrtoolchain/bin/../lib/gcc/avr/4.5.1/../../../../avr/lib/avr51\libc.a(malloc.o)
 .bss           0x0080022e        0x0 c:/program files (x86)/atmel/atmel studio 6.0/extensions/atmel/avrgcc/3.3.2.31/avrtoolchain/bin/../lib/gcc/avr/4.5.1/../../../../avr/lib/avr51\libc.a(memset.o)
 *(.bss*)
 *(COMMON)
 COMMON         0x0080022e        0x2 ..\..\AntonAvrLib\Debug\libAntonAvrLib.a(dms_scheduler.o)
                0x0080022e                processListHead
 COMMON         0x00800230       0xff ..\..\Kernel-NIBObee\Debug\libKernel-NIBObee.a(nibobee_kernel.o)
                0x00800230                LeftRed
                0x00800232                LeftYellow
                0x00800234                Timer3B
                0x0080023c                PinC7
                0x0080023f                Timer3
                0x00800246                PinB2
                0x00800249                PinB6
                0x0080024c                Timer1A
                0x00800254                YellowLeds
                0x00800257                PinD2
                0x0080025a                PinD0
                0x0080025d                ButtonLeftForward
                0x0080025f                ButtonLeftBackward
                0x00800261                ButtonRightBackward
                0x00800263                RightLeds
                0x00800266                PinC4
                0x00800269                PinA4
                0x0080026c                RedLeds
                0x0080026f                PinD1
                0x00800272                Timer3A
                0x0080027a                PinC3
                0x0080027d                Timer0
                0x00800284                PinB7
                0x00800287                PinB5
                0x0080028a                Timer2A
                0x00800292                PortD
                0x00800298                RightRed
                0x0080029a                PinA5
                0x0080029d                LeftMotor
                0x008002a2                PinA2
                0x008002a5                PinD3
                0x008002a8                ButtonRightForward
                0x008002aa                PinC6
                0x008002ad                Timer0A
                0x008002b5                PinA3
                0x008002b8                PinC5
                0x008002bb                PinC1
                0x008002be                PinB0
                0x008002c1                PortC
                0x008002c7                AllLeds
                0x008002ca                PinA0
                0x008002cd                PortA
                0x008002d3                PinB3
                0x008002d6                PinA7
                0x008002d9                Timer2
                0x008002e0                LeftLeds
                0x008002e3                PinB4
                0x008002e6                RightMotor
                0x008002eb                PinC2
                0x008002ee                PinD5
                0x008002f1                __idle_process
                0x008002f3                PinC0
                0x008002f6                PinD7
                0x008002f9                RightYellow
                0x008002fb                Timer2B
                0x00800303                Timer1B
                0x0080030b                PinD4
                0x0080030e                Timer0B
                0x00800316                PinA6
                0x00800319                Timer1
                0x00800320                PinD6
                0x00800323                PinA1
                0x00800326                PinB1
                0x00800329                PortB
 COMMON         0x0080032f       0x23 ..\..\AntonAvrLib\Debug\libAntonAvrLib.a(rr_scheduler.o)
                0x0080032f                queues
 COMMON         0x00800352        0x4 c:/program files (x86)/atmel/atmel studio 6.0/extensions/atmel/avrgcc/3.3.2.31/avrtoolchain/bin/../lib/gcc/avr/4.5.1/../../../../avr/lib/avr51\libc.a(malloc.o)
                0x00800352                __brkval
                0x00800354                __flp
                0x00800356                PROVIDE (__bss_end, .)
                0x00001874                __data_load_start = LOADADDR (.data)
                0x00001994                __data_load_end = (__data_load_start + SIZEOF (.data))

.noinit         0x00800356        0x0
                0x00800356                PROVIDE (__noinit_start, .)
 *(.noinit*)
                0x00800356                PROVIDE (__noinit_end, .)
                0x00800356                _end = .
                0x00800356                PROVIDE (__heap_start, .)

.eeprom         0x00810000        0x0
 *(.eeprom*)
                0x00810000                __eeprom_end = .

.fuse
 *(.fuse)
 *(.lfuse)
 *(.hfuse)
 *(.efuse)

.lock
 *(.lock*)

.signature
 *(.signature*)

.stab           0x00000000      0x738
 *(.stab)
 .stab          0x00000000      0x6cc c:/program files (x86)/atmel/atmel studio 6.0/extensions/atmel/avrgcc/3.3.2.31/avrtoolchain/bin/../lib/gcc/avr/4.5.1/../../../../avr/lib/avr51/crtm1284p.o
 .stab          0x000006cc       0x6c c:/program files (x86)/atmel/atmel studio 6.0/extensions/atmel/avrgcc/3.3.2.31/avrtoolchain/bin/../lib/gcc/avr/4.5.1/../../../../avr/lib/avr51\libc.a(memset.o)
                                 0x78 (size before relaxing)

.stabstr        0x00000000      0x10b
 *(.stabstr)
 .stabstr       0x00000000      0x10b c:/program files (x86)/atmel/atmel studio 6.0/extensions/atmel/avrgcc/3.3.2.31/avrtoolchain/bin/../lib/gcc/avr/4.5.1/../../../../avr/lib/avr51/crtm1284p.o

.stab.excl
 *(.stab.excl)

.stab.exclstr
 *(.stab.exclstr)

.stab.index
 *(.stab.index)

.stab.indexstr
 *(.stab.indexstr)

.comment
 *(.comment)

.debug
 *(.debug)

.line
 *(.line)

.debug_srcinfo
 *(.debug_srcinfo)

.debug_sfnames
 *(.debug_sfnames)

.debug_aranges  0x00000000      0x328
 *(.debug_aranges)
 .debug_aranges
                0x00000000       0x30 Main.o
 .debug_aranges
                0x00000030       0x58 ..\..\AntonAvrLib\Debug\libAntonAvrLib.a(dms_scheduler.o)
 .debug_aranges
                0x00000088       0x30 ..\..\AntonAvrLib\Debug\libAntonAvrLib.a(scheduler.o)
 .debug_aranges
                0x000000b8       0x70 ..\..\Kernel-NIBObee\Debug\libKernel-NIBObee.a(nibobee_kernel.o)
 .debug_aranges
                0x00000128       0x28 ..\..\AntonAvrLib\Debug\libAntonAvrLib.a(external_interrupts.o)
 .debug_aranges
                0x00000150       0x58 ..\..\AntonAvrLib\Debug\libAntonAvrLib.a(motor.o)
 .debug_aranges
                0x000001a8       0x68 ..\..\AntonAvrLib\Debug\libAntonAvrLib.a(port.o)
 .debug_aranges
                0x00000210       0x58 ..\..\AntonAvrLib\Debug\libAntonAvrLib.a(timer.o)
 .debug_aranges
                0x00000268       0x58 ..\..\AntonAvrLib\Debug\libAntonAvrLib.a(rr_scheduler.o)
 .debug_aranges
                0x000002c0       0x20 ..\..\AntonAvrLib\Debug\libAntonAvrLib.a(hardware_reset.o)
 .debug_aranges
                0x000002e0       0x20 c:/program files (x86)/atmel/atmel studio 6.0/extensions/atmel/avrgcc/3.3.2.31/avrtoolchain/bin/../lib/gcc/avr/4.5.1/../../../../avr/lib/avr51\libc.a(calloc.o)
 .debug_aranges
                0x00000300       0x28 c:/program files (x86)/atmel/atmel studio 6.0/extensions/atmel/avrgcc/3.3.2.31/avrtoolchain/bin/../lib/gcc/avr/4.5.1/../../../../avr/lib/avr51\libc.a(malloc.o)

.debug_pubnames
                0x00000000      0xdaf
 *(.debug_pubnames)
 .debug_pubnames
                0x00000000       0x5f Main.o
 .debug_pubnames
                0x0000005f       0xd3 ..\..\AntonAvrLib\Debug\libAntonAvrLib.a(dms_scheduler.o)
 .debug_pubnames
                0x00000132       0x4f ..\..\AntonAvrLib\Debug\libAntonAvrLib.a(scheduler.o)
 .debug_pubnames
                0x00000181      0x825 ..\..\Kernel-NIBObee\Debug\libKernel-NIBObee.a(nibobee_kernel.o)
 .debug_pubnames
                0x000009a6       0x5e ..\..\AntonAvrLib\Debug\libAntonAvrLib.a(external_interrupts.o)
 .debug_pubnames
                0x00000a04       0x94 ..\..\AntonAvrLib\Debug\libAntonAvrLib.a(motor.o)
 .debug_pubnames
                0x00000a98       0xa7 ..\..\AntonAvrLib\Debug\libAntonAvrLib.a(port.o)
 .debug_pubnames
                0x00000b3f       0xe2 ..\..\AntonAvrLib\Debug\libAntonAvrLib.a(timer.o)
 .debug_pubnames
                0x00000c21       0xcd ..\..\AntonAvrLib\Debug\libAntonAvrLib.a(rr_scheduler.o)
 .debug_pubnames
                0x00000cee       0x25 ..\..\AntonAvrLib\Debug\libAntonAvrLib.a(hardware_reset.o)
 .debug_pubnames
                0x00000d13       0x1d c:/program files (x86)/atmel/atmel studio 6.0/extensions/atmel/avrgcc/3.3.2.31/avrtoolchain/bin/../lib/gcc/avr/4.5.1/../../../../avr/lib/avr51\libc.a(calloc.o)
 .debug_pubnames
                0x00000d30       0x7f c:/program files (x86)/atmel/atmel studio 6.0/extensions/atmel/avrgcc/3.3.2.31/avrtoolchain/bin/../lib/gcc/avr/4.5.1/../../../../avr/lib/avr51\libc.a(malloc.o)

.debug_info     0x00000000     0x3461
 *(.debug_info)
 .debug_info    0x00000000       0xf4 Main.o
 .debug_info    0x000000f4      0x4fa ..\..\AntonAvrLib\Debug\libAntonAvrLib.a(dms_scheduler.o)
 .debug_info    0x000005ee      0x10d ..\..\AntonAvrLib\Debug\libAntonAvrLib.a(scheduler.o)
 .debug_info    0x000006fb     0x17a1 ..\..\Kernel-NIBObee\Debug\libKernel-NIBObee.a(nibobee_kernel.o)
 .debug_info    0x00001e9c      0x139 ..\..\AntonAvrLib\Debug\libAntonAvrLib.a(external_interrupts.o)
 .debug_info    0x00001fd5      0x4bf ..\..\AntonAvrLib\Debug\libAntonAvrLib.a(motor.o)
 .debug_info    0x00002494      0x2d6 ..\..\AntonAvrLib\Debug\libAntonAvrLib.a(port.o)
 .debug_info    0x0000276a      0x50b ..\..\AntonAvrLib\Debug\libAntonAvrLib.a(timer.o)
 .debug_info    0x00002c75      0x440 ..\..\AntonAvrLib\Debug\libAntonAvrLib.a(rr_scheduler.o)
 .debug_info    0x000030b5       0x85 ..\..\AntonAvrLib\Debug\libAntonAvrLib.a(hardware_reset.o)
 .debug_info    0x0000313a       0x91 c:/program files (x86)/atmel/atmel studio 6.0/extensions/atmel/avrgcc/3.3.2.31/avrtoolchain/bin/../lib/gcc/avr/4.5.1/../../../../avr/lib/avr51\libc.a(calloc.o)
 .debug_info    0x000031cb      0x296 c:/program files (x86)/atmel/atmel studio 6.0/extensions/atmel/avrgcc/3.3.2.31/avrtoolchain/bin/../lib/gcc/avr/4.5.1/../../../../avr/lib/avr51\libc.a(malloc.o)
 *(.gnu.linkonce.wi.*)

.debug_abbrev   0x00000000      0xcae
 *(.debug_abbrev)
 .debug_abbrev  0x00000000       0x8c Main.o
 .debug_abbrev  0x0000008c      0x17e ..\..\AntonAvrLib\Debug\libAntonAvrLib.a(dms_scheduler.o)
 .debug_abbrev  0x0000020a       0xaf ..\..\AntonAvrLib\Debug\libAntonAvrLib.a(scheduler.o)
 .debug_abbrev  0x000002b9      0x2fe ..\..\Kernel-NIBObee\Debug\libKernel-NIBObee.a(nibobee_kernel.o)
 .debug_abbrev  0x000005b7       0xb4 ..\..\AntonAvrLib\Debug\libAntonAvrLib.a(external_interrupts.o)
 .debug_abbrev  0x0000066b      0x14e ..\..\AntonAvrLib\Debug\libAntonAvrLib.a(motor.o)
 .debug_abbrev  0x000007b9      0x100 ..\..\AntonAvrLib\Debug\libAntonAvrLib.a(port.o)
 .debug_abbrev  0x000008b9      0x10e ..\..\AntonAvrLib\Debug\libAntonAvrLib.a(timer.o)
 .debug_abbrev  0x000009c7      0x12f ..\..\AntonAvrLib\Debug\libAntonAvrLib.a(rr_scheduler.o)
 .debug_abbrev  0x00000af6       0x4e ..\..\AntonAvrLib\Debug\libAntonAvrLib.a(hardware_reset.o)
 .debug_abbrev  0x00000b44       0x75 c:/program files (x86)/atmel/atmel studio 6.0/extensions/atmel/avrgcc/3.3.2.31/avrtoolchain/bin/../lib/gcc/avr/4.5.1/../../../../avr/lib/avr51\libc.a(calloc.o)
 .debug_abbrev  0x00000bb9       0xf5 c:/program files (x86)/atmel/atmel studio 6.0/extensions/atmel/avrgcc/3.3.2.31/avrtoolchain/bin/../lib/gcc/avr/4.5.1/../../../../avr/lib/avr51\libc.a(malloc.o)

.debug_line     0x00000000     0x4567
 *(.debug_line)
 .debug_line    0x00000000      0x788 Main.o
 .debug_line    0x00000788      0x5b5 ..\..\AntonAvrLib\Debug\libAntonAvrLib.a(dms_scheduler.o)
 .debug_line    0x00000d3d      0x3bc ..\..\AntonAvrLib\Debug\libAntonAvrLib.a(scheduler.o)
 .debug_line    0x000010f9     0x121e ..\..\Kernel-NIBObee\Debug\libKernel-NIBObee.a(nibobee_kernel.o)
 .debug_line    0x00002317      0x396 ..\..\AntonAvrLib\Debug\libAntonAvrLib.a(external_interrupts.o)
 .debug_line    0x000026ad      0x54d ..\..\AntonAvrLib\Debug\libAntonAvrLib.a(motor.o)
 .debug_line    0x00002bfa      0x460 ..\..\AntonAvrLib\Debug\libAntonAvrLib.a(port.o)
 .debug_line    0x0000305a      0x75e ..\..\AntonAvrLib\Debug\libAntonAvrLib.a(timer.o)
 .debug_line    0x000037b8      0x520 ..\..\AntonAvrLib\Debug\libAntonAvrLib.a(rr_scheduler.o)
 .debug_line    0x00003cd8      0x32c ..\..\AntonAvrLib\Debug\libAntonAvrLib.a(hardware_reset.o)
 .debug_line    0x00004004      0x15e c:/program files (x86)/atmel/atmel studio 6.0/extensions/atmel/avrgcc/3.3.2.31/avrtoolchain/bin/../lib/gcc/avr/4.5.1/../../../../avr/lib/avr51\libc.a(calloc.o)
 .debug_line    0x00004162      0x405 c:/program files (x86)/atmel/atmel studio 6.0/extensions/atmel/avrgcc/3.3.2.31/avrtoolchain/bin/../lib/gcc/avr/4.5.1/../../../../avr/lib/avr51\libc.a(malloc.o)

.debug_frame    0x00000000      0x700
 *(.debug_frame)
 .debug_frame   0x00000000       0x40 Main.o
 .debug_frame   0x00000040       0x90 ..\..\AntonAvrLib\Debug\libAntonAvrLib.a(dms_scheduler.o)
 .debug_frame   0x000000d0       0x40 ..\..\AntonAvrLib\Debug\libAntonAvrLib.a(scheduler.o)
 .debug_frame   0x00000110      0x2f0 ..\..\Kernel-NIBObee\Debug\libKernel-NIBObee.a(nibobee_kernel.o)
 .debug_frame   0x00000400       0x30 ..\..\AntonAvrLib\Debug\libAntonAvrLib.a(external_interrupts.o)
 .debug_frame   0x00000430       0x90 ..\..\AntonAvrLib\Debug\libAntonAvrLib.a(motor.o)
 .debug_frame   0x000004c0       0xb0 ..\..\AntonAvrLib\Debug\libAntonAvrLib.a(port.o)
 .debug_frame   0x00000570       0x90 ..\..\AntonAvrLib\Debug\libAntonAvrLib.a(timer.o)
 .debug_frame   0x00000600       0x90 ..\..\AntonAvrLib\Debug\libAntonAvrLib.a(rr_scheduler.o)
 .debug_frame   0x00000690       0x20 ..\..\AntonAvrLib\Debug\libAntonAvrLib.a(hardware_reset.o)
 .debug_frame   0x000006b0       0x20 c:/program files (x86)/atmel/atmel studio 6.0/extensions/atmel/avrgcc/3.3.2.31/avrtoolchain/bin/../lib/gcc/avr/4.5.1/../../../../avr/lib/avr51\libc.a(calloc.o)
 .debug_frame   0x000006d0       0x30 c:/program files (x86)/atmel/atmel studio 6.0/extensions/atmel/avrgcc/3.3.2.31/avrtoolchain/bin/../lib/gcc/avr/4.5.1/../../../../avr/lib/avr51\libc.a(malloc.o)

.debug_str      0x00000000     0x137b
 *(.debug_str)
 .debug_str     0x00000000       0xba Main.o
                                 0xf6 (size before relaxing)
 .debug_str     0x000000ba      0x233 ..\..\AntonAvrLib\Debug\libAntonAvrLib.a(dms_scheduler.o)
                                0x2cb (size before relaxing)
 .debug_str     0x000002ed       0x51 ..\..\AntonAvrLib\Debug\libAntonAvrLib.a(scheduler.o)
                                0x12c (size before relaxing)
 .debug_str     0x0000033e      0xa53 ..\..\Kernel-NIBObee\Debug\libKernel-NIBObee.a(nibobee_kernel.o)
                                0xba4 (size before relaxing)
 .debug_str     0x00000d91       0x94 ..\..\AntonAvrLib\Debug\libAntonAvrLib.a(external_interrupts.o)
                                0x13d (size before relaxing)
 .debug_str     0x00000e25       0xbf ..\..\AntonAvrLib\Debug\libAntonAvrLib.a(motor.o)
                                0x27a (size before relaxing)
 .debug_str     0x00000ee4       0x8c ..\..\AntonAvrLib\Debug\libAntonAvrLib.a(port.o)
                                0x15a (size before relaxing)
 .debug_str     0x00000f70      0x147 ..\..\AntonAvrLib\Debug\libAntonAvrLib.a(timer.o)
                                0x45b (size before relaxing)
 .debug_str     0x000010b7      0x158 ..\..\AntonAvrLib\Debug\libAntonAvrLib.a(rr_scheduler.o)
                                0x2c7 (size before relaxing)
 .debug_str     0x0000120f       0x2a ..\..\AntonAvrLib\Debug\libAntonAvrLib.a(hardware_reset.o)
                                 0xd3 (size before relaxing)
 .debug_str     0x00001239       0x70 c:/program files (x86)/atmel/atmel studio 6.0/extensions/atmel/avrgcc/3.3.2.31/avrtoolchain/bin/../lib/gcc/avr/4.5.1/../../../../avr/lib/avr51\libc.a(calloc.o)
                                 0x9e (size before relaxing)
 .debug_str     0x000012a9       0xd2 c:/program files (x86)/atmel/atmel studio 6.0/extensions/atmel/avrgcc/3.3.2.31/avrtoolchain/bin/../lib/gcc/avr/4.5.1/../../../../avr/lib/avr51\libc.a(malloc.o)
                                0x17c (size before relaxing)

.debug_loc      0x00000000     0x1bfb
 *(.debug_loc)
 .debug_loc     0x00000000      0x3de ..\..\AntonAvrLib\Debug\libAntonAvrLib.a(dms_scheduler.o)
 .debug_loc     0x000003de       0x18 ..\..\AntonAvrLib\Debug\libAntonAvrLib.a(scheduler.o)
 .debug_loc     0x000003f6      0x515 ..\..\Kernel-NIBObee\Debug\libKernel-NIBObee.a(nibobee_kernel.o)
 .debug_loc     0x0000090b       0xa3 ..\..\AntonAvrLib\Debug\libAntonAvrLib.a(external_interrupts.o)
 .debug_loc     0x000009ae      0x30b ..\..\AntonAvrLib\Debug\libAntonAvrLib.a(motor.o)
 .debug_loc     0x00000cb9      0x168 ..\..\AntonAvrLib\Debug\libAntonAvrLib.a(port.o)
 .debug_loc     0x00000e21      0x68c ..\..\AntonAvrLib\Debug\libAntonAvrLib.a(timer.o)
 .debug_loc     0x000014ad      0x2cd ..\..\AntonAvrLib\Debug\libAntonAvrLib.a(rr_scheduler.o)
 .debug_loc     0x0000177a       0x58 c:/program files (x86)/atmel/atmel studio 6.0/extensions/atmel/avrgcc/3.3.2.31/avrtoolchain/bin/../lib/gcc/avr/4.5.1/../../../../avr/lib/avr51\libc.a(calloc.o)
 .debug_loc     0x000017d2      0x429 c:/program files (x86)/atmel/atmel studio 6.0/extensions/atmel/avrgcc/3.3.2.31/avrtoolchain/bin/../lib/gcc/avr/4.5.1/../../../../avr/lib/avr51\libc.a(malloc.o)

.debug_macinfo  0x00000000    0x4ffac
 *(.debug_macinfo)
 .debug_macinfo
                0x00000000     0x80e2 Main.o
 .debug_macinfo
                0x000080e2     0x8236 ..\..\AntonAvrLib\Debug\libAntonAvrLib.a(dms_scheduler.o)
 .debug_macinfo
                0x00010318     0x8034 ..\..\AntonAvrLib\Debug\libAntonAvrLib.a(scheduler.o)
 .debug_macinfo
                0x0001834c     0x91a6 ..\..\Kernel-NIBObee\Debug\libKernel-NIBObee.a(nibobee_kernel.o)
 .debug_macinfo
                0x000214f2     0x7b66 ..\..\AntonAvrLib\Debug\libAntonAvrLib.a(external_interrupts.o)
 .debug_macinfo
                0x00029058     0x7e72 ..\..\AntonAvrLib\Debug\libAntonAvrLib.a(motor.o)
 .debug_macinfo
                0x00030eca     0x7c96 ..\..\AntonAvrLib\Debug\libAntonAvrLib.a(port.o)
 .debug_macinfo
                0x00038b60     0x7d4d ..\..\AntonAvrLib\Debug\libAntonAvrLib.a(timer.o)
 .debug_macinfo
                0x000408ad     0x7b9f ..\..\AntonAvrLib\Debug\libAntonAvrLib.a(rr_scheduler.o)
 .debug_macinfo
                0x0004844c     0x7b60 ..\..\AntonAvrLib\Debug\libAntonAvrLib.a(hardware_reset.o)
OUTPUT(Main-NIBObee.elf elf32-avr)
LOAD linker stubs

.debug_pubtypes
                0x00000000      0x5a8
 .debug_pubtypes
                0x00000000       0x1f Main.o
 .debug_pubtypes
                0x0000001f       0xb7 ..\..\AntonAvrLib\Debug\libAntonAvrLib.a(dms_scheduler.o)
 .debug_pubtypes
                0x000000d6       0x45 ..\..\AntonAvrLib\Debug\libAntonAvrLib.a(scheduler.o)
 .debug_pubtypes
                0x0000011b      0x169 ..\..\Kernel-NIBObee\Debug\libKernel-NIBObee.a(nibobee_kernel.o)
 .debug_pubtypes
                0x00000284       0x1e ..\..\AntonAvrLib\Debug\libAntonAvrLib.a(external_interrupts.o)
 .debug_pubtypes
                0x000002a2       0xb6 ..\..\AntonAvrLib\Debug\libAntonAvrLib.a(motor.o)
 .debug_pubtypes
                0x00000358       0x3a ..\..\AntonAvrLib\Debug\libAntonAvrLib.a(port.o)
 .debug_pubtypes
                0x00000392       0xbd ..\..\AntonAvrLib\Debug\libAntonAvrLib.a(timer.o)
 .debug_pubtypes
                0x0000044f       0xe5 ..\..\AntonAvrLib\Debug\libAntonAvrLib.a(rr_scheduler.o)
 .debug_pubtypes
                0x00000534       0x1e ..\..\AntonAvrLib\Debug\libAntonAvrLib.a(hardware_reset.o)
 .debug_pubtypes
                0x00000552       0x1d c:/program files (x86)/atmel/atmel studio 6.0/extensions/atmel/avrgcc/3.3.2.31/avrtoolchain/bin/../lib/gcc/avr/4.5.1/../../../../avr/lib/avr51\libc.a(calloc.o)
 .debug_pubtypes
                0x0000056f       0x39 c:/program files (x86)/atmel/atmel studio 6.0/extensions/atmel/avrgcc/3.3.2.31/avrtoolchain/bin/../lib/gcc/avr/4.5.1/../../../../avr/lib/avr51\libc.a(malloc.o)

.debug_ranges   0x00000000      0x2b0
 .debug_ranges  0x00000000       0x20 Main.o
 .debug_ranges  0x00000020       0x48 ..\..\AntonAvrLib\Debug\libAntonAvrLib.a(dms_scheduler.o)
 .debug_ranges  0x00000068       0x20 ..\..\AntonAvrLib\Debug\libAntonAvrLib.a(scheduler.o)
 .debug_ranges  0x00000088       0x90 ..\..\Kernel-NIBObee\Debug\libKernel-NIBObee.a(nibobee_kernel.o)
 .debug_ranges  0x00000118       0x18 ..\..\AntonAvrLib\Debug\libAntonAvrLib.a(external_interrupts.o)
 .debug_ranges  0x00000130       0x60 ..\..\AntonAvrLib\Debug\libAntonAvrLib.a(motor.o)
 .debug_ranges  0x00000190       0x58 ..\..\AntonAvrLib\Debug\libAntonAvrLib.a(port.o)
 .debug_ranges  0x000001e8       0x48 ..\..\AntonAvrLib\Debug\libAntonAvrLib.a(timer.o)
 .debug_ranges  0x00000230       0x48 ..\..\AntonAvrLib\Debug\libAntonAvrLib.a(rr_scheduler.o)
 .debug_ranges  0x00000278       0x10 ..\..\AntonAvrLib\Debug\libAntonAvrLib.a(hardware_reset.o)
 .debug_ranges  0x00000288       0x10 c:/program files (x86)/atmel/atmel studio 6.0/extensions/atmel/avrgcc/3.3.2.31/avrtoolchain/bin/../lib/gcc/avr/4.5.1/../../../../avr/lib/avr51\libc.a(calloc.o)
 .debug_ranges  0x00000298       0x18 c:/program files (x86)/atmel/atmel studio 6.0/extensions/atmel/avrgcc/3.3.2.31/avrtoolchain/bin/../lib/gcc/avr/4.5.1/../../../../avr/lib/avr51\libc.a(malloc.o)
