Archive member included because of file (symbol)

..\..\Kernel-NIBObee\Debug\libKernel-NIBObee.a(kernel.o)
                              Main.o (ButtonRightBackward)
..\..\AntonAvrLib\Debug\libAntonAvrLib.a(motor_smooth.o)
                              Main.o (regulateSpeedForward)
..\..\AntonAvrLib\Debug\libAntonAvrLib.a(external_interrupts.o)
                              ..\..\Kernel-NIBObee\Debug\libKernel-NIBObee.a(kernel.o) (enablePinChangeInterrupt)
..\..\AntonAvrLib\Debug\libAntonAvrLib.a(led.o)
                              Main.o (blinkLed)
..\..\AntonAvrLib\Debug\libAntonAvrLib.a(motor.o)
                              ..\..\AntonAvrLib\Debug\libAntonAvrLib.a(motor_smooth.o) (setSpeed)
..\..\AntonAvrLib\Debug\libAntonAvrLib.a(port.o)
                              ..\..\Kernel-NIBObee\Debug\libKernel-NIBObee.a(kernel.o) (setPinOutput)
..\..\AntonAvrLib\Debug\libAntonAvrLib.a(timer.o)
                              ..\..\Kernel-NIBObee\Debug\libKernel-NIBObee.a(kernel.o) (setTimerClockSelect)
..\..\AntonAvrLib\Debug\libAntonAvrLib.a(idle.o)
                              ..\..\Kernel-NIBObee\Debug\libKernel-NIBObee.a(kernel.o) (processor_loop_idle)
c:/program files (x86)/atmel/atmel studio 6.0/extensions/atmel/avrgcc/3.3.2.31/avrtoolchain/bin/../lib/gcc/avr/4.5.1/avr51\libgcc.a(_exit.o)
                              c:/program files (x86)/atmel/atmel studio 6.0/extensions/atmel/avrgcc/3.3.2.31/avrtoolchain/bin/../lib/gcc/avr/4.5.1/../../../../avr/lib/avr51/crtm1284p.o (exit)
c:/program files (x86)/atmel/atmel studio 6.0/extensions/atmel/avrgcc/3.3.2.31/avrtoolchain/bin/../lib/gcc/avr/4.5.1/avr51\libgcc.a(_copy_data.o)
                              ..\..\Kernel-NIBObee\Debug\libKernel-NIBObee.a(kernel.o) (__do_copy_data)
c:/program files (x86)/atmel/atmel studio 6.0/extensions/atmel/avrgcc/3.3.2.31/avrtoolchain/bin/../lib/gcc/avr/4.5.1/avr51\libgcc.a(_clear_bss.o)
                              ..\..\Kernel-NIBObee\Debug\libKernel-NIBObee.a(kernel.o) (__do_clear_bss)
c:/program files (x86)/atmel/atmel studio 6.0/extensions/atmel/avrgcc/3.3.2.31/avrtoolchain/bin/../lib/gcc/avr/4.5.1/../../../../avr/lib/avr51\libc.a(malloc.o)
                              ..\..\Kernel-NIBObee\Debug\libKernel-NIBObee.a(kernel.o) (malloc)
c:/program files (x86)/atmel/atmel studio 6.0/extensions/atmel/avrgcc/3.3.2.31/avrtoolchain/bin/../lib/gcc/avr/4.5.1/../../../../avr/lib/avr51\libc.a(memcpy.o)
                              ..\..\Kernel-NIBObee\Debug\libKernel-NIBObee.a(kernel.o) (memcpy)

Allocating common symbols
Common symbol       size              file

twi_address         0x1               ..\..\Kernel-NIBObee\Debug\libKernel-NIBObee.a(kernel.o)
PinA5_              0x3               ..\..\Kernel-NIBObee\Debug\libKernel-NIBObee.a(kernel.o)
ButtonRightForward_
                    0x4               ..\..\Kernel-NIBObee\Debug\libKernel-NIBObee.a(kernel.o)
PinD7_              0x3               ..\..\Kernel-NIBObee\Debug\libKernel-NIBObee.a(kernel.o)
PinC1_              0x3               ..\..\Kernel-NIBObee\Debug\libKernel-NIBObee.a(kernel.o)
PinC4_              0x3               ..\..\Kernel-NIBObee\Debug\libKernel-NIBObee.a(kernel.o)
ButtonRightBackward_
                    0x4               ..\..\Kernel-NIBObee\Debug\libKernel-NIBObee.a(kernel.o)
RightMotorBase_     0x9               ..\..\Kernel-NIBObee\Debug\libKernel-NIBObee.a(kernel.o)
PinC7_              0x3               ..\..\Kernel-NIBObee\Debug\libKernel-NIBObee.a(kernel.o)
YellowLeds_         0x3               ..\..\Kernel-NIBObee\Debug\libKernel-NIBObee.a(kernel.o)
PinA6_              0x3               ..\..\Kernel-NIBObee\Debug\libKernel-NIBObee.a(kernel.o)
LeftYellow_         0x2               ..\..\Kernel-NIBObee\Debug\libKernel-NIBObee.a(kernel.o)
LeftRed_            0x2               ..\..\Kernel-NIBObee\Debug\libKernel-NIBObee.a(kernel.o)
PinB2_              0x3               ..\..\Kernel-NIBObee\Debug\libKernel-NIBObee.a(kernel.o)
ButtonLeftForward_  0x4               ..\..\Kernel-NIBObee\Debug\libKernel-NIBObee.a(kernel.o)
PinD0_              0x3               ..\..\Kernel-NIBObee\Debug\libKernel-NIBObee.a(kernel.o)
sendBufferData      0xff              ..\..\Kernel-NIBObee\Debug\libKernel-NIBObee.a(kernel.o)
PinA1_              0x3               ..\..\Kernel-NIBObee\Debug\libKernel-NIBObee.a(kernel.o)
Timer3A_            0x8               ..\..\Kernel-NIBObee\Debug\libKernel-NIBObee.a(kernel.o)
Timer1A_            0x8               ..\..\Kernel-NIBObee\Debug\libKernel-NIBObee.a(kernel.o)
Timer1_             0x7               ..\..\Kernel-NIBObee\Debug\libKernel-NIBObee.a(kernel.o)
PinC2_              0x3               ..\..\Kernel-NIBObee\Debug\libKernel-NIBObee.a(kernel.o)
PortD_              0x6               ..\..\Kernel-NIBObee\Debug\libKernel-NIBObee.a(kernel.o)
Timer2_             0x7               ..\..\Kernel-NIBObee\Debug\libKernel-NIBObee.a(kernel.o)
Timer3_             0x7               ..\..\Kernel-NIBObee\Debug\libKernel-NIBObee.a(kernel.o)
Timer0B_            0x8               ..\..\Kernel-NIBObee\Debug\libKernel-NIBObee.a(kernel.o)
__brkval            0x2               c:/program files (x86)/atmel/atmel studio 6.0/extensions/atmel/avrgcc/3.3.2.31/avrtoolchain/bin/../lib/gcc/avr/4.5.1/../../../../avr/lib/avr51\libc.a(malloc.o)
PinC3_              0x3               ..\..\Kernel-NIBObee\Debug\libKernel-NIBObee.a(kernel.o)
PinA4_              0x3               ..\..\Kernel-NIBObee\Debug\libKernel-NIBObee.a(kernel.o)
PinC5_              0x3               ..\..\Kernel-NIBObee\Debug\libKernel-NIBObee.a(kernel.o)
PortB_              0x6               ..\..\Kernel-NIBObee\Debug\libKernel-NIBObee.a(kernel.o)
PinC0_              0x3               ..\..\Kernel-NIBObee\Debug\libKernel-NIBObee.a(kernel.o)
alreadyHandled      0x2               ..\..\Kernel-NIBObee\Debug\libKernel-NIBObee.a(kernel.o)
twi_error           0x2               ..\..\Kernel-NIBObee\Debug\libKernel-NIBObee.a(kernel.o)
PinB1_              0x3               ..\..\Kernel-NIBObee\Debug\libKernel-NIBObee.a(kernel.o)
PinA7_              0x3               ..\..\Kernel-NIBObee\Debug\libKernel-NIBObee.a(kernel.o)
PinB7_              0x3               ..\..\Kernel-NIBObee\Debug\libKernel-NIBObee.a(kernel.o)
LeftMotor_          0x10              ..\..\Kernel-NIBObee\Debug\libKernel-NIBObee.a(kernel.o)
PortC_              0x6               ..\..\Kernel-NIBObee\Debug\libKernel-NIBObee.a(kernel.o)
Timer1B_            0x8               ..\..\Kernel-NIBObee\Debug\libKernel-NIBObee.a(kernel.o)
LeftMotorBase_      0x9               ..\..\Kernel-NIBObee\Debug\libKernel-NIBObee.a(kernel.o)
PinD5_              0x3               ..\..\Kernel-NIBObee\Debug\libKernel-NIBObee.a(kernel.o)
PinA0_              0x3               ..\..\Kernel-NIBObee\Debug\libKernel-NIBObee.a(kernel.o)
PinD2_              0x3               ..\..\Kernel-NIBObee\Debug\libKernel-NIBObee.a(kernel.o)
Timer2B_            0x8               ..\..\Kernel-NIBObee\Debug\libKernel-NIBObee.a(kernel.o)
PinC6_              0x3               ..\..\Kernel-NIBObee\Debug\libKernel-NIBObee.a(kernel.o)
Timer3B_            0x8               ..\..\Kernel-NIBObee\Debug\libKernel-NIBObee.a(kernel.o)
PinD4_              0x3               ..\..\Kernel-NIBObee\Debug\libKernel-NIBObee.a(kernel.o)
nextTwiOperation    0x2               ..\..\Kernel-NIBObee\Debug\libKernel-NIBObee.a(kernel.o)
RightYellow_        0x2               ..\..\Kernel-NIBObee\Debug\libKernel-NIBObee.a(kernel.o)
PinB5_              0x3               ..\..\Kernel-NIBObee\Debug\libKernel-NIBObee.a(kernel.o)
twi_buffer          0x4               ..\..\Kernel-NIBObee\Debug\libKernel-NIBObee.a(kernel.o)
PinA3_              0x3               ..\..\Kernel-NIBObee\Debug\libKernel-NIBObee.a(kernel.o)
twi_running         0x2               ..\..\Kernel-NIBObee\Debug\libKernel-NIBObee.a(kernel.o)
PinD3_              0x3               ..\..\Kernel-NIBObee\Debug\libKernel-NIBObee.a(kernel.o)
AllLeds_            0x3               ..\..\Kernel-NIBObee\Debug\libKernel-NIBObee.a(kernel.o)
RightLeds_          0x3               ..\..\Kernel-NIBObee\Debug\libKernel-NIBObee.a(kernel.o)
Timer0_             0x7               ..\..\Kernel-NIBObee\Debug\libKernel-NIBObee.a(kernel.o)
ButtonLeftBackward_
                    0x4               ..\..\Kernel-NIBObee\Debug\libKernel-NIBObee.a(kernel.o)
PinB0_              0x3               ..\..\Kernel-NIBObee\Debug\libKernel-NIBObee.a(kernel.o)
PinB4_              0x3               ..\..\Kernel-NIBObee\Debug\libKernel-NIBObee.a(kernel.o)
PinD6_              0x3               ..\..\Kernel-NIBObee\Debug\libKernel-NIBObee.a(kernel.o)
RightRed_           0x2               ..\..\Kernel-NIBObee\Debug\libKernel-NIBObee.a(kernel.o)
PinA2_              0x3               ..\..\Kernel-NIBObee\Debug\libKernel-NIBObee.a(kernel.o)
PortA_              0x6               ..\..\Kernel-NIBObee\Debug\libKernel-NIBObee.a(kernel.o)
RightMotor_         0x10              ..\..\Kernel-NIBObee\Debug\libKernel-NIBObee.a(kernel.o)
PinB3_              0x3               ..\..\Kernel-NIBObee\Debug\libKernel-NIBObee.a(kernel.o)
__flp               0x2               c:/program files (x86)/atmel/atmel studio 6.0/extensions/atmel/avrgcc/3.3.2.31/avrtoolchain/bin/../lib/gcc/avr/4.5.1/../../../../avr/lib/avr51\libc.a(malloc.o)
furtherOperations   0x15              ..\..\Kernel-NIBObee\Debug\libKernel-NIBObee.a(kernel.o)
PinD1_              0x3               ..\..\Kernel-NIBObee\Debug\libKernel-NIBObee.a(kernel.o)
Timer2A_            0x8               ..\..\Kernel-NIBObee\Debug\libKernel-NIBObee.a(kernel.o)
RedLeds_            0x3               ..\..\Kernel-NIBObee\Debug\libKernel-NIBObee.a(kernel.o)
PinB6_              0x3               ..\..\Kernel-NIBObee\Debug\libKernel-NIBObee.a(kernel.o)
LeftLeds_           0x3               ..\..\Kernel-NIBObee\Debug\libKernel-NIBObee.a(kernel.o)
Timer0A_            0x8               ..\..\Kernel-NIBObee\Debug\libKernel-NIBObee.a(kernel.o)

Memory Configuration

Name             Origin             Length             Attributes
text             0x00000000         0x00020000         xr
data             0x00800100         0x0000ff00         rw !x
eeprom           0x00810000         0x00010000         rw !x
fuse             0x00820000         0x00000400         rw !x
lock             0x00830000         0x00000400         rw !x
signature        0x00840000         0x00000400         rw !x
*default*        0x00000000         0xffffffff

Linker script and memory map

Address of section .data set to 0x800100
LOAD c:/program files (x86)/atmel/atmel studio 6.0/extensions/atmel/avrgcc/3.3.2.31/avrtoolchain/bin/../lib/gcc/avr/4.5.1/../../../../avr/lib/avr51/crtm1284p.o
LOAD Main.o
START GROUP
LOAD ..\..\Kernel-NIBObee\Debug\libKernel-NIBObee.a
LOAD ..\..\AntonAvrLib\Debug\libAntonAvrLib.a
LOAD c:/program files (x86)/atmel/atmel studio 6.0/extensions/atmel/avrgcc/3.3.2.31/avrtoolchain/bin/../lib/gcc/avr/4.5.1/../../../../avr/lib/avr51\libm.a
END GROUP
                0x00004000                __stack = 0x4000
LOAD c:/program files (x86)/atmel/atmel studio 6.0/extensions/atmel/avrgcc/3.3.2.31/avrtoolchain/bin/../lib/gcc/avr/4.5.1/avr51\libgcc.a
LOAD c:/program files (x86)/atmel/atmel studio 6.0/extensions/atmel/avrgcc/3.3.2.31/avrtoolchain/bin/../lib/gcc/avr/4.5.1/../../../../avr/lib/avr51\libc.a
LOAD c:/program files (x86)/atmel/atmel studio 6.0/extensions/atmel/avrgcc/3.3.2.31/avrtoolchain/bin/../lib/gcc/avr/4.5.1/avr51\libgcc.a

.hash
 *(.hash)

.dynsym
 *(.dynsym)

.dynstr
 *(.dynstr)

.gnu.version
 *(.gnu.version)

.gnu.version_d
 *(.gnu.version_d)

.gnu.version_r
 *(.gnu.version_r)

.rel.init
 *(.rel.init)

.rela.init
 *(.rela.init)

.rel.text
 *(.rel.text)
 *(.rel.text.*)
 *(.rel.gnu.linkonce.t*)

.rela.text
 *(.rela.text)
 *(.rela.text.*)
 *(.rela.gnu.linkonce.t*)

.rel.fini
 *(.rel.fini)

.rela.fini
 *(.rela.fini)

.rel.rodata
 *(.rel.rodata)
 *(.rel.rodata.*)
 *(.rel.gnu.linkonce.r*)

.rela.rodata
 *(.rela.rodata)
 *(.rela.rodata.*)
 *(.rela.gnu.linkonce.r*)

.rel.data
 *(.rel.data)
 *(.rel.data.*)
 *(.rel.gnu.linkonce.d*)

.rela.data
 *(.rela.data)
 *(.rela.data.*)
 *(.rela.gnu.linkonce.d*)

.rel.ctors
 *(.rel.ctors)

.rela.ctors
 *(.rela.ctors)

.rel.dtors
 *(.rel.dtors)

.rela.dtors
 *(.rela.dtors)

.rel.got
 *(.rel.got)

.rela.got
 *(.rela.got)

.rel.bss
 *(.rel.bss)

.rela.bss
 *(.rela.bss)

.rel.plt
 *(.rel.plt)

.rela.plt
 *(.rela.plt)

.text           0x00000000     0x240e
 *(.vectors)
 .vectors       0x00000000       0x8c c:/program files (x86)/atmel/atmel studio 6.0/extensions/atmel/avrgcc/3.3.2.31/avrtoolchain/bin/../lib/gcc/avr/4.5.1/../../../../avr/lib/avr51/crtm1284p.o
                0x00000000                __vector_default
                0x00000000                __vectors
 *(.vectors)
 *(.progmem.gcc*)
 *(.progmem*)
                0x0000008c                . = ALIGN (0x2)
                0x0000008c                __trampolines_start = .
 *(.trampolines)
 .trampolines   0x0000008c        0x0 linker stubs
 *(.trampolines*)
                0x0000008c                __trampolines_end = .
 *(.jumptables)
 *(.jumptables*)
 *(.lowtext)
 *(.lowtext*)
                0x0000008c                __ctors_start = .
 *(.ctors)
                0x0000008c                __ctors_end = .
                0x0000008c                __dtors_start = .
 *(.dtors)
                0x0000008c                __dtors_end = .
 SORT(*)(.ctors)
 SORT(*)(.dtors)
 *(.init0)
 .init0         0x0000008c        0x0 c:/program files (x86)/atmel/atmel studio 6.0/extensions/atmel/avrgcc/3.3.2.31/avrtoolchain/bin/../lib/gcc/avr/4.5.1/../../../../avr/lib/avr51/crtm1284p.o
                0x0000008c                __init
 *(.init0)
 *(.init1)
 *(.init1)
 *(.init2)
 .init2         0x0000008c        0xc c:/program files (x86)/atmel/atmel studio 6.0/extensions/atmel/avrgcc/3.3.2.31/avrtoolchain/bin/../lib/gcc/avr/4.5.1/../../../../avr/lib/avr51/crtm1284p.o
 *(.init2)
 *(.init3)
 *(.init3)
 *(.init4)
 .init4         0x00000098       0x1a c:/program files (x86)/atmel/atmel studio 6.0/extensions/atmel/avrgcc/3.3.2.31/avrtoolchain/bin/../lib/gcc/avr/4.5.1/avr51\libgcc.a(_copy_data.o)
                0x00000098                __do_copy_data
 .init4         0x000000b2       0x10 c:/program files (x86)/atmel/atmel studio 6.0/extensions/atmel/avrgcc/3.3.2.31/avrtoolchain/bin/../lib/gcc/avr/4.5.1/avr51\libgcc.a(_clear_bss.o)
                0x000000b2                __do_clear_bss
 *(.init4)
 *(.init5)
 *(.init5)
 *(.init6)
 *(.init6)
 *(.init7)
 *(.init7)
 *(.init8)
 .init8         0x000000c2       0x28 ..\..\Kernel-NIBObee\Debug\libKernel-NIBObee.a(kernel.o)
                0x000000c2                init_reset_condition_kernel_init
                0x000000c6                init_ports_m1284P_kernel_init
                0x000000ca                init_timer_m1284P_kernel_init
                0x000000ce                init_timer_kernel_init
                0x000000d2                init_nibobee_leds_kernel_init
                0x000000d6                init_nibobee_buttons_kernel_init
                0x000000da                init_nibobee_motors_kernel_init
                0x000000de                init_smooth_motors_kernel_init
                0x000000e2                init_twi_kernel_init
                0x000000e6                init_kernel_kernel_init
 *(.init8)
 *(.init9)
 .init9         0x000000ea        0x8 c:/program files (x86)/atmel/atmel studio 6.0/extensions/atmel/avrgcc/3.3.2.31/avrtoolchain/bin/../lib/gcc/avr/4.5.1/../../../../avr/lib/avr51/crtm1284p.o
 *(.init9)
 *(.text)
 .text          0x000000f2        0x4 c:/program files (x86)/atmel/atmel studio 6.0/extensions/atmel/avrgcc/3.3.2.31/avrtoolchain/bin/../lib/gcc/avr/4.5.1/../../../../avr/lib/avr51/crtm1284p.o
                0x000000f2                __vector_22
                0x000000f2                __vector_28
                0x000000f2                __vector_1
                0x000000f2                __vector_34
                0x000000f2                __vector_24
                0x000000f2                __vector_12
                0x000000f2                __bad_interrupt
                0x000000f2                __vector_6
                0x000000f2                __vector_31
                0x000000f2                __vector_3
                0x000000f2                __vector_23
                0x000000f2                __vector_30
                0x000000f2                __vector_25
                0x000000f2                __vector_11
                0x000000f2                __vector_13
                0x000000f2                __vector_17
                0x000000f2                __vector_19
                0x000000f2                __vector_7
                0x000000f2                __vector_27
                0x000000f2                __vector_5
                0x000000f2                __vector_4
                0x000000f2                __vector_9
                0x000000f2                __vector_2
                0x000000f2                __vector_21
                0x000000f2                __vector_15
                0x000000f2                __vector_29
                0x000000f2                __vector_8
                0x000000f2                __vector_14
                0x000000f2                __vector_10
                0x000000f2                __vector_16
                0x000000f2                __vector_18
                0x000000f2                __vector_20
 .text          0x000000f6        0x0 Main.o
 .text          0x000000f6     0x1448 ..\..\Kernel-NIBObee\Debug\libKernel-NIBObee.a(kernel.o)
                0x0000018c                init_reset_condition
                0x000001a6                getResetStatus
                0x000001ac                init_ports_m1284P
                0x000003c6                init_timer_m1284P
                0x00000564                init_timer
                0x0000059e                in_timer_tick
                0x000005a0                __vector_32
                0x00000616                mutex_create
                0x00000620                mutex_lock
                0x00000632                mutex_trylock
                0x0000063c                mutex_release
                0x00000640                init_nibobee_leds
                0x000006dc                initButton
                0x0000070a                init_nibobee_buttons
                0x0000078a                initMotor
                0x000007d4                initMotor2Pins
                0x000007fc                init_nibobee_motors
                0x0000089e                initSmoothMotor
                0x000008b2                smooth_motor_tick
                0x000008dc                smooth_enable_tick
                0x00000944                motor_smooth_stop_tick
                0x0000094e                motor_smooth_start_tick
                0x00000958                __vector_33
                0x000009a8                init_smooth_motors
                0x00000a62                twi_handleMasterRequest
                0x00000a6c                twi_handleMasterTransmission
                0x00000a6e                twi_unexpectedCondition
                0x00000a70                init_twi
                0x00000a88                next_twi_operation
                0x00000b7e                twi_start_master_operation
                0x00000baa                __vector_26
                0x00000d22                twiMultipleOperations
                0x00000d88                twiSendReceive
                0x00000df2                twiReceive
                0x00000e3e                twiSend
                0x00000e8e                WAIT_FOR_TWI
                0x00000eac                turn_word
                0x00000eb8                twi_rpc_oneway
                0x00000ee0                twi_rpc_pseudo_oneway
                0x00000f12                bgx1_setIllumination
                0x00000f42                bgx1_termScroll
                0x00000f6e                bgx1_termGoto_base
                0x00000f9e                bgx1_termClear
                0x00000fb4                bgx1_selectFont
                0x00000fe0                bgx1_fillAll
                0x0000100c                bgx1_mode
                0x00001038                bgx1_move_base
                0x00001068                bgx1_setStatus
                0x00001094                bgx1_reset
                0x000010aa                twi_rpc
                0x000010e6                bgx1_syncInterface
                0x00001132                bgx1_getAnalog_base
                0x00001184                bgx1_syncPort_base
                0x000011d6                bgx1_termPrint_base
                0x00001218                bgx1_lineTo_base
                0x0000126e                bgx1_embeddedImage
                0x000012c0                bgx1_drawBitmap_base
                0x00001306                bgx1_box_base
                0x0000135c                bgx1_vLine
                0x000013ae                bgx1_hLine
                0x00001400                bgx1_textWidth_base
                0x00001442                bgx1_print_base
                0x00001488                bgx1_getStatus
                0x000014cc                bgx1_getVersion_base
                0x00001514                before_timer
                0x00001516                init_kernel
 .text          0x0000153e        0x0 ..\..\AntonAvrLib\Debug\libAntonAvrLib.a(motor_smooth.o)
 .text          0x0000153e        0x0 ..\..\AntonAvrLib\Debug\libAntonAvrLib.a(external_interrupts.o)
 .text          0x0000153e        0x0 ..\..\AntonAvrLib\Debug\libAntonAvrLib.a(led.o)
 .text          0x0000153e        0x0 ..\..\AntonAvrLib\Debug\libAntonAvrLib.a(motor.o)
 .text          0x0000153e        0x0 ..\..\AntonAvrLib\Debug\libAntonAvrLib.a(port.o)
 .text          0x0000153e        0x0 ..\..\AntonAvrLib\Debug\libAntonAvrLib.a(timer.o)
 .text          0x0000153e        0x0 ..\..\AntonAvrLib\Debug\libAntonAvrLib.a(idle.o)
 .text          0x0000153e        0x0 c:/program files (x86)/atmel/atmel studio 6.0/extensions/atmel/avrgcc/3.3.2.31/avrtoolchain/bin/../lib/gcc/avr/4.5.1/avr51\libgcc.a(_exit.o)
 .text          0x0000153e        0x0 c:/program files (x86)/atmel/atmel studio 6.0/extensions/atmel/avrgcc/3.3.2.31/avrtoolchain/bin/../lib/gcc/avr/4.5.1/avr51\libgcc.a(_copy_data.o)
 .text          0x0000153e        0x0 c:/program files (x86)/atmel/atmel studio 6.0/extensions/atmel/avrgcc/3.3.2.31/avrtoolchain/bin/../lib/gcc/avr/4.5.1/avr51\libgcc.a(_clear_bss.o)
 .text          0x0000153e        0x0 c:/program files (x86)/atmel/atmel studio 6.0/extensions/atmel/avrgcc/3.3.2.31/avrtoolchain/bin/../lib/gcc/avr/4.5.1/../../../../avr/lib/avr51\libc.a(malloc.o)
 .text          0x0000153e        0x0 c:/program files (x86)/atmel/atmel studio 6.0/extensions/atmel/avrgcc/3.3.2.31/avrtoolchain/bin/../lib/gcc/avr/4.5.1/../../../../avr/lib/avr51\libc.a(memcpy.o)
                0x0000153e                . = ALIGN (0x2)
 *(.text.*)
 .text.main     0x0000153e       0x42 Main.o
                0x0000153e                main
 .text.button_pressed
                0x00001580       0xc4 Main.o
                0x00001580                button_pressed
 .text.regulateSpeed
                0x00001644       0x4e ..\..\AntonAvrLib\Debug\libAntonAvrLib.a(motor_smooth.o)
                0x00001644                regulateSpeed
 .text.regulateStopMotor
                0x00001692        0xe ..\..\AntonAvrLib\Debug\libAntonAvrLib.a(motor_smooth.o)
                0x00001692                regulateStopMotor
 .text.regulateSpeedForward
                0x000016a0        0xa ..\..\AntonAvrLib\Debug\libAntonAvrLib.a(motor_smooth.o)
                0x000016a0                regulateSpeedForward
 .text.regulateSpeedBackward
                0x000016aa        0xa ..\..\AntonAvrLib\Debug\libAntonAvrLib.a(motor_smooth.o)
                0x000016aa                regulateSpeedBackward
 .text.regulateDirSpeed
                0x000016b4       0x3c ..\..\AntonAvrLib\Debug\libAntonAvrLib.a(motor_smooth.o)
                0x000016b4                regulateDirSpeed
 .text.motor_smooth_tick
                0x000016f0       0xa8 ..\..\AntonAvrLib\Debug\libAntonAvrLib.a(motor_smooth.o)
                0x000016f0                motor_smooth_tick
 .text.enablePinChangeInterrupt
                0x00001798       0x4c ..\..\AntonAvrLib\Debug\libAntonAvrLib.a(external_interrupts.o)
                0x00001798                enablePinChangeInterrupt
 .text.disblePinChangeInterrupt
                0x000017e4       0x36 ..\..\AntonAvrLib\Debug\libAntonAvrLib.a(external_interrupts.o)
                0x000017e4                disblePinChangeInterrupt
 .text.DELAY_MS
                0x0000181a       0x16 ..\..\AntonAvrLib\Debug\libAntonAvrLib.a(led.o)
 .text.BLINK_DELAY
                0x00001830       0x14 ..\..\AntonAvrLib\Debug\libAntonAvrLib.a(led.o)
 .text.enableLed
                0x00001844       0x10 ..\..\AntonAvrLib\Debug\libAntonAvrLib.a(led.o)
                0x00001844                enableLed
 .text.disableLed
                0x00001854       0x10 ..\..\AntonAvrLib\Debug\libAntonAvrLib.a(led.o)
                0x00001854                disableLed
 .text.setLed   0x00001864        0xc ..\..\AntonAvrLib\Debug\libAntonAvrLib.a(led.o)
                0x00001864                setLed
 .text.setLeds  0x00001870       0x90 ..\..\AntonAvrLib\Debug\libAntonAvrLib.a(led.o)
                0x00001870                setLeds
 .text.enableLeds
                0x00001900       0x4c ..\..\AntonAvrLib\Debug\libAntonAvrLib.a(led.o)
                0x00001900                enableLeds
 .text.disableLeds
                0x0000194c       0x4c ..\..\AntonAvrLib\Debug\libAntonAvrLib.a(led.o)
                0x0000194c                disableLeds
 .text.blinkLeds
                0x00001998       0x4e ..\..\AntonAvrLib\Debug\libAntonAvrLib.a(led.o)
                0x00001998                blinkLeds
 .text.blinkAllLeds
                0x000019e6        0xc ..\..\AntonAvrLib\Debug\libAntonAvrLib.a(led.o)
                0x000019e6                blinkAllLeds
 .text.blinkLed
                0x000019f2       0x42 ..\..\AntonAvrLib\Debug\libAntonAvrLib.a(led.o)
                0x000019f2                blinkLed
 .text.flashLed
                0x00001a34       0x26 ..\..\AntonAvrLib\Debug\libAntonAvrLib.a(led.o)
                0x00001a34                flashLed
 .text.flashLeds
                0x00001a5a       0x26 ..\..\AntonAvrLib\Debug\libAntonAvrLib.a(led.o)
                0x00001a5a                flashLeds
 .text.flashAllLeds
                0x00001a80        0xc ..\..\AntonAvrLib\Debug\libAntonAvrLib.a(led.o)
                0x00001a80                flashAllLeds
 .text.blinkByte
                0x00001a8c       0x7a ..\..\AntonAvrLib\Debug\libAntonAvrLib.a(led.o)
                0x00001a8c                blinkByte
 .text.stopMotor
                0x00001b06       0x5a ..\..\AntonAvrLib\Debug\libAntonAvrLib.a(motor.o)
                0x00001b06                stopMotor
 .text.getSpeed
                0x00001b60        0xc ..\..\AntonAvrLib\Debug\libAntonAvrLib.a(motor.o)
                0x00001b60                getSpeed
 .text.getDirection
                0x00001b6c       0x72 ..\..\AntonAvrLib\Debug\libAntonAvrLib.a(motor.o)
                0x00001b6c                getDirection
 .text.setSpeed
                0x00001bde       0xa8 ..\..\AntonAvrLib\Debug\libAntonAvrLib.a(motor.o)
                0x00001bde                setSpeed
 .text.setSpeedForward
                0x00001c86        0xa ..\..\AntonAvrLib\Debug\libAntonAvrLib.a(motor.o)
                0x00001c86                setSpeedForward
 .text.setSpeedBackward
                0x00001c90        0xa ..\..\AntonAvrLib\Debug\libAntonAvrLib.a(motor.o)
                0x00001c90                setSpeedBackward
 .text.getDirSpeed
                0x00001c9a       0x42 ..\..\AntonAvrLib\Debug\libAntonAvrLib.a(motor.o)
                0x00001c9a                getDirSpeed
 .text.motor_toUnsignedSpeed
                0x00001cdc       0x16 ..\..\AntonAvrLib\Debug\libAntonAvrLib.a(motor.o)
                0x00001cdc                motor_toUnsignedSpeed
 .text.setDirSpeed
                0x00001cf2       0x3c ..\..\AntonAvrLib\Debug\libAntonAvrLib.a(motor.o)
                0x00001cf2                setDirSpeed
 .text.setPortOutput
                0x00001d2e       0x10 ..\..\AntonAvrLib\Debug\libAntonAvrLib.a(port.o)
                0x00001d2e                setPortOutput
 .text.setPortInput
                0x00001d3e        0xe ..\..\AntonAvrLib\Debug\libAntonAvrLib.a(port.o)
                0x00001d3e                setPortInput
 .text.setPinOutput
                0x00001d4c       0x1c ..\..\AntonAvrLib\Debug\libAntonAvrLib.a(port.o)
                0x00001d4c                setPinOutput
 .text.setPinInput
                0x00001d68       0x1e ..\..\AntonAvrLib\Debug\libAntonAvrLib.a(port.o)
                0x00001d68                setPinInput
 .text.writePort
                0x00001d86        0xc ..\..\AntonAvrLib\Debug\libAntonAvrLib.a(port.o)
                0x00001d86                writePort
 .text.readPort
                0x00001d92        0xe ..\..\AntonAvrLib\Debug\libAntonAvrLib.a(port.o)
                0x00001d92                readPort
 .text.setPinOne
                0x00001da0       0x1c ..\..\AntonAvrLib\Debug\libAntonAvrLib.a(port.o)
                0x00001da0                setPinOne
 .text.setPinZero
                0x00001dbc       0x1e ..\..\AntonAvrLib\Debug\libAntonAvrLib.a(port.o)
                0x00001dbc                setPinZero
 .text.writePin
                0x00001dda       0x12 ..\..\AntonAvrLib\Debug\libAntonAvrLib.a(port.o)
                0x00001dda                writePin
 .text.readPin  0x00001dec       0x22 ..\..\AntonAvrLib\Debug\libAntonAvrLib.a(port.o)
                0x00001dec                readPin
 .text.setCompareMatchOutputMode
                0x00001e0e       0x56 ..\..\AntonAvrLib\Debug\libAntonAvrLib.a(timer.o)
                0x00001e0e                setCompareMatchOutputMode
 .text.setTimerClockSelect
                0x00001e64       0xc8 ..\..\AntonAvrLib\Debug\libAntonAvrLib.a(timer.o)
                0x00001e64                setTimerClockSelect
 .text.setWaveformGenerationMode
                0x00001f2c      0x12e ..\..\AntonAvrLib\Debug\libAntonAvrLib.a(timer.o)
                0x00001f2c                setWaveformGenerationMode
 .text.enableTimerInterrupt
                0x0000205a       0x28 ..\..\AntonAvrLib\Debug\libAntonAvrLib.a(timer.o)
                0x0000205a                enableTimerInterrupt
 .text.disableTimerInterrupt
                0x00002082       0x28 ..\..\AntonAvrLib\Debug\libAntonAvrLib.a(timer.o)
                0x00002082                disableTimerInterrupt
 .text.enableOutputCompare
                0x000020aa       0x1e ..\..\AntonAvrLib\Debug\libAntonAvrLib.a(timer.o)
                0x000020aa                enableOutputCompare
 .text.disableOutputCompare
                0x000020c8        0xa ..\..\AntonAvrLib\Debug\libAntonAvrLib.a(timer.o)
                0x000020c8                disableOutputCompare
 .text.setTimerCompareValue
                0x000020d2       0x4e ..\..\AntonAvrLib\Debug\libAntonAvrLib.a(timer.o)
                0x000020d2                setTimerCompareValue
 .text.getTimerCompareValue
                0x00002120       0x54 ..\..\AntonAvrLib\Debug\libAntonAvrLib.a(timer.o)
                0x00002120                getTimerCompareValue
 .text.processor_idle
                0x00002174       0x12 ..\..\AntonAvrLib\Debug\libAntonAvrLib.a(idle.o)
                0x00002174                processor_idle
 .text.processor_loop_idle
                0x00002186        0x6 ..\..\AntonAvrLib\Debug\libAntonAvrLib.a(idle.o)
                0x00002186                processor_loop_idle
 .text.libgcc   0x0000218c        0x0 c:/program files (x86)/atmel/atmel studio 6.0/extensions/atmel/avrgcc/3.3.2.31/avrtoolchain/bin/../lib/gcc/avr/4.5.1/avr51\libgcc.a(_exit.o)
 .text.libgcc   0x0000218c        0x0 c:/program files (x86)/atmel/atmel studio 6.0/extensions/atmel/avrgcc/3.3.2.31/avrtoolchain/bin/../lib/gcc/avr/4.5.1/avr51\libgcc.a(_copy_data.o)
 .text.libgcc   0x0000218c        0x0 c:/program files (x86)/atmel/atmel studio 6.0/extensions/atmel/avrgcc/3.3.2.31/avrtoolchain/bin/../lib/gcc/avr/4.5.1/avr51\libgcc.a(_clear_bss.o)
 .text.avr-libc
                0x0000218c      0x266 c:/program files (x86)/atmel/atmel studio 6.0/extensions/atmel/avrgcc/3.3.2.31/avrtoolchain/bin/../lib/gcc/avr/4.5.1/../../../../avr/lib/avr51\libc.a(malloc.o)
                0x0000218c                malloc
                0x000022c0                free
 .text.avr-libc
                0x000023f2       0x12 c:/program files (x86)/atmel/atmel studio 6.0/extensions/atmel/avrgcc/3.3.2.31/avrtoolchain/bin/../lib/gcc/avr/4.5.1/../../../../avr/lib/avr51\libc.a(memcpy.o)
                0x000023f2                memcpy
                0x00002404                . = ALIGN (0x2)
 *(.fini9)
 .fini9         0x00002404        0x0 c:/program files (x86)/atmel/atmel studio 6.0/extensions/atmel/avrgcc/3.3.2.31/avrtoolchain/bin/../lib/gcc/avr/4.5.1/avr51\libgcc.a(_exit.o)
                0x00002404                _exit
                0x00002404                exit
 *(.fini9)
 *(.fini8)
 *(.fini8)
 *(.fini7)
 *(.fini7)
 *(.fini6)
 *(.fini6)
 *(.fini5)
 *(.fini5)
 *(.fini4)
 *(.fini4)
 *(.fini3)
 *(.fini3)
 *(.fini2)
 *(.fini2)
 *(.fini1)
 .fini1         0x00002404        0x6 ..\..\Kernel-NIBObee\Debug\libKernel-NIBObee.a(kernel.o)
                0x00002404                MainProcessEnd
 *(.fini1)
 *(.fini0)
 .fini0         0x0000240a        0x4 c:/program files (x86)/atmel/atmel studio 6.0/extensions/atmel/avrgcc/3.3.2.31/avrtoolchain/bin/../lib/gcc/avr/4.5.1/avr51\libgcc.a(_exit.o)
 *(.fini0)
                0x0000240e                _etext = .

.data           0x00800100       0xf8 load address 0x0000240e
                0x00800100                PROVIDE (__data_start, .)
 *(.data)
 .data          0x00800100        0x0 c:/program files (x86)/atmel/atmel studio 6.0/extensions/atmel/avrgcc/3.3.2.31/avrtoolchain/bin/../lib/gcc/avr/4.5.1/../../../../avr/lib/avr51/crtm1284p.o
 .data          0x00800100        0x0 Main.o
 .data          0x00800100       0xe2 ..\..\Kernel-NIBObee\Debug\libKernel-NIBObee.a(kernel.o)
                0x00800100                ButtonRightBackward
                0x00800102                ButtonRightForward
                0x00800104                ButtonLeftBackward
                0x00800106                ButtonLeftForward
                0x00800108                LeftYellow
                0x0080010a                LeftRed
                0x0080010c                RightRed
                0x0080010e                RightYellow
                0x00800110                RedLeds
                0x00800112                YellowLeds
                0x00800114                RightLeds
                0x00800116                LeftLeds
                0x00800118                AllLeds
                0x0080011a                PortA
                0x0080011c                PinA0
                0x0080011e                PinA1
                0x00800120                PinA2
                0x00800122                PinA3
                0x00800124                PinA4
                0x00800126                PinA5
                0x00800128                PinA6
                0x0080012a                PinA7
                0x0080012c                PortB
                0x0080012e                PinB0
                0x00800130                PinB1
                0x00800132                PinB2
                0x00800134                PinB3
                0x00800136                PinB4
                0x00800138                PinB5
                0x0080013a                PinB6
                0x0080013c                PinB7
                0x0080013e                PortC
                0x00800140                PinC0
                0x00800142                PinC1
                0x00800144                PinC2
                0x00800146                PinC3
                0x00800148                PinC4
                0x0080014a                PinC5
                0x0080014c                PinC6
                0x0080014e                PinC7
                0x00800150                PortD
                0x00800152                PinD0
                0x00800154                PinD1
                0x00800156                PinD2
                0x00800158                PinD3
                0x0080015a                PinD4
                0x0080015c                PinD5
                0x0080015e                PinD6
                0x00800160                PinD7
                0x00800162                Timer0
                0x00800164                Timer1
                0x00800166                Timer2
                0x00800168                Timer3
                0x0080016a                Timer0A
                0x0080016c                Timer0B
                0x0080016e                Timer1A
                0x00800170                Timer1B
                0x00800172                Timer2A
                0x00800174                Timer2B
                0x00800176                Timer3A
                0x00800178                Timer3B
                0x0080017a                LeftMotorBase
                0x0080017c                RightMotorBase
                0x0080017e                LeftMotor
                0x00800180                RightMotor
                0x00800182                bgx1
                0x00800183                redLedsArray
                0x00800187                yellowLedsArray
                0x0080018b                rightLedsArray
                0x0080018f                leftLedsArray
                0x00800193                allLedsArray
                0x0080019b                sendBuffer
 .data          0x008001e2        0x0 ..\..\AntonAvrLib\Debug\libAntonAvrLib.a(motor_smooth.o)
 .data          0x008001e2        0x8 ..\..\AntonAvrLib\Debug\libAntonAvrLib.a(external_interrupts.o)
                0x008001e2                maskRegisters
 .data          0x008001ea        0x0 ..\..\AntonAvrLib\Debug\libAntonAvrLib.a(led.o)
 .data          0x008001ea        0x0 ..\..\AntonAvrLib\Debug\libAntonAvrLib.a(motor.o)
 .data          0x008001ea        0x0 ..\..\AntonAvrLib\Debug\libAntonAvrLib.a(port.o)
 .data          0x008001ea        0x8 ..\..\AntonAvrLib\Debug\libAntonAvrLib.a(timer.o)
 .data          0x008001f2        0x0 ..\..\AntonAvrLib\Debug\libAntonAvrLib.a(idle.o)
 .data          0x008001f2        0x0 c:/program files (x86)/atmel/atmel studio 6.0/extensions/atmel/avrgcc/3.3.2.31/avrtoolchain/bin/../lib/gcc/avr/4.5.1/avr51\libgcc.a(_exit.o)
 .data          0x008001f2        0x0 c:/program files (x86)/atmel/atmel studio 6.0/extensions/atmel/avrgcc/3.3.2.31/avrtoolchain/bin/../lib/gcc/avr/4.5.1/avr51\libgcc.a(_copy_data.o)
 .data          0x008001f2        0x0 c:/program files (x86)/atmel/atmel studio 6.0/extensions/atmel/avrgcc/3.3.2.31/avrtoolchain/bin/../lib/gcc/avr/4.5.1/avr51\libgcc.a(_clear_bss.o)
 .data          0x008001f2        0x6 c:/program files (x86)/atmel/atmel studio 6.0/extensions/atmel/avrgcc/3.3.2.31/avrtoolchain/bin/../lib/gcc/avr/4.5.1/../../../../avr/lib/avr51\libc.a(malloc.o)
                0x008001f2                __malloc_margin
                0x008001f4                __malloc_heap_start
                0x008001f6                __malloc_heap_end
 .data          0x008001f8        0x0 c:/program files (x86)/atmel/atmel studio 6.0/extensions/atmel/avrgcc/3.3.2.31/avrtoolchain/bin/../lib/gcc/avr/4.5.1/../../../../avr/lib/avr51\libc.a(memcpy.o)
 *(.data*)
 *(.rodata)
 *(.rodata*)
 *(.gnu.linkonce.d*)
                0x008001f8                . = ALIGN (0x2)
                0x008001f8                _edata = .
                0x008001f8                PROVIDE (__data_end, .)

.bss            0x008001f8      0x25c
                0x008001f8                PROVIDE (__bss_start, .)
 *(.bss)
 .bss           0x008001f8        0x0 c:/program files (x86)/atmel/atmel studio 6.0/extensions/atmel/avrgcc/3.3.2.31/avrtoolchain/bin/../lib/gcc/avr/4.5.1/../../../../avr/lib/avr51/crtm1284p.o
 .bss           0x008001f8        0x0 Main.o
 .bss           0x008001f8        0xa ..\..\Kernel-NIBObee\Debug\libKernel-NIBObee.a(kernel.o)
                0x008001f8                current_reset_status
                0x008001f9                milliseconds_running
                0x008001fd                motor_A_running
                0x008001ff                motor_B_running
                0x00800201                TWIBroadcast
 .bss           0x00800202        0x0 ..\..\AntonAvrLib\Debug\libAntonAvrLib.a(motor_smooth.o)
 .bss           0x00800202        0x0 ..\..\AntonAvrLib\Debug\libAntonAvrLib.a(external_interrupts.o)
 .bss           0x00800202        0x0 ..\..\AntonAvrLib\Debug\libAntonAvrLib.a(led.o)
 .bss           0x00800202        0x0 ..\..\AntonAvrLib\Debug\libAntonAvrLib.a(motor.o)
 .bss           0x00800202        0x0 ..\..\AntonAvrLib\Debug\libAntonAvrLib.a(port.o)
 .bss           0x00800202        0x0 ..\..\AntonAvrLib\Debug\libAntonAvrLib.a(timer.o)
 .bss           0x00800202        0x0 ..\..\AntonAvrLib\Debug\libAntonAvrLib.a(idle.o)
 .bss           0x00800202        0x0 c:/program files (x86)/atmel/atmel studio 6.0/extensions/atmel/avrgcc/3.3.2.31/avrtoolchain/bin/../lib/gcc/avr/4.5.1/avr51\libgcc.a(_exit.o)
 .bss           0x00800202        0x0 c:/program files (x86)/atmel/atmel studio 6.0/extensions/atmel/avrgcc/3.3.2.31/avrtoolchain/bin/../lib/gcc/avr/4.5.1/avr51\libgcc.a(_copy_data.o)
 .bss           0x00800202        0x0 c:/program files (x86)/atmel/atmel studio 6.0/extensions/atmel/avrgcc/3.3.2.31/avrtoolchain/bin/../lib/gcc/avr/4.5.1/avr51\libgcc.a(_clear_bss.o)
 .bss           0x00800202        0x0 c:/program files (x86)/atmel/atmel studio 6.0/extensions/atmel/avrgcc/3.3.2.31/avrtoolchain/bin/../lib/gcc/avr/4.5.1/../../../../avr/lib/avr51\libc.a(malloc.o)
 .bss           0x00800202        0x0 c:/program files (x86)/atmel/atmel studio 6.0/extensions/atmel/avrgcc/3.3.2.31/avrtoolchain/bin/../lib/gcc/avr/4.5.1/../../../../avr/lib/avr51\libc.a(memcpy.o)
 *(.bss*)
 *(COMMON)
 COMMON         0x00800202      0x24e ..\..\Kernel-NIBObee\Debug\libKernel-NIBObee.a(kernel.o)
                0x00800202                twi_address
                0x00800203                PinA5_
                0x00800206                ButtonRightForward_
                0x0080020a                PinD7_
                0x0080020d                PinC1_
                0x00800210                PinC4_
                0x00800213                ButtonRightBackward_
                0x00800217                RightMotorBase_
                0x00800220                PinC7_
                0x00800223                YellowLeds_
                0x00800226                PinA6_
                0x00800229                LeftYellow_
                0x0080022b                LeftRed_
                0x0080022d                PinB2_
                0x00800230                ButtonLeftForward_
                0x00800234                PinD0_
                0x00800237                sendBufferData
                0x00800336                PinA1_
                0x00800339                Timer3A_
                0x00800341                Timer1A_
                0x00800349                Timer1_
                0x00800350                PinC2_
                0x00800353                PortD_
                0x00800359                Timer2_
                0x00800360                Timer3_
                0x00800367                Timer0B_
                0x0080036f                PinC3_
                0x00800372                PinA4_
                0x00800375                PinC5_
                0x00800378                PortB_
                0x0080037e                PinC0_
                0x00800381                alreadyHandled
                0x00800383                twi_error
                0x00800385                PinB1_
                0x00800388                PinA7_
                0x0080038b                PinB7_
                0x0080038e                LeftMotor_
                0x0080039e                PortC_
                0x008003a4                Timer1B_
                0x008003ac                LeftMotorBase_
                0x008003b5                PinD5_
                0x008003b8                PinA0_
                0x008003bb                PinD2_
                0x008003be                Timer2B_
                0x008003c6                PinC6_
                0x008003c9                Timer3B_
                0x008003d1                PinD4_
                0x008003d4                nextTwiOperation
                0x008003d6                RightYellow_
                0x008003d8                PinB5_
                0x008003db                twi_buffer
                0x008003df                PinA3_
                0x008003e2                twi_running
                0x008003e4                PinD3_
                0x008003e7                AllLeds_
                0x008003ea                RightLeds_
                0x008003ed                Timer0_
                0x008003f4                ButtonLeftBackward_
                0x008003f8                PinB0_
                0x008003fb                PinB4_
                0x008003fe                PinD6_
                0x00800401                RightRed_
                0x00800403                PinA2_
                0x00800406                PortA_
                0x0080040c                RightMotor_
                0x0080041c                PinB3_
                0x0080041f                furtherOperations
                0x00800434                PinD1_
                0x00800437                Timer2A_
                0x0080043f                RedLeds_
                0x00800442                PinB6_
                0x00800445                LeftLeds_
                0x00800448                Timer0A_
 COMMON         0x00800450        0x4 c:/program files (x86)/atmel/atmel studio 6.0/extensions/atmel/avrgcc/3.3.2.31/avrtoolchain/bin/../lib/gcc/avr/4.5.1/../../../../avr/lib/avr51\libc.a(malloc.o)
                0x00800450                __brkval
                0x00800452                __flp
                0x00800454                PROVIDE (__bss_end, .)
                0x0000240e                __data_load_start = LOADADDR (.data)
                0x00002506                __data_load_end = (__data_load_start + SIZEOF (.data))

.noinit         0x00800454        0x0
                0x00800454                PROVIDE (__noinit_start, .)
 *(.noinit*)
                0x00800454                PROVIDE (__noinit_end, .)
                0x00800454                _end = .
                0x00800454                PROVIDE (__heap_start, .)

.eeprom         0x00810000        0x0
 *(.eeprom*)
                0x00810000                __eeprom_end = .

.fuse
 *(.fuse)
 *(.lfuse)
 *(.hfuse)
 *(.efuse)

.lock
 *(.lock*)

.signature
 *(.signature*)

.stab           0x00000000      0x750
 *(.stab)
 .stab          0x00000000      0x6cc c:/program files (x86)/atmel/atmel studio 6.0/extensions/atmel/avrgcc/3.3.2.31/avrtoolchain/bin/../lib/gcc/avr/4.5.1/../../../../avr/lib/avr51/crtm1284p.o
 .stab          0x000006cc       0x84 c:/program files (x86)/atmel/atmel studio 6.0/extensions/atmel/avrgcc/3.3.2.31/avrtoolchain/bin/../lib/gcc/avr/4.5.1/../../../../avr/lib/avr51\libc.a(memcpy.o)
                                 0x90 (size before relaxing)

.stabstr        0x00000000      0x10b
 *(.stabstr)
 .stabstr       0x00000000      0x10b c:/program files (x86)/atmel/atmel studio 6.0/extensions/atmel/avrgcc/3.3.2.31/avrtoolchain/bin/../lib/gcc/avr/4.5.1/../../../../avr/lib/avr51/crtm1284p.o

.stab.excl
 *(.stab.excl)

.stab.exclstr
 *(.stab.exclstr)

.stab.index
 *(.stab.index)

.stab.indexstr
 *(.stab.indexstr)

.comment
 *(.comment)

.debug
 *(.debug)

.line
 *(.line)

.debug_srcinfo
 *(.debug_srcinfo)

.debug_sfnames
 *(.debug_sfnames)

.debug_aranges  0x00000000      0x318
 *(.debug_aranges)
 .debug_aranges
                0x00000000       0x28 Main.o
 .debug_aranges
                0x00000028       0x78 ..\..\Kernel-NIBObee\Debug\libKernel-NIBObee.a(kernel.o)
 .debug_aranges
                0x000000a0       0x48 ..\..\AntonAvrLib\Debug\libAntonAvrLib.a(motor_smooth.o)
 .debug_aranges
                0x000000e8       0x28 ..\..\AntonAvrLib\Debug\libAntonAvrLib.a(external_interrupts.o)
 .debug_aranges
                0x00000110       0x90 ..\..\AntonAvrLib\Debug\libAntonAvrLib.a(led.o)
 .debug_aranges
                0x000001a0       0x60 ..\..\AntonAvrLib\Debug\libAntonAvrLib.a(motor.o)
 .debug_aranges
                0x00000200       0x68 ..\..\AntonAvrLib\Debug\libAntonAvrLib.a(port.o)
 .debug_aranges
                0x00000268       0x60 ..\..\AntonAvrLib\Debug\libAntonAvrLib.a(timer.o)
 .debug_aranges
                0x000002c8       0x28 ..\..\AntonAvrLib\Debug\libAntonAvrLib.a(idle.o)
 .debug_aranges
                0x000002f0       0x28 c:/program files (x86)/atmel/atmel studio 6.0/extensions/atmel/avrgcc/3.3.2.31/avrtoolchain/bin/../lib/gcc/avr/4.5.1/../../../../avr/lib/avr51\libc.a(malloc.o)

.debug_pubnames
                0x00000000     0x1367
 *(.debug_pubnames)
 .debug_pubnames
                0x00000000       0x2e Main.o
 .debug_pubnames
                0x0000002e      0xe6b ..\..\Kernel-NIBObee\Debug\libKernel-NIBObee.a(kernel.o)
 .debug_pubnames
                0x00000e99       0x98 ..\..\AntonAvrLib\Debug\libAntonAvrLib.a(motor_smooth.o)
 .debug_pubnames
                0x00000f31       0x5e ..\..\AntonAvrLib\Debug\libAntonAvrLib.a(external_interrupts.o)
 .debug_pubnames
                0x00000f8f       0xcb ..\..\AntonAvrLib\Debug\libAntonAvrLib.a(led.o)
 .debug_pubnames
                0x0000105a       0xae ..\..\AntonAvrLib\Debug\libAntonAvrLib.a(motor.o)
 .debug_pubnames
                0x00001108       0xa7 ..\..\AntonAvrLib\Debug\libAntonAvrLib.a(port.o)
 .debug_pubnames
                0x000011af       0xfc ..\..\AntonAvrLib\Debug\libAntonAvrLib.a(timer.o)
 .debug_pubnames
                0x000012ab       0x3d ..\..\AntonAvrLib\Debug\libAntonAvrLib.a(idle.o)
 .debug_pubnames
                0x000012e8       0x7f c:/program files (x86)/atmel/atmel studio 6.0/extensions/atmel/avrgcc/3.3.2.31/avrtoolchain/bin/../lib/gcc/avr/4.5.1/../../../../avr/lib/avr51\libc.a(malloc.o)

.debug_info     0x00000000     0x4c86
 *(.debug_info)
 .debug_info    0x00000000      0x5be Main.o
 .debug_info    0x000005be     0x29c1 ..\..\Kernel-NIBObee\Debug\libKernel-NIBObee.a(kernel.o)
 .debug_info    0x00002f7f      0x4a5 ..\..\AntonAvrLib\Debug\libAntonAvrLib.a(motor_smooth.o)
 .debug_info    0x00003424      0x139 ..\..\AntonAvrLib\Debug\libAntonAvrLib.a(external_interrupts.o)
 .debug_info    0x0000355d      0x682 ..\..\AntonAvrLib\Debug\libAntonAvrLib.a(led.o)
 .debug_info    0x00003bdf      0x570 ..\..\AntonAvrLib\Debug\libAntonAvrLib.a(motor.o)
 .debug_info    0x0000414f      0x2d6 ..\..\AntonAvrLib\Debug\libAntonAvrLib.a(port.o)
 .debug_info    0x00004425      0x51d ..\..\AntonAvrLib\Debug\libAntonAvrLib.a(timer.o)
 .debug_info    0x00004942       0xae ..\..\AntonAvrLib\Debug\libAntonAvrLib.a(idle.o)
 .debug_info    0x000049f0      0x296 c:/program files (x86)/atmel/atmel studio 6.0/extensions/atmel/avrgcc/3.3.2.31/avrtoolchain/bin/../lib/gcc/avr/4.5.1/../../../../avr/lib/avr51\libc.a(malloc.o)
 *(.gnu.linkonce.wi.*)

.debug_abbrev   0x00000000      0xddf
 *(.debug_abbrev)
 .debug_abbrev  0x00000000      0x197 Main.o
 .debug_abbrev  0x00000197      0x3c0 ..\..\Kernel-NIBObee\Debug\libKernel-NIBObee.a(kernel.o)
 .debug_abbrev  0x00000557       0xe5 ..\..\AntonAvrLib\Debug\libAntonAvrLib.a(motor_smooth.o)
 .debug_abbrev  0x0000063c       0xb4 ..\..\AntonAvrLib\Debug\libAntonAvrLib.a(external_interrupts.o)
 .debug_abbrev  0x000006f0      0x21a ..\..\AntonAvrLib\Debug\libAntonAvrLib.a(led.o)
 .debug_abbrev  0x0000090a      0x15f ..\..\AntonAvrLib\Debug\libAntonAvrLib.a(motor.o)
 .debug_abbrev  0x00000a69      0x100 ..\..\AntonAvrLib\Debug\libAntonAvrLib.a(port.o)
 .debug_abbrev  0x00000b69      0x11d ..\..\AntonAvrLib\Debug\libAntonAvrLib.a(timer.o)
 .debug_abbrev  0x00000c86       0x64 ..\..\AntonAvrLib\Debug\libAntonAvrLib.a(idle.o)
 .debug_abbrev  0x00000cea       0xf5 c:/program files (x86)/atmel/atmel studio 6.0/extensions/atmel/avrgcc/3.3.2.31/avrtoolchain/bin/../lib/gcc/avr/4.5.1/../../../../avr/lib/avr51\libc.a(malloc.o)

.debug_line     0x00000000     0x4c19
 *(.debug_line)
 .debug_line    0x00000000      0x8a7 Main.o
 .debug_line    0x000008a7     0x15ee ..\..\Kernel-NIBObee\Debug\libKernel-NIBObee.a(kernel.o)
 .debug_line    0x00001e95      0x634 ..\..\AntonAvrLib\Debug\libAntonAvrLib.a(motor_smooth.o)
 .debug_line    0x000024c9      0x44e ..\..\AntonAvrLib\Debug\libAntonAvrLib.a(external_interrupts.o)
 .debug_line    0x00002917      0x706 ..\..\AntonAvrLib\Debug\libAntonAvrLib.a(led.o)
 .debug_line    0x0000301d      0x64b ..\..\AntonAvrLib\Debug\libAntonAvrLib.a(motor.o)
 .debug_line    0x00003668      0x518 ..\..\AntonAvrLib\Debug\libAntonAvrLib.a(port.o)
 .debug_line    0x00003b80      0x897 ..\..\AntonAvrLib\Debug\libAntonAvrLib.a(timer.o)
 .debug_line    0x00004417      0x3fd ..\..\AntonAvrLib\Debug\libAntonAvrLib.a(idle.o)
 .debug_line    0x00004814      0x405 c:/program files (x86)/atmel/atmel studio 6.0/extensions/atmel/avrgcc/3.3.2.31/avrtoolchain/bin/../lib/gcc/avr/4.5.1/../../../../avr/lib/avr51\libc.a(malloc.o)

.debug_frame    0x00000000      0x960
 *(.debug_frame)
 .debug_frame   0x00000000       0x30 Main.o
 .debug_frame   0x00000030      0x540 ..\..\Kernel-NIBObee\Debug\libKernel-NIBObee.a(kernel.o)
 .debug_frame   0x00000570       0x70 ..\..\AntonAvrLib\Debug\libAntonAvrLib.a(motor_smooth.o)
 .debug_frame   0x000005e0       0x30 ..\..\AntonAvrLib\Debug\libAntonAvrLib.a(external_interrupts.o)
 .debug_frame   0x00000610      0x100 ..\..\AntonAvrLib\Debug\libAntonAvrLib.a(led.o)
 .debug_frame   0x00000710       0xa0 ..\..\AntonAvrLib\Debug\libAntonAvrLib.a(motor.o)
 .debug_frame   0x000007b0       0xb0 ..\..\AntonAvrLib\Debug\libAntonAvrLib.a(port.o)
 .debug_frame   0x00000860       0xa0 ..\..\AntonAvrLib\Debug\libAntonAvrLib.a(timer.o)
 .debug_frame   0x00000900       0x30 ..\..\AntonAvrLib\Debug\libAntonAvrLib.a(idle.o)
 .debug_frame   0x00000930       0x30 c:/program files (x86)/atmel/atmel studio 6.0/extensions/atmel/avrgcc/3.3.2.31/avrtoolchain/bin/../lib/gcc/avr/4.5.1/../../../../avr/lib/avr51\libc.a(malloc.o)

.debug_str      0x00000000     0x192c
 *(.debug_str)
 .debug_str     0x00000000      0x351 Main.o
                                0x39c (size before relaxing)
 .debug_str     0x00000351      0xfdb ..\..\Kernel-NIBObee\Debug\libKernel-NIBObee.a(kernel.o)
                               0x1398 (size before relaxing)
 .debug_str     0x0000132c       0xd8 ..\..\AntonAvrLib\Debug\libAntonAvrLib.a(motor_smooth.o)
                                0x303 (size before relaxing)
 .debug_str     0x00001404       0x94 ..\..\AntonAvrLib\Debug\libAntonAvrLib.a(external_interrupts.o)
                                0x13d (size before relaxing)
 .debug_str     0x00001498       0xe4 ..\..\AntonAvrLib\Debug\libAntonAvrLib.a(led.o)
                                0x241 (size before relaxing)
 .debug_str     0x0000157c       0xa0 ..\..\AntonAvrLib\Debug\libAntonAvrLib.a(motor.o)
                                0x2b5 (size before relaxing)
 .debug_str     0x0000161c       0x86 ..\..\AntonAvrLib\Debug\libAntonAvrLib.a(port.o)
                                0x15a (size before relaxing)
 .debug_str     0x000016a2      0x15d ..\..\AntonAvrLib\Debug\libAntonAvrLib.a(timer.o)
                                0x423 (size before relaxing)
 .debug_str     0x000017ff       0x32 ..\..\AntonAvrLib\Debug\libAntonAvrLib.a(idle.o)
                                 0xe6 (size before relaxing)
 .debug_str     0x00001831       0xfb c:/program files (x86)/atmel/atmel studio 6.0/extensions/atmel/avrgcc/3.3.2.31/avrtoolchain/bin/../lib/gcc/avr/4.5.1/../../../../avr/lib/avr51\libc.a(malloc.o)
                                0x17c (size before relaxing)

.debug_loc      0x00000000     0x1f9b
 *(.debug_loc)
 .debug_loc     0x00000000       0x28 Main.o
 .debug_loc     0x00000028      0x70a ..\..\Kernel-NIBObee\Debug\libKernel-NIBObee.a(kernel.o)
 .debug_loc     0x00000732      0x1fc ..\..\AntonAvrLib\Debug\libAntonAvrLib.a(motor_smooth.o)
 .debug_loc     0x0000092e       0xa3 ..\..\AntonAvrLib\Debug\libAntonAvrLib.a(external_interrupts.o)
 .debug_loc     0x000009d1      0x582 ..\..\AntonAvrLib\Debug\libAntonAvrLib.a(led.o)
 .debug_loc     0x00000f53      0x403 ..\..\AntonAvrLib\Debug\libAntonAvrLib.a(motor.o)
 .debug_loc     0x00001356      0x168 ..\..\AntonAvrLib\Debug\libAntonAvrLib.a(port.o)
 .debug_loc     0x000014be      0x6b4 ..\..\AntonAvrLib\Debug\libAntonAvrLib.a(timer.o)
 .debug_loc     0x00001b72      0x429 c:/program files (x86)/atmel/atmel studio 6.0/extensions/atmel/avrgcc/3.3.2.31/avrtoolchain/bin/../lib/gcc/avr/4.5.1/../../../../avr/lib/avr51\libc.a(malloc.o)

.debug_macinfo  0x00000000    0x4ea19
 *(.debug_macinfo)
 .debug_macinfo
                0x00000000     0xaa9d Main.o
 .debug_macinfo
                0x0000aa9d     0xcb75 ..\..\Kernel-NIBObee\Debug\libKernel-NIBObee.a(kernel.o)
 .debug_macinfo
                0x00017612     0x7f91 ..\..\AntonAvrLib\Debug\libAntonAvrLib.a(motor_smooth.o)
 .debug_macinfo
                0x0001f5a3     0x7be6 ..\..\AntonAvrLib\Debug\libAntonAvrLib.a(external_interrupts.o)
 .debug_macinfo
                0x00027189     0x7d90 ..\..\AntonAvrLib\Debug\libAntonAvrLib.a(led.o)
 .debug_macinfo
                0x0002ef19     0x7f58 ..\..\AntonAvrLib\Debug\libAntonAvrLib.a(motor.o)
 .debug_macinfo
                0x00036e71     0x7d24 ..\..\AntonAvrLib\Debug\libAntonAvrLib.a(port.o)
 .debug_macinfo
                0x0003eb95     0x7e2a ..\..\AntonAvrLib\Debug\libAntonAvrLib.a(timer.o)
 .debug_macinfo
                0x000469bf     0x805a ..\..\AntonAvrLib\Debug\libAntonAvrLib.a(idle.o)
OUTPUT(Main-NIBObee.elf elf32-avr)
LOAD linker stubs

.debug_pubtypes
                0x00000000      0x626
 .debug_pubtypes
                0x00000000       0xd7 Main.o
 .debug_pubtypes
                0x000000d7      0x1fc ..\..\Kernel-NIBObee\Debug\libKernel-NIBObee.a(kernel.o)
 .debug_pubtypes
                0x000002d3       0xc1 ..\..\AntonAvrLib\Debug\libAntonAvrLib.a(motor_smooth.o)
 .debug_pubtypes
                0x00000394       0x1e ..\..\AntonAvrLib\Debug\libAntonAvrLib.a(external_interrupts.o)
 .debug_pubtypes
                0x000003b2       0x74 ..\..\AntonAvrLib\Debug\libAntonAvrLib.a(led.o)
 .debug_pubtypes
                0x00000426       0xb4 ..\..\AntonAvrLib\Debug\libAntonAvrLib.a(motor.o)
 .debug_pubtypes
                0x000004da       0x3a ..\..\AntonAvrLib\Debug\libAntonAvrLib.a(port.o)
 .debug_pubtypes
                0x00000514       0xbb ..\..\AntonAvrLib\Debug\libAntonAvrLib.a(timer.o)
 .debug_pubtypes
                0x000005cf       0x1e ..\..\AntonAvrLib\Debug\libAntonAvrLib.a(idle.o)
 .debug_pubtypes
                0x000005ed       0x39 c:/program files (x86)/atmel/atmel studio 6.0/extensions/atmel/avrgcc/3.3.2.31/avrtoolchain/bin/../lib/gcc/avr/4.5.1/../../../../avr/lib/avr51\libc.a(malloc.o)

.debug_ranges   0x00000000      0x2a8
 .debug_ranges  0x00000000       0x18 Main.o
 .debug_ranges  0x00000018       0x68 ..\..\Kernel-NIBObee\Debug\libKernel-NIBObee.a(kernel.o)
 .debug_ranges  0x00000080       0x38 ..\..\AntonAvrLib\Debug\libAntonAvrLib.a(motor_smooth.o)
 .debug_ranges  0x000000b8       0x18 ..\..\AntonAvrLib\Debug\libAntonAvrLib.a(external_interrupts.o)
 .debug_ranges  0x000000d0       0x98 ..\..\AntonAvrLib\Debug\libAntonAvrLib.a(led.o)
 .debug_ranges  0x00000168       0x68 ..\..\AntonAvrLib\Debug\libAntonAvrLib.a(motor.o)
 .debug_ranges  0x000001d0       0x58 ..\..\AntonAvrLib\Debug\libAntonAvrLib.a(port.o)
 .debug_ranges  0x00000228       0x50 ..\..\AntonAvrLib\Debug\libAntonAvrLib.a(timer.o)
 .debug_ranges  0x00000278       0x18 ..\..\AntonAvrLib\Debug\libAntonAvrLib.a(idle.o)
 .debug_ranges  0x00000290       0x18 c:/program files (x86)/atmel/atmel studio 6.0/extensions/atmel/avrgcc/3.3.2.31/avrtoolchain/bin/../lib/gcc/avr/4.5.1/../../../../avr/lib/avr51\libc.a(malloc.o)
