Archive member included because of file (symbol)

..\..\Kernel-NIBObee\Debug\libKernel-NIBObee.a(nibobee_kernel.o)
                              Main.o (AllLeds)
..\..\AntonAvrLib\Debug\libAntonAvrLib.a(external_interrupts.o)
                              ..\..\Kernel-NIBObee\Debug\libKernel-NIBObee.a(nibobee_kernel.o) (enablePinChangeInterrupt)
..\..\AntonAvrLib\Debug\libAntonAvrLib.a(motor.o)
                              ..\..\Kernel-NIBObee\Debug\libKernel-NIBObee.a(nibobee_kernel.o) (stopMotor)
..\..\AntonAvrLib\Debug\libAntonAvrLib.a(port.o)
                              ..\..\Kernel-NIBObee\Debug\libKernel-NIBObee.a(nibobee_kernel.o) (setPinOutput)
..\..\AntonAvrLib\Debug\libAntonAvrLib.a(timer.o)
                              ..\..\Kernel-NIBObee\Debug\libKernel-NIBObee.a(nibobee_kernel.o) (setTimerClockSelect)
..\..\AntonAvrLib\Debug\libAntonAvrLib.a(reset_condition.o)
                              Main.o (blink_reset_condition)
..\..\AntonAvrLib\Debug\libAntonAvrLib.a(hardware_reset.o)
                              Main.o (HARDWARE_RESET)
..\..\AntonAvrLib\Debug\libAntonAvrLib.a(led.o)
                              ..\..\AntonAvrLib\Debug\libAntonAvrLib.a(reset_condition.o) (disableLeds)
c:/program files (x86)/atmel/atmel studio 6.0/extensions/atmel/avrgcc/3.3.2.31/avrtoolchain/bin/../lib/gcc/avr/4.5.1/avr51\libgcc.a(_exit.o)
                              c:/program files (x86)/atmel/atmel studio 6.0/extensions/atmel/avrgcc/3.3.2.31/avrtoolchain/bin/../lib/gcc/avr/4.5.1/../../../../avr/lib/avr51/crtm1284p.o (exit)
c:/program files (x86)/atmel/atmel studio 6.0/extensions/atmel/avrgcc/3.3.2.31/avrtoolchain/bin/../lib/gcc/avr/4.5.1/avr51\libgcc.a(_copy_data.o)
                              ..\..\Kernel-NIBObee\Debug\libKernel-NIBObee.a(nibobee_kernel.o) (__do_copy_data)
c:/program files (x86)/atmel/atmel studio 6.0/extensions/atmel/avrgcc/3.3.2.31/avrtoolchain/bin/../lib/gcc/avr/4.5.1/avr51\libgcc.a(_clear_bss.o)
                              ..\..\Kernel-NIBObee\Debug\libKernel-NIBObee.a(nibobee_kernel.o) (__do_clear_bss)

Allocating common symbols
Common symbol       size              file

LeftRed             0x2               ..\..\Kernel-NIBObee\Debug\libKernel-NIBObee.a(nibobee_kernel.o)
LeftYellow          0x2               ..\..\Kernel-NIBObee\Debug\libKernel-NIBObee.a(nibobee_kernel.o)
Timer3B             0x8               ..\..\Kernel-NIBObee\Debug\libKernel-NIBObee.a(nibobee_kernel.o)
twi_address         0x1               ..\..\Kernel-NIBObee\Debug\libKernel-NIBObee.a(nibobee_kernel.o)
PinC7               0x3               ..\..\Kernel-NIBObee\Debug\libKernel-NIBObee.a(nibobee_kernel.o)
Timer3              0x7               ..\..\Kernel-NIBObee\Debug\libKernel-NIBObee.a(nibobee_kernel.o)
PinB2               0x3               ..\..\Kernel-NIBObee\Debug\libKernel-NIBObee.a(nibobee_kernel.o)
PinB6               0x3               ..\..\Kernel-NIBObee\Debug\libKernel-NIBObee.a(nibobee_kernel.o)
Timer1A             0x8               ..\..\Kernel-NIBObee\Debug\libKernel-NIBObee.a(nibobee_kernel.o)
YellowLeds          0x3               ..\..\Kernel-NIBObee\Debug\libKernel-NIBObee.a(nibobee_kernel.o)
PinD2               0x3               ..\..\Kernel-NIBObee\Debug\libKernel-NIBObee.a(nibobee_kernel.o)
PinD0               0x3               ..\..\Kernel-NIBObee\Debug\libKernel-NIBObee.a(nibobee_kernel.o)
ButtonLeftForward   0x3               ..\..\Kernel-NIBObee\Debug\libKernel-NIBObee.a(nibobee_kernel.o)
ButtonLeftBackward  0x3               ..\..\Kernel-NIBObee\Debug\libKernel-NIBObee.a(nibobee_kernel.o)
ButtonRightBackward
                    0x3               ..\..\Kernel-NIBObee\Debug\libKernel-NIBObee.a(nibobee_kernel.o)
RightLeds           0x3               ..\..\Kernel-NIBObee\Debug\libKernel-NIBObee.a(nibobee_kernel.o)
PinC4               0x3               ..\..\Kernel-NIBObee\Debug\libKernel-NIBObee.a(nibobee_kernel.o)
PinA4               0x3               ..\..\Kernel-NIBObee\Debug\libKernel-NIBObee.a(nibobee_kernel.o)
RedLeds             0x3               ..\..\Kernel-NIBObee\Debug\libKernel-NIBObee.a(nibobee_kernel.o)
PinD1               0x3               ..\..\Kernel-NIBObee\Debug\libKernel-NIBObee.a(nibobee_kernel.o)
Timer3A             0x8               ..\..\Kernel-NIBObee\Debug\libKernel-NIBObee.a(nibobee_kernel.o)
twi_defaultSlaveBufferData
                    0x40              ..\..\Kernel-NIBObee\Debug\libKernel-NIBObee.a(nibobee_kernel.o)
PinC3               0x3               ..\..\Kernel-NIBObee\Debug\libKernel-NIBObee.a(nibobee_kernel.o)
Timer0              0x7               ..\..\Kernel-NIBObee\Debug\libKernel-NIBObee.a(nibobee_kernel.o)
PinB7               0x3               ..\..\Kernel-NIBObee\Debug\libKernel-NIBObee.a(nibobee_kernel.o)
PinB5               0x3               ..\..\Kernel-NIBObee\Debug\libKernel-NIBObee.a(nibobee_kernel.o)
Timer2A             0x8               ..\..\Kernel-NIBObee\Debug\libKernel-NIBObee.a(nibobee_kernel.o)
PortD               0x6               ..\..\Kernel-NIBObee\Debug\libKernel-NIBObee.a(nibobee_kernel.o)
RightRed            0x2               ..\..\Kernel-NIBObee\Debug\libKernel-NIBObee.a(nibobee_kernel.o)
PinA5               0x3               ..\..\Kernel-NIBObee\Debug\libKernel-NIBObee.a(nibobee_kernel.o)
LeftMotor           0x5               ..\..\Kernel-NIBObee\Debug\libKernel-NIBObee.a(nibobee_kernel.o)
PinA2               0x3               ..\..\Kernel-NIBObee\Debug\libKernel-NIBObee.a(nibobee_kernel.o)
PinD3               0x3               ..\..\Kernel-NIBObee\Debug\libKernel-NIBObee.a(nibobee_kernel.o)
ButtonRightForward  0x3               ..\..\Kernel-NIBObee\Debug\libKernel-NIBObee.a(nibobee_kernel.o)
alreadyHandled      0x2               ..\..\Kernel-NIBObee\Debug\libKernel-NIBObee.a(nibobee_kernel.o)
PinC6               0x3               ..\..\Kernel-NIBObee\Debug\libKernel-NIBObee.a(nibobee_kernel.o)
Timer0A             0x8               ..\..\Kernel-NIBObee\Debug\libKernel-NIBObee.a(nibobee_kernel.o)
PinA3               0x3               ..\..\Kernel-NIBObee\Debug\libKernel-NIBObee.a(nibobee_kernel.o)
PinC5               0x3               ..\..\Kernel-NIBObee\Debug\libKernel-NIBObee.a(nibobee_kernel.o)
PinC1               0x3               ..\..\Kernel-NIBObee\Debug\libKernel-NIBObee.a(nibobee_kernel.o)
PinB0               0x3               ..\..\Kernel-NIBObee\Debug\libKernel-NIBObee.a(nibobee_kernel.o)
PortC               0x6               ..\..\Kernel-NIBObee\Debug\libKernel-NIBObee.a(nibobee_kernel.o)
AllLeds             0x3               ..\..\Kernel-NIBObee\Debug\libKernel-NIBObee.a(nibobee_kernel.o)
PinA0               0x3               ..\..\Kernel-NIBObee\Debug\libKernel-NIBObee.a(nibobee_kernel.o)
PortA               0x6               ..\..\Kernel-NIBObee\Debug\libKernel-NIBObee.a(nibobee_kernel.o)
PinB3               0x3               ..\..\Kernel-NIBObee\Debug\libKernel-NIBObee.a(nibobee_kernel.o)
nextTwiOperation    0x2               ..\..\Kernel-NIBObee\Debug\libKernel-NIBObee.a(nibobee_kernel.o)
PinA7               0x3               ..\..\Kernel-NIBObee\Debug\libKernel-NIBObee.a(nibobee_kernel.o)
twi_buffer          0x4               ..\..\Kernel-NIBObee\Debug\libKernel-NIBObee.a(nibobee_kernel.o)
twi_running         0x2               ..\..\Kernel-NIBObee\Debug\libKernel-NIBObee.a(nibobee_kernel.o)
Timer2              0x7               ..\..\Kernel-NIBObee\Debug\libKernel-NIBObee.a(nibobee_kernel.o)
error               0x2               ..\..\Kernel-NIBObee\Debug\libKernel-NIBObee.a(nibobee_kernel.o)
LeftLeds            0x3               ..\..\Kernel-NIBObee\Debug\libKernel-NIBObee.a(nibobee_kernel.o)
PinB4               0x3               ..\..\Kernel-NIBObee\Debug\libKernel-NIBObee.a(nibobee_kernel.o)
RightMotor          0x5               ..\..\Kernel-NIBObee\Debug\libKernel-NIBObee.a(nibobee_kernel.o)
PinC2               0x3               ..\..\Kernel-NIBObee\Debug\libKernel-NIBObee.a(nibobee_kernel.o)
PinD5               0x3               ..\..\Kernel-NIBObee\Debug\libKernel-NIBObee.a(nibobee_kernel.o)
PinC0               0x3               ..\..\Kernel-NIBObee\Debug\libKernel-NIBObee.a(nibobee_kernel.o)
PinD7               0x3               ..\..\Kernel-NIBObee\Debug\libKernel-NIBObee.a(nibobee_kernel.o)
RightYellow         0x2               ..\..\Kernel-NIBObee\Debug\libKernel-NIBObee.a(nibobee_kernel.o)
Timer2B             0x8               ..\..\Kernel-NIBObee\Debug\libKernel-NIBObee.a(nibobee_kernel.o)
Timer1B             0x8               ..\..\Kernel-NIBObee\Debug\libKernel-NIBObee.a(nibobee_kernel.o)
PinD4               0x3               ..\..\Kernel-NIBObee\Debug\libKernel-NIBObee.a(nibobee_kernel.o)
Timer0B             0x8               ..\..\Kernel-NIBObee\Debug\libKernel-NIBObee.a(nibobee_kernel.o)
PinA6               0x3               ..\..\Kernel-NIBObee\Debug\libKernel-NIBObee.a(nibobee_kernel.o)
Timer1              0x7               ..\..\Kernel-NIBObee\Debug\libKernel-NIBObee.a(nibobee_kernel.o)
furtherOperations   0x15              ..\..\Kernel-NIBObee\Debug\libKernel-NIBObee.a(nibobee_kernel.o)
PinD6               0x3               ..\..\Kernel-NIBObee\Debug\libKernel-NIBObee.a(nibobee_kernel.o)
PinA1               0x3               ..\..\Kernel-NIBObee\Debug\libKernel-NIBObee.a(nibobee_kernel.o)
PinB1               0x3               ..\..\Kernel-NIBObee\Debug\libKernel-NIBObee.a(nibobee_kernel.o)
PortB               0x6               ..\..\Kernel-NIBObee\Debug\libKernel-NIBObee.a(nibobee_kernel.o)

Memory Configuration

Name             Origin             Length             Attributes
text             0x00000000         0x00020000         xr
data             0x00800100         0x0000ff00         rw !x
eeprom           0x00810000         0x00010000         rw !x
fuse             0x00820000         0x00000400         rw !x
lock             0x00830000         0x00000400         rw !x
signature        0x00840000         0x00000400         rw !x
*default*        0x00000000         0xffffffff

Linker script and memory map

Address of section .data set to 0x800100
LOAD c:/program files (x86)/atmel/atmel studio 6.0/extensions/atmel/avrgcc/3.3.2.31/avrtoolchain/bin/../lib/gcc/avr/4.5.1/../../../../avr/lib/avr51/crtm1284p.o
LOAD Main.o
START GROUP
LOAD ..\..\Kernel-NIBObee\Debug\libKernel-NIBObee.a
LOAD ..\..\AntonAvrLib\Debug\libAntonAvrLib.a
LOAD c:/program files (x86)/atmel/atmel studio 6.0/extensions/atmel/avrgcc/3.3.2.31/avrtoolchain/bin/../lib/gcc/avr/4.5.1/../../../../avr/lib/avr51\libm.a
END GROUP
                0x00004000                __stack = 0x4000
LOAD c:/program files (x86)/atmel/atmel studio 6.0/extensions/atmel/avrgcc/3.3.2.31/avrtoolchain/bin/../lib/gcc/avr/4.5.1/avr51\libgcc.a
LOAD c:/program files (x86)/atmel/atmel studio 6.0/extensions/atmel/avrgcc/3.3.2.31/avrtoolchain/bin/../lib/gcc/avr/4.5.1/../../../../avr/lib/avr51\libc.a
LOAD c:/program files (x86)/atmel/atmel studio 6.0/extensions/atmel/avrgcc/3.3.2.31/avrtoolchain/bin/../lib/gcc/avr/4.5.1/avr51\libgcc.a

.hash
 *(.hash)

.dynsym
 *(.dynsym)

.dynstr
 *(.dynstr)

.gnu.version
 *(.gnu.version)

.gnu.version_d
 *(.gnu.version_d)

.gnu.version_r
 *(.gnu.version_r)

.rel.init
 *(.rel.init)

.rela.init
 *(.rela.init)

.rel.text
 *(.rel.text)
 *(.rel.text.*)
 *(.rel.gnu.linkonce.t*)

.rela.text
 *(.rela.text)
 *(.rela.text.*)
 *(.rela.gnu.linkonce.t*)

.rel.fini
 *(.rel.fini)

.rela.fini
 *(.rela.fini)

.rel.rodata
 *(.rel.rodata)
 *(.rel.rodata.*)
 *(.rel.gnu.linkonce.r*)

.rela.rodata
 *(.rela.rodata)
 *(.rela.rodata.*)
 *(.rela.gnu.linkonce.r*)

.rel.data
 *(.rel.data)
 *(.rel.data.*)
 *(.rel.gnu.linkonce.d*)

.rela.data
 *(.rela.data)
 *(.rela.data.*)
 *(.rela.gnu.linkonce.d*)

.rel.ctors
 *(.rel.ctors)

.rela.ctors
 *(.rela.ctors)

.rel.dtors
 *(.rel.dtors)

.rela.dtors
 *(.rela.dtors)

.rel.got
 *(.rel.got)

.rela.got
 *(.rela.got)

.rel.bss
 *(.rel.bss)

.rela.bss
 *(.rela.bss)

.rel.plt
 *(.rel.plt)

.rela.plt
 *(.rela.plt)

.text           0x00000000     0x13ce
 *(.vectors)
 .vectors       0x00000000       0x8c c:/program files (x86)/atmel/atmel studio 6.0/extensions/atmel/avrgcc/3.3.2.31/avrtoolchain/bin/../lib/gcc/avr/4.5.1/../../../../avr/lib/avr51/crtm1284p.o
                0x00000000                __vector_default
                0x00000000                __vectors
 *(.vectors)
 *(.progmem.gcc*)
 *(.progmem*)
                0x0000008c                . = ALIGN (0x2)
                0x0000008c                __trampolines_start = .
 *(.trampolines)
 .trampolines   0x0000008c        0x0 linker stubs
 *(.trampolines*)
                0x0000008c                __trampolines_end = .
 *(.jumptables)
 *(.jumptables*)
 *(.lowtext)
 *(.lowtext*)
                0x0000008c                __ctors_start = .
 *(.ctors)
                0x0000008c                __ctors_end = .
                0x0000008c                __dtors_start = .
 *(.dtors)
                0x0000008c                __dtors_end = .
 SORT(*)(.ctors)
 SORT(*)(.dtors)
 *(.init0)
 .init0         0x0000008c        0x0 c:/program files (x86)/atmel/atmel studio 6.0/extensions/atmel/avrgcc/3.3.2.31/avrtoolchain/bin/../lib/gcc/avr/4.5.1/../../../../avr/lib/avr51/crtm1284p.o
                0x0000008c                __init
 *(.init0)
 *(.init1)
 *(.init1)
 *(.init2)
 .init2         0x0000008c        0xc c:/program files (x86)/atmel/atmel studio 6.0/extensions/atmel/avrgcc/3.3.2.31/avrtoolchain/bin/../lib/gcc/avr/4.5.1/../../../../avr/lib/avr51/crtm1284p.o
 *(.init2)
 *(.init3)
 *(.init3)
 *(.init4)
 .init4         0x00000098       0x1a c:/program files (x86)/atmel/atmel studio 6.0/extensions/atmel/avrgcc/3.3.2.31/avrtoolchain/bin/../lib/gcc/avr/4.5.1/avr51\libgcc.a(_copy_data.o)
                0x00000098                __do_copy_data
 .init4         0x000000b2       0x10 c:/program files (x86)/atmel/atmel studio 6.0/extensions/atmel/avrgcc/3.3.2.31/avrtoolchain/bin/../lib/gcc/avr/4.5.1/avr51\libgcc.a(_clear_bss.o)
                0x000000b2                __do_clear_bss
 *(.init4)
 *(.init5)
 *(.init5)
 *(.init6)
 *(.init6)
 *(.init7)
 *(.init7)
 *(.init8)
 .init8         0x000000c2       0x24 ..\..\Kernel-NIBObee\Debug\libKernel-NIBObee.a(nibobee_kernel.o)
                0x000000c2                init_reset_condition_kernel_init
                0x000000c6                init_ports_m1284P_kernel_init
                0x000000ca                init_nibobee_leds_kernel_init
                0x000000ce                init_nibobee_buttons_kernel_init
                0x000000d2                init_timer_m1284P_kernel_init
                0x000000d6                init_nibobee_motors_kernel_init
                0x000000da                init_twi_kernel_init
                0x000000de                init_timer_kernel_init
                0x000000e2                init_kernel_kernel_init
 *(.init8)
 *(.init9)
 .init9         0x000000e6        0x8 c:/program files (x86)/atmel/atmel studio 6.0/extensions/atmel/avrgcc/3.3.2.31/avrtoolchain/bin/../lib/gcc/avr/4.5.1/../../../../avr/lib/avr51/crtm1284p.o
 *(.init9)
 *(.text)
 .text          0x000000ee        0x4 c:/program files (x86)/atmel/atmel studio 6.0/extensions/atmel/avrgcc/3.3.2.31/avrtoolchain/bin/../lib/gcc/avr/4.5.1/../../../../avr/lib/avr51/crtm1284p.o
                0x000000ee                __vector_22
                0x000000ee                __vector_28
                0x000000ee                __vector_1
                0x000000ee                __vector_34
                0x000000ee                __vector_24
                0x000000ee                __vector_12
                0x000000ee                __bad_interrupt
                0x000000ee                __vector_6
                0x000000ee                __vector_31
                0x000000ee                __vector_3
                0x000000ee                __vector_23
                0x000000ee                __vector_30
                0x000000ee                __vector_25
                0x000000ee                __vector_11
                0x000000ee                __vector_13
                0x000000ee                __vector_17
                0x000000ee                __vector_19
                0x000000ee                __vector_7
                0x000000ee                __vector_27
                0x000000ee                __vector_5
                0x000000ee                __vector_33
                0x000000ee                __vector_4
                0x000000ee                __vector_9
                0x000000ee                __vector_2
                0x000000ee                __vector_21
                0x000000ee                __vector_15
                0x000000ee                __vector_29
                0x000000ee                __vector_8
                0x000000ee                __vector_14
                0x000000ee                __vector_10
                0x000000ee                __vector_16
                0x000000ee                __vector_18
                0x000000ee                __vector_20
 .text          0x000000f2        0x0 Main.o
 .text          0x000000f2      0xa6c ..\..\Kernel-NIBObee\Debug\libKernel-NIBObee.a(nibobee_kernel.o)
                0x000001ac                init_reset_condition
                0x000001c6                getResetStatus
                0x000001cc                init_ports_m1284P
                0x00000456                init_nibobee_leds
                0x000004f2                initButton
                0x00000514                initInterruptButton
                0x0000052e                init_nibobee_buttons
                0x00000598                init_timer_m1284P
                0x00000672                initMotor
                0x00000692                initMotor2Pins
                0x000006bc                init_nibobee_motors
                0x000006f2                twi_unexpectedCondition
                0x000006f4                init_twi
                0x00000712                next_twi_operation
                0x000007ec                twi_start_master_operation
                0x0000080e                __vector_26
                0x00000a84                twi_handleMasterRequest
                0x00000a8e                twi_handleMasterTransmission
                0x00000a90                init_timer
                0x00000abe                start_timer
                0x00000aca                in_timer_tick
                0x00000acc                __vector_32
                0x00000b42                before_timer
                0x00000b44                init_kernel
 .text          0x00000b5e        0x0 ..\..\AntonAvrLib\Debug\libAntonAvrLib.a(external_interrupts.o)
 .text          0x00000b5e        0x0 ..\..\AntonAvrLib\Debug\libAntonAvrLib.a(motor.o)
 .text          0x00000b5e        0x0 ..\..\AntonAvrLib\Debug\libAntonAvrLib.a(port.o)
 .text          0x00000b5e        0x0 ..\..\AntonAvrLib\Debug\libAntonAvrLib.a(timer.o)
 .text          0x00000b5e        0x0 ..\..\AntonAvrLib\Debug\libAntonAvrLib.a(reset_condition.o)
 .text          0x00000b5e        0x0 ..\..\AntonAvrLib\Debug\libAntonAvrLib.a(hardware_reset.o)
 .text          0x00000b5e        0x0 ..\..\AntonAvrLib\Debug\libAntonAvrLib.a(led.o)
 .text          0x00000b5e        0x0 c:/program files (x86)/atmel/atmel studio 6.0/extensions/atmel/avrgcc/3.3.2.31/avrtoolchain/bin/../lib/gcc/avr/4.5.1/avr51\libgcc.a(_exit.o)
 .text          0x00000b5e        0x0 c:/program files (x86)/atmel/atmel studio 6.0/extensions/atmel/avrgcc/3.3.2.31/avrtoolchain/bin/../lib/gcc/avr/4.5.1/avr51\libgcc.a(_copy_data.o)
 .text          0x00000b5e        0x0 c:/program files (x86)/atmel/atmel studio 6.0/extensions/atmel/avrgcc/3.3.2.31/avrtoolchain/bin/../lib/gcc/avr/4.5.1/avr51\libgcc.a(_clear_bss.o)
                0x00000b5e                . = ALIGN (0x2)
 *(.text.*)
 .text.main     0x00000b5e       0x12 Main.o
                0x00000b5e                main
 .text.enablePinChangeInterrupt
                0x00000b70       0x4c ..\..\AntonAvrLib\Debug\libAntonAvrLib.a(external_interrupts.o)
                0x00000b70                enablePinChangeInterrupt
 .text.disblePinChangeInterrupt
                0x00000bbc       0x36 ..\..\AntonAvrLib\Debug\libAntonAvrLib.a(external_interrupts.o)
                0x00000bbc                disblePinChangeInterrupt
 .text.stopMotor
                0x00000bf2       0x36 ..\..\AntonAvrLib\Debug\libAntonAvrLib.a(motor.o)
                0x00000bf2                stopMotor
 .text.getSpeed
                0x00000c28        0xc ..\..\AntonAvrLib\Debug\libAntonAvrLib.a(motor.o)
                0x00000c28                getSpeed
 .text.getDirection
                0x00000c34       0x72 ..\..\AntonAvrLib\Debug\libAntonAvrLib.a(motor.o)
                0x00000c34                getDirection
 .text.setSpeed
                0x00000ca6       0x86 ..\..\AntonAvrLib\Debug\libAntonAvrLib.a(motor.o)
                0x00000ca6                setSpeed
 .text.setSpeedForward
                0x00000d2c        0xa ..\..\AntonAvrLib\Debug\libAntonAvrLib.a(motor.o)
                0x00000d2c                setSpeedForward
 .text.setSpeedBackward
                0x00000d36        0xa ..\..\AntonAvrLib\Debug\libAntonAvrLib.a(motor.o)
                0x00000d36                setSpeedBackward
 .text.getDirSpeed
                0x00000d40       0x44 ..\..\AntonAvrLib\Debug\libAntonAvrLib.a(motor.o)
                0x00000d40                getDirSpeed
 .text.setDirSpeed
                0x00000d84       0x1e ..\..\AntonAvrLib\Debug\libAntonAvrLib.a(motor.o)
                0x00000d84                setDirSpeed
 .text.setPortOutput
                0x00000da2       0x10 ..\..\AntonAvrLib\Debug\libAntonAvrLib.a(port.o)
                0x00000da2                setPortOutput
 .text.setPortInput
                0x00000db2        0xe ..\..\AntonAvrLib\Debug\libAntonAvrLib.a(port.o)
                0x00000db2                setPortInput
 .text.setPinOutput
                0x00000dc0       0x1c ..\..\AntonAvrLib\Debug\libAntonAvrLib.a(port.o)
                0x00000dc0                setPinOutput
 .text.setPinInput
                0x00000ddc       0x1e ..\..\AntonAvrLib\Debug\libAntonAvrLib.a(port.o)
                0x00000ddc                setPinInput
 .text.writePort
                0x00000dfa        0xc ..\..\AntonAvrLib\Debug\libAntonAvrLib.a(port.o)
                0x00000dfa                writePort
 .text.readPort
                0x00000e06        0xe ..\..\AntonAvrLib\Debug\libAntonAvrLib.a(port.o)
                0x00000e06                readPort
 .text.setPinOne
                0x00000e14       0x1c ..\..\AntonAvrLib\Debug\libAntonAvrLib.a(port.o)
                0x00000e14                setPinOne
 .text.setPinZero
                0x00000e30       0x1e ..\..\AntonAvrLib\Debug\libAntonAvrLib.a(port.o)
                0x00000e30                setPinZero
 .text.writePin
                0x00000e4e       0x12 ..\..\AntonAvrLib\Debug\libAntonAvrLib.a(port.o)
                0x00000e4e                writePin
 .text.readPin  0x00000e60       0x22 ..\..\AntonAvrLib\Debug\libAntonAvrLib.a(port.o)
                0x00000e60                readPin
 .text.setCompareMatchOutputMode
                0x00000e82       0x58 ..\..\AntonAvrLib\Debug\libAntonAvrLib.a(timer.o)
                0x00000e82                setCompareMatchOutputMode
 .text.setTimerClockSelect
                0x00000eda       0xc8 ..\..\AntonAvrLib\Debug\libAntonAvrLib.a(timer.o)
                0x00000eda                setTimerClockSelect
 .text.setWaveformGenerationMode
                0x00000fa2      0x14e ..\..\AntonAvrLib\Debug\libAntonAvrLib.a(timer.o)
                0x00000fa2                setWaveformGenerationMode
 .text.enableTimerInterrupt
                0x000010f0       0x28 ..\..\AntonAvrLib\Debug\libAntonAvrLib.a(timer.o)
                0x000010f0                enableTimerInterrupt
 .text.enableOutputCompare
                0x00001118       0x1e ..\..\AntonAvrLib\Debug\libAntonAvrLib.a(timer.o)
                0x00001118                enableOutputCompare
 .text.disableOutputCompare
                0x00001136        0xa ..\..\AntonAvrLib\Debug\libAntonAvrLib.a(timer.o)
                0x00001136                disableOutputCompare
 .text.setTimerCompareValue
                0x00001140       0x30 ..\..\AntonAvrLib\Debug\libAntonAvrLib.a(timer.o)
                0x00001140                setTimerCompareValue
 .text.getTimerCompareValue
                0x00001170       0x2a ..\..\AntonAvrLib\Debug\libAntonAvrLib.a(timer.o)
                0x00001170                getTimerCompareValue
 .text.resetStatusBitmask
                0x0000119a       0x28 ..\..\AntonAvrLib\Debug\libAntonAvrLib.a(reset_condition.o)
                0x0000119a                resetStatusBitmask
 .text.blink_reset_condition
                0x000011c2       0x1e ..\..\AntonAvrLib\Debug\libAntonAvrLib.a(reset_condition.o)
                0x000011c2                blink_reset_condition
 .text.HARDWARE_RESET
                0x000011e0       0x20 ..\..\AntonAvrLib\Debug\libAntonAvrLib.a(hardware_reset.o)
                0x000011e0                HARDWARE_RESET
 .text.enableLed
                0x00001200       0x10 ..\..\AntonAvrLib\Debug\libAntonAvrLib.a(led.o)
                0x00001200                enableLed
 .text.disableLed
                0x00001210       0x10 ..\..\AntonAvrLib\Debug\libAntonAvrLib.a(led.o)
                0x00001210                disableLed
 .text.setLed   0x00001220        0xc ..\..\AntonAvrLib\Debug\libAntonAvrLib.a(led.o)
                0x00001220                setLed
 .text.setLeds  0x0000122c       0x90 ..\..\AntonAvrLib\Debug\libAntonAvrLib.a(led.o)
                0x0000122c                setLeds
 .text.enableLeds
                0x000012bc       0x4c ..\..\AntonAvrLib\Debug\libAntonAvrLib.a(led.o)
                0x000012bc                enableLeds
 .text.disableLeds
                0x00001308       0x4c ..\..\AntonAvrLib\Debug\libAntonAvrLib.a(led.o)
                0x00001308                disableLeds
 .text.blinkLeds
                0x00001354       0x6a ..\..\AntonAvrLib\Debug\libAntonAvrLib.a(led.o)
                0x00001354                blinkLeds
 .text.blinkAllLeds
                0x000013be        0xc ..\..\AntonAvrLib\Debug\libAntonAvrLib.a(led.o)
                0x000013be                blinkAllLeds
 .text.libgcc   0x000013ca        0x0 c:/program files (x86)/atmel/atmel studio 6.0/extensions/atmel/avrgcc/3.3.2.31/avrtoolchain/bin/../lib/gcc/avr/4.5.1/avr51\libgcc.a(_exit.o)
 .text.libgcc   0x000013ca        0x0 c:/program files (x86)/atmel/atmel studio 6.0/extensions/atmel/avrgcc/3.3.2.31/avrtoolchain/bin/../lib/gcc/avr/4.5.1/avr51\libgcc.a(_copy_data.o)
 .text.libgcc   0x000013ca        0x0 c:/program files (x86)/atmel/atmel studio 6.0/extensions/atmel/avrgcc/3.3.2.31/avrtoolchain/bin/../lib/gcc/avr/4.5.1/avr51\libgcc.a(_clear_bss.o)
                0x000013ca                . = ALIGN (0x2)
 *(.fini9)
 .fini9         0x000013ca        0x0 c:/program files (x86)/atmel/atmel studio 6.0/extensions/atmel/avrgcc/3.3.2.31/avrtoolchain/bin/../lib/gcc/avr/4.5.1/avr51\libgcc.a(_exit.o)
                0x000013ca                _exit
                0x000013ca                exit
 *(.fini9)
 *(.fini8)
 *(.fini8)
 *(.fini7)
 *(.fini7)
 *(.fini6)
 *(.fini6)
 *(.fini5)
 *(.fini5)
 *(.fini4)
 *(.fini4)
 *(.fini3)
 *(.fini3)
 *(.fini2)
 *(.fini2)
 *(.fini1)
 *(.fini1)
 *(.fini0)
 .fini0         0x000013ca        0x4 c:/program files (x86)/atmel/atmel studio 6.0/extensions/atmel/avrgcc/3.3.2.31/avrtoolchain/bin/../lib/gcc/avr/4.5.1/avr51\libgcc.a(_exit.o)
 *(.fini0)
                0x000013ce                _etext = .

.data           0x00800100      0x126 load address 0x000013ce
                0x00800100                PROVIDE (__data_start, .)
 *(.data)
 .data          0x00800100        0x0 c:/program files (x86)/atmel/atmel studio 6.0/extensions/atmel/avrgcc/3.3.2.31/avrtoolchain/bin/../lib/gcc/avr/4.5.1/../../../../avr/lib/avr51/crtm1284p.o
 .data          0x00800100        0x0 Main.o
 .data          0x00800100      0x115 ..\..\Kernel-NIBObee\Debug\libKernel-NIBObee.a(nibobee_kernel.o)
                0x00800100                redLedsArray
                0x00800104                yellowLedsArray
                0x00800108                rightLedsArray
                0x0080010c                leftLedsArray
                0x00800110                allLedsArray
                0x00800118                twi_defaultSlaveBuffer
 .data          0x00800215        0x8 ..\..\AntonAvrLib\Debug\libAntonAvrLib.a(external_interrupts.o)
                0x00800215                maskRegisters
 .data          0x0080021d        0x0 ..\..\AntonAvrLib\Debug\libAntonAvrLib.a(motor.o)
 .data          0x0080021d        0x0 ..\..\AntonAvrLib\Debug\libAntonAvrLib.a(port.o)
 .data          0x0080021d        0x8 ..\..\AntonAvrLib\Debug\libAntonAvrLib.a(timer.o)
 .data          0x00800225        0x0 ..\..\AntonAvrLib\Debug\libAntonAvrLib.a(reset_condition.o)
 .data          0x00800225        0x0 ..\..\AntonAvrLib\Debug\libAntonAvrLib.a(hardware_reset.o)
 .data          0x00800225        0x0 ..\..\AntonAvrLib\Debug\libAntonAvrLib.a(led.o)
 .data          0x00800225        0x0 c:/program files (x86)/atmel/atmel studio 6.0/extensions/atmel/avrgcc/3.3.2.31/avrtoolchain/bin/../lib/gcc/avr/4.5.1/avr51\libgcc.a(_exit.o)
 .data          0x00800225        0x0 c:/program files (x86)/atmel/atmel studio 6.0/extensions/atmel/avrgcc/3.3.2.31/avrtoolchain/bin/../lib/gcc/avr/4.5.1/avr51\libgcc.a(_copy_data.o)
 .data          0x00800225        0x0 c:/program files (x86)/atmel/atmel studio 6.0/extensions/atmel/avrgcc/3.3.2.31/avrtoolchain/bin/../lib/gcc/avr/4.5.1/avr51\libgcc.a(_clear_bss.o)
 *(.data*)
 *(.rodata)
 *(.rodata*)
 *(.gnu.linkonce.d*)
                0x00800226                . = ALIGN (0x2)
 *fill*         0x00800225        0x1 00
                0x00800226                _edata = .
                0x00800226                PROVIDE (__data_end, .)

.bss            0x00800226      0x168
                0x00800226                PROVIDE (__bss_start, .)
 *(.bss)
 .bss           0x00800226        0x0 c:/program files (x86)/atmel/atmel studio 6.0/extensions/atmel/avrgcc/3.3.2.31/avrtoolchain/bin/../lib/gcc/avr/4.5.1/../../../../avr/lib/avr51/crtm1284p.o
 .bss           0x00800226        0x0 Main.o
 .bss           0x00800226        0x5 ..\..\Kernel-NIBObee\Debug\libKernel-NIBObee.a(nibobee_kernel.o)
                0x00800226                current_reset_status
                0x00800227                milliseconds_running
 .bss           0x0080022b        0x0 ..\..\AntonAvrLib\Debug\libAntonAvrLib.a(external_interrupts.o)
 .bss           0x0080022b        0x0 ..\..\AntonAvrLib\Debug\libAntonAvrLib.a(motor.o)
 .bss           0x0080022b        0x0 ..\..\AntonAvrLib\Debug\libAntonAvrLib.a(port.o)
 .bss           0x0080022b        0x0 ..\..\AntonAvrLib\Debug\libAntonAvrLib.a(timer.o)
 .bss           0x0080022b        0x0 ..\..\AntonAvrLib\Debug\libAntonAvrLib.a(reset_condition.o)
 .bss           0x0080022b        0x0 ..\..\AntonAvrLib\Debug\libAntonAvrLib.a(hardware_reset.o)
 .bss           0x0080022b        0x0 ..\..\AntonAvrLib\Debug\libAntonAvrLib.a(led.o)
 .bss           0x0080022b        0x0 c:/program files (x86)/atmel/atmel studio 6.0/extensions/atmel/avrgcc/3.3.2.31/avrtoolchain/bin/../lib/gcc/avr/4.5.1/avr51\libgcc.a(_exit.o)
 .bss           0x0080022b        0x0 c:/program files (x86)/atmel/atmel studio 6.0/extensions/atmel/avrgcc/3.3.2.31/avrtoolchain/bin/../lib/gcc/avr/4.5.1/avr51\libgcc.a(_copy_data.o)
 .bss           0x0080022b        0x0 c:/program files (x86)/atmel/atmel studio 6.0/extensions/atmel/avrgcc/3.3.2.31/avrtoolchain/bin/../lib/gcc/avr/4.5.1/avr51\libgcc.a(_clear_bss.o)
 *(.bss*)
 *(COMMON)
 COMMON         0x0080022b      0x163 ..\..\Kernel-NIBObee\Debug\libKernel-NIBObee.a(nibobee_kernel.o)
                0x0080022b                LeftRed
                0x0080022d                LeftYellow
                0x0080022f                Timer3B
                0x00800237                twi_address
                0x00800238                PinC7
                0x0080023b                Timer3
                0x00800242                PinB2
                0x00800245                PinB6
                0x00800248                Timer1A
                0x00800250                YellowLeds
                0x00800253                PinD2
                0x00800256                PinD0
                0x00800259                ButtonLeftForward
                0x0080025c                ButtonLeftBackward
                0x0080025f                ButtonRightBackward
                0x00800262                RightLeds
                0x00800265                PinC4
                0x00800268                PinA4
                0x0080026b                RedLeds
                0x0080026e                PinD1
                0x00800271                Timer3A
                0x00800279                twi_defaultSlaveBufferData
                0x008002b9                PinC3
                0x008002bc                Timer0
                0x008002c3                PinB7
                0x008002c6                PinB5
                0x008002c9                Timer2A
                0x008002d1                PortD
                0x008002d7                RightRed
                0x008002d9                PinA5
                0x008002dc                LeftMotor
                0x008002e1                PinA2
                0x008002e4                PinD3
                0x008002e7                ButtonRightForward
                0x008002ea                alreadyHandled
                0x008002ec                PinC6
                0x008002ef                Timer0A
                0x008002f7                PinA3
                0x008002fa                PinC5
                0x008002fd                PinC1
                0x00800300                PinB0
                0x00800303                PortC
                0x00800309                AllLeds
                0x0080030c                PinA0
                0x0080030f                PortA
                0x00800315                PinB3
                0x00800318                nextTwiOperation
                0x0080031a                PinA7
                0x0080031d                twi_buffer
                0x00800321                twi_running
                0x00800323                Timer2
                0x0080032a                error
                0x0080032c                LeftLeds
                0x0080032f                PinB4
                0x00800332                RightMotor
                0x00800337                PinC2
                0x0080033a                PinD5
                0x0080033d                PinC0
                0x00800340                PinD7
                0x00800343                RightYellow
                0x00800345                Timer2B
                0x0080034d                Timer1B
                0x00800355                PinD4
                0x00800358                Timer0B
                0x00800360                PinA6
                0x00800363                Timer1
                0x0080036a                furtherOperations
                0x0080037f                PinD6
                0x00800382                PinA1
                0x00800385                PinB1
                0x00800388                PortB
                0x0080038e                PROVIDE (__bss_end, .)
                0x000013ce                __data_load_start = LOADADDR (.data)
                0x000014f4                __data_load_end = (__data_load_start + SIZEOF (.data))

.noinit         0x0080038e        0x0
                0x0080038e                PROVIDE (__noinit_start, .)
 *(.noinit*)
                0x0080038e                PROVIDE (__noinit_end, .)
                0x0080038e                _end = .
                0x0080038e                PROVIDE (__heap_start, .)

.eeprom         0x00810000        0x0
 *(.eeprom*)
                0x00810000                __eeprom_end = .

.fuse
 *(.fuse)
 *(.lfuse)
 *(.hfuse)
 *(.efuse)

.lock
 *(.lock*)

.signature
 *(.signature*)

.stab           0x00000000      0x6cc
 *(.stab)
 .stab          0x00000000      0x6cc c:/program files (x86)/atmel/atmel studio 6.0/extensions/atmel/avrgcc/3.3.2.31/avrtoolchain/bin/../lib/gcc/avr/4.5.1/../../../../avr/lib/avr51/crtm1284p.o

.stabstr        0x00000000       0x97
 *(.stabstr)
 .stabstr       0x00000000       0x97 c:/program files (x86)/atmel/atmel studio 6.0/extensions/atmel/avrgcc/3.3.2.31/avrtoolchain/bin/../lib/gcc/avr/4.5.1/../../../../avr/lib/avr51/crtm1284p.o

.stab.excl
 *(.stab.excl)

.stab.exclstr
 *(.stab.exclstr)

.stab.index
 *(.stab.index)

.stab.indexstr
 *(.stab.indexstr)

.comment
 *(.comment)

.debug
 *(.debug)

.line
 *(.line)

.debug_srcinfo
 *(.debug_srcinfo)

.debug_sfnames
 *(.debug_sfnames)

.debug_aranges  0x00000000      0x268
 *(.debug_aranges)
 .debug_aranges
                0x00000000       0x20 Main.o
 .debug_aranges
                0x00000020       0x68 ..\..\Kernel-NIBObee\Debug\libKernel-NIBObee.a(nibobee_kernel.o)
 .debug_aranges
                0x00000088       0x28 ..\..\AntonAvrLib\Debug\libAntonAvrLib.a(external_interrupts.o)
 .debug_aranges
                0x000000b0       0x58 ..\..\AntonAvrLib\Debug\libAntonAvrLib.a(motor.o)
 .debug_aranges
                0x00000108       0x68 ..\..\AntonAvrLib\Debug\libAntonAvrLib.a(port.o)
 .debug_aranges
                0x00000170       0x58 ..\..\AntonAvrLib\Debug\libAntonAvrLib.a(timer.o)
 .debug_aranges
                0x000001c8       0x28 ..\..\AntonAvrLib\Debug\libAntonAvrLib.a(reset_condition.o)
 .debug_aranges
                0x000001f0       0x20 ..\..\AntonAvrLib\Debug\libAntonAvrLib.a(hardware_reset.o)
 .debug_aranges
                0x00000210       0x58 ..\..\AntonAvrLib\Debug\libAntonAvrLib.a(led.o)

.debug_pubnames
                0x00000000      0xad2
 *(.debug_pubnames)
 .debug_pubnames
                0x00000000       0x1b Main.o
 .debug_pubnames
                0x0000001b      0x750 ..\..\Kernel-NIBObee\Debug\libKernel-NIBObee.a(nibobee_kernel.o)
 .debug_pubnames
                0x0000076b       0x5e ..\..\AntonAvrLib\Debug\libAntonAvrLib.a(external_interrupts.o)
 .debug_pubnames
                0x000007c9       0x94 ..\..\AntonAvrLib\Debug\libAntonAvrLib.a(motor.o)
 .debug_pubnames
                0x0000085d       0xa7 ..\..\AntonAvrLib\Debug\libAntonAvrLib.a(port.o)
 .debug_pubnames
                0x00000904       0xe2 ..\..\AntonAvrLib\Debug\libAntonAvrLib.a(timer.o)
 .debug_pubnames
                0x000009e6       0x43 ..\..\AntonAvrLib\Debug\libAntonAvrLib.a(reset_condition.o)
 .debug_pubnames
                0x00000a29       0x25 ..\..\AntonAvrLib\Debug\libAntonAvrLib.a(hardware_reset.o)
 .debug_pubnames
                0x00000a4e       0x84 ..\..\AntonAvrLib\Debug\libAntonAvrLib.a(led.o)

.debug_info     0x00000000     0x2a26
 *(.debug_info)
 .debug_info    0x00000000      0x186 Main.o
 .debug_info    0x00000186     0x1395 ..\..\Kernel-NIBObee\Debug\libKernel-NIBObee.a(nibobee_kernel.o)
 .debug_info    0x0000151b      0x139 ..\..\AntonAvrLib\Debug\libAntonAvrLib.a(external_interrupts.o)
 .debug_info    0x00001654      0x4bf ..\..\AntonAvrLib\Debug\libAntonAvrLib.a(motor.o)
 .debug_info    0x00001b13      0x2d6 ..\..\AntonAvrLib\Debug\libAntonAvrLib.a(port.o)
 .debug_info    0x00001de9      0x50b ..\..\AntonAvrLib\Debug\libAntonAvrLib.a(timer.o)
 .debug_info    0x000022f4      0x1c5 ..\..\AntonAvrLib\Debug\libAntonAvrLib.a(reset_condition.o)
 .debug_info    0x000024b9       0x90 ..\..\AntonAvrLib\Debug\libAntonAvrLib.a(hardware_reset.o)
 .debug_info    0x00002549      0x4dd ..\..\AntonAvrLib\Debug\libAntonAvrLib.a(led.o)
 *(.gnu.linkonce.wi.*)

.debug_abbrev   0x00000000      0x9c4
 *(.debug_abbrev)
 .debug_abbrev  0x00000000       0x9c Main.o
 .debug_abbrev  0x0000009c      0x222 ..\..\Kernel-NIBObee\Debug\libKernel-NIBObee.a(nibobee_kernel.o)
 .debug_abbrev  0x000002be       0xb4 ..\..\AntonAvrLib\Debug\libAntonAvrLib.a(external_interrupts.o)
 .debug_abbrev  0x00000372      0x14e ..\..\AntonAvrLib\Debug\libAntonAvrLib.a(motor.o)
 .debug_abbrev  0x000004c0      0x100 ..\..\AntonAvrLib\Debug\libAntonAvrLib.a(port.o)
 .debug_abbrev  0x000005c0      0x10e ..\..\AntonAvrLib\Debug\libAntonAvrLib.a(timer.o)
 .debug_abbrev  0x000006ce       0xc0 ..\..\AntonAvrLib\Debug\libAntonAvrLib.a(reset_condition.o)
 .debug_abbrev  0x0000078e       0x4e ..\..\AntonAvrLib\Debug\libAntonAvrLib.a(hardware_reset.o)
 .debug_abbrev  0x000007dc      0x1e8 ..\..\AntonAvrLib\Debug\libAntonAvrLib.a(led.o)

.debug_line     0x00000000     0x3b1e
 *(.debug_line)
 .debug_line    0x00000000      0x74d Main.o
 .debug_line    0x0000074d      0xe6c ..\..\Kernel-NIBObee\Debug\libKernel-NIBObee.a(nibobee_kernel.o)
 .debug_line    0x000015b9      0x44e ..\..\AntonAvrLib\Debug\libAntonAvrLib.a(external_interrupts.o)
 .debug_line    0x00001a07      0x605 ..\..\AntonAvrLib\Debug\libAntonAvrLib.a(motor.o)
 .debug_line    0x0000200c      0x518 ..\..\AntonAvrLib\Debug\libAntonAvrLib.a(port.o)
 .debug_line    0x00002524      0x816 ..\..\AntonAvrLib\Debug\libAntonAvrLib.a(timer.o)
 .debug_line    0x00002d3a      0x473 ..\..\AntonAvrLib\Debug\libAntonAvrLib.a(reset_condition.o)
 .debug_line    0x000031ad      0x3e9 ..\..\AntonAvrLib\Debug\libAntonAvrLib.a(hardware_reset.o)
 .debug_line    0x00003596      0x588 ..\..\AntonAvrLib\Debug\libAntonAvrLib.a(led.o)

.debug_frame    0x00000000      0x570
 *(.debug_frame)
 .debug_frame   0x00000000       0x20 Main.o
 .debug_frame   0x00000020      0x270 ..\..\Kernel-NIBObee\Debug\libKernel-NIBObee.a(nibobee_kernel.o)
 .debug_frame   0x00000290       0x30 ..\..\AntonAvrLib\Debug\libAntonAvrLib.a(external_interrupts.o)
 .debug_frame   0x000002c0       0x90 ..\..\AntonAvrLib\Debug\libAntonAvrLib.a(motor.o)
 .debug_frame   0x00000350       0xb0 ..\..\AntonAvrLib\Debug\libAntonAvrLib.a(port.o)
 .debug_frame   0x00000400       0x90 ..\..\AntonAvrLib\Debug\libAntonAvrLib.a(timer.o)
 .debug_frame   0x00000490       0x30 ..\..\AntonAvrLib\Debug\libAntonAvrLib.a(reset_condition.o)
 .debug_frame   0x000004c0       0x20 ..\..\AntonAvrLib\Debug\libAntonAvrLib.a(hardware_reset.o)
 .debug_frame   0x000004e0       0x90 ..\..\AntonAvrLib\Debug\libAntonAvrLib.a(led.o)

.debug_str      0x00000000      0xf4f
 *(.debug_str)
 .debug_str     0x00000000       0xa8 Main.o
                                 0xf7 (size before relaxing)
 .debug_str     0x000000a8      0xa01 ..\..\Kernel-NIBObee\Debug\libKernel-NIBObee.a(nibobee_kernel.o)
                                0xaf0 (size before relaxing)
 .debug_str     0x00000aa9       0xc2 ..\..\AntonAvrLib\Debug\libAntonAvrLib.a(external_interrupts.o)
                                0x13d (size before relaxing)
 .debug_str     0x00000b6b       0xbf ..\..\AntonAvrLib\Debug\libAntonAvrLib.a(motor.o)
                                0x27a (size before relaxing)
 .debug_str     0x00000c2a       0x8c ..\..\AntonAvrLib\Debug\libAntonAvrLib.a(port.o)
                                0x15a (size before relaxing)
 .debug_str     0x00000cb6      0x14e ..\..\AntonAvrLib\Debug\libAntonAvrLib.a(timer.o)
                                0x45b (size before relaxing)
 .debug_str     0x00000e04       0x4f ..\..\AntonAvrLib\Debug\libAntonAvrLib.a(reset_condition.o)
                                0x12d (size before relaxing)
 .debug_str     0x00000e53       0x2a ..\..\AntonAvrLib\Debug\libAntonAvrLib.a(hardware_reset.o)
                                 0xdc (size before relaxing)
 .debug_str     0x00000e7d       0xd2 ..\..\AntonAvrLib\Debug\libAntonAvrLib.a(led.o)
                                0x1d2 (size before relaxing)

.debug_loc      0x00000000     0x1078
 *(.debug_loc)
 .debug_loc     0x00000000       0xa0 ..\..\Kernel-NIBObee\Debug\libKernel-NIBObee.a(nibobee_kernel.o)
 .debug_loc     0x000000a0       0xa3 ..\..\AntonAvrLib\Debug\libAntonAvrLib.a(external_interrupts.o)
 .debug_loc     0x00000143      0x30b ..\..\AntonAvrLib\Debug\libAntonAvrLib.a(motor.o)
 .debug_loc     0x0000044e      0x168 ..\..\AntonAvrLib\Debug\libAntonAvrLib.a(port.o)
 .debug_loc     0x000005b6      0x68c ..\..\AntonAvrLib\Debug\libAntonAvrLib.a(timer.o)
 .debug_loc     0x00000c42       0x8f ..\..\AntonAvrLib\Debug\libAntonAvrLib.a(reset_condition.o)
 .debug_loc     0x00000cd1      0x3a7 ..\..\AntonAvrLib\Debug\libAntonAvrLib.a(led.o)

.debug_macinfo  0x00000000    0x481fb
 *(.debug_macinfo)
 .debug_macinfo
                0x00000000     0x817b Main.o
 .debug_macinfo
                0x0000817b     0x91d5 ..\..\Kernel-NIBObee\Debug\libKernel-NIBObee.a(nibobee_kernel.o)
 .debug_macinfo
                0x00011350     0x7bb1 ..\..\AntonAvrLib\Debug\libAntonAvrLib.a(external_interrupts.o)
 .debug_macinfo
                0x00018f01     0x7ebd ..\..\AntonAvrLib\Debug\libAntonAvrLib.a(motor.o)
 .debug_macinfo
                0x00020dbe     0x7ce1 ..\..\AntonAvrLib\Debug\libAntonAvrLib.a(port.o)
 .debug_macinfo
                0x00028a9f     0x7d98 ..\..\AntonAvrLib\Debug\libAntonAvrLib.a(timer.o)
 .debug_macinfo
                0x00030837     0x7d59 ..\..\AntonAvrLib\Debug\libAntonAvrLib.a(reset_condition.o)
 .debug_macinfo
                0x00038590     0x7f2c ..\..\AntonAvrLib\Debug\libAntonAvrLib.a(hardware_reset.o)
 .debug_macinfo
                0x000404bc     0x7d3f ..\..\AntonAvrLib\Debug\libAntonAvrLib.a(led.o)
OUTPUT(Main-NIBObee.elf elf32-avr)
LOAD linker stubs

.debug_pubtypes
                0x00000000      0x459
 .debug_pubtypes
                0x00000000       0x47 Main.o
 .debug_pubtypes
                0x00000047      0x15c ..\..\Kernel-NIBObee\Debug\libKernel-NIBObee.a(nibobee_kernel.o)
 .debug_pubtypes
                0x000001a3       0x1e ..\..\AntonAvrLib\Debug\libAntonAvrLib.a(external_interrupts.o)
 .debug_pubtypes
                0x000001c1       0xb6 ..\..\AntonAvrLib\Debug\libAntonAvrLib.a(motor.o)
 .debug_pubtypes
                0x00000277       0x3a ..\..\AntonAvrLib\Debug\libAntonAvrLib.a(port.o)
 .debug_pubtypes
                0x000002b1       0xbd ..\..\AntonAvrLib\Debug\libAntonAvrLib.a(timer.o)
 .debug_pubtypes
                0x0000036e       0x55 ..\..\AntonAvrLib\Debug\libAntonAvrLib.a(reset_condition.o)
 .debug_pubtypes
                0x000003c3       0x2b ..\..\AntonAvrLib\Debug\libAntonAvrLib.a(hardware_reset.o)
 .debug_pubtypes
                0x000003ee       0x6b ..\..\AntonAvrLib\Debug\libAntonAvrLib.a(led.o)

.debug_ranges   0x00000000      0x208
 .debug_ranges  0x00000000       0x10 Main.o
 .debug_ranges  0x00000010       0x58 ..\..\Kernel-NIBObee\Debug\libKernel-NIBObee.a(nibobee_kernel.o)
 .debug_ranges  0x00000068       0x18 ..\..\AntonAvrLib\Debug\libAntonAvrLib.a(external_interrupts.o)
 .debug_ranges  0x00000080       0x60 ..\..\AntonAvrLib\Debug\libAntonAvrLib.a(motor.o)
 .debug_ranges  0x000000e0       0x58 ..\..\AntonAvrLib\Debug\libAntonAvrLib.a(port.o)
 .debug_ranges  0x00000138       0x48 ..\..\AntonAvrLib\Debug\libAntonAvrLib.a(timer.o)
 .debug_ranges  0x00000180       0x18 ..\..\AntonAvrLib\Debug\libAntonAvrLib.a(reset_condition.o)
 .debug_ranges  0x00000198       0x10 ..\..\AntonAvrLib\Debug\libAntonAvrLib.a(hardware_reset.o)
 .debug_ranges  0x000001a8       0x60 ..\..\AntonAvrLib\Debug\libAntonAvrLib.a(led.o)
