Archive member included because of file (symbol)

..\..\NIBObeeLib\Release\libNIBObeeLib.a(analog.o)
                              kernel/nibobee_kernel.o (analog_init)
..\..\NIBObeeLib\Release\libNIBObeeLib.a(base.o)
                              ..\..\NIBObeeLib\Release\libNIBObeeLib.a(analog.o) (nibobee_initialization)
..\..\NIBObeeLib\Release\libNIBObeeLib.a(led.o)
                              ..\..\NIBObeeLib\Release\libNIBObeeLib.a(base.o) (led_set)
..\..\NIBObeeLib\Release\libNIBObeeLib.a(motpwm.o)
                              ..\..\NIBObeeLib\Release\libNIBObeeLib.a(base.o) (motpwm_stop)
..\..\AntonAvrLib\Release\libAntonAvrLib.a(port.o)
                              kernel/nibobee_kernel.o (setPinOutput)
..\..\AntonAvrLib\Release\libAntonAvrLib.a(timer.o)
                              kernel/nibobee_kernel.o (setTimerCompareValue)
..\..\AntonAvrLib\Release\libAntonAvrLib.a(scheduler.o)
                              kernel/nibobee_kernel.o (schedule_next)
c:/program files (x86)/atmel/avr studio 5.0/avr toolchain/bin/../lib/gcc/avr/4.5.1/avr51\libgcc.a(_udivmodhi4.o)
                              ..\..\NIBObeeLib\Release\libNIBObeeLib.a(base.o) (__udivmodhi4)
c:/program files (x86)/atmel/avr studio 5.0/avr toolchain/bin/../lib/gcc/avr/4.5.1/avr51\libgcc.a(_divmodhi4.o)
                              ..\..\NIBObeeLib\Release\libNIBObeeLib.a(motpwm.o) (__divmodhi4)
c:/program files (x86)/atmel/avr studio 5.0/avr toolchain/bin/../lib/gcc/avr/4.5.1/avr51\libgcc.a(_exit.o)
                              c:/program files (x86)/atmel/avr studio 5.0/avr toolchain/bin/../lib/gcc/avr/4.5.1/../../../../avr/lib/avr51/crtm1284p.o (exit)
c:/program files (x86)/atmel/avr studio 5.0/avr toolchain/bin/../lib/gcc/avr/4.5.1/avr51\libgcc.a(_copy_data.o)
                              kernel/nibobee_kernel.o (__do_copy_data)
c:/program files (x86)/atmel/avr studio 5.0/avr toolchain/bin/../lib/gcc/avr/4.5.1/avr51\libgcc.a(_clear_bss.o)
                              kernel/nibobee_kernel.o (__do_clear_bss)
c:/program files (x86)/atmel/avr studio 5.0/avr toolchain/bin/../lib/gcc/avr/4.5.1/../../../../avr/lib/avr51\libc.a(calloc.o)
                              kernel/nibobee_kernel.o (calloc)
c:/program files (x86)/atmel/avr studio 5.0/avr toolchain/bin/../lib/gcc/avr/4.5.1/../../../../avr/lib/avr51\libc.a(malloc.o)
                              c:/program files (x86)/atmel/avr studio 5.0/avr toolchain/bin/../lib/gcc/avr/4.5.1/../../../../avr/lib/avr51\libc.a(calloc.o) (malloc)
c:/program files (x86)/atmel/avr studio 5.0/avr toolchain/bin/../lib/gcc/avr/4.5.1/../../../../avr/lib/avr51\libc.a(memset.o)
                              c:/program files (x86)/atmel/avr studio 5.0/avr toolchain/bin/../lib/gcc/avr/4.5.1/../../../../avr/lib/avr51\libc.a(calloc.o) (memset)

Allocating common symbols
Common symbol       size              file

LeftRed             0x2               kernel/nibobee_kernel.o
processListHead     0x2               kernel/nibobee_kernel.o
LeftYellow          0x2               kernel/nibobee_kernel.o
Timer3B             0x8               kernel/nibobee_kernel.o
PinC7               0x3               kernel/nibobee_kernel.o
motpwm_flags        0x1               ..\..\NIBObeeLib\Release\libNIBObeeLib.a(motpwm.o)
Timer3              0x7               kernel/nibobee_kernel.o
PinB2               0x3               kernel/nibobee_kernel.o
PinB6               0x3               kernel/nibobee_kernel.o
analog_pos          0x1               ..\..\NIBObeeLib\Release\libNIBObeeLib.a(analog.o)
Timer1A             0x8               kernel/nibobee_kernel.o
YellowLeds          0x3               kernel/nibobee_kernel.o
nibobee_initialization
                    0x1               ..\..\NIBObeeLib\Release\libNIBObeeLib.a(base.o)
PinD2               0x3               kernel/nibobee_kernel.o
PinD0               0x3               kernel/nibobee_kernel.o
ButtonLeftForward   0x2               kernel/nibobee_kernel.o
ButtonLeftBackward  0x2               kernel/nibobee_kernel.o
ButtonRightBackward
                    0x2               kernel/nibobee_kernel.o
RightLeds           0x3               kernel/nibobee_kernel.o
PinC4               0x3               kernel/nibobee_kernel.o
PinA4               0x3               kernel/nibobee_kernel.o
RedLeds             0x3               kernel/nibobee_kernel.o
PinD1               0x3               kernel/nibobee_kernel.o
Timer3A             0x8               kernel/nibobee_kernel.o
PinC3               0x3               kernel/nibobee_kernel.o
Timer0              0x7               kernel/nibobee_kernel.o
PinB7               0x3               kernel/nibobee_kernel.o
PinB5               0x3               kernel/nibobee_kernel.o
Timer2A             0x8               kernel/nibobee_kernel.o
PortD               0x6               kernel/nibobee_kernel.o
motpwm_motor_l      0x2               ..\..\NIBObeeLib\Release\libNIBObeeLib.a(motpwm.o)
RightRed            0x2               kernel/nibobee_kernel.o
__brkval            0x2               c:/program files (x86)/atmel/avr studio 5.0/avr toolchain/bin/../lib/gcc/avr/4.5.1/../../../../avr/lib/avr51\libc.a(malloc.o)
PinA5               0x3               kernel/nibobee_kernel.o
analog_samples      0x16              ..\..\NIBObeeLib\Release\libNIBObeeLib.a(analog.o)
LeftMotor           0x5               kernel/nibobee_kernel.o
PinA2               0x3               kernel/nibobee_kernel.o
PinD3               0x3               kernel/nibobee_kernel.o
ButtonRightForward  0x2               kernel/nibobee_kernel.o
PinC6               0x3               kernel/nibobee_kernel.o
Timer0A             0x8               kernel/nibobee_kernel.o
mainProcess         0x2               Main.o
PinA3               0x3               kernel/nibobee_kernel.o
PinC5               0x3               kernel/nibobee_kernel.o
PinC1               0x3               kernel/nibobee_kernel.o
PinB0               0x3               kernel/nibobee_kernel.o
PortC               0x6               kernel/nibobee_kernel.o
AllLeds             0x3               kernel/nibobee_kernel.o
PinA0               0x3               kernel/nibobee_kernel.o
PortA               0x6               kernel/nibobee_kernel.o
PinB3               0x3               kernel/nibobee_kernel.o
PinA7               0x3               kernel/nibobee_kernel.o
Timer2              0x7               kernel/nibobee_kernel.o
LeftLeds            0x3               kernel/nibobee_kernel.o
PinB4               0x3               kernel/nibobee_kernel.o
RightMotor          0x5               kernel/nibobee_kernel.o
motpwm_motor_r      0x2               ..\..\NIBObeeLib\Release\libNIBObeeLib.a(motpwm.o)
PinC2               0x3               kernel/nibobee_kernel.o
PinD5               0x3               kernel/nibobee_kernel.o
newProcess          0x2               Main.o
PinC0               0x3               kernel/nibobee_kernel.o
PinD7               0x3               kernel/nibobee_kernel.o
RightYellow         0x2               kernel/nibobee_kernel.o
Timer2B             0x8               kernel/nibobee_kernel.o
Timer1B             0x8               kernel/nibobee_kernel.o
__flp               0x2               c:/program files (x86)/atmel/avr studio 5.0/avr toolchain/bin/../lib/gcc/avr/4.5.1/../../../../avr/lib/avr51\libc.a(malloc.o)
PinD4               0x3               kernel/nibobee_kernel.o
Timer0B             0x8               kernel/nibobee_kernel.o
PinA6               0x3               kernel/nibobee_kernel.o
Timer1              0x7               kernel/nibobee_kernel.o
PinD6               0x3               kernel/nibobee_kernel.o
PinA1               0x3               kernel/nibobee_kernel.o
PinB1               0x3               kernel/nibobee_kernel.o
PortB               0x6               kernel/nibobee_kernel.o

Discarded input sections

 .data          0x00000000        0x0 c:/program files (x86)/atmel/avr studio 5.0/avr toolchain/bin/../lib/gcc/avr/4.5.1/../../../../avr/lib/avr51/crtm1284p.o
 .bss           0x00000000        0x0 c:/program files (x86)/atmel/avr studio 5.0/avr toolchain/bin/../lib/gcc/avr/4.5.1/../../../../avr/lib/avr51/crtm1284p.o
 .text          0x00000000        0x0 kernel/analog_ext.o
 .data          0x00000000        0x0 kernel/analog_ext.o
 .bss           0x00000000        0x0 kernel/analog_ext.o
 .text.trigger_samplings
                0x00000000        0xc kernel/analog_ext.o
 .text          0x00000000        0x0 kernel/nibobee_kernel.o
 .text.AperiodicJobWrapper
                0x00000000       0x18 kernel/nibobee_kernel.o
 .text.PeriodicJobWrapper
                0x00000000       0x34 kernel/nibobee_kernel.o
 .text.getResetStatus
                0x00000000        0x6 kernel/nibobee_kernel.o
 .text.createProcessBase2
                0x00000000        0xc kernel/nibobee_kernel.o
 .text.createProcessBase
                0x00000000        0xa kernel/nibobee_kernel.o
 .text.freeProcess
                0x00000000       0x34 kernel/nibobee_kernel.o
 .text.getProcessStackSize
                0x00000000        0x6 kernel/nibobee_kernel.o
 .text.getFreeProcessStackSize
                0x00000000       0x12 kernel/nibobee_kernel.o
 .text.getProcessNumber
                0x00000000        0x8 kernel/nibobee_kernel.o
 .text.getProcessMemory
                0x00000000        0xa kernel/nibobee_kernel.o
 .text.init_clock
                0x00000000        0x2 kernel/nibobee_kernel.o
 .text.insertJobIntoList
                0x00000000       0x7e kernel/nibobee_kernel.o
 .text.initializeJob
                0x00000000       0x32 kernel/nibobee_kernel.o
 .text.createPeriodicJob
                0x00000000       0x78 kernel/nibobee_kernel.o
 .text.createAperiodicJob
                0x00000000       0x60 kernel/nibobee_kernel.o
 .text.triggerAperiodicJob
                0x00000000        0xc kernel/nibobee_kernel.o
 .text.schedule
                0x00000000        0x6 kernel/nibobee_kernel.o
 .text          0x00000000        0x0 Main.o
 .data          0x00000000        0x0 Main.o
 .text          0x00000000        0x0 Main_test_blink_reset_condition.o
 .data          0x00000000        0x0 Main_test_blink_reset_condition.o
 .bss           0x00000000        0x0 Main_test_blink_reset_condition.o
 .text          0x00000000        0x0 Main_test_clock_routine.o
 .data          0x00000000        0x0 Main_test_clock_routine.o
 .bss           0x00000000        0x0 Main_test_clock_routine.o
 .text          0x00000000        0x0 Main_test_DMS_simple.o
 .data          0x00000000        0x0 Main_test_DMS_simple.o
 .bss           0x00000000        0x0 Main_test_DMS_simple.o
 .text          0x00000000        0x0 Main_test_sleep_clock_onDevice.o
 .data          0x00000000        0x0 Main_test_sleep_clock_onDevice.o
 .bss           0x00000000        0x0 Main_test_sleep_clock_onDevice.o
 .text          0x00000000        0x0 Main_test_switchProcess.o
 .data          0x00000000        0x0 Main_test_switchProcess.o
 .bss           0x00000000        0x0 Main_test_switchProcess.o
 .text          0x00000000        0x0 Main_test_switchProcess_many.o
 .data          0x00000000        0x0 Main_test_switchProcess_many.o
 .bss           0x00000000        0x0 Main_test_switchProcess_many.o
 .text          0x00000000        0x0 ..\..\NIBObeeLib\Release\libNIBObeeLib.a(analog.o)
 .data          0x00000000        0x0 ..\..\NIBObeeLib\Release\libNIBObeeLib.a(analog.o)
 .bss           0x00000000        0x0 ..\..\NIBObeeLib\Release\libNIBObeeLib.a(analog.o)
 .text.analog_getValue
                0x00000000       0x18 ..\..\NIBObeeLib\Release\libNIBObeeLib.a(analog.o)
 .text.analog_irq_hook
                0x00000000        0x2 ..\..\NIBObeeLib\Release\libNIBObeeLib.a(analog.o)
 .text          0x00000000        0x0 ..\..\NIBObeeLib\Release\libNIBObeeLib.a(base.o)
 .data          0x00000000        0x0 ..\..\NIBObeeLib\Release\libNIBObeeLib.a(base.o)
 .bss           0x00000000        0x0 ..\..\NIBObeeLib\Release\libNIBObeeLib.a(base.o)
 .text.delay    0x00000000       0x1c ..\..\NIBObeeLib\Release\libNIBObeeLib.a(base.o)
 .text.blink_all
                0x00000000       0x5a ..\..\NIBObeeLib\Release\libNIBObeeLib.a(base.o)
 .text.nibobee_getMillivolt
                0x00000000       0x26 ..\..\NIBObeeLib\Release\libNIBObeeLib.a(base.o)
 .text.nibobee_assertMinVoltage
                0x00000000       0x6e ..\..\NIBObeeLib\Release\libNIBObeeLib.a(base.o)
 .text          0x00000000        0x0 ..\..\NIBObeeLib\Release\libNIBObeeLib.a(led.o)
 .data          0x00000000        0x0 ..\..\NIBObeeLib\Release\libNIBObeeLib.a(led.o)
 .bss           0x00000000        0x0 ..\..\NIBObeeLib\Release\libNIBObeeLib.a(led.o)
 .text.led_init
                0x00000000        0x8 ..\..\NIBObeeLib\Release\libNIBObeeLib.a(led.o)
 .text.led_set  0x00000000       0x48 ..\..\NIBObeeLib\Release\libNIBObeeLib.a(led.o)
 .text          0x00000000        0x0 ..\..\NIBObeeLib\Release\libNIBObeeLib.a(motpwm.o)
 .data          0x00000000        0x0 ..\..\NIBObeeLib\Release\libNIBObeeLib.a(motpwm.o)
 .bss           0x00000000        0x0 ..\..\NIBObeeLib\Release\libNIBObeeLib.a(motpwm.o)
 .text.motpwm_init
                0x00000000       0x2c ..\..\NIBObeeLib\Release\libNIBObeeLib.a(motpwm.o)
 .text.motpwm_stop
                0x00000000       0x28 ..\..\NIBObeeLib\Release\libNIBObeeLib.a(motpwm.o)
 .text.motpwm_setLeft
                0x00000000       0x74 ..\..\NIBObeeLib\Release\libNIBObeeLib.a(motpwm.o)
 .text.motpwm_setRight
                0x00000000       0x74 ..\..\NIBObeeLib\Release\libNIBObeeLib.a(motpwm.o)
 .text          0x00000000        0x0 ..\..\AntonAvrLib\Release\libAntonAvrLib.a(port.o)
 .data          0x00000000        0x0 ..\..\AntonAvrLib\Release\libAntonAvrLib.a(port.o)
 .bss           0x00000000        0x0 ..\..\AntonAvrLib\Release\libAntonAvrLib.a(port.o)
 .text.setPortOutput
                0x00000000       0x10 ..\..\AntonAvrLib\Release\libAntonAvrLib.a(port.o)
 .text.setPortInput
                0x00000000        0xe ..\..\AntonAvrLib\Release\libAntonAvrLib.a(port.o)
 .text.setPinInput
                0x00000000       0x1e ..\..\AntonAvrLib\Release\libAntonAvrLib.a(port.o)
 .text.writePort
                0x00000000        0xc ..\..\AntonAvrLib\Release\libAntonAvrLib.a(port.o)
 .text.readPort
                0x00000000        0xe ..\..\AntonAvrLib\Release\libAntonAvrLib.a(port.o)
 .text.setPinOne
                0x00000000       0x1c ..\..\AntonAvrLib\Release\libAntonAvrLib.a(port.o)
 .text.setPinZero
                0x00000000       0x1e ..\..\AntonAvrLib\Release\libAntonAvrLib.a(port.o)
 .text.writePin
                0x00000000       0x12 ..\..\AntonAvrLib\Release\libAntonAvrLib.a(port.o)
 .text.readPin  0x00000000       0x22 ..\..\AntonAvrLib\Release\libAntonAvrLib.a(port.o)
 .text          0x00000000        0x0 ..\..\AntonAvrLib\Release\libAntonAvrLib.a(timer.o)
 .data          0x00000000        0x8 ..\..\AntonAvrLib\Release\libAntonAvrLib.a(timer.o)
 .bss           0x00000000        0x0 ..\..\AntonAvrLib\Release\libAntonAvrLib.a(timer.o)
 .text.setCompareMatchOutputMode
                0x00000000       0x58 ..\..\AntonAvrLib\Release\libAntonAvrLib.a(timer.o)
 .text.setTimerClockSelect
                0x00000000       0xc8 ..\..\AntonAvrLib\Release\libAntonAvrLib.a(timer.o)
 .text.setWaveformGenerationMode
                0x00000000      0x14e ..\..\AntonAvrLib\Release\libAntonAvrLib.a(timer.o)
 .text.enableTimerInterrupt
                0x00000000       0x28 ..\..\AntonAvrLib\Release\libAntonAvrLib.a(timer.o)
 .text.enableOutputCompare
                0x00000000       0x1e ..\..\AntonAvrLib\Release\libAntonAvrLib.a(timer.o)
 .text.disableOutputCompare
                0x00000000        0xa ..\..\AntonAvrLib\Release\libAntonAvrLib.a(timer.o)
 .text.getTimerCompareValue
                0x00000000       0x2a ..\..\AntonAvrLib\Release\libAntonAvrLib.a(timer.o)
 .text          0x00000000        0x0 ..\..\AntonAvrLib\Release\libAntonAvrLib.a(scheduler.o)
 .data          0x00000000        0x0 ..\..\AntonAvrLib\Release\libAntonAvrLib.a(scheduler.o)
 .bss           0x00000000        0x0 ..\..\AntonAvrLib\Release\libAntonAvrLib.a(scheduler.o)
 .text.schedule_next
                0x00000000       0x12 ..\..\AntonAvrLib\Release\libAntonAvrLib.a(scheduler.o)
 .text          0x00000000        0x0 c:/program files (x86)/atmel/avr studio 5.0/avr toolchain/bin/../lib/gcc/avr/4.5.1/avr51\libgcc.a(_udivmodhi4.o)
 .data          0x00000000        0x0 c:/program files (x86)/atmel/avr studio 5.0/avr toolchain/bin/../lib/gcc/avr/4.5.1/avr51\libgcc.a(_udivmodhi4.o)
 .bss           0x00000000        0x0 c:/program files (x86)/atmel/avr studio 5.0/avr toolchain/bin/../lib/gcc/avr/4.5.1/avr51\libgcc.a(_udivmodhi4.o)
 .text.libgcc   0x00000000       0x28 c:/program files (x86)/atmel/avr studio 5.0/avr toolchain/bin/../lib/gcc/avr/4.5.1/avr51\libgcc.a(_udivmodhi4.o)
 .text          0x00000000        0x0 c:/program files (x86)/atmel/avr studio 5.0/avr toolchain/bin/../lib/gcc/avr/4.5.1/avr51\libgcc.a(_divmodhi4.o)
 .data          0x00000000        0x0 c:/program files (x86)/atmel/avr studio 5.0/avr toolchain/bin/../lib/gcc/avr/4.5.1/avr51\libgcc.a(_divmodhi4.o)
 .bss           0x00000000        0x0 c:/program files (x86)/atmel/avr studio 5.0/avr toolchain/bin/../lib/gcc/avr/4.5.1/avr51\libgcc.a(_divmodhi4.o)
 .text.libgcc   0x00000000       0x26 c:/program files (x86)/atmel/avr studio 5.0/avr toolchain/bin/../lib/gcc/avr/4.5.1/avr51\libgcc.a(_divmodhi4.o)
 .text          0x00000000        0x0 c:/program files (x86)/atmel/avr studio 5.0/avr toolchain/bin/../lib/gcc/avr/4.5.1/avr51\libgcc.a(_exit.o)
 .data          0x00000000        0x0 c:/program files (x86)/atmel/avr studio 5.0/avr toolchain/bin/../lib/gcc/avr/4.5.1/avr51\libgcc.a(_exit.o)
 .bss           0x00000000        0x0 c:/program files (x86)/atmel/avr studio 5.0/avr toolchain/bin/../lib/gcc/avr/4.5.1/avr51\libgcc.a(_exit.o)
 .text.libgcc   0x00000000        0x0 c:/program files (x86)/atmel/avr studio 5.0/avr toolchain/bin/../lib/gcc/avr/4.5.1/avr51\libgcc.a(_exit.o)
 .text          0x00000000        0x0 c:/program files (x86)/atmel/avr studio 5.0/avr toolchain/bin/../lib/gcc/avr/4.5.1/avr51\libgcc.a(_copy_data.o)
 .data          0x00000000        0x0 c:/program files (x86)/atmel/avr studio 5.0/avr toolchain/bin/../lib/gcc/avr/4.5.1/avr51\libgcc.a(_copy_data.o)
 .bss           0x00000000        0x0 c:/program files (x86)/atmel/avr studio 5.0/avr toolchain/bin/../lib/gcc/avr/4.5.1/avr51\libgcc.a(_copy_data.o)
 .text.libgcc   0x00000000        0x0 c:/program files (x86)/atmel/avr studio 5.0/avr toolchain/bin/../lib/gcc/avr/4.5.1/avr51\libgcc.a(_copy_data.o)
 .text          0x00000000        0x0 c:/program files (x86)/atmel/avr studio 5.0/avr toolchain/bin/../lib/gcc/avr/4.5.1/avr51\libgcc.a(_clear_bss.o)
 .data          0x00000000        0x0 c:/program files (x86)/atmel/avr studio 5.0/avr toolchain/bin/../lib/gcc/avr/4.5.1/avr51\libgcc.a(_clear_bss.o)
 .bss           0x00000000        0x0 c:/program files (x86)/atmel/avr studio 5.0/avr toolchain/bin/../lib/gcc/avr/4.5.1/avr51\libgcc.a(_clear_bss.o)
 .text.libgcc   0x00000000        0x0 c:/program files (x86)/atmel/avr studio 5.0/avr toolchain/bin/../lib/gcc/avr/4.5.1/avr51\libgcc.a(_clear_bss.o)
 .text          0x00000000        0x0 c:/program files (x86)/atmel/avr studio 5.0/avr toolchain/bin/../lib/gcc/avr/4.5.1/../../../../avr/lib/avr51\libc.a(calloc.o)
 .data          0x00000000        0x0 c:/program files (x86)/atmel/avr studio 5.0/avr toolchain/bin/../lib/gcc/avr/4.5.1/../../../../avr/lib/avr51\libc.a(calloc.o)
 .bss           0x00000000        0x0 c:/program files (x86)/atmel/avr studio 5.0/avr toolchain/bin/../lib/gcc/avr/4.5.1/../../../../avr/lib/avr51\libc.a(calloc.o)
 .text          0x00000000        0x0 c:/program files (x86)/atmel/avr studio 5.0/avr toolchain/bin/../lib/gcc/avr/4.5.1/../../../../avr/lib/avr51\libc.a(malloc.o)
 .bss           0x00000000        0x0 c:/program files (x86)/atmel/avr studio 5.0/avr toolchain/bin/../lib/gcc/avr/4.5.1/../../../../avr/lib/avr51\libc.a(malloc.o)
 .text          0x00000000        0x0 c:/program files (x86)/atmel/avr studio 5.0/avr toolchain/bin/../lib/gcc/avr/4.5.1/../../../../avr/lib/avr51\libc.a(memset.o)
 .data          0x00000000        0x0 c:/program files (x86)/atmel/avr studio 5.0/avr toolchain/bin/../lib/gcc/avr/4.5.1/../../../../avr/lib/avr51\libc.a(memset.o)
 .bss           0x00000000        0x0 c:/program files (x86)/atmel/avr studio 5.0/avr toolchain/bin/../lib/gcc/avr/4.5.1/../../../../avr/lib/avr51\libc.a(memset.o)

Memory Configuration

Name             Origin             Length             Attributes
text             0x00000000         0x00020000         xr
data             0x00800100         0x0000ff00         rw !x
eeprom           0x00810000         0x00010000         rw !x
fuse             0x00820000         0x00000400         rw !x
lock             0x00830000         0x00000400         rw !x
signature        0x00840000         0x00000400         rw !x
*default*        0x00000000         0xffffffff

Linker script and memory map

Address of section .data set to 0x800100
LOAD c:/program files (x86)/atmel/avr studio 5.0/avr toolchain/bin/../lib/gcc/avr/4.5.1/../../../../avr/lib/avr51/crtm1284p.o
LOAD kernel/analog_ext.o
LOAD kernel/nibobee_kernel.o
LOAD Main.o
LOAD Main_test_blink_reset_condition.o
LOAD Main_test_clock_routine.o
LOAD Main_test_DMS_simple.o
LOAD Main_test_sleep_clock_onDevice.o
LOAD Main_test_switchProcess.o
LOAD Main_test_switchProcess_many.o
LOAD ..\..\NIBObeeLib\Release\libNIBObeeLib.a
LOAD ..\..\AntonAvrLib\Release\libAntonAvrLib.a
LOAD c:/program files (x86)/atmel/avr studio 5.0/avr toolchain/bin/../lib/gcc/avr/4.5.1/avr51\libgcc.a
LOAD c:/program files (x86)/atmel/avr studio 5.0/avr toolchain/bin/../lib/gcc/avr/4.5.1/../../../../avr/lib/avr51\libc.a
LOAD c:/program files (x86)/atmel/avr studio 5.0/avr toolchain/bin/../lib/gcc/avr/4.5.1/avr51\libgcc.a

.hash
 *(.hash)

.dynsym
 *(.dynsym)

.dynstr
 *(.dynstr)

.gnu.version
 *(.gnu.version)

.gnu.version_d
 *(.gnu.version_d)

.gnu.version_r
 *(.gnu.version_r)

.rel.init
 *(.rel.init)

.rela.init
 *(.rela.init)

.rel.text
 *(.rel.text)
 *(.rel.text.*)
 *(.rel.gnu.linkonce.t*)

.rela.text
 *(.rela.text)
 *(.rela.text.*)
 *(.rela.gnu.linkonce.t*)

.rel.fini
 *(.rel.fini)

.rela.fini
 *(.rela.fini)

.rel.rodata
 *(.rel.rodata)
 *(.rel.rodata.*)
 *(.rel.gnu.linkonce.r*)

.rela.rodata
 *(.rela.rodata)
 *(.rela.rodata.*)
 *(.rela.gnu.linkonce.r*)

.rel.data
 *(.rel.data)
 *(.rel.data.*)
 *(.rel.gnu.linkonce.d*)

.rela.data
 *(.rela.data)
 *(.rela.data.*)
 *(.rela.gnu.linkonce.d*)

.rel.ctors
 *(.rel.ctors)

.rela.ctors
 *(.rela.ctors)

.rel.dtors
 *(.rel.dtors)

.rela.dtors
 *(.rela.dtors)

.rel.got
 *(.rel.got)

.rela.got
 *(.rela.got)

.rel.bss
 *(.rel.bss)

.rela.bss
 *(.rela.bss)

.rel.plt
 *(.rel.plt)

.rela.plt
 *(.rela.plt)

.text           0x00000000      0xf90
 *(.vectors)
 .vectors       0x00000000       0x8c c:/program files (x86)/atmel/avr studio 5.0/avr toolchain/bin/../lib/gcc/avr/4.5.1/../../../../avr/lib/avr51/crtm1284p.o
                0x00000000                __vector_default
                0x00000000                __vectors
 *(.vectors)
 *(.progmem.gcc*)
 *(.progmem*)
                0x0000008c                . = ALIGN (0x2)
                0x0000008c                __trampolines_start = .
 *(.trampolines)
 .trampolines   0x0000008c        0x0 linker stubs
 *(.trampolines*)
                0x0000008c                __trampolines_end = .
 *(.jumptables)
 *(.jumptables*)
 *(.lowtext)
 *(.lowtext*)
                0x0000008c                __ctors_start = .
 *(.ctors)
                0x0000008c                __ctors_end = .
                0x0000008c                __dtors_start = .
 *(.dtors)
                0x0000008c                __dtors_end = .
 SORT(*)(.ctors)
 SORT(*)(.dtors)
 *(.init0)
 .init0         0x0000008c        0x0 c:/program files (x86)/atmel/avr studio 5.0/avr toolchain/bin/../lib/gcc/avr/4.5.1/../../../../avr/lib/avr51/crtm1284p.o
                0x0000008c                __init
 *(.init0)
 *(.init1)
 *(.init1)
 *(.init2)
 .init2         0x0000008c        0xc c:/program files (x86)/atmel/avr studio 5.0/avr toolchain/bin/../lib/gcc/avr/4.5.1/../../../../avr/lib/avr51/crtm1284p.o
 *(.init2)
 *(.init3)
 *(.init3)
 *(.init4)
 .init4         0x00000098       0x1a c:/program files (x86)/atmel/avr studio 5.0/avr toolchain/bin/../lib/gcc/avr/4.5.1/avr51\libgcc.a(_copy_data.o)
                0x00000098                __do_copy_data
 .init4         0x000000b2       0x10 c:/program files (x86)/atmel/avr studio 5.0/avr toolchain/bin/../lib/gcc/avr/4.5.1/avr51\libgcc.a(_clear_bss.o)
                0x000000b2                __do_clear_bss
 *(.init4)
 *(.init5)
 *(.init5)
 *(.init6)
 *(.init6)
 *(.init7)
 *(.init7)
 *(.init8)
 .init8         0x000000c2       0x10 kernel/nibobee_kernel.o
                0x000000c2                init_ports_m1284P_kernel_init
                0x000000c4                init_timer_m1284P_kernel_init
                0x000000c6                init_nibobee_leds_kernel_init
                0x000000c8                init_nibobee_motors_kernel_init
                0x000000ca                init_reset_condition_kernel_init
                0x000000cc                init_process_kernel_init
                0x000000ce                init_process_ext_kernel_init
                0x000000d0                init_clock_kernel_init
                0x000000d0                init_nibobee_kernel_init
 *(.init8)
 *(.init9)
 .init9         0x000000d2        0x4 c:/program files (x86)/atmel/avr studio 5.0/avr toolchain/bin/../lib/gcc/avr/4.5.1/../../../../avr/lib/avr51/crtm1284p.o
 *(.init9)
 *(.text)
 .text          0x000000d6        0x2 c:/program files (x86)/atmel/avr studio 5.0/avr toolchain/bin/../lib/gcc/avr/4.5.1/../../../../avr/lib/avr51/crtm1284p.o
                0x000000d6                __vector_22
                0x000000d6                __vector_28
                0x000000d6                __vector_1
                0x000000d6                __vector_32
                0x000000d6                __vector_34
                0x000000d6                __vector_12
                0x000000d6                __bad_interrupt
                0x000000d6                __vector_6
                0x000000d6                __vector_31
                0x000000d6                __vector_3
                0x000000d6                __vector_23
                0x000000d6                __vector_30
                0x000000d6                __vector_25
                0x000000d6                __vector_11
                0x000000d6                __vector_17
                0x000000d6                __vector_19
                0x000000d6                __vector_7
                0x000000d6                __vector_27
                0x000000d6                __vector_5
                0x000000d6                __vector_33
                0x000000d6                __vector_4
                0x000000d6                __vector_9
                0x000000d6                __vector_2
                0x000000d6                __vector_21
                0x000000d6                __vector_15
                0x000000d6                __vector_29
                0x000000d6                __vector_8
                0x000000d6                __vector_26
                0x000000d6                __vector_10
                0x000000d6                __vector_18
                0x000000d6                __vector_20
                0x000000d8                . = ALIGN (0x2)
 *(.text.*)
 .text.analog_irq_hook
                0x000000d8        0xc kernel/analog_ext.o
                0x000000d8                analog_irq_hook
 .text.ProcessGraveyard
                0x000000e4        0x4 kernel/nibobee_kernel.o
                0x000000e4                ProcessGraveyard
 .text.init_ports_m1284P
                0x000000e8      0x28a kernel/nibobee_kernel.o
                0x000000e8                init_ports_m1284P
 .text.init_timer_m1284P
                0x00000372       0xda kernel/nibobee_kernel.o
                0x00000372                init_timer_m1284P
 .text.init_nibobee_leds
                0x0000044c       0x94 kernel/nibobee_kernel.o
                0x0000044c                init_nibobee_leds
 .text.initMotor
                0x000004e0       0x1c kernel/nibobee_kernel.o
                0x000004e0                initMotor
 .text.init_nibobee_motors
                0x000004fc       0x30 kernel/nibobee_kernel.o
                0x000004fc                init_nibobee_motors
 .text.init_reset_condition
                0x0000052c        0xa kernel/nibobee_kernel.o
                0x0000052c                init_reset_condition
 .text.init_process
                0x00000536       0x38 kernel/nibobee_kernel.o
                0x00000536                init_process
 .text.createProcessBase3
                0x0000056e       0xb8 kernel/nibobee_kernel.o
                0x0000056e                createProcessBase3
 .text.switchContext
                0x00000626       0xaa kernel/nibobee_kernel.o
                0x00000626                switchContext
 .text.getCurrentProcess
                0x000006d0        0xa kernel/nibobee_kernel.o
                0x000006d0                getCurrentProcess
 .text.switchProcess
                0x000006da       0x14 kernel/nibobee_kernel.o
                0x000006da                switchProcess
 .text.createProcess3
                0x000006ee       0x52 kernel/nibobee_kernel.o
                0x000006ee                createProcess3
 .text.createProcess2
                0x00000740        0x8 kernel/nibobee_kernel.o
                0x00000740                createProcess2
 .text.createProcess
                0x00000748        0x6 kernel/nibobee_kernel.o
                0x00000748                createProcess
 .text.init_process_ext
                0x0000074e       0x2a kernel/nibobee_kernel.o
                0x0000074e                init_process_ext
 .text.dms_schedule
                0x00000778       0x68 kernel/nibobee_kernel.o
                0x00000778                dms_schedule
 .text.__vector_16
                0x000007e0       0xec kernel/nibobee_kernel.o
                0x000007e0                __vector_16
 .text.init_nibobee
                0x000008cc       0x22 kernel/nibobee_kernel.o
                0x000008cc                init_nibobee
 .text.newProcessEntry
                0x000008ee       0x96 Main.o
                0x000008ee                newProcessEntry
 .text.main     0x00000984       0xae Main.o
                0x00000984                main
 .text.analog_init
                0x00000a32       0x14 ..\..\NIBObeeLib\Release\libNIBObeeLib.a(analog.o)
                0x00000a32                analog_init
 .text.__vector_24
                0x00000a46      0x18e ..\..\NIBObeeLib\Release\libNIBObeeLib.a(analog.o)
                0x00000a46                __vector_24
 .text.__vector_13
                0x00000bd4       0x50 ..\..\NIBObeeLib\Release\libNIBObeeLib.a(motpwm.o)
                0x00000bd4                __vector_13
 .text.__vector_14
                0x00000c24       0x50 ..\..\NIBObeeLib\Release\libNIBObeeLib.a(motpwm.o)
                0x00000c24                __vector_14
 .text.setPinOutput
                0x00000c74       0x1c ..\..\AntonAvrLib\Release\libAntonAvrLib.a(port.o)
                0x00000c74                setPinOutput
 .text.setTimerCompareValue
                0x00000c90       0x28 ..\..\AntonAvrLib\Release\libAntonAvrLib.a(timer.o)
                0x00000c90                setTimerCompareValue
 .text.processor_idle
                0x00000cb8       0x12 ..\..\AntonAvrLib\Release\libAntonAvrLib.a(scheduler.o)
                0x00000cb8                processor_idle
 .text.processor_loop_idle
                0x00000cca        0x4 ..\..\AntonAvrLib\Release\libAntonAvrLib.a(scheduler.o)
                0x00000cca                processor_loop_idle
 .text.avr-libc
                0x00000cce       0x46 c:/program files (x86)/atmel/avr studio 5.0/avr toolchain/bin/../lib/gcc/avr/4.5.1/../../../../avr/lib/avr51\libc.a(calloc.o)
                0x00000cce                calloc
 .text.avr-libc
                0x00000d14      0x266 c:/program files (x86)/atmel/avr studio 5.0/avr toolchain/bin/../lib/gcc/avr/4.5.1/../../../../avr/lib/avr51\libc.a(malloc.o)
                0x00000d14                malloc
                0x00000e48                free
 .text.avr-libc
                0x00000f7a        0xe c:/program files (x86)/atmel/avr studio 5.0/avr toolchain/bin/../lib/gcc/avr/4.5.1/../../../../avr/lib/avr51\libc.a(memset.o)
                0x00000f7a                memset
                0x00000f88                . = ALIGN (0x2)
 *(.fini9)
 .fini9         0x00000f88        0x0 c:/program files (x86)/atmel/avr studio 5.0/avr toolchain/bin/../lib/gcc/avr/4.5.1/avr51\libgcc.a(_exit.o)
                0x00000f88                _exit
                0x00000f88                exit
 *(.fini9)
 *(.fini8)
 *(.fini8)
 *(.fini7)
 *(.fini7)
 *(.fini6)
 *(.fini6)
 *(.fini5)
 *(.fini5)
 *(.fini4)
 *(.fini4)
 *(.fini3)
 *(.fini3)
 *(.fini2)
 *(.fini2)
 *(.fini1)
 .fini1         0x00000f88        0x4 kernel/nibobee_kernel.o
                0x00000f88                MainProcessEnd
 *(.fini1)
 *(.fini0)
 .fini0         0x00000f8c        0x4 c:/program files (x86)/atmel/avr studio 5.0/avr toolchain/bin/../lib/gcc/avr/4.5.1/avr51\libgcc.a(_exit.o)
 *(.fini0)
                0x00000f90                _etext = .

.data           0x00800100      0x10c load address 0x00000f90
                0x00800100                PROVIDE (__data_start, .)
 *(.data)
 .data          0x00800100      0x105 kernel/nibobee_kernel.o
                0x00800100                redLedsArray
                0x00800104                yellowLedsArray
                0x00800108                rightLedsArray
                0x0080010c                leftLedsArray
                0x00800110                allLedsArray
 .data          0x00800205        0x6 c:/program files (x86)/atmel/avr studio 5.0/avr toolchain/bin/../lib/gcc/avr/4.5.1/../../../../avr/lib/avr51\libc.a(malloc.o)
                0x00800205                __malloc_margin
                0x00800207                __malloc_heap_start
                0x00800209                __malloc_heap_end
 *(.data*)
 *(.rodata)
 *(.rodata*)
 *(.gnu.linkonce.d*)
                0x0080020c                . = ALIGN (0x2)
 *fill*         0x0080020b        0x1 00
                0x0080020c                _edata = .
                0x0080020c                PROVIDE (__data_end, .)

.bss            0x0080020c      0x13d
                0x0080020c                PROVIDE (__bss_start, .)
 *(.bss)
 .bss           0x0080020c        0x9 kernel/nibobee_kernel.o
                0x0080020c                current_reset_status
                0x0080020d                __nextProcessNumber
                0x0080020f                __current_process
                0x00800211                milliseconds_running
 .bss           0x00800215       0x10 Main.o
                0x00800215                mainCounter
                0x0080021d                newCounter
 *(.bss*)
 *(COMMON)
 COMMON         0x00800225       0xff kernel/nibobee_kernel.o
                0x00800225                LeftRed
                0x00800227                processListHead
                0x00800229                LeftYellow
                0x0080022b                Timer3B
                0x00800233                PinC7
                0x00800236                Timer3
                0x0080023d                PinB2
                0x00800240                PinB6
                0x00800243                Timer1A
                0x0080024b                YellowLeds
                0x0080024e                PinD2
                0x00800251                PinD0
                0x00800254                ButtonLeftForward
                0x00800256                ButtonLeftBackward
                0x00800258                ButtonRightBackward
                0x0080025a                RightLeds
                0x0080025d                PinC4
                0x00800260                PinA4
                0x00800263                RedLeds
                0x00800266                PinD1
                0x00800269                Timer3A
                0x00800271                PinC3
                0x00800274                Timer0
                0x0080027b                PinB7
                0x0080027e                PinB5
                0x00800281                Timer2A
                0x00800289                PortD
                0x0080028f                RightRed
                0x00800291                PinA5
                0x00800294                LeftMotor
                0x00800299                PinA2
                0x0080029c                PinD3
                0x0080029f                ButtonRightForward
                0x008002a1                PinC6
                0x008002a4                Timer0A
                0x008002ac                PinA3
                0x008002af                PinC5
                0x008002b2                PinC1
                0x008002b5                PinB0
                0x008002b8                PortC
                0x008002be                AllLeds
                0x008002c1                PinA0
                0x008002c4                PortA
                0x008002ca                PinB3
                0x008002cd                PinA7
                0x008002d0                Timer2
                0x008002d7                LeftLeds
                0x008002da                PinB4
                0x008002dd                RightMotor
                0x008002e2                PinC2
                0x008002e5                PinD5
                0x008002e8                PinC0
                0x008002eb                PinD7
                0x008002ee                RightYellow
                0x008002f0                Timer2B
                0x008002f8                Timer1B
                0x00800300                PinD4
                0x00800303                Timer0B
                0x0080030b                PinA6
                0x0080030e                Timer1
                0x00800315                PinD6
                0x00800318                PinA1
                0x0080031b                PinB1
                0x0080031e                PortB
 COMMON         0x00800324        0x4 Main.o
                0x00800324                mainProcess
                0x00800326                newProcess
 COMMON         0x00800328       0x17 ..\..\NIBObeeLib\Release\libNIBObeeLib.a(analog.o)
                0x00800328                analog_pos
                0x00800329                analog_samples
 COMMON         0x0080033f        0x1 ..\..\NIBObeeLib\Release\libNIBObeeLib.a(base.o)
                0x0080033f                nibobee_initialization
 COMMON         0x00800340        0x5 ..\..\NIBObeeLib\Release\libNIBObeeLib.a(motpwm.o)
                0x00800340                motpwm_flags
                0x00800341                motpwm_motor_l
                0x00800343                motpwm_motor_r
 COMMON         0x00800345        0x4 c:/program files (x86)/atmel/avr studio 5.0/avr toolchain/bin/../lib/gcc/avr/4.5.1/../../../../avr/lib/avr51\libc.a(malloc.o)
                0x00800345                __brkval
                0x00800347                __flp
                0x00800349                PROVIDE (__bss_end, .)
                0x00000f90                __data_load_start = LOADADDR (.data)
                0x0000109c                __data_load_end = (__data_load_start + SIZEOF (.data))

.noinit         0x00800349        0x0
                0x00800349                PROVIDE (__noinit_start, .)
 *(.noinit*)
                0x00800349                PROVIDE (__noinit_end, .)
                0x00800349                _end = .
                0x00800349                PROVIDE (__heap_start, .)

.eeprom         0x00810000        0x0
 *(.eeprom*)
                0x00810000                __eeprom_end = .

.fuse
 *(.fuse)
 *(.lfuse)
 *(.hfuse)
 *(.efuse)

.lock
 *(.lock*)

.signature
 *(.signature*)

.stab           0x00000000      0x738
 *(.stab)
 .stab          0x00000000      0x6cc c:/program files (x86)/atmel/avr studio 5.0/avr toolchain/bin/../lib/gcc/avr/4.5.1/../../../../avr/lib/avr51/crtm1284p.o
 .stab          0x000006cc       0x6c c:/program files (x86)/atmel/avr studio 5.0/avr toolchain/bin/../lib/gcc/avr/4.5.1/../../../../avr/lib/avr51\libc.a(memset.o)
                                 0x78 (size before relaxing)

.stabstr        0x00000000       0xe7
 *(.stabstr)
 .stabstr       0x00000000       0xe7 c:/program files (x86)/atmel/avr studio 5.0/avr toolchain/bin/../lib/gcc/avr/4.5.1/../../../../avr/lib/avr51/crtm1284p.o

.stab.excl
 *(.stab.excl)

.stab.exclstr
 *(.stab.exclstr)

.stab.index
 *(.stab.index)

.stab.indexstr
 *(.stab.indexstr)

.comment
 *(.comment)

.debug
 *(.debug)

.line
 *(.line)

.debug_srcinfo
 *(.debug_srcinfo)

.debug_sfnames
 *(.debug_sfnames)

.debug_aranges  0x00000000       0x48
 *(.debug_aranges)
 .debug_aranges
                0x00000000       0x20 c:/program files (x86)/atmel/avr studio 5.0/avr toolchain/bin/../lib/gcc/avr/4.5.1/../../../../avr/lib/avr51\libc.a(calloc.o)
 .debug_aranges
                0x00000020       0x28 c:/program files (x86)/atmel/avr studio 5.0/avr toolchain/bin/../lib/gcc/avr/4.5.1/../../../../avr/lib/avr51\libc.a(malloc.o)

.debug_pubnames
                0x00000000       0x9c
 *(.debug_pubnames)
 .debug_pubnames
                0x00000000       0x1d c:/program files (x86)/atmel/avr studio 5.0/avr toolchain/bin/../lib/gcc/avr/4.5.1/../../../../avr/lib/avr51\libc.a(calloc.o)
 .debug_pubnames
                0x0000001d       0x7f c:/program files (x86)/atmel/avr studio 5.0/avr toolchain/bin/../lib/gcc/avr/4.5.1/../../../../avr/lib/avr51\libc.a(malloc.o)

.debug_info     0x00000000      0x327
 *(.debug_info)
 .debug_info    0x00000000       0x91 c:/program files (x86)/atmel/avr studio 5.0/avr toolchain/bin/../lib/gcc/avr/4.5.1/../../../../avr/lib/avr51\libc.a(calloc.o)
 .debug_info    0x00000091      0x296 c:/program files (x86)/atmel/avr studio 5.0/avr toolchain/bin/../lib/gcc/avr/4.5.1/../../../../avr/lib/avr51\libc.a(malloc.o)
 *(.gnu.linkonce.wi.*)

.debug_abbrev   0x00000000      0x16a
 *(.debug_abbrev)
 .debug_abbrev  0x00000000       0x75 c:/program files (x86)/atmel/avr studio 5.0/avr toolchain/bin/../lib/gcc/avr/4.5.1/../../../../avr/lib/avr51\libc.a(calloc.o)
 .debug_abbrev  0x00000075       0xf5 c:/program files (x86)/atmel/avr studio 5.0/avr toolchain/bin/../lib/gcc/avr/4.5.1/../../../../avr/lib/avr51\libc.a(malloc.o)

.debug_line     0x00000000      0x4fb
 *(.debug_line)
 .debug_line    0x00000000      0x133 c:/program files (x86)/atmel/avr studio 5.0/avr toolchain/bin/../lib/gcc/avr/4.5.1/../../../../avr/lib/avr51\libc.a(calloc.o)
 .debug_line    0x00000133      0x3c8 c:/program files (x86)/atmel/avr studio 5.0/avr toolchain/bin/../lib/gcc/avr/4.5.1/../../../../avr/lib/avr51\libc.a(malloc.o)

.debug_frame    0x00000000       0x50
 *(.debug_frame)
 .debug_frame   0x00000000       0x20 c:/program files (x86)/atmel/avr studio 5.0/avr toolchain/bin/../lib/gcc/avr/4.5.1/../../../../avr/lib/avr51\libc.a(calloc.o)
 .debug_frame   0x00000020       0x30 c:/program files (x86)/atmel/avr studio 5.0/avr toolchain/bin/../lib/gcc/avr/4.5.1/../../../../avr/lib/avr51\libc.a(malloc.o)

.debug_str      0x00000000      0x194
 *(.debug_str)
 .debug_str     0x00000000       0x76 c:/program files (x86)/atmel/avr studio 5.0/avr toolchain/bin/../lib/gcc/avr/4.5.1/../../../../avr/lib/avr51\libc.a(calloc.o)
                                 0x8c (size before relaxing)
 .debug_str     0x00000076      0x11e c:/program files (x86)/atmel/avr studio 5.0/avr toolchain/bin/../lib/gcc/avr/4.5.1/../../../../avr/lib/avr51\libc.a(malloc.o)
                                0x16a (size before relaxing)

.debug_loc      0x00000000      0x481
 *(.debug_loc)
 .debug_loc     0x00000000       0x58 c:/program files (x86)/atmel/avr studio 5.0/avr toolchain/bin/../lib/gcc/avr/4.5.1/../../../../avr/lib/avr51\libc.a(calloc.o)
 .debug_loc     0x00000058      0x429 c:/program files (x86)/atmel/avr studio 5.0/avr toolchain/bin/../lib/gcc/avr/4.5.1/../../../../avr/lib/avr51\libc.a(malloc.o)

.debug_macinfo
 *(.debug_macinfo)
OUTPUT(NIBObee.elf elf32-avr)
LOAD linker stubs

.debug_pubtypes
                0x00000000       0x56
 .debug_pubtypes
                0x00000000       0x1d c:/program files (x86)/atmel/avr studio 5.0/avr toolchain/bin/../lib/gcc/avr/4.5.1/../../../../avr/lib/avr51\libc.a(calloc.o)
 .debug_pubtypes
                0x0000001d       0x39 c:/program files (x86)/atmel/avr studio 5.0/avr toolchain/bin/../lib/gcc/avr/4.5.1/../../../../avr/lib/avr51\libc.a(malloc.o)

.debug_ranges   0x00000000       0x28
 .debug_ranges  0x00000000       0x10 c:/program files (x86)/atmel/avr studio 5.0/avr toolchain/bin/../lib/gcc/avr/4.5.1/../../../../avr/lib/avr51\libc.a(calloc.o)
 .debug_ranges  0x00000010       0x18 c:/program files (x86)/atmel/avr studio 5.0/avr toolchain/bin/../lib/gcc/avr/4.5.1/../../../../avr/lib/avr51\libc.a(malloc.o)
