Archive member included because of file (symbol)

..\..\AntonAvrLib\Debug\libAntonAvrLib.a(dms_scheduler.o)
                              Main.o (createPeriodicJob)
..\..\AntonAvrLib\Debug\libAntonAvrLib.a(scheduler.o)
                              ..\..\AntonAvrLib\Debug\libAntonAvrLib.a(dms_scheduler.o) (schedule_next)
..\..\Kernel-Tank-MASTER\Debug\libKernel-Tank-MASTER.a(tank_kernel_MASTER.o)
                              ..\..\AntonAvrLib\Debug\libAntonAvrLib.a(dms_scheduler.o) (__default_stack_size)
..\..\AntonAvrLib\Debug\libAntonAvrLib.a(motor.o)
                              ..\..\Kernel-Tank-MASTER\Debug\libKernel-Tank-MASTER.a(tank_kernel_MASTER.o) (stopMotor)
..\..\AntonAvrLib\Debug\libAntonAvrLib.a(port.o)
                              ..\..\Kernel-Tank-MASTER\Debug\libKernel-Tank-MASTER.a(tank_kernel_MASTER.o) (setPinOutput)
..\..\AntonAvrLib\Debug\libAntonAvrLib.a(timer.o)
                              ..\..\Kernel-Tank-MASTER\Debug\libKernel-Tank-MASTER.a(tank_kernel_MASTER.o) (setTimerClockSelect)
..\..\AntonAvrLib\Debug\libAntonAvrLib.a(rr_scheduler.o)
                              ..\..\Kernel-Tank-MASTER\Debug\libKernel-Tank-MASTER.a(tank_kernel_MASTER.o) (rr_schedule)
..\..\AntonAvrLib\Debug\libAntonAvrLib.a(hardware_reset.o)
                              ..\..\Kernel-Tank-MASTER\Debug\libKernel-Tank-MASTER.a(tank_kernel_MASTER.o) (HARDWARE_RESET)
c:/program files (x86)/atmel/atmel studio 6.0/extensions/atmel/avrgcc/3.3.2.31/avrtoolchain/bin/../lib/gcc/avr/4.5.1/avr51\libgcc.a(_exit.o)
                              c:/program files (x86)/atmel/atmel studio 6.0/extensions/atmel/avrgcc/3.3.2.31/avrtoolchain/bin/../lib/gcc/avr/4.5.1/../../../../avr/lib/avr51/crtm1284p.o (exit)
c:/program files (x86)/atmel/atmel studio 6.0/extensions/atmel/avrgcc/3.3.2.31/avrtoolchain/bin/../lib/gcc/avr/4.5.1/avr51\libgcc.a(_copy_data.o)
                              ..\..\Kernel-Tank-MASTER\Debug\libKernel-Tank-MASTER.a(tank_kernel_MASTER.o) (__do_copy_data)
c:/program files (x86)/atmel/atmel studio 6.0/extensions/atmel/avrgcc/3.3.2.31/avrtoolchain/bin/../lib/gcc/avr/4.5.1/avr51\libgcc.a(_clear_bss.o)
                              Main.o (__do_clear_bss)
c:/program files (x86)/atmel/atmel studio 6.0/extensions/atmel/avrgcc/3.3.2.31/avrtoolchain/bin/../lib/gcc/avr/4.5.1/../../../../avr/lib/avr51\libc.a(calloc.o)
                              ..\..\Kernel-Tank-MASTER\Debug\libKernel-Tank-MASTER.a(tank_kernel_MASTER.o) (calloc)
c:/program files (x86)/atmel/atmel studio 6.0/extensions/atmel/avrgcc/3.3.2.31/avrtoolchain/bin/../lib/gcc/avr/4.5.1/../../../../avr/lib/avr51\libc.a(malloc.o)
                              c:/program files (x86)/atmel/atmel studio 6.0/extensions/atmel/avrgcc/3.3.2.31/avrtoolchain/bin/../lib/gcc/avr/4.5.1/../../../../avr/lib/avr51\libc.a(calloc.o) (malloc)
c:/program files (x86)/atmel/atmel studio 6.0/extensions/atmel/avrgcc/3.3.2.31/avrtoolchain/bin/../lib/gcc/avr/4.5.1/../../../../avr/lib/avr51\libc.a(memset.o)
                              c:/program files (x86)/atmel/atmel studio 6.0/extensions/atmel/avrgcc/3.3.2.31/avrtoolchain/bin/../lib/gcc/avr/4.5.1/../../../../avr/lib/avr51\libc.a(calloc.o) (memset)

Allocating common symbols
Common symbol       size              file

processListHead     0x2               ..\..\AntonAvrLib\Debug\libAntonAvrLib.a(dms_scheduler.o)
Timer3B             0x8               ..\..\Kernel-Tank-MASTER\Debug\libKernel-Tank-MASTER.a(tank_kernel_MASTER.o)
PinC7               0x3               ..\..\Kernel-Tank-MASTER\Debug\libKernel-Tank-MASTER.a(tank_kernel_MASTER.o)
Timer3              0x7               ..\..\Kernel-Tank-MASTER\Debug\libKernel-Tank-MASTER.a(tank_kernel_MASTER.o)
PinB2               0x3               ..\..\Kernel-Tank-MASTER\Debug\libKernel-Tank-MASTER.a(tank_kernel_MASTER.o)
PinB6               0x3               ..\..\Kernel-Tank-MASTER\Debug\libKernel-Tank-MASTER.a(tank_kernel_MASTER.o)
Timer1A             0x8               ..\..\Kernel-Tank-MASTER\Debug\libKernel-Tank-MASTER.a(tank_kernel_MASTER.o)
PinD2               0x3               ..\..\Kernel-Tank-MASTER\Debug\libKernel-Tank-MASTER.a(tank_kernel_MASTER.o)
PinD0               0x3               ..\..\Kernel-Tank-MASTER\Debug\libKernel-Tank-MASTER.a(tank_kernel_MASTER.o)
PinC4               0x3               ..\..\Kernel-Tank-MASTER\Debug\libKernel-Tank-MASTER.a(tank_kernel_MASTER.o)
PinA4               0x3               ..\..\Kernel-Tank-MASTER\Debug\libKernel-Tank-MASTER.a(tank_kernel_MASTER.o)
PinD1               0x3               ..\..\Kernel-Tank-MASTER\Debug\libKernel-Tank-MASTER.a(tank_kernel_MASTER.o)
Timer3A             0x8               ..\..\Kernel-Tank-MASTER\Debug\libKernel-Tank-MASTER.a(tank_kernel_MASTER.o)
PinC3               0x3               ..\..\Kernel-Tank-MASTER\Debug\libKernel-Tank-MASTER.a(tank_kernel_MASTER.o)
Timer0              0x7               ..\..\Kernel-Tank-MASTER\Debug\libKernel-Tank-MASTER.a(tank_kernel_MASTER.o)
PinB7               0x3               ..\..\Kernel-Tank-MASTER\Debug\libKernel-Tank-MASTER.a(tank_kernel_MASTER.o)
PinB5               0x3               ..\..\Kernel-Tank-MASTER\Debug\libKernel-Tank-MASTER.a(tank_kernel_MASTER.o)
Timer2A             0x8               ..\..\Kernel-Tank-MASTER\Debug\libKernel-Tank-MASTER.a(tank_kernel_MASTER.o)
PortD               0x6               ..\..\Kernel-Tank-MASTER\Debug\libKernel-Tank-MASTER.a(tank_kernel_MASTER.o)
__brkval            0x2               c:/program files (x86)/atmel/atmel studio 6.0/extensions/atmel/avrgcc/3.3.2.31/avrtoolchain/bin/../lib/gcc/avr/4.5.1/../../../../avr/lib/avr51\libc.a(malloc.o)
PinA5               0x3               ..\..\Kernel-Tank-MASTER\Debug\libKernel-Tank-MASTER.a(tank_kernel_MASTER.o)
LeftMotor           0x7               ..\..\Kernel-Tank-MASTER\Debug\libKernel-Tank-MASTER.a(tank_kernel_MASTER.o)
PinA2               0x3               ..\..\Kernel-Tank-MASTER\Debug\libKernel-Tank-MASTER.a(tank_kernel_MASTER.o)
PinD3               0x3               ..\..\Kernel-Tank-MASTER\Debug\libKernel-Tank-MASTER.a(tank_kernel_MASTER.o)
queues              0x23              ..\..\AntonAvrLib\Debug\libAntonAvrLib.a(rr_scheduler.o)
PinC6               0x3               ..\..\Kernel-Tank-MASTER\Debug\libKernel-Tank-MASTER.a(tank_kernel_MASTER.o)
Timer0A             0x8               ..\..\Kernel-Tank-MASTER\Debug\libKernel-Tank-MASTER.a(tank_kernel_MASTER.o)
PinA3               0x3               ..\..\Kernel-Tank-MASTER\Debug\libKernel-Tank-MASTER.a(tank_kernel_MASTER.o)
PinC5               0x3               ..\..\Kernel-Tank-MASTER\Debug\libKernel-Tank-MASTER.a(tank_kernel_MASTER.o)
PinC1               0x3               ..\..\Kernel-Tank-MASTER\Debug\libKernel-Tank-MASTER.a(tank_kernel_MASTER.o)
PinB0               0x3               ..\..\Kernel-Tank-MASTER\Debug\libKernel-Tank-MASTER.a(tank_kernel_MASTER.o)
PortC               0x6               ..\..\Kernel-Tank-MASTER\Debug\libKernel-Tank-MASTER.a(tank_kernel_MASTER.o)
PinA0               0x3               ..\..\Kernel-Tank-MASTER\Debug\libKernel-Tank-MASTER.a(tank_kernel_MASTER.o)
PortA               0x6               ..\..\Kernel-Tank-MASTER\Debug\libKernel-Tank-MASTER.a(tank_kernel_MASTER.o)
PinB3               0x3               ..\..\Kernel-Tank-MASTER\Debug\libKernel-Tank-MASTER.a(tank_kernel_MASTER.o)
PinA7               0x3               ..\..\Kernel-Tank-MASTER\Debug\libKernel-Tank-MASTER.a(tank_kernel_MASTER.o)
Timer2              0x7               ..\..\Kernel-Tank-MASTER\Debug\libKernel-Tank-MASTER.a(tank_kernel_MASTER.o)
PinB4               0x3               ..\..\Kernel-Tank-MASTER\Debug\libKernel-Tank-MASTER.a(tank_kernel_MASTER.o)
RightMotor          0x7               ..\..\Kernel-Tank-MASTER\Debug\libKernel-Tank-MASTER.a(tank_kernel_MASTER.o)
PinC2               0x3               ..\..\Kernel-Tank-MASTER\Debug\libKernel-Tank-MASTER.a(tank_kernel_MASTER.o)
PinD5               0x3               ..\..\Kernel-Tank-MASTER\Debug\libKernel-Tank-MASTER.a(tank_kernel_MASTER.o)
__idle_process      0x2               ..\..\Kernel-Tank-MASTER\Debug\libKernel-Tank-MASTER.a(tank_kernel_MASTER.o)
PinC0               0x3               ..\..\Kernel-Tank-MASTER\Debug\libKernel-Tank-MASTER.a(tank_kernel_MASTER.o)
PinD7               0x3               ..\..\Kernel-Tank-MASTER\Debug\libKernel-Tank-MASTER.a(tank_kernel_MASTER.o)
Timer2B             0x8               ..\..\Kernel-Tank-MASTER\Debug\libKernel-Tank-MASTER.a(tank_kernel_MASTER.o)
Timer1B             0x8               ..\..\Kernel-Tank-MASTER\Debug\libKernel-Tank-MASTER.a(tank_kernel_MASTER.o)
__flp               0x2               c:/program files (x86)/atmel/atmel studio 6.0/extensions/atmel/avrgcc/3.3.2.31/avrtoolchain/bin/../lib/gcc/avr/4.5.1/../../../../avr/lib/avr51\libc.a(malloc.o)
PinD4               0x3               ..\..\Kernel-Tank-MASTER\Debug\libKernel-Tank-MASTER.a(tank_kernel_MASTER.o)
Timer0B             0x8               ..\..\Kernel-Tank-MASTER\Debug\libKernel-Tank-MASTER.a(tank_kernel_MASTER.o)
PinA6               0x3               ..\..\Kernel-Tank-MASTER\Debug\libKernel-Tank-MASTER.a(tank_kernel_MASTER.o)
Timer1              0x7               ..\..\Kernel-Tank-MASTER\Debug\libKernel-Tank-MASTER.a(tank_kernel_MASTER.o)
PinD6               0x3               ..\..\Kernel-Tank-MASTER\Debug\libKernel-Tank-MASTER.a(tank_kernel_MASTER.o)
PinA1               0x3               ..\..\Kernel-Tank-MASTER\Debug\libKernel-Tank-MASTER.a(tank_kernel_MASTER.o)
PinB1               0x3               ..\..\Kernel-Tank-MASTER\Debug\libKernel-Tank-MASTER.a(tank_kernel_MASTER.o)
PortB               0x6               ..\..\Kernel-Tank-MASTER\Debug\libKernel-Tank-MASTER.a(tank_kernel_MASTER.o)

Memory Configuration

Name             Origin             Length             Attributes
text             0x00000000         0x00020000         xr
data             0x00800100         0x0000ff00         rw !x
eeprom           0x00810000         0x00010000         rw !x
fuse             0x00820000         0x00000400         rw !x
lock             0x00830000         0x00000400         rw !x
signature        0x00840000         0x00000400         rw !x
*default*        0x00000000         0xffffffff

Linker script and memory map

Address of section .data set to 0x800100
LOAD c:/program files (x86)/atmel/atmel studio 6.0/extensions/atmel/avrgcc/3.3.2.31/avrtoolchain/bin/../lib/gcc/avr/4.5.1/../../../../avr/lib/avr51/crtm1284p.o
LOAD Main.o
START GROUP
LOAD ..\..\AntonAvrLib\Debug\libAntonAvrLib.a
LOAD ..\..\Kernel-Tank-MASTER\Debug\libKernel-Tank-MASTER.a
LOAD c:/program files (x86)/atmel/atmel studio 6.0/extensions/atmel/avrgcc/3.3.2.31/avrtoolchain/bin/../lib/gcc/avr/4.5.1/../../../../avr/lib/avr51\libm.a
END GROUP
LOAD c:/program files (x86)/atmel/atmel studio 6.0/extensions/atmel/avrgcc/3.3.2.31/avrtoolchain/bin/../lib/gcc/avr/4.5.1/avr51\libgcc.a
LOAD c:/program files (x86)/atmel/atmel studio 6.0/extensions/atmel/avrgcc/3.3.2.31/avrtoolchain/bin/../lib/gcc/avr/4.5.1/../../../../avr/lib/avr51\libc.a
LOAD c:/program files (x86)/atmel/atmel studio 6.0/extensions/atmel/avrgcc/3.3.2.31/avrtoolchain/bin/../lib/gcc/avr/4.5.1/avr51\libgcc.a

.hash
 *(.hash)

.dynsym
 *(.dynsym)

.dynstr
 *(.dynstr)

.gnu.version
 *(.gnu.version)

.gnu.version_d
 *(.gnu.version_d)

.gnu.version_r
 *(.gnu.version_r)

.rel.init
 *(.rel.init)

.rela.init
 *(.rela.init)

.rel.text
 *(.rel.text)
 *(.rel.text.*)
 *(.rel.gnu.linkonce.t*)

.rela.text
 *(.rela.text)
 *(.rela.text.*)
 *(.rela.gnu.linkonce.t*)

.rel.fini
 *(.rel.fini)

.rela.fini
 *(.rela.fini)

.rel.rodata
 *(.rel.rodata)
 *(.rel.rodata.*)
 *(.rel.gnu.linkonce.r*)

.rela.rodata
 *(.rela.rodata)
 *(.rela.rodata.*)
 *(.rela.gnu.linkonce.r*)

.rel.data
 *(.rel.data)
 *(.rel.data.*)
 *(.rel.gnu.linkonce.d*)

.rela.data
 *(.rela.data)
 *(.rela.data.*)
 *(.rela.gnu.linkonce.d*)

.rel.ctors
 *(.rel.ctors)

.rela.ctors
 *(.rela.ctors)

.rel.dtors
 *(.rel.dtors)

.rela.dtors
 *(.rela.dtors)

.rel.got
 *(.rel.got)

.rela.got
 *(.rela.got)

.rel.bss
 *(.rel.bss)

.rela.bss
 *(.rela.bss)

.rel.plt
 *(.rel.plt)

.rela.plt
 *(.rela.plt)

.text           0x00000000     0x16e2
 *(.vectors)
 .vectors       0x00000000       0x8c c:/program files (x86)/atmel/atmel studio 6.0/extensions/atmel/avrgcc/3.3.2.31/avrtoolchain/bin/../lib/gcc/avr/4.5.1/../../../../avr/lib/avr51/crtm1284p.o
                0x00000000                __vector_default
                0x00000000                __vectors
 *(.vectors)
 *(.progmem.gcc*)
 *(.progmem*)
                0x0000008c                . = ALIGN (0x2)
                0x0000008c                __trampolines_start = .
 *(.trampolines)
 .trampolines   0x0000008c        0x0 linker stubs
 *(.trampolines*)
                0x0000008c                __trampolines_end = .
 *(.jumptables)
 *(.jumptables*)
 *(.lowtext)
 *(.lowtext*)
                0x0000008c                __ctors_start = .
 *(.ctors)
                0x0000008c                __ctors_end = .
                0x0000008c                __dtors_start = .
 *(.dtors)
                0x0000008c                __dtors_end = .
 SORT(*)(.ctors)
 SORT(*)(.dtors)
 *(.init0)
 .init0         0x0000008c        0x0 c:/program files (x86)/atmel/atmel studio 6.0/extensions/atmel/avrgcc/3.3.2.31/avrtoolchain/bin/../lib/gcc/avr/4.5.1/../../../../avr/lib/avr51/crtm1284p.o
                0x0000008c                __init
 *(.init0)
 *(.init1)
 *(.init1)
 *(.init2)
 .init2         0x0000008c        0xc c:/program files (x86)/atmel/atmel studio 6.0/extensions/atmel/avrgcc/3.3.2.31/avrtoolchain/bin/../lib/gcc/avr/4.5.1/../../../../avr/lib/avr51/crtm1284p.o
 *(.init2)
 *(.init3)
 *(.init3)
 *(.init4)
 .init4         0x00000098       0x1a c:/program files (x86)/atmel/atmel studio 6.0/extensions/atmel/avrgcc/3.3.2.31/avrtoolchain/bin/../lib/gcc/avr/4.5.1/avr51\libgcc.a(_copy_data.o)
                0x00000098                __do_copy_data
 .init4         0x000000b2       0x10 c:/program files (x86)/atmel/atmel studio 6.0/extensions/atmel/avrgcc/3.3.2.31/avrtoolchain/bin/../lib/gcc/avr/4.5.1/avr51\libgcc.a(_clear_bss.o)
                0x000000b2                __do_clear_bss
 *(.init4)
 *(.init5)
 *(.init5)
 *(.init6)
 *(.init6)
 *(.init7)
 *(.init7)
 *(.init8)
 .init8         0x000000c2       0x1c ..\..\Kernel-Tank-MASTER\Debug\libKernel-Tank-MASTER.a(tank_kernel_MASTER.o)
                0x000000c2                init_reset_condition_kernel_init
                0x000000c6                init_ports_m1284P_kernel_init
                0x000000ca                init_timer_m1284P_kernel_init
                0x000000ce                init_tank_motors_kernel_init
                0x000000d2                init_idle_scheduler_kernel_init
                0x000000d6                init_scheduler_kernel_init
                0x000000da                init_kernel_kernel_init
 *(.init8)
 *(.init9)
 .init9         0x000000de        0x8 c:/program files (x86)/atmel/atmel studio 6.0/extensions/atmel/avrgcc/3.3.2.31/avrtoolchain/bin/../lib/gcc/avr/4.5.1/../../../../avr/lib/avr51/crtm1284p.o
 *(.init9)
 *(.text)
 .text          0x000000e6        0x4 c:/program files (x86)/atmel/atmel studio 6.0/extensions/atmel/avrgcc/3.3.2.31/avrtoolchain/bin/../lib/gcc/avr/4.5.1/../../../../avr/lib/avr51/crtm1284p.o
                0x000000e6                __vector_22
                0x000000e6                __vector_28
                0x000000e6                __vector_1
                0x000000e6                __vector_34
                0x000000e6                __vector_24
                0x000000e6                __vector_12
                0x000000e6                __bad_interrupt
                0x000000e6                __vector_6
                0x000000e6                __vector_31
                0x000000e6                __vector_3
                0x000000e6                __vector_23
                0x000000e6                __vector_30
                0x000000e6                __vector_25
                0x000000e6                __vector_11
                0x000000e6                __vector_13
                0x000000e6                __vector_17
                0x000000e6                __vector_19
                0x000000e6                __vector_7
                0x000000e6                __vector_27
                0x000000e6                __vector_5
                0x000000e6                __vector_33
                0x000000e6                __vector_4
                0x000000e6                __vector_9
                0x000000e6                __vector_2
                0x000000e6                __vector_21
                0x000000e6                __vector_15
                0x000000e6                __vector_29
                0x000000e6                __vector_8
                0x000000e6                __vector_26
                0x000000e6                __vector_14
                0x000000e6                __vector_10
                0x000000e6                __vector_16
                0x000000e6                __vector_18
                0x000000e6                __vector_20
 .text          0x000000ea        0x0 Main.o
 .text          0x000000ea        0x0 ..\..\AntonAvrLib\Debug\libAntonAvrLib.a(dms_scheduler.o)
 .text          0x000000ea        0x0 ..\..\AntonAvrLib\Debug\libAntonAvrLib.a(scheduler.o)
 .text          0x000000ea      0x8a8 ..\..\Kernel-Tank-MASTER\Debug\libKernel-Tank-MASTER.a(tank_kernel_MASTER.o)
                0x000000ea                ProcessGraveyard
                0x000000f0                init_reset_condition
                0x000000fa                getResetStatus
                0x00000100                init_ports_m1284P
                0x0000038a                init_timer_m1284P
                0x00000464                initMotor
                0x00000484                initMotor2Pins
                0x000004ae                init_tank_motors
                0x000004e4                init_process_base
                0x00000530                createProcessBase3
                0x000005f2                createProcessBase2
                0x00000602                createProcessBase
                0x0000060c                switchContext
                0x000006b8                getCurrentProcess
                0x000006c2                switchProcess
                0x000006da                createProcess3
                0x0000072e                createProcess2
                0x0000073e                createProcess
                0x00000748                freeProcess
                0x0000077c                getProcessStackSize
                0x00000782                getFreeProcessStackSize
                0x00000794                getProcessNumber
                0x0000079c                getProcessMemory
                0x000007a6                init_process
                0x000007e2                init_idle_scheduler
                0x000007fe                idle_schedule
                0x00000808                init_scheduler
                0x00000836                start_scheduler
                0x00000844                schedule
                0x00000870                __vector_32
                0x0000095e                init_kernel
 .text          0x00000992        0x0 ..\..\AntonAvrLib\Debug\libAntonAvrLib.a(motor.o)
 .text          0x00000992        0x0 ..\..\AntonAvrLib\Debug\libAntonAvrLib.a(port.o)
 .text          0x00000992        0x0 ..\..\AntonAvrLib\Debug\libAntonAvrLib.a(timer.o)
 .text          0x00000992        0x0 ..\..\AntonAvrLib\Debug\libAntonAvrLib.a(rr_scheduler.o)
 .text          0x00000992        0x0 ..\..\AntonAvrLib\Debug\libAntonAvrLib.a(hardware_reset.o)
 .text          0x00000992        0x0 c:/program files (x86)/atmel/atmel studio 6.0/extensions/atmel/avrgcc/3.3.2.31/avrtoolchain/bin/../lib/gcc/avr/4.5.1/avr51\libgcc.a(_exit.o)
 .text          0x00000992        0x0 c:/program files (x86)/atmel/atmel studio 6.0/extensions/atmel/avrgcc/3.3.2.31/avrtoolchain/bin/../lib/gcc/avr/4.5.1/avr51\libgcc.a(_copy_data.o)
 .text          0x00000992        0x0 c:/program files (x86)/atmel/atmel studio 6.0/extensions/atmel/avrgcc/3.3.2.31/avrtoolchain/bin/../lib/gcc/avr/4.5.1/avr51\libgcc.a(_clear_bss.o)
 .text          0x00000992        0x0 c:/program files (x86)/atmel/atmel studio 6.0/extensions/atmel/avrgcc/3.3.2.31/avrtoolchain/bin/../lib/gcc/avr/4.5.1/../../../../avr/lib/avr51\libc.a(calloc.o)
 .text          0x00000992        0x0 c:/program files (x86)/atmel/atmel studio 6.0/extensions/atmel/avrgcc/3.3.2.31/avrtoolchain/bin/../lib/gcc/avr/4.5.1/../../../../avr/lib/avr51\libc.a(malloc.o)
 .text          0x00000992        0x0 c:/program files (x86)/atmel/atmel studio 6.0/extensions/atmel/avrgcc/3.3.2.31/avrtoolchain/bin/../lib/gcc/avr/4.5.1/../../../../avr/lib/avr51\libc.a(memset.o)
                0x00000992                . = ALIGN (0x2)
 *(.text.*)
 .text.MyPeriodicJob
                0x00000992       0x14 Main.o
                0x00000992                MyPeriodicJob
 .text.before_scheduler
                0x000009a6       0x14 Main.o
                0x000009a6                before_scheduler
 .text.main     0x000009ba       0x14 Main.o
                0x000009ba                main
 .text.AperiodicJobWrapper
                0x000009ce       0x26 ..\..\AntonAvrLib\Debug\libAntonAvrLib.a(dms_scheduler.o)
                0x000009ce                AperiodicJobWrapper
 .text.PeriodicJobWrapper
                0x000009f4       0x42 ..\..\AntonAvrLib\Debug\libAntonAvrLib.a(dms_scheduler.o)
                0x000009f4                PeriodicJobWrapper
 .text.dms_schedule
                0x00000a36       0x6c ..\..\AntonAvrLib\Debug\libAntonAvrLib.a(dms_scheduler.o)
                0x00000a36                dms_schedule
 .text.insertJobIntoList
                0x00000aa2       0x8a ..\..\AntonAvrLib\Debug\libAntonAvrLib.a(dms_scheduler.o)
                0x00000aa2                insertJobIntoList
 .text.initializeJob
                0x00000b2c       0x6c ..\..\AntonAvrLib\Debug\libAntonAvrLib.a(dms_scheduler.o)
                0x00000b2c                initializeJob
 .text.createPeriodicJob
                0x00000b98       0x7c ..\..\AntonAvrLib\Debug\libAntonAvrLib.a(dms_scheduler.o)
                0x00000b98                createPeriodicJob
 .text.createAperiodicJob
                0x00000c14       0x64 ..\..\AntonAvrLib\Debug\libAntonAvrLib.a(dms_scheduler.o)
                0x00000c14                createAperiodicJob
 .text.triggerAperiodicJob
                0x00000c78       0x10 ..\..\AntonAvrLib\Debug\libAntonAvrLib.a(dms_scheduler.o)
                0x00000c78                triggerAperiodicJob
 .text.schedule_next
                0x00000c88       0x12 ..\..\AntonAvrLib\Debug\libAntonAvrLib.a(scheduler.o)
                0x00000c88                schedule_next
 .text.processor_idle
                0x00000c9a       0x12 ..\..\AntonAvrLib\Debug\libAntonAvrLib.a(scheduler.o)
                0x00000c9a                processor_idle
 .text.processor_loop_idle
                0x00000cac        0x6 ..\..\AntonAvrLib\Debug\libAntonAvrLib.a(scheduler.o)
                0x00000cac                processor_loop_idle
 .text.stopMotor
                0x00000cb2       0x36 ..\..\AntonAvrLib\Debug\libAntonAvrLib.a(motor.o)
                0x00000cb2                stopMotor
 .text.getSpeed
                0x00000ce8        0xc ..\..\AntonAvrLib\Debug\libAntonAvrLib.a(motor.o)
                0x00000ce8                getSpeed
 .text.getDirection
                0x00000cf4       0x72 ..\..\AntonAvrLib\Debug\libAntonAvrLib.a(motor.o)
                0x00000cf4                getDirection
 .text.setSpeed
                0x00000d66       0x86 ..\..\AntonAvrLib\Debug\libAntonAvrLib.a(motor.o)
                0x00000d66                setSpeed
 .text.setSpeedForward
                0x00000dec        0xa ..\..\AntonAvrLib\Debug\libAntonAvrLib.a(motor.o)
                0x00000dec                setSpeedForward
 .text.setSpeedBackward
                0x00000df6        0xa ..\..\AntonAvrLib\Debug\libAntonAvrLib.a(motor.o)
                0x00000df6                setSpeedBackward
 .text.getDirSpeed
                0x00000e00       0x44 ..\..\AntonAvrLib\Debug\libAntonAvrLib.a(motor.o)
                0x00000e00                getDirSpeed
 .text.setDirSpeed
                0x00000e44       0x1e ..\..\AntonAvrLib\Debug\libAntonAvrLib.a(motor.o)
                0x00000e44                setDirSpeed
 .text.setPortOutput
                0x00000e62       0x10 ..\..\AntonAvrLib\Debug\libAntonAvrLib.a(port.o)
                0x00000e62                setPortOutput
 .text.setPortInput
                0x00000e72        0xe ..\..\AntonAvrLib\Debug\libAntonAvrLib.a(port.o)
                0x00000e72                setPortInput
 .text.setPinOutput
                0x00000e80       0x1c ..\..\AntonAvrLib\Debug\libAntonAvrLib.a(port.o)
                0x00000e80                setPinOutput
 .text.setPinInput
                0x00000e9c       0x1e ..\..\AntonAvrLib\Debug\libAntonAvrLib.a(port.o)
                0x00000e9c                setPinInput
 .text.writePort
                0x00000eba        0xc ..\..\AntonAvrLib\Debug\libAntonAvrLib.a(port.o)
                0x00000eba                writePort
 .text.readPort
                0x00000ec6        0xe ..\..\AntonAvrLib\Debug\libAntonAvrLib.a(port.o)
                0x00000ec6                readPort
 .text.setPinOne
                0x00000ed4       0x1c ..\..\AntonAvrLib\Debug\libAntonAvrLib.a(port.o)
                0x00000ed4                setPinOne
 .text.setPinZero
                0x00000ef0       0x1e ..\..\AntonAvrLib\Debug\libAntonAvrLib.a(port.o)
                0x00000ef0                setPinZero
 .text.writePin
                0x00000f0e       0x12 ..\..\AntonAvrLib\Debug\libAntonAvrLib.a(port.o)
                0x00000f0e                writePin
 .text.readPin  0x00000f20       0x22 ..\..\AntonAvrLib\Debug\libAntonAvrLib.a(port.o)
                0x00000f20                readPin
 .text.setCompareMatchOutputMode
                0x00000f42       0x58 ..\..\AntonAvrLib\Debug\libAntonAvrLib.a(timer.o)
                0x00000f42                setCompareMatchOutputMode
 .text.setTimerClockSelect
                0x00000f9a       0xc8 ..\..\AntonAvrLib\Debug\libAntonAvrLib.a(timer.o)
                0x00000f9a                setTimerClockSelect
 .text.setWaveformGenerationMode
                0x00001062      0x14e ..\..\AntonAvrLib\Debug\libAntonAvrLib.a(timer.o)
                0x00001062                setWaveformGenerationMode
 .text.enableTimerInterrupt
                0x000011b0       0x28 ..\..\AntonAvrLib\Debug\libAntonAvrLib.a(timer.o)
                0x000011b0                enableTimerInterrupt
 .text.enableOutputCompare
                0x000011d8       0x1e ..\..\AntonAvrLib\Debug\libAntonAvrLib.a(timer.o)
                0x000011d8                enableOutputCompare
 .text.disableOutputCompare
                0x000011f6        0xa ..\..\AntonAvrLib\Debug\libAntonAvrLib.a(timer.o)
                0x000011f6                disableOutputCompare
 .text.setTimerCompareValue
                0x00001200       0x30 ..\..\AntonAvrLib\Debug\libAntonAvrLib.a(timer.o)
                0x00001200                setTimerCompareValue
 .text.getTimerCompareValue
                0x00001230       0x2a ..\..\AntonAvrLib\Debug\libAntonAvrLib.a(timer.o)
                0x00001230                getTimerCompareValue
 .text.insertThreadIntoQueue
                0x0000125a       0x8a ..\..\AntonAvrLib\Debug\libAntonAvrLib.a(rr_scheduler.o)
                0x0000125a                insertThreadIntoQueue
 .text.createThread2
                0x000012e4       0x22 ..\..\AntonAvrLib\Debug\libAntonAvrLib.a(rr_scheduler.o)
                0x000012e4                createThread2
 .text.createThread
                0x00001306        0xa ..\..\AntonAvrLib\Debug\libAntonAvrLib.a(rr_scheduler.o)
                0x00001306                createThread
 .text.createThread3
                0x00001310       0x24 ..\..\AntonAvrLib\Debug\libAntonAvrLib.a(rr_scheduler.o)
                0x00001310                createThread3
 .text.createThread4
                0x00001334       0x28 ..\..\AntonAvrLib\Debug\libAntonAvrLib.a(rr_scheduler.o)
                0x00001334                createThread4
 .text.rr_schedule
                0x0000135c       0x8c ..\..\AntonAvrLib\Debug\libAntonAvrLib.a(rr_scheduler.o)
                0x0000135c                rr_schedule
 .text.rr_captureMainProcess
                0x000013e8       0x16 ..\..\AntonAvrLib\Debug\libAntonAvrLib.a(rr_scheduler.o)
                0x000013e8                rr_captureMainProcess
 .text.getCurrentThread
                0x000013fe        0x6 ..\..\AntonAvrLib\Debug\libAntonAvrLib.a(rr_scheduler.o)
                0x000013fe                getCurrentThread
 .text.HARDWARE_RESET
                0x00001404       0x16 ..\..\AntonAvrLib\Debug\libAntonAvrLib.a(hardware_reset.o)
                0x00001404                HARDWARE_RESET
 .text.libgcc   0x0000141a        0x0 c:/program files (x86)/atmel/atmel studio 6.0/extensions/atmel/avrgcc/3.3.2.31/avrtoolchain/bin/../lib/gcc/avr/4.5.1/avr51\libgcc.a(_exit.o)
 .text.libgcc   0x0000141a        0x0 c:/program files (x86)/atmel/atmel studio 6.0/extensions/atmel/avrgcc/3.3.2.31/avrtoolchain/bin/../lib/gcc/avr/4.5.1/avr51\libgcc.a(_copy_data.o)
 .text.libgcc   0x0000141a        0x0 c:/program files (x86)/atmel/atmel studio 6.0/extensions/atmel/avrgcc/3.3.2.31/avrtoolchain/bin/../lib/gcc/avr/4.5.1/avr51\libgcc.a(_clear_bss.o)
 .text.avr-libc
                0x0000141a       0x4a c:/program files (x86)/atmel/atmel studio 6.0/extensions/atmel/avrgcc/3.3.2.31/avrtoolchain/bin/../lib/gcc/avr/4.5.1/../../../../avr/lib/avr51\libc.a(calloc.o)
                0x0000141a                calloc
 .text.avr-libc
                0x00001464      0x266 c:/program files (x86)/atmel/atmel studio 6.0/extensions/atmel/avrgcc/3.3.2.31/avrtoolchain/bin/../lib/gcc/avr/4.5.1/../../../../avr/lib/avr51\libc.a(malloc.o)
                0x00001464                malloc
                0x00001598                free
 .text.avr-libc
                0x000016ca        0xe c:/program files (x86)/atmel/atmel studio 6.0/extensions/atmel/avrgcc/3.3.2.31/avrtoolchain/bin/../lib/gcc/avr/4.5.1/../../../../avr/lib/avr51\libc.a(memset.o)
                0x000016ca                memset
                0x000016d8                . = ALIGN (0x2)
 *(.fini9)
 .fini9         0x000016d8        0x0 c:/program files (x86)/atmel/atmel studio 6.0/extensions/atmel/avrgcc/3.3.2.31/avrtoolchain/bin/../lib/gcc/avr/4.5.1/avr51\libgcc.a(_exit.o)
                0x000016d8                _exit
                0x000016d8                exit
 *(.fini9)
 *(.fini8)
 *(.fini8)
 *(.fini7)
 *(.fini7)
 *(.fini6)
 *(.fini6)
 *(.fini5)
 *(.fini5)
 *(.fini4)
 *(.fini4)
 *(.fini3)
 *(.fini3)
 *(.fini2)
 *(.fini2)
 *(.fini1)
 .fini1         0x000016d8        0x6 ..\..\Kernel-Tank-MASTER\Debug\libKernel-Tank-MASTER.a(tank_kernel_MASTER.o)
                0x000016d8                MainProcessEnd
 *(.fini1)
 *(.fini0)
 .fini0         0x000016de        0x4 c:/program files (x86)/atmel/atmel studio 6.0/extensions/atmel/avrgcc/3.3.2.31/avrtoolchain/bin/../lib/gcc/avr/4.5.1/avr51\libgcc.a(_exit.o)
 *(.fini0)
                0x000016e2                _etext = .

.data           0x00800100       0xf4 load address 0x000016e2
                0x00800100                PROVIDE (__data_start, .)
 *(.data)
 .data          0x00800100        0x0 c:/program files (x86)/atmel/atmel studio 6.0/extensions/atmel/avrgcc/3.3.2.31/avrtoolchain/bin/../lib/gcc/avr/4.5.1/../../../../avr/lib/avr51/crtm1284p.o
 .data          0x00800100        0x0 Main.o
 .data          0x00800100        0x0 ..\..\AntonAvrLib\Debug\libAntonAvrLib.a(dms_scheduler.o)
 .data          0x00800100        0x0 ..\..\AntonAvrLib\Debug\libAntonAvrLib.a(scheduler.o)
 .data          0x00800100       0xe6 ..\..\Kernel-Tank-MASTER\Debug\libKernel-Tank-MASTER.a(tank_kernel_MASTER.o)
                0x00800100                __default_stack_size
                0x00800102                __nextProcessNumber
 .data          0x008001e6        0x0 ..\..\AntonAvrLib\Debug\libAntonAvrLib.a(motor.o)
 .data          0x008001e6        0x0 ..\..\AntonAvrLib\Debug\libAntonAvrLib.a(port.o)
 .data          0x008001e6        0x8 ..\..\AntonAvrLib\Debug\libAntonAvrLib.a(timer.o)
 .data          0x008001ee        0x0 ..\..\AntonAvrLib\Debug\libAntonAvrLib.a(rr_scheduler.o)
 .data          0x008001ee        0x0 ..\..\AntonAvrLib\Debug\libAntonAvrLib.a(hardware_reset.o)
 .data          0x008001ee        0x0 c:/program files (x86)/atmel/atmel studio 6.0/extensions/atmel/avrgcc/3.3.2.31/avrtoolchain/bin/../lib/gcc/avr/4.5.1/avr51\libgcc.a(_exit.o)
 .data          0x008001ee        0x0 c:/program files (x86)/atmel/atmel studio 6.0/extensions/atmel/avrgcc/3.3.2.31/avrtoolchain/bin/../lib/gcc/avr/4.5.1/avr51\libgcc.a(_copy_data.o)
 .data          0x008001ee        0x0 c:/program files (x86)/atmel/atmel studio 6.0/extensions/atmel/avrgcc/3.3.2.31/avrtoolchain/bin/../lib/gcc/avr/4.5.1/avr51\libgcc.a(_clear_bss.o)
 .data          0x008001ee        0x0 c:/program files (x86)/atmel/atmel studio 6.0/extensions/atmel/avrgcc/3.3.2.31/avrtoolchain/bin/../lib/gcc/avr/4.5.1/../../../../avr/lib/avr51\libc.a(calloc.o)
 .data          0x008001ee        0x6 c:/program files (x86)/atmel/atmel studio 6.0/extensions/atmel/avrgcc/3.3.2.31/avrtoolchain/bin/../lib/gcc/avr/4.5.1/../../../../avr/lib/avr51\libc.a(malloc.o)
                0x008001ee                __malloc_margin
                0x008001f0                __malloc_heap_start
                0x008001f2                __malloc_heap_end
 .data          0x008001f4        0x0 c:/program files (x86)/atmel/atmel studio 6.0/extensions/atmel/avrgcc/3.3.2.31/avrtoolchain/bin/../lib/gcc/avr/4.5.1/../../../../avr/lib/avr51\libc.a(memset.o)
 *(.data*)
 *(.rodata)
 *(.rodata*)
 *(.gnu.linkonce.d*)
                0x008001f4                . = ALIGN (0x2)
                0x008001f4                _edata = .
                0x008001f4                PROVIDE (__data_end, .)

.bss            0x008001f4      0x11b
                0x008001f4                PROVIDE (__bss_start, .)
 *(.bss)
 .bss           0x008001f4        0x0 c:/program files (x86)/atmel/atmel studio 6.0/extensions/atmel/avrgcc/3.3.2.31/avrtoolchain/bin/../lib/gcc/avr/4.5.1/../../../../avr/lib/avr51/crtm1284p.o
 .bss           0x008001f4        0x4 Main.o
                0x008001f4                counter
                0x008001f6                main_counter
 .bss           0x008001f8        0x0 ..\..\AntonAvrLib\Debug\libAntonAvrLib.a(dms_scheduler.o)
 .bss           0x008001f8        0x0 ..\..\AntonAvrLib\Debug\libAntonAvrLib.a(scheduler.o)
 .bss           0x008001f8        0x8 ..\..\Kernel-Tank-MASTER\Debug\libKernel-Tank-MASTER.a(tank_kernel_MASTER.o)
                0x008001f8                current_reset_status
                0x008001f9                __main_process_additional_memory
                0x008001fa                __current_process
                0x008001fc                milliseconds_running
 .bss           0x00800200        0x0 ..\..\AntonAvrLib\Debug\libAntonAvrLib.a(motor.o)
 .bss           0x00800200        0x0 ..\..\AntonAvrLib\Debug\libAntonAvrLib.a(port.o)
 .bss           0x00800200        0x0 ..\..\AntonAvrLib\Debug\libAntonAvrLib.a(timer.o)
 .bss           0x00800200        0x2 ..\..\AntonAvrLib\Debug\libAntonAvrLib.a(rr_scheduler.o)
                0x00800200                highestPrio
 .bss           0x00800202        0x0 ..\..\AntonAvrLib\Debug\libAntonAvrLib.a(hardware_reset.o)
 .bss           0x00800202        0x0 c:/program files (x86)/atmel/atmel studio 6.0/extensions/atmel/avrgcc/3.3.2.31/avrtoolchain/bin/../lib/gcc/avr/4.5.1/avr51\libgcc.a(_exit.o)
 .bss           0x00800202        0x0 c:/program files (x86)/atmel/atmel studio 6.0/extensions/atmel/avrgcc/3.3.2.31/avrtoolchain/bin/../lib/gcc/avr/4.5.1/avr51\libgcc.a(_copy_data.o)
 .bss           0x00800202        0x0 c:/program files (x86)/atmel/atmel studio 6.0/extensions/atmel/avrgcc/3.3.2.31/avrtoolchain/bin/../lib/gcc/avr/4.5.1/avr51\libgcc.a(_clear_bss.o)
 .bss           0x00800202        0x0 c:/program files (x86)/atmel/atmel studio 6.0/extensions/atmel/avrgcc/3.3.2.31/avrtoolchain/bin/../lib/gcc/avr/4.5.1/../../../../avr/lib/avr51\libc.a(calloc.o)
 .bss           0x00800202        0x0 c:/program files (x86)/atmel/atmel studio 6.0/extensions/atmel/avrgcc/3.3.2.31/avrtoolchain/bin/../lib/gcc/avr/4.5.1/../../../../avr/lib/avr51\libc.a(malloc.o)
 .bss           0x00800202        0x0 c:/program files (x86)/atmel/atmel studio 6.0/extensions/atmel/avrgcc/3.3.2.31/avrtoolchain/bin/../lib/gcc/avr/4.5.1/../../../../avr/lib/avr51\libc.a(memset.o)
 *(.bss*)
 *(COMMON)
 COMMON         0x00800202        0x2 ..\..\AntonAvrLib\Debug\libAntonAvrLib.a(dms_scheduler.o)
                0x00800202                processListHead
 COMMON         0x00800204       0xe4 ..\..\Kernel-Tank-MASTER\Debug\libKernel-Tank-MASTER.a(tank_kernel_MASTER.o)
                0x00800204                Timer3B
                0x0080020c                PinC7
                0x0080020f                Timer3
                0x00800216                PinB2
                0x00800219                PinB6
                0x0080021c                Timer1A
                0x00800224                PinD2
                0x00800227                PinD0
                0x0080022a                PinC4
                0x0080022d                PinA4
                0x00800230                PinD1
                0x00800233                Timer3A
                0x0080023b                PinC3
                0x0080023e                Timer0
                0x00800245                PinB7
                0x00800248                PinB5
                0x0080024b                Timer2A
                0x00800253                PortD
                0x00800259                PinA5
                0x0080025c                LeftMotor
                0x00800263                PinA2
                0x00800266                PinD3
                0x00800269                PinC6
                0x0080026c                Timer0A
                0x00800274                PinA3
                0x00800277                PinC5
                0x0080027a                PinC1
                0x0080027d                PinB0
                0x00800280                PortC
                0x00800286                PinA0
                0x00800289                PortA
                0x0080028f                PinB3
                0x00800292                PinA7
                0x00800295                Timer2
                0x0080029c                PinB4
                0x0080029f                RightMotor
                0x008002a6                PinC2
                0x008002a9                PinD5
                0x008002ac                __idle_process
                0x008002ae                PinC0
                0x008002b1                PinD7
                0x008002b4                Timer2B
                0x008002bc                Timer1B
                0x008002c4                PinD4
                0x008002c7                Timer0B
                0x008002cf                PinA6
                0x008002d2                Timer1
                0x008002d9                PinD6
                0x008002dc                PinA1
                0x008002df                PinB1
                0x008002e2                PortB
 COMMON         0x008002e8       0x23 ..\..\AntonAvrLib\Debug\libAntonAvrLib.a(rr_scheduler.o)
                0x008002e8                queues
 COMMON         0x0080030b        0x4 c:/program files (x86)/atmel/atmel studio 6.0/extensions/atmel/avrgcc/3.3.2.31/avrtoolchain/bin/../lib/gcc/avr/4.5.1/../../../../avr/lib/avr51\libc.a(malloc.o)
                0x0080030b                __brkval
                0x0080030d                __flp
                0x0080030f                PROVIDE (__bss_end, .)
                0x000016e2                __data_load_start = LOADADDR (.data)
                0x000017d6                __data_load_end = (__data_load_start + SIZEOF (.data))

.noinit         0x0080030f        0x0
                0x0080030f                PROVIDE (__noinit_start, .)
 *(.noinit*)
                0x0080030f                PROVIDE (__noinit_end, .)
                0x0080030f                _end = .
                0x0080030f                PROVIDE (__heap_start, .)

.eeprom         0x00810000        0x0
 *(.eeprom*)
                0x00810000                __eeprom_end = .

.fuse
 *(.fuse)
 *(.lfuse)
 *(.hfuse)
 *(.efuse)

.lock
 *(.lock*)

.signature
 *(.signature*)

.stab           0x00000000      0x738
 *(.stab)
 .stab          0x00000000      0x6cc c:/program files (x86)/atmel/atmel studio 6.0/extensions/atmel/avrgcc/3.3.2.31/avrtoolchain/bin/../lib/gcc/avr/4.5.1/../../../../avr/lib/avr51/crtm1284p.o
 .stab          0x000006cc       0x6c c:/program files (x86)/atmel/atmel studio 6.0/extensions/atmel/avrgcc/3.3.2.31/avrtoolchain/bin/../lib/gcc/avr/4.5.1/../../../../avr/lib/avr51\libc.a(memset.o)
                                 0x78 (size before relaxing)

.stabstr        0x00000000      0x10b
 *(.stabstr)
 .stabstr       0x00000000      0x10b c:/program files (x86)/atmel/atmel studio 6.0/extensions/atmel/avrgcc/3.3.2.31/avrtoolchain/bin/../lib/gcc/avr/4.5.1/../../../../avr/lib/avr51/crtm1284p.o

.stab.excl
 *(.stab.excl)

.stab.exclstr
 *(.stab.exclstr)

.stab.index
 *(.stab.index)

.stab.indexstr
 *(.stab.indexstr)

.comment
 *(.comment)

.debug
 *(.debug)

.line
 *(.line)

.debug_srcinfo
 *(.debug_srcinfo)

.debug_sfnames
 *(.debug_sfnames)

.debug_aranges  0x00000000      0x2f0
 *(.debug_aranges)
 .debug_aranges
                0x00000000       0x30 Main.o
 .debug_aranges
                0x00000030       0x58 ..\..\AntonAvrLib\Debug\libAntonAvrLib.a(dms_scheduler.o)
 .debug_aranges
                0x00000088       0x30 ..\..\AntonAvrLib\Debug\libAntonAvrLib.a(scheduler.o)
 .debug_aranges
                0x000000b8       0x60 ..\..\Kernel-Tank-MASTER\Debug\libKernel-Tank-MASTER.a(tank_kernel_MASTER.o)
 .debug_aranges
                0x00000118       0x58 ..\..\AntonAvrLib\Debug\libAntonAvrLib.a(motor.o)
 .debug_aranges
                0x00000170       0x68 ..\..\AntonAvrLib\Debug\libAntonAvrLib.a(port.o)
 .debug_aranges
                0x000001d8       0x58 ..\..\AntonAvrLib\Debug\libAntonAvrLib.a(timer.o)
 .debug_aranges
                0x00000230       0x58 ..\..\AntonAvrLib\Debug\libAntonAvrLib.a(rr_scheduler.o)
 .debug_aranges
                0x00000288       0x20 ..\..\AntonAvrLib\Debug\libAntonAvrLib.a(hardware_reset.o)
 .debug_aranges
                0x000002a8       0x20 c:/program files (x86)/atmel/atmel studio 6.0/extensions/atmel/avrgcc/3.3.2.31/avrtoolchain/bin/../lib/gcc/avr/4.5.1/../../../../avr/lib/avr51\libc.a(calloc.o)
 .debug_aranges
                0x000002c8       0x28 c:/program files (x86)/atmel/atmel studio 6.0/extensions/atmel/avrgcc/3.3.2.31/avrtoolchain/bin/../lib/gcc/avr/4.5.1/../../../../avr/lib/avr51\libc.a(malloc.o)

.debug_pubnames
                0x00000000      0xb7d
 *(.debug_pubnames)
 .debug_pubnames
                0x00000000       0x5f Main.o
 .debug_pubnames
                0x0000005f       0xd3 ..\..\AntonAvrLib\Debug\libAntonAvrLib.a(dms_scheduler.o)
 .debug_pubnames
                0x00000132       0x4f ..\..\AntonAvrLib\Debug\libAntonAvrLib.a(scheduler.o)
 .debug_pubnames
                0x00000181      0x651 ..\..\Kernel-Tank-MASTER\Debug\libKernel-Tank-MASTER.a(tank_kernel_MASTER.o)
 .debug_pubnames
                0x000007d2       0x94 ..\..\AntonAvrLib\Debug\libAntonAvrLib.a(motor.o)
 .debug_pubnames
                0x00000866       0xa7 ..\..\AntonAvrLib\Debug\libAntonAvrLib.a(port.o)
 .debug_pubnames
                0x0000090d       0xe2 ..\..\AntonAvrLib\Debug\libAntonAvrLib.a(timer.o)
 .debug_pubnames
                0x000009ef       0xcd ..\..\AntonAvrLib\Debug\libAntonAvrLib.a(rr_scheduler.o)
 .debug_pubnames
                0x00000abc       0x25 ..\..\AntonAvrLib\Debug\libAntonAvrLib.a(hardware_reset.o)
 .debug_pubnames
                0x00000ae1       0x1d c:/program files (x86)/atmel/atmel studio 6.0/extensions/atmel/avrgcc/3.3.2.31/avrtoolchain/bin/../lib/gcc/avr/4.5.1/../../../../avr/lib/avr51\libc.a(calloc.o)
 .debug_pubnames
                0x00000afe       0x7f c:/program files (x86)/atmel/atmel studio 6.0/extensions/atmel/avrgcc/3.3.2.31/avrtoolchain/bin/../lib/gcc/avr/4.5.1/../../../../avr/lib/avr51\libc.a(malloc.o)

.debug_info     0x00000000     0x2e46
 *(.debug_info)
 .debug_info    0x00000000       0xf4 Main.o
 .debug_info    0x000000f4      0x4fa ..\..\AntonAvrLib\Debug\libAntonAvrLib.a(dms_scheduler.o)
 .debug_info    0x000005ee      0x10d ..\..\AntonAvrLib\Debug\libAntonAvrLib.a(scheduler.o)
 .debug_info    0x000006fb     0x12bf ..\..\Kernel-Tank-MASTER\Debug\libKernel-Tank-MASTER.a(tank_kernel_MASTER.o)
 .debug_info    0x000019ba      0x4bf ..\..\AntonAvrLib\Debug\libAntonAvrLib.a(motor.o)
 .debug_info    0x00001e79      0x2d6 ..\..\AntonAvrLib\Debug\libAntonAvrLib.a(port.o)
 .debug_info    0x0000214f      0x50b ..\..\AntonAvrLib\Debug\libAntonAvrLib.a(timer.o)
 .debug_info    0x0000265a      0x440 ..\..\AntonAvrLib\Debug\libAntonAvrLib.a(rr_scheduler.o)
 .debug_info    0x00002a9a       0x85 ..\..\AntonAvrLib\Debug\libAntonAvrLib.a(hardware_reset.o)
 .debug_info    0x00002b1f       0x91 c:/program files (x86)/atmel/atmel studio 6.0/extensions/atmel/avrgcc/3.3.2.31/avrtoolchain/bin/../lib/gcc/avr/4.5.1/../../../../avr/lib/avr51\libc.a(calloc.o)
 .debug_info    0x00002bb0      0x296 c:/program files (x86)/atmel/atmel studio 6.0/extensions/atmel/avrgcc/3.3.2.31/avrtoolchain/bin/../lib/gcc/avr/4.5.1/../../../../avr/lib/avr51\libc.a(malloc.o)
 *(.gnu.linkonce.wi.*)

.debug_abbrev   0x00000000      0xba6
 *(.debug_abbrev)
 .debug_abbrev  0x00000000       0x8c Main.o
 .debug_abbrev  0x0000008c      0x17e ..\..\AntonAvrLib\Debug\libAntonAvrLib.a(dms_scheduler.o)
 .debug_abbrev  0x0000020a       0xaf ..\..\AntonAvrLib\Debug\libAntonAvrLib.a(scheduler.o)
 .debug_abbrev  0x000002b9      0x2aa ..\..\Kernel-Tank-MASTER\Debug\libKernel-Tank-MASTER.a(tank_kernel_MASTER.o)
 .debug_abbrev  0x00000563      0x14e ..\..\AntonAvrLib\Debug\libAntonAvrLib.a(motor.o)
 .debug_abbrev  0x000006b1      0x100 ..\..\AntonAvrLib\Debug\libAntonAvrLib.a(port.o)
 .debug_abbrev  0x000007b1      0x10e ..\..\AntonAvrLib\Debug\libAntonAvrLib.a(timer.o)
 .debug_abbrev  0x000008bf      0x12f ..\..\AntonAvrLib\Debug\libAntonAvrLib.a(rr_scheduler.o)
 .debug_abbrev  0x000009ee       0x4e ..\..\AntonAvrLib\Debug\libAntonAvrLib.a(hardware_reset.o)
 .debug_abbrev  0x00000a3c       0x75 c:/program files (x86)/atmel/atmel studio 6.0/extensions/atmel/avrgcc/3.3.2.31/avrtoolchain/bin/../lib/gcc/avr/4.5.1/../../../../avr/lib/avr51\libc.a(calloc.o)
 .debug_abbrev  0x00000ab1       0xf5 c:/program files (x86)/atmel/atmel studio 6.0/extensions/atmel/avrgcc/3.3.2.31/avrtoolchain/bin/../lib/gcc/avr/4.5.1/../../../../avr/lib/avr51\libc.a(malloc.o)

.debug_line     0x00000000     0x3f73
 *(.debug_line)
 .debug_line    0x00000000      0x75c Main.o
 .debug_line    0x0000075c      0x5b5 ..\..\AntonAvrLib\Debug\libAntonAvrLib.a(dms_scheduler.o)
 .debug_line    0x00000d11      0x3bc ..\..\AntonAvrLib\Debug\libAntonAvrLib.a(scheduler.o)
 .debug_line    0x000010cd      0xfec ..\..\Kernel-Tank-MASTER\Debug\libKernel-Tank-MASTER.a(tank_kernel_MASTER.o)
 .debug_line    0x000020b9      0x54d ..\..\AntonAvrLib\Debug\libAntonAvrLib.a(motor.o)
 .debug_line    0x00002606      0x460 ..\..\AntonAvrLib\Debug\libAntonAvrLib.a(port.o)
 .debug_line    0x00002a66      0x75e ..\..\AntonAvrLib\Debug\libAntonAvrLib.a(timer.o)
 .debug_line    0x000031c4      0x520 ..\..\AntonAvrLib\Debug\libAntonAvrLib.a(rr_scheduler.o)
 .debug_line    0x000036e4      0x32c ..\..\AntonAvrLib\Debug\libAntonAvrLib.a(hardware_reset.o)
 .debug_line    0x00003a10      0x15e c:/program files (x86)/atmel/atmel studio 6.0/extensions/atmel/avrgcc/3.3.2.31/avrtoolchain/bin/../lib/gcc/avr/4.5.1/../../../../avr/lib/avr51\libc.a(calloc.o)
 .debug_line    0x00003b6e      0x405 c:/program files (x86)/atmel/atmel studio 6.0/extensions/atmel/avrgcc/3.3.2.31/avrtoolchain/bin/../lib/gcc/avr/4.5.1/../../../../avr/lib/avr51\libc.a(malloc.o)

.debug_frame    0x00000000      0x670
 *(.debug_frame)
 .debug_frame   0x00000000       0x40 Main.o
 .debug_frame   0x00000040       0x90 ..\..\AntonAvrLib\Debug\libAntonAvrLib.a(dms_scheduler.o)
 .debug_frame   0x000000d0       0x40 ..\..\AntonAvrLib\Debug\libAntonAvrLib.a(scheduler.o)
 .debug_frame   0x00000110      0x290 ..\..\Kernel-Tank-MASTER\Debug\libKernel-Tank-MASTER.a(tank_kernel_MASTER.o)
 .debug_frame   0x000003a0       0x90 ..\..\AntonAvrLib\Debug\libAntonAvrLib.a(motor.o)
 .debug_frame   0x00000430       0xb0 ..\..\AntonAvrLib\Debug\libAntonAvrLib.a(port.o)
 .debug_frame   0x000004e0       0x90 ..\..\AntonAvrLib\Debug\libAntonAvrLib.a(timer.o)
 .debug_frame   0x00000570       0x90 ..\..\AntonAvrLib\Debug\libAntonAvrLib.a(rr_scheduler.o)
 .debug_frame   0x00000600       0x20 ..\..\AntonAvrLib\Debug\libAntonAvrLib.a(hardware_reset.o)
 .debug_frame   0x00000620       0x20 c:/program files (x86)/atmel/atmel studio 6.0/extensions/atmel/avrgcc/3.3.2.31/avrtoolchain/bin/../lib/gcc/avr/4.5.1/../../../../avr/lib/avr51\libc.a(calloc.o)
 .debug_frame   0x00000640       0x30 c:/program files (x86)/atmel/atmel studio 6.0/extensions/atmel/avrgcc/3.3.2.31/avrtoolchain/bin/../lib/gcc/avr/4.5.1/../../../../avr/lib/avr51\libc.a(malloc.o)

.debug_str      0x00000000     0x1130
 *(.debug_str)
 .debug_str     0x00000000       0xbe Main.o
                                 0xfa (size before relaxing)
 .debug_str     0x000000be      0x233 ..\..\AntonAvrLib\Debug\libAntonAvrLib.a(dms_scheduler.o)
                                0x2cb (size before relaxing)
 .debug_str     0x000002f1       0x51 ..\..\AntonAvrLib\Debug\libAntonAvrLib.a(scheduler.o)
                                0x12c (size before relaxing)
 .debug_str     0x00000342      0x892 ..\..\Kernel-Tank-MASTER\Debug\libKernel-Tank-MASTER.a(tank_kernel_MASTER.o)
                                0x9e2 (size before relaxing)
 .debug_str     0x00000bd4       0xbf ..\..\AntonAvrLib\Debug\libAntonAvrLib.a(motor.o)
                                0x27a (size before relaxing)
 .debug_str     0x00000c93       0x8c ..\..\AntonAvrLib\Debug\libAntonAvrLib.a(port.o)
                                0x15a (size before relaxing)
 .debug_str     0x00000d1f      0x147 ..\..\AntonAvrLib\Debug\libAntonAvrLib.a(timer.o)
                                0x45b (size before relaxing)
 .debug_str     0x00000e66      0x15e ..\..\AntonAvrLib\Debug\libAntonAvrLib.a(rr_scheduler.o)
                                0x2c7 (size before relaxing)
 .debug_str     0x00000fc4       0x2a ..\..\AntonAvrLib\Debug\libAntonAvrLib.a(hardware_reset.o)
                                 0xd3 (size before relaxing)
 .debug_str     0x00000fee       0x70 c:/program files (x86)/atmel/atmel studio 6.0/extensions/atmel/avrgcc/3.3.2.31/avrtoolchain/bin/../lib/gcc/avr/4.5.1/../../../../avr/lib/avr51\libc.a(calloc.o)
                                 0x9e (size before relaxing)
 .debug_str     0x0000105e       0xd2 c:/program files (x86)/atmel/atmel studio 6.0/extensions/atmel/avrgcc/3.3.2.31/avrtoolchain/bin/../lib/gcc/avr/4.5.1/../../../../avr/lib/avr51\libc.a(malloc.o)
                                0x17c (size before relaxing)

.debug_loc      0x00000000     0x1af8
 *(.debug_loc)
 .debug_loc     0x00000000      0x3de ..\..\AntonAvrLib\Debug\libAntonAvrLib.a(dms_scheduler.o)
 .debug_loc     0x000003de       0x18 ..\..\AntonAvrLib\Debug\libAntonAvrLib.a(scheduler.o)
 .debug_loc     0x000003f6      0x4b5 ..\..\Kernel-Tank-MASTER\Debug\libKernel-Tank-MASTER.a(tank_kernel_MASTER.o)
 .debug_loc     0x000008ab      0x30b ..\..\AntonAvrLib\Debug\libAntonAvrLib.a(motor.o)
 .debug_loc     0x00000bb6      0x168 ..\..\AntonAvrLib\Debug\libAntonAvrLib.a(port.o)
 .debug_loc     0x00000d1e      0x68c ..\..\AntonAvrLib\Debug\libAntonAvrLib.a(timer.o)
 .debug_loc     0x000013aa      0x2cd ..\..\AntonAvrLib\Debug\libAntonAvrLib.a(rr_scheduler.o)
 .debug_loc     0x00001677       0x58 c:/program files (x86)/atmel/atmel studio 6.0/extensions/atmel/avrgcc/3.3.2.31/avrtoolchain/bin/../lib/gcc/avr/4.5.1/../../../../avr/lib/avr51\libc.a(calloc.o)
 .debug_loc     0x000016cf      0x429 c:/program files (x86)/atmel/atmel studio 6.0/extensions/atmel/avrgcc/3.3.2.31/avrtoolchain/bin/../lib/gcc/avr/4.5.1/../../../../avr/lib/avr51\libc.a(malloc.o)

.debug_macinfo  0x00000000    0x48130
 *(.debug_macinfo)
 .debug_macinfo
                0x00000000     0x801b Main.o
 .debug_macinfo
                0x0000801b     0x8236 ..\..\AntonAvrLib\Debug\libAntonAvrLib.a(dms_scheduler.o)
 .debug_macinfo
                0x00010251     0x8034 ..\..\AntonAvrLib\Debug\libAntonAvrLib.a(scheduler.o)
 .debug_macinfo
                0x00018285     0x8f57 ..\..\Kernel-Tank-MASTER\Debug\libKernel-Tank-MASTER.a(tank_kernel_MASTER.o)
 .debug_macinfo
                0x000211dc     0x7e72 ..\..\AntonAvrLib\Debug\libAntonAvrLib.a(motor.o)
 .debug_macinfo
                0x0002904e     0x7c96 ..\..\AntonAvrLib\Debug\libAntonAvrLib.a(port.o)
 .debug_macinfo
                0x00030ce4     0x7d4d ..\..\AntonAvrLib\Debug\libAntonAvrLib.a(timer.o)
 .debug_macinfo
                0x00038a31     0x7b9f ..\..\AntonAvrLib\Debug\libAntonAvrLib.a(rr_scheduler.o)
 .debug_macinfo
                0x000405d0     0x7b60 ..\..\AntonAvrLib\Debug\libAntonAvrLib.a(hardware_reset.o)
OUTPUT(Main-Tank-MASTER.elf elf32-avr)
LOAD linker stubs

.debug_pubtypes
                0x00000000      0x54f
 .debug_pubtypes
                0x00000000       0x1f Main.o
 .debug_pubtypes
                0x0000001f       0xb7 ..\..\AntonAvrLib\Debug\libAntonAvrLib.a(dms_scheduler.o)
 .debug_pubtypes
                0x000000d6       0x45 ..\..\AntonAvrLib\Debug\libAntonAvrLib.a(scheduler.o)
 .debug_pubtypes
                0x0000011b      0x12e ..\..\Kernel-Tank-MASTER\Debug\libKernel-Tank-MASTER.a(tank_kernel_MASTER.o)
 .debug_pubtypes
                0x00000249       0xb6 ..\..\AntonAvrLib\Debug\libAntonAvrLib.a(motor.o)
 .debug_pubtypes
                0x000002ff       0x3a ..\..\AntonAvrLib\Debug\libAntonAvrLib.a(port.o)
 .debug_pubtypes
                0x00000339       0xbd ..\..\AntonAvrLib\Debug\libAntonAvrLib.a(timer.o)
 .debug_pubtypes
                0x000003f6       0xe5 ..\..\AntonAvrLib\Debug\libAntonAvrLib.a(rr_scheduler.o)
 .debug_pubtypes
                0x000004db       0x1e ..\..\AntonAvrLib\Debug\libAntonAvrLib.a(hardware_reset.o)
 .debug_pubtypes
                0x000004f9       0x1d c:/program files (x86)/atmel/atmel studio 6.0/extensions/atmel/avrgcc/3.3.2.31/avrtoolchain/bin/../lib/gcc/avr/4.5.1/../../../../avr/lib/avr51\libc.a(calloc.o)
 .debug_pubtypes
                0x00000516       0x39 c:/program files (x86)/atmel/atmel studio 6.0/extensions/atmel/avrgcc/3.3.2.31/avrtoolchain/bin/../lib/gcc/avr/4.5.1/../../../../avr/lib/avr51\libc.a(malloc.o)

.debug_ranges   0x00000000      0x288
 .debug_ranges  0x00000000       0x20 Main.o
 .debug_ranges  0x00000020       0x48 ..\..\AntonAvrLib\Debug\libAntonAvrLib.a(dms_scheduler.o)
 .debug_ranges  0x00000068       0x20 ..\..\AntonAvrLib\Debug\libAntonAvrLib.a(scheduler.o)
 .debug_ranges  0x00000088       0x80 ..\..\Kernel-Tank-MASTER\Debug\libKernel-Tank-MASTER.a(tank_kernel_MASTER.o)
 .debug_ranges  0x00000108       0x60 ..\..\AntonAvrLib\Debug\libAntonAvrLib.a(motor.o)
 .debug_ranges  0x00000168       0x58 ..\..\AntonAvrLib\Debug\libAntonAvrLib.a(port.o)
 .debug_ranges  0x000001c0       0x48 ..\..\AntonAvrLib\Debug\libAntonAvrLib.a(timer.o)
 .debug_ranges  0x00000208       0x48 ..\..\AntonAvrLib\Debug\libAntonAvrLib.a(rr_scheduler.o)
 .debug_ranges  0x00000250       0x10 ..\..\AntonAvrLib\Debug\libAntonAvrLib.a(hardware_reset.o)
 .debug_ranges  0x00000260       0x10 c:/program files (x86)/atmel/atmel studio 6.0/extensions/atmel/avrgcc/3.3.2.31/avrtoolchain/bin/../lib/gcc/avr/4.5.1/../../../../avr/lib/avr51\libc.a(calloc.o)
 .debug_ranges  0x00000270       0x18 c:/program files (x86)/atmel/atmel studio 6.0/extensions/atmel/avrgcc/3.3.2.31/avrtoolchain/bin/../lib/gcc/avr/4.5.1/../../../../avr/lib/avr51\libc.a(malloc.o)
