Archive member included because of file (symbol)

..\..\AntonAvrLib\Debug\libAntonAvrLib.a(dms_scheduler.o)
                              Main.o (createPeriodicJob)
..\..\AntonAvrLib\Debug\libAntonAvrLib.a(scheduler.o)
                              ..\..\AntonAvrLib\Debug\libAntonAvrLib.a(dms_scheduler.o) (schedule_next)
..\..\Kernel-Tank-MASTER\Debug\libKernel-Tank-MASTER.a(tank_kernel_MASTER.o)
                              ..\..\AntonAvrLib\Debug\libAntonAvrLib.a(dms_scheduler.o) (__default_stack_size)
..\..\AntonAvrLib\Debug\libAntonAvrLib.a(motor.o)
                              ..\..\Kernel-Tank-MASTER\Debug\libKernel-Tank-MASTER.a(tank_kernel_MASTER.o) (stopMotor)
..\..\AntonAvrLib\Debug\libAntonAvrLib.a(port.o)
                              ..\..\Kernel-Tank-MASTER\Debug\libKernel-Tank-MASTER.a(tank_kernel_MASTER.o) (setPinOutput)
..\..\AntonAvrLib\Debug\libAntonAvrLib.a(timer.o)
                              ..\..\Kernel-Tank-MASTER\Debug\libKernel-Tank-MASTER.a(tank_kernel_MASTER.o) (setTimerClockSelect)
..\..\AntonAvrLib\Debug\libAntonAvrLib.a(rr_scheduler.o)
                              ..\..\Kernel-Tank-MASTER\Debug\libKernel-Tank-MASTER.a(tank_kernel_MASTER.o) (rr_schedule)
..\..\AntonAvrLib\Debug\libAntonAvrLib.a(hardware_reset.o)
                              ..\..\Kernel-Tank-MASTER\Debug\libKernel-Tank-MASTER.a(tank_kernel_MASTER.o) (HARDWARE_RESET)
c:/program files (x86)/atmel/atmel studio 6.0/extensions/atmel/avrgcc/3.3.2.31/avrtoolchain/bin/../lib/gcc/avr/4.5.1/avr51\libgcc.a(_exit.o)
                              c:/program files (x86)/atmel/atmel studio 6.0/extensions/atmel/avrgcc/3.3.2.31/avrtoolchain/bin/../lib/gcc/avr/4.5.1/../../../../avr/lib/avr51/crtm1284p.o (exit)
c:/program files (x86)/atmel/atmel studio 6.0/extensions/atmel/avrgcc/3.3.2.31/avrtoolchain/bin/../lib/gcc/avr/4.5.1/avr51\libgcc.a(_copy_data.o)
                              ..\..\Kernel-Tank-MASTER\Debug\libKernel-Tank-MASTER.a(tank_kernel_MASTER.o) (__do_copy_data)
c:/program files (x86)/atmel/atmel studio 6.0/extensions/atmel/avrgcc/3.3.2.31/avrtoolchain/bin/../lib/gcc/avr/4.5.1/avr51\libgcc.a(_clear_bss.o)
                              Main.o (__do_clear_bss)
c:/program files (x86)/atmel/atmel studio 6.0/extensions/atmel/avrgcc/3.3.2.31/avrtoolchain/bin/../lib/gcc/avr/4.5.1/../../../../avr/lib/avr51\libc.a(calloc.o)
                              ..\..\Kernel-Tank-MASTER\Debug\libKernel-Tank-MASTER.a(tank_kernel_MASTER.o) (calloc)
c:/program files (x86)/atmel/atmel studio 6.0/extensions/atmel/avrgcc/3.3.2.31/avrtoolchain/bin/../lib/gcc/avr/4.5.1/../../../../avr/lib/avr51\libc.a(malloc.o)
                              c:/program files (x86)/atmel/atmel studio 6.0/extensions/atmel/avrgcc/3.3.2.31/avrtoolchain/bin/../lib/gcc/avr/4.5.1/../../../../avr/lib/avr51\libc.a(calloc.o) (malloc)
c:/program files (x86)/atmel/atmel studio 6.0/extensions/atmel/avrgcc/3.3.2.31/avrtoolchain/bin/../lib/gcc/avr/4.5.1/../../../../avr/lib/avr51\libc.a(memset.o)
                              c:/program files (x86)/atmel/atmel studio 6.0/extensions/atmel/avrgcc/3.3.2.31/avrtoolchain/bin/../lib/gcc/avr/4.5.1/../../../../avr/lib/avr51\libc.a(calloc.o) (memset)

Allocating common symbols
Common symbol       size              file

processListHead     0x2               ..\..\AntonAvrLib\Debug\libAntonAvrLib.a(dms_scheduler.o)
Timer3B             0x8               ..\..\Kernel-Tank-MASTER\Debug\libKernel-Tank-MASTER.a(tank_kernel_MASTER.o)
twi_address         0x1               ..\..\Kernel-Tank-MASTER\Debug\libKernel-Tank-MASTER.a(tank_kernel_MASTER.o)
PinC7               0x3               ..\..\Kernel-Tank-MASTER\Debug\libKernel-Tank-MASTER.a(tank_kernel_MASTER.o)
Timer3              0x7               ..\..\Kernel-Tank-MASTER\Debug\libKernel-Tank-MASTER.a(tank_kernel_MASTER.o)
PinB2               0x3               ..\..\Kernel-Tank-MASTER\Debug\libKernel-Tank-MASTER.a(tank_kernel_MASTER.o)
PinB6               0x3               ..\..\Kernel-Tank-MASTER\Debug\libKernel-Tank-MASTER.a(tank_kernel_MASTER.o)
Timer1A             0x8               ..\..\Kernel-Tank-MASTER\Debug\libKernel-Tank-MASTER.a(tank_kernel_MASTER.o)
PinD2               0x3               ..\..\Kernel-Tank-MASTER\Debug\libKernel-Tank-MASTER.a(tank_kernel_MASTER.o)
PinD0               0x3               ..\..\Kernel-Tank-MASTER\Debug\libKernel-Tank-MASTER.a(tank_kernel_MASTER.o)
PinC4               0x3               ..\..\Kernel-Tank-MASTER\Debug\libKernel-Tank-MASTER.a(tank_kernel_MASTER.o)
PinA4               0x3               ..\..\Kernel-Tank-MASTER\Debug\libKernel-Tank-MASTER.a(tank_kernel_MASTER.o)
PinD1               0x3               ..\..\Kernel-Tank-MASTER\Debug\libKernel-Tank-MASTER.a(tank_kernel_MASTER.o)
Timer3A             0x8               ..\..\Kernel-Tank-MASTER\Debug\libKernel-Tank-MASTER.a(tank_kernel_MASTER.o)
twi_defaultSlaveBufferData
                    0x40              ..\..\Kernel-Tank-MASTER\Debug\libKernel-Tank-MASTER.a(tank_kernel_MASTER.o)
PinC3               0x3               ..\..\Kernel-Tank-MASTER\Debug\libKernel-Tank-MASTER.a(tank_kernel_MASTER.o)
Timer0              0x7               ..\..\Kernel-Tank-MASTER\Debug\libKernel-Tank-MASTER.a(tank_kernel_MASTER.o)
PinB7               0x3               ..\..\Kernel-Tank-MASTER\Debug\libKernel-Tank-MASTER.a(tank_kernel_MASTER.o)
PinB5               0x3               ..\..\Kernel-Tank-MASTER\Debug\libKernel-Tank-MASTER.a(tank_kernel_MASTER.o)
Timer2A             0x8               ..\..\Kernel-Tank-MASTER\Debug\libKernel-Tank-MASTER.a(tank_kernel_MASTER.o)
PortD               0x6               ..\..\Kernel-Tank-MASTER\Debug\libKernel-Tank-MASTER.a(tank_kernel_MASTER.o)
__brkval            0x2               c:/program files (x86)/atmel/atmel studio 6.0/extensions/atmel/avrgcc/3.3.2.31/avrtoolchain/bin/../lib/gcc/avr/4.5.1/../../../../avr/lib/avr51\libc.a(malloc.o)
PinA5               0x3               ..\..\Kernel-Tank-MASTER\Debug\libKernel-Tank-MASTER.a(tank_kernel_MASTER.o)
LeftMotor           0x7               ..\..\Kernel-Tank-MASTER\Debug\libKernel-Tank-MASTER.a(tank_kernel_MASTER.o)
PinA2               0x3               ..\..\Kernel-Tank-MASTER\Debug\libKernel-Tank-MASTER.a(tank_kernel_MASTER.o)
PinD3               0x3               ..\..\Kernel-Tank-MASTER\Debug\libKernel-Tank-MASTER.a(tank_kernel_MASTER.o)
alreadyHandled      0x2               ..\..\Kernel-Tank-MASTER\Debug\libKernel-Tank-MASTER.a(tank_kernel_MASTER.o)
queues              0x23              ..\..\AntonAvrLib\Debug\libAntonAvrLib.a(rr_scheduler.o)
PinC6               0x3               ..\..\Kernel-Tank-MASTER\Debug\libKernel-Tank-MASTER.a(tank_kernel_MASTER.o)
Timer0A             0x8               ..\..\Kernel-Tank-MASTER\Debug\libKernel-Tank-MASTER.a(tank_kernel_MASTER.o)
PinA3               0x3               ..\..\Kernel-Tank-MASTER\Debug\libKernel-Tank-MASTER.a(tank_kernel_MASTER.o)
PinC5               0x3               ..\..\Kernel-Tank-MASTER\Debug\libKernel-Tank-MASTER.a(tank_kernel_MASTER.o)
PinC1               0x3               ..\..\Kernel-Tank-MASTER\Debug\libKernel-Tank-MASTER.a(tank_kernel_MASTER.o)
PinB0               0x3               ..\..\Kernel-Tank-MASTER\Debug\libKernel-Tank-MASTER.a(tank_kernel_MASTER.o)
PortC               0x6               ..\..\Kernel-Tank-MASTER\Debug\libKernel-Tank-MASTER.a(tank_kernel_MASTER.o)
PinA0               0x3               ..\..\Kernel-Tank-MASTER\Debug\libKernel-Tank-MASTER.a(tank_kernel_MASTER.o)
PortA               0x6               ..\..\Kernel-Tank-MASTER\Debug\libKernel-Tank-MASTER.a(tank_kernel_MASTER.o)
PinB3               0x3               ..\..\Kernel-Tank-MASTER\Debug\libKernel-Tank-MASTER.a(tank_kernel_MASTER.o)
nextTwiOperation    0x2               ..\..\Kernel-Tank-MASTER\Debug\libKernel-Tank-MASTER.a(tank_kernel_MASTER.o)
PinA7               0x3               ..\..\Kernel-Tank-MASTER\Debug\libKernel-Tank-MASTER.a(tank_kernel_MASTER.o)
twi_buffer          0x4               ..\..\Kernel-Tank-MASTER\Debug\libKernel-Tank-MASTER.a(tank_kernel_MASTER.o)
twi_running         0x2               ..\..\Kernel-Tank-MASTER\Debug\libKernel-Tank-MASTER.a(tank_kernel_MASTER.o)
Timer2              0x7               ..\..\Kernel-Tank-MASTER\Debug\libKernel-Tank-MASTER.a(tank_kernel_MASTER.o)
error               0x2               ..\..\Kernel-Tank-MASTER\Debug\libKernel-Tank-MASTER.a(tank_kernel_MASTER.o)
PinB4               0x3               ..\..\Kernel-Tank-MASTER\Debug\libKernel-Tank-MASTER.a(tank_kernel_MASTER.o)
RightMotor          0x7               ..\..\Kernel-Tank-MASTER\Debug\libKernel-Tank-MASTER.a(tank_kernel_MASTER.o)
PinC2               0x3               ..\..\Kernel-Tank-MASTER\Debug\libKernel-Tank-MASTER.a(tank_kernel_MASTER.o)
PinD5               0x3               ..\..\Kernel-Tank-MASTER\Debug\libKernel-Tank-MASTER.a(tank_kernel_MASTER.o)
__idle_process      0x2               ..\..\Kernel-Tank-MASTER\Debug\libKernel-Tank-MASTER.a(tank_kernel_MASTER.o)
PinC0               0x3               ..\..\Kernel-Tank-MASTER\Debug\libKernel-Tank-MASTER.a(tank_kernel_MASTER.o)
PinD7               0x3               ..\..\Kernel-Tank-MASTER\Debug\libKernel-Tank-MASTER.a(tank_kernel_MASTER.o)
Timer2B             0x8               ..\..\Kernel-Tank-MASTER\Debug\libKernel-Tank-MASTER.a(tank_kernel_MASTER.o)
Timer1B             0x8               ..\..\Kernel-Tank-MASTER\Debug\libKernel-Tank-MASTER.a(tank_kernel_MASTER.o)
__flp               0x2               c:/program files (x86)/atmel/atmel studio 6.0/extensions/atmel/avrgcc/3.3.2.31/avrtoolchain/bin/../lib/gcc/avr/4.5.1/../../../../avr/lib/avr51\libc.a(malloc.o)
PinD4               0x3               ..\..\Kernel-Tank-MASTER\Debug\libKernel-Tank-MASTER.a(tank_kernel_MASTER.o)
Timer0B             0x8               ..\..\Kernel-Tank-MASTER\Debug\libKernel-Tank-MASTER.a(tank_kernel_MASTER.o)
PinA6               0x3               ..\..\Kernel-Tank-MASTER\Debug\libKernel-Tank-MASTER.a(tank_kernel_MASTER.o)
Timer1              0x7               ..\..\Kernel-Tank-MASTER\Debug\libKernel-Tank-MASTER.a(tank_kernel_MASTER.o)
furtherOperations   0x15              ..\..\Kernel-Tank-MASTER\Debug\libKernel-Tank-MASTER.a(tank_kernel_MASTER.o)
PinD6               0x3               ..\..\Kernel-Tank-MASTER\Debug\libKernel-Tank-MASTER.a(tank_kernel_MASTER.o)
PinA1               0x3               ..\..\Kernel-Tank-MASTER\Debug\libKernel-Tank-MASTER.a(tank_kernel_MASTER.o)
PinB1               0x3               ..\..\Kernel-Tank-MASTER\Debug\libKernel-Tank-MASTER.a(tank_kernel_MASTER.o)
PortB               0x6               ..\..\Kernel-Tank-MASTER\Debug\libKernel-Tank-MASTER.a(tank_kernel_MASTER.o)

Memory Configuration

Name             Origin             Length             Attributes
text             0x00000000         0x00020000         xr
data             0x00800100         0x0000ff00         rw !x
eeprom           0x00810000         0x00010000         rw !x
fuse             0x00820000         0x00000400         rw !x
lock             0x00830000         0x00000400         rw !x
signature        0x00840000         0x00000400         rw !x
*default*        0x00000000         0xffffffff

Linker script and memory map

Address of section .data set to 0x800100
LOAD c:/program files (x86)/atmel/atmel studio 6.0/extensions/atmel/avrgcc/3.3.2.31/avrtoolchain/bin/../lib/gcc/avr/4.5.1/../../../../avr/lib/avr51/crtm1284p.o
LOAD Main.o
START GROUP
LOAD ..\..\AntonAvrLib\Debug\libAntonAvrLib.a
LOAD ..\..\Kernel-Tank-MASTER\Debug\libKernel-Tank-MASTER.a
LOAD c:/program files (x86)/atmel/atmel studio 6.0/extensions/atmel/avrgcc/3.3.2.31/avrtoolchain/bin/../lib/gcc/avr/4.5.1/../../../../avr/lib/avr51\libm.a
END GROUP
LOAD c:/program files (x86)/atmel/atmel studio 6.0/extensions/atmel/avrgcc/3.3.2.31/avrtoolchain/bin/../lib/gcc/avr/4.5.1/avr51\libgcc.a
LOAD c:/program files (x86)/atmel/atmel studio 6.0/extensions/atmel/avrgcc/3.3.2.31/avrtoolchain/bin/../lib/gcc/avr/4.5.1/../../../../avr/lib/avr51\libc.a
LOAD c:/program files (x86)/atmel/atmel studio 6.0/extensions/atmel/avrgcc/3.3.2.31/avrtoolchain/bin/../lib/gcc/avr/4.5.1/avr51\libgcc.a

.hash
 *(.hash)

.dynsym
 *(.dynsym)

.dynstr
 *(.dynstr)

.gnu.version
 *(.gnu.version)

.gnu.version_d
 *(.gnu.version_d)

.gnu.version_r
 *(.gnu.version_r)

.rel.init
 *(.rel.init)

.rela.init
 *(.rela.init)

.rel.text
 *(.rel.text)
 *(.rel.text.*)
 *(.rel.gnu.linkonce.t*)

.rela.text
 *(.rela.text)
 *(.rela.text.*)
 *(.rela.gnu.linkonce.t*)

.rel.fini
 *(.rel.fini)

.rela.fini
 *(.rela.fini)

.rel.rodata
 *(.rel.rodata)
 *(.rel.rodata.*)
 *(.rel.gnu.linkonce.r*)

.rela.rodata
 *(.rela.rodata)
 *(.rela.rodata.*)
 *(.rela.gnu.linkonce.r*)

.rel.data
 *(.rel.data)
 *(.rel.data.*)
 *(.rel.gnu.linkonce.d*)

.rela.data
 *(.rela.data)
 *(.rela.data.*)
 *(.rela.gnu.linkonce.d*)

.rel.ctors
 *(.rel.ctors)

.rela.ctors
 *(.rela.ctors)

.rel.dtors
 *(.rel.dtors)

.rela.dtors
 *(.rela.dtors)

.rel.got
 *(.rel.got)

.rela.got
 *(.rela.got)

.rel.bss
 *(.rel.bss)

.rela.bss
 *(.rela.bss)

.rel.plt
 *(.rel.plt)

.rela.plt
 *(.rela.plt)

.text           0x00000000     0x1ba8
 *(.vectors)
 .vectors       0x00000000       0x8c c:/program files (x86)/atmel/atmel studio 6.0/extensions/atmel/avrgcc/3.3.2.31/avrtoolchain/bin/../lib/gcc/avr/4.5.1/../../../../avr/lib/avr51/crtm1284p.o
                0x00000000                __vector_default
                0x00000000                __vectors
 *(.vectors)
 *(.progmem.gcc*)
 *(.progmem*)
                0x0000008c                . = ALIGN (0x2)
                0x0000008c                __trampolines_start = .
 *(.trampolines)
 .trampolines   0x0000008c        0x0 linker stubs
 *(.trampolines*)
                0x0000008c                __trampolines_end = .
 *(.jumptables)
 *(.jumptables*)
 *(.lowtext)
 *(.lowtext*)
                0x0000008c                __ctors_start = .
 *(.ctors)
                0x0000008c                __ctors_end = .
                0x0000008c                __dtors_start = .
 *(.dtors)
                0x0000008c                __dtors_end = .
 SORT(*)(.ctors)
 SORT(*)(.dtors)
 *(.init0)
 .init0         0x0000008c        0x0 c:/program files (x86)/atmel/atmel studio 6.0/extensions/atmel/avrgcc/3.3.2.31/avrtoolchain/bin/../lib/gcc/avr/4.5.1/../../../../avr/lib/avr51/crtm1284p.o
                0x0000008c                __init
 *(.init0)
 *(.init1)
 *(.init1)
 *(.init2)
 .init2         0x0000008c        0xc c:/program files (x86)/atmel/atmel studio 6.0/extensions/atmel/avrgcc/3.3.2.31/avrtoolchain/bin/../lib/gcc/avr/4.5.1/../../../../avr/lib/avr51/crtm1284p.o
 *(.init2)
 *(.init3)
 *(.init3)
 *(.init4)
 .init4         0x00000098       0x1a c:/program files (x86)/atmel/atmel studio 6.0/extensions/atmel/avrgcc/3.3.2.31/avrtoolchain/bin/../lib/gcc/avr/4.5.1/avr51\libgcc.a(_copy_data.o)
                0x00000098                __do_copy_data
 .init4         0x000000b2       0x10 c:/program files (x86)/atmel/atmel studio 6.0/extensions/atmel/avrgcc/3.3.2.31/avrtoolchain/bin/../lib/gcc/avr/4.5.1/avr51\libgcc.a(_clear_bss.o)
                0x000000b2                __do_clear_bss
 *(.init4)
 *(.init5)
 *(.init5)
 *(.init6)
 *(.init6)
 *(.init7)
 *(.init7)
 *(.init8)
 .init8         0x000000c2       0x20 ..\..\Kernel-Tank-MASTER\Debug\libKernel-Tank-MASTER.a(tank_kernel_MASTER.o)
                0x000000c2                init_reset_condition_kernel_init
                0x000000c6                init_ports_m1284P_kernel_init
                0x000000ca                init_timer_m1284P_kernel_init
                0x000000ce                init_tank_motors_kernel_init
                0x000000d2                init_twi_kernel_init
                0x000000d6                init_idle_scheduler_kernel_init
                0x000000da                init_scheduler_kernel_init
                0x000000de                init_kernel_kernel_init
 *(.init8)
 *(.init9)
 .init9         0x000000e2        0x8 c:/program files (x86)/atmel/atmel studio 6.0/extensions/atmel/avrgcc/3.3.2.31/avrtoolchain/bin/../lib/gcc/avr/4.5.1/../../../../avr/lib/avr51/crtm1284p.o
 *(.init9)
 *(.text)
 .text          0x000000ea        0x4 c:/program files (x86)/atmel/atmel studio 6.0/extensions/atmel/avrgcc/3.3.2.31/avrtoolchain/bin/../lib/gcc/avr/4.5.1/../../../../avr/lib/avr51/crtm1284p.o
                0x000000ea                __vector_22
                0x000000ea                __vector_28
                0x000000ea                __vector_1
                0x000000ea                __vector_34
                0x000000ea                __vector_24
                0x000000ea                __vector_12
                0x000000ea                __bad_interrupt
                0x000000ea                __vector_6
                0x000000ea                __vector_31
                0x000000ea                __vector_3
                0x000000ea                __vector_23
                0x000000ea                __vector_30
                0x000000ea                __vector_25
                0x000000ea                __vector_11
                0x000000ea                __vector_13
                0x000000ea                __vector_17
                0x000000ea                __vector_19
                0x000000ea                __vector_7
                0x000000ea                __vector_27
                0x000000ea                __vector_5
                0x000000ea                __vector_33
                0x000000ea                __vector_4
                0x000000ea                __vector_9
                0x000000ea                __vector_2
                0x000000ea                __vector_21
                0x000000ea                __vector_15
                0x000000ea                __vector_29
                0x000000ea                __vector_8
                0x000000ea                __vector_14
                0x000000ea                __vector_10
                0x000000ea                __vector_16
                0x000000ea                __vector_18
                0x000000ea                __vector_20
 .text          0x000000ee        0x0 Main.o
 .text          0x000000ee        0x0 ..\..\AntonAvrLib\Debug\libAntonAvrLib.a(dms_scheduler.o)
 .text          0x000000ee        0x0 ..\..\AntonAvrLib\Debug\libAntonAvrLib.a(scheduler.o)
 .text          0x000000ee      0xd00 ..\..\Kernel-Tank-MASTER\Debug\libKernel-Tank-MASTER.a(tank_kernel_MASTER.o)
                0x000001a8                ProcessGraveyard
                0x000001ae                init_reset_condition
                0x000001b8                getResetStatus
                0x000001be                init_ports_m1284P
                0x00000448                init_timer_m1284P
                0x00000522                initMotor
                0x00000542                initMotor2Pins
                0x0000056c                init_tank_motors
                0x000005a2                twi_unexpectedCondition
                0x000005a4                init_twi
                0x000005c2                next_twi_operation
                0x0000069c                twi_start_master_operation
                0x000006be                __vector_26
                0x00000934                twi_handleMasterRequest
                0x0000093e                twi_handleMasterTransmission
                0x00000940                init_process_base
                0x0000098c                createProcessBase3
                0x00000a4e                createProcessBase2
                0x00000a5e                createProcessBase
                0x00000a68                switchContext
                0x00000b14                getCurrentProcess
                0x00000b1e                switchProcess
                0x00000b36                createProcess3
                0x00000b8a                createProcess2
                0x00000b9a                createProcess
                0x00000ba4                freeProcess
                0x00000bd8                getProcessStackSize
                0x00000bde                getFreeProcessStackSize
                0x00000bf0                getProcessNumber
                0x00000bf8                getProcessMemory
                0x00000c02                init_process
                0x00000c3e                init_idle_scheduler
                0x00000c5a                idle_schedule
                0x00000c64                init_scheduler
                0x00000c92                start_scheduler
                0x00000ca0                schedule
                0x00000ccc                __vector_32
                0x00000dba                init_kernel
 .text          0x00000dee        0x0 ..\..\AntonAvrLib\Debug\libAntonAvrLib.a(motor.o)
 .text          0x00000dee        0x0 ..\..\AntonAvrLib\Debug\libAntonAvrLib.a(port.o)
 .text          0x00000dee        0x0 ..\..\AntonAvrLib\Debug\libAntonAvrLib.a(timer.o)
 .text          0x00000dee        0x0 ..\..\AntonAvrLib\Debug\libAntonAvrLib.a(rr_scheduler.o)
 .text          0x00000dee        0x0 ..\..\AntonAvrLib\Debug\libAntonAvrLib.a(hardware_reset.o)
 .text          0x00000dee        0x0 c:/program files (x86)/atmel/atmel studio 6.0/extensions/atmel/avrgcc/3.3.2.31/avrtoolchain/bin/../lib/gcc/avr/4.5.1/avr51\libgcc.a(_exit.o)
 .text          0x00000dee        0x0 c:/program files (x86)/atmel/atmel studio 6.0/extensions/atmel/avrgcc/3.3.2.31/avrtoolchain/bin/../lib/gcc/avr/4.5.1/avr51\libgcc.a(_copy_data.o)
 .text          0x00000dee        0x0 c:/program files (x86)/atmel/atmel studio 6.0/extensions/atmel/avrgcc/3.3.2.31/avrtoolchain/bin/../lib/gcc/avr/4.5.1/avr51\libgcc.a(_clear_bss.o)
 .text          0x00000dee        0x0 c:/program files (x86)/atmel/atmel studio 6.0/extensions/atmel/avrgcc/3.3.2.31/avrtoolchain/bin/../lib/gcc/avr/4.5.1/../../../../avr/lib/avr51\libc.a(calloc.o)
 .text          0x00000dee        0x0 c:/program files (x86)/atmel/atmel studio 6.0/extensions/atmel/avrgcc/3.3.2.31/avrtoolchain/bin/../lib/gcc/avr/4.5.1/../../../../avr/lib/avr51\libc.a(malloc.o)
 .text          0x00000dee        0x0 c:/program files (x86)/atmel/atmel studio 6.0/extensions/atmel/avrgcc/3.3.2.31/avrtoolchain/bin/../lib/gcc/avr/4.5.1/../../../../avr/lib/avr51\libc.a(memset.o)
                0x00000dee                . = ALIGN (0x2)
 *(.text.*)
 .text.MyPeriodicJob
                0x00000dee       0x8c Main.o
                0x00000dee                MyPeriodicJob
 .text.before_scheduler
                0x00000e7a       0x14 Main.o
                0x00000e7a                before_scheduler
 .text.main     0x00000e8e        0x6 Main.o
                0x00000e8e                main
 .text.AperiodicJobWrapper
                0x00000e94       0x26 ..\..\AntonAvrLib\Debug\libAntonAvrLib.a(dms_scheduler.o)
                0x00000e94                AperiodicJobWrapper
 .text.PeriodicJobWrapper
                0x00000eba       0x42 ..\..\AntonAvrLib\Debug\libAntonAvrLib.a(dms_scheduler.o)
                0x00000eba                PeriodicJobWrapper
 .text.dms_schedule
                0x00000efc       0x6c ..\..\AntonAvrLib\Debug\libAntonAvrLib.a(dms_scheduler.o)
                0x00000efc                dms_schedule
 .text.insertJobIntoList
                0x00000f68       0x8a ..\..\AntonAvrLib\Debug\libAntonAvrLib.a(dms_scheduler.o)
                0x00000f68                insertJobIntoList
 .text.initializeJob
                0x00000ff2       0x6c ..\..\AntonAvrLib\Debug\libAntonAvrLib.a(dms_scheduler.o)
                0x00000ff2                initializeJob
 .text.createPeriodicJob
                0x0000105e       0x7c ..\..\AntonAvrLib\Debug\libAntonAvrLib.a(dms_scheduler.o)
                0x0000105e                createPeriodicJob
 .text.createAperiodicJob
                0x000010da       0x64 ..\..\AntonAvrLib\Debug\libAntonAvrLib.a(dms_scheduler.o)
                0x000010da                createAperiodicJob
 .text.triggerAperiodicJob
                0x0000113e       0x10 ..\..\AntonAvrLib\Debug\libAntonAvrLib.a(dms_scheduler.o)
                0x0000113e                triggerAperiodicJob
 .text.schedule_next
                0x0000114e       0x12 ..\..\AntonAvrLib\Debug\libAntonAvrLib.a(scheduler.o)
                0x0000114e                schedule_next
 .text.processor_idle
                0x00001160       0x12 ..\..\AntonAvrLib\Debug\libAntonAvrLib.a(scheduler.o)
                0x00001160                processor_idle
 .text.processor_loop_idle
                0x00001172        0x6 ..\..\AntonAvrLib\Debug\libAntonAvrLib.a(scheduler.o)
                0x00001172                processor_loop_idle
 .text.stopMotor
                0x00001178       0x36 ..\..\AntonAvrLib\Debug\libAntonAvrLib.a(motor.o)
                0x00001178                stopMotor
 .text.getSpeed
                0x000011ae        0xc ..\..\AntonAvrLib\Debug\libAntonAvrLib.a(motor.o)
                0x000011ae                getSpeed
 .text.getDirection
                0x000011ba       0x72 ..\..\AntonAvrLib\Debug\libAntonAvrLib.a(motor.o)
                0x000011ba                getDirection
 .text.setSpeed
                0x0000122c       0x86 ..\..\AntonAvrLib\Debug\libAntonAvrLib.a(motor.o)
                0x0000122c                setSpeed
 .text.setSpeedForward
                0x000012b2        0xa ..\..\AntonAvrLib\Debug\libAntonAvrLib.a(motor.o)
                0x000012b2                setSpeedForward
 .text.setSpeedBackward
                0x000012bc        0xa ..\..\AntonAvrLib\Debug\libAntonAvrLib.a(motor.o)
                0x000012bc                setSpeedBackward
 .text.getDirSpeed
                0x000012c6       0x44 ..\..\AntonAvrLib\Debug\libAntonAvrLib.a(motor.o)
                0x000012c6                getDirSpeed
 .text.setDirSpeed
                0x0000130a       0x1e ..\..\AntonAvrLib\Debug\libAntonAvrLib.a(motor.o)
                0x0000130a                setDirSpeed
 .text.setPortOutput
                0x00001328       0x10 ..\..\AntonAvrLib\Debug\libAntonAvrLib.a(port.o)
                0x00001328                setPortOutput
 .text.setPortInput
                0x00001338        0xe ..\..\AntonAvrLib\Debug\libAntonAvrLib.a(port.o)
                0x00001338                setPortInput
 .text.setPinOutput
                0x00001346       0x1c ..\..\AntonAvrLib\Debug\libAntonAvrLib.a(port.o)
                0x00001346                setPinOutput
 .text.setPinInput
                0x00001362       0x1e ..\..\AntonAvrLib\Debug\libAntonAvrLib.a(port.o)
                0x00001362                setPinInput
 .text.writePort
                0x00001380        0xc ..\..\AntonAvrLib\Debug\libAntonAvrLib.a(port.o)
                0x00001380                writePort
 .text.readPort
                0x0000138c        0xe ..\..\AntonAvrLib\Debug\libAntonAvrLib.a(port.o)
                0x0000138c                readPort
 .text.setPinOne
                0x0000139a       0x1c ..\..\AntonAvrLib\Debug\libAntonAvrLib.a(port.o)
                0x0000139a                setPinOne
 .text.setPinZero
                0x000013b6       0x1e ..\..\AntonAvrLib\Debug\libAntonAvrLib.a(port.o)
                0x000013b6                setPinZero
 .text.writePin
                0x000013d4       0x12 ..\..\AntonAvrLib\Debug\libAntonAvrLib.a(port.o)
                0x000013d4                writePin
 .text.readPin  0x000013e6       0x22 ..\..\AntonAvrLib\Debug\libAntonAvrLib.a(port.o)
                0x000013e6                readPin
 .text.setCompareMatchOutputMode
                0x00001408       0x58 ..\..\AntonAvrLib\Debug\libAntonAvrLib.a(timer.o)
                0x00001408                setCompareMatchOutputMode
 .text.setTimerClockSelect
                0x00001460       0xc8 ..\..\AntonAvrLib\Debug\libAntonAvrLib.a(timer.o)
                0x00001460                setTimerClockSelect
 .text.setWaveformGenerationMode
                0x00001528      0x14e ..\..\AntonAvrLib\Debug\libAntonAvrLib.a(timer.o)
                0x00001528                setWaveformGenerationMode
 .text.enableTimerInterrupt
                0x00001676       0x28 ..\..\AntonAvrLib\Debug\libAntonAvrLib.a(timer.o)
                0x00001676                enableTimerInterrupt
 .text.enableOutputCompare
                0x0000169e       0x1e ..\..\AntonAvrLib\Debug\libAntonAvrLib.a(timer.o)
                0x0000169e                enableOutputCompare
 .text.disableOutputCompare
                0x000016bc        0xa ..\..\AntonAvrLib\Debug\libAntonAvrLib.a(timer.o)
                0x000016bc                disableOutputCompare
 .text.setTimerCompareValue
                0x000016c6       0x30 ..\..\AntonAvrLib\Debug\libAntonAvrLib.a(timer.o)
                0x000016c6                setTimerCompareValue
 .text.getTimerCompareValue
                0x000016f6       0x2a ..\..\AntonAvrLib\Debug\libAntonAvrLib.a(timer.o)
                0x000016f6                getTimerCompareValue
 .text.insertThreadIntoQueue
                0x00001720       0x8a ..\..\AntonAvrLib\Debug\libAntonAvrLib.a(rr_scheduler.o)
                0x00001720                insertThreadIntoQueue
 .text.createThread2
                0x000017aa       0x22 ..\..\AntonAvrLib\Debug\libAntonAvrLib.a(rr_scheduler.o)
                0x000017aa                createThread2
 .text.createThread
                0x000017cc        0xa ..\..\AntonAvrLib\Debug\libAntonAvrLib.a(rr_scheduler.o)
                0x000017cc                createThread
 .text.createThread3
                0x000017d6       0x24 ..\..\AntonAvrLib\Debug\libAntonAvrLib.a(rr_scheduler.o)
                0x000017d6                createThread3
 .text.createThread4
                0x000017fa       0x28 ..\..\AntonAvrLib\Debug\libAntonAvrLib.a(rr_scheduler.o)
                0x000017fa                createThread4
 .text.rr_schedule
                0x00001822       0x8c ..\..\AntonAvrLib\Debug\libAntonAvrLib.a(rr_scheduler.o)
                0x00001822                rr_schedule
 .text.rr_captureMainProcess
                0x000018ae       0x16 ..\..\AntonAvrLib\Debug\libAntonAvrLib.a(rr_scheduler.o)
                0x000018ae                rr_captureMainProcess
 .text.getCurrentThread
                0x000018c4        0x6 ..\..\AntonAvrLib\Debug\libAntonAvrLib.a(rr_scheduler.o)
                0x000018c4                getCurrentThread
 .text.HARDWARE_RESET
                0x000018ca       0x16 ..\..\AntonAvrLib\Debug\libAntonAvrLib.a(hardware_reset.o)
                0x000018ca                HARDWARE_RESET
 .text.libgcc   0x000018e0        0x0 c:/program files (x86)/atmel/atmel studio 6.0/extensions/atmel/avrgcc/3.3.2.31/avrtoolchain/bin/../lib/gcc/avr/4.5.1/avr51\libgcc.a(_exit.o)
 .text.libgcc   0x000018e0        0x0 c:/program files (x86)/atmel/atmel studio 6.0/extensions/atmel/avrgcc/3.3.2.31/avrtoolchain/bin/../lib/gcc/avr/4.5.1/avr51\libgcc.a(_copy_data.o)
 .text.libgcc   0x000018e0        0x0 c:/program files (x86)/atmel/atmel studio 6.0/extensions/atmel/avrgcc/3.3.2.31/avrtoolchain/bin/../lib/gcc/avr/4.5.1/avr51\libgcc.a(_clear_bss.o)
 .text.avr-libc
                0x000018e0       0x4a c:/program files (x86)/atmel/atmel studio 6.0/extensions/atmel/avrgcc/3.3.2.31/avrtoolchain/bin/../lib/gcc/avr/4.5.1/../../../../avr/lib/avr51\libc.a(calloc.o)
                0x000018e0                calloc
 .text.avr-libc
                0x0000192a      0x266 c:/program files (x86)/atmel/atmel studio 6.0/extensions/atmel/avrgcc/3.3.2.31/avrtoolchain/bin/../lib/gcc/avr/4.5.1/../../../../avr/lib/avr51\libc.a(malloc.o)
                0x0000192a                malloc
                0x00001a5e                free
 .text.avr-libc
                0x00001b90        0xe c:/program files (x86)/atmel/atmel studio 6.0/extensions/atmel/avrgcc/3.3.2.31/avrtoolchain/bin/../lib/gcc/avr/4.5.1/../../../../avr/lib/avr51\libc.a(memset.o)
                0x00001b90                memset
                0x00001b9e                . = ALIGN (0x2)
 *(.fini9)
 .fini9         0x00001b9e        0x0 c:/program files (x86)/atmel/atmel studio 6.0/extensions/atmel/avrgcc/3.3.2.31/avrtoolchain/bin/../lib/gcc/avr/4.5.1/avr51\libgcc.a(_exit.o)
                0x00001b9e                _exit
                0x00001b9e                exit
 *(.fini9)
 *(.fini8)
 *(.fini8)
 *(.fini7)
 *(.fini7)
 *(.fini6)
 *(.fini6)
 *(.fini5)
 *(.fini5)
 *(.fini4)
 *(.fini4)
 *(.fini3)
 *(.fini3)
 *(.fini2)
 *(.fini2)
 *(.fini1)
 .fini1         0x00001b9e        0x6 ..\..\Kernel-Tank-MASTER\Debug\libKernel-Tank-MASTER.a(tank_kernel_MASTER.o)
                0x00001b9e                MainProcessEnd
 *(.fini1)
 *(.fini0)
 .fini0         0x00001ba4        0x4 c:/program files (x86)/atmel/atmel studio 6.0/extensions/atmel/avrgcc/3.3.2.31/avrtoolchain/bin/../lib/gcc/avr/4.5.1/avr51\libgcc.a(_exit.o)
 *(.fini0)
                0x00001ba8                _etext = .

.data           0x00800100       0xf8 load address 0x00001ba8
                0x00800100                PROVIDE (__data_start, .)
 *(.data)
 .data          0x00800100        0x0 c:/program files (x86)/atmel/atmel studio 6.0/extensions/atmel/avrgcc/3.3.2.31/avrtoolchain/bin/../lib/gcc/avr/4.5.1/../../../../avr/lib/avr51/crtm1284p.o
 .data          0x00800100        0x0 Main.o
 .data          0x00800100        0x0 ..\..\AntonAvrLib\Debug\libAntonAvrLib.a(dms_scheduler.o)
 .data          0x00800100        0x0 ..\..\AntonAvrLib\Debug\libAntonAvrLib.a(scheduler.o)
 .data          0x00800100       0xea ..\..\Kernel-Tank-MASTER\Debug\libKernel-Tank-MASTER.a(tank_kernel_MASTER.o)
                0x00800100                twi_defaultSlaveBuffer
                0x00800104                __default_stack_size
                0x00800106                __nextProcessNumber
 .data          0x008001ea        0x0 ..\..\AntonAvrLib\Debug\libAntonAvrLib.a(motor.o)
 .data          0x008001ea        0x0 ..\..\AntonAvrLib\Debug\libAntonAvrLib.a(port.o)
 .data          0x008001ea        0x8 ..\..\AntonAvrLib\Debug\libAntonAvrLib.a(timer.o)
 .data          0x008001f2        0x0 ..\..\AntonAvrLib\Debug\libAntonAvrLib.a(rr_scheduler.o)
 .data          0x008001f2        0x0 ..\..\AntonAvrLib\Debug\libAntonAvrLib.a(hardware_reset.o)
 .data          0x008001f2        0x0 c:/program files (x86)/atmel/atmel studio 6.0/extensions/atmel/avrgcc/3.3.2.31/avrtoolchain/bin/../lib/gcc/avr/4.5.1/avr51\libgcc.a(_exit.o)
 .data          0x008001f2        0x0 c:/program files (x86)/atmel/atmel studio 6.0/extensions/atmel/avrgcc/3.3.2.31/avrtoolchain/bin/../lib/gcc/avr/4.5.1/avr51\libgcc.a(_copy_data.o)
 .data          0x008001f2        0x0 c:/program files (x86)/atmel/atmel studio 6.0/extensions/atmel/avrgcc/3.3.2.31/avrtoolchain/bin/../lib/gcc/avr/4.5.1/avr51\libgcc.a(_clear_bss.o)
 .data          0x008001f2        0x0 c:/program files (x86)/atmel/atmel studio 6.0/extensions/atmel/avrgcc/3.3.2.31/avrtoolchain/bin/../lib/gcc/avr/4.5.1/../../../../avr/lib/avr51\libc.a(calloc.o)
 .data          0x008001f2        0x6 c:/program files (x86)/atmel/atmel studio 6.0/extensions/atmel/avrgcc/3.3.2.31/avrtoolchain/bin/../lib/gcc/avr/4.5.1/../../../../avr/lib/avr51\libc.a(malloc.o)
                0x008001f2                __malloc_margin
                0x008001f4                __malloc_heap_start
                0x008001f6                __malloc_heap_end
 .data          0x008001f8        0x0 c:/program files (x86)/atmel/atmel studio 6.0/extensions/atmel/avrgcc/3.3.2.31/avrtoolchain/bin/../lib/gcc/avr/4.5.1/../../../../avr/lib/avr51\libc.a(memset.o)
 *(.data*)
 *(.rodata)
 *(.rodata*)
 *(.gnu.linkonce.d*)
                0x008001f8                . = ALIGN (0x2)
                0x008001f8                _edata = .
                0x008001f8                PROVIDE (__data_end, .)

.bss            0x008001f8      0x189
                0x008001f8                PROVIDE (__bss_start, .)
 *(.bss)
 .bss           0x008001f8        0x0 c:/program files (x86)/atmel/atmel studio 6.0/extensions/atmel/avrgcc/3.3.2.31/avrtoolchain/bin/../lib/gcc/avr/4.5.1/../../../../avr/lib/avr51/crtm1284p.o
 .bss           0x008001f8       0x10 Main.o
                0x008001f8                counter
                0x00800200                main_counter
 .bss           0x00800208        0x0 ..\..\AntonAvrLib\Debug\libAntonAvrLib.a(dms_scheduler.o)
 .bss           0x00800208        0x0 ..\..\AntonAvrLib\Debug\libAntonAvrLib.a(scheduler.o)
 .bss           0x00800208        0x8 ..\..\Kernel-Tank-MASTER\Debug\libKernel-Tank-MASTER.a(tank_kernel_MASTER.o)
                0x00800208                current_reset_status
                0x00800209                __main_process_additional_memory
                0x0080020a                __current_process
                0x0080020c                milliseconds_running
 .bss           0x00800210        0x0 ..\..\AntonAvrLib\Debug\libAntonAvrLib.a(motor.o)
 .bss           0x00800210        0x0 ..\..\AntonAvrLib\Debug\libAntonAvrLib.a(port.o)
 .bss           0x00800210        0x0 ..\..\AntonAvrLib\Debug\libAntonAvrLib.a(timer.o)
 .bss           0x00800210        0x2 ..\..\AntonAvrLib\Debug\libAntonAvrLib.a(rr_scheduler.o)
                0x00800210                highestPrio
 .bss           0x00800212        0x0 ..\..\AntonAvrLib\Debug\libAntonAvrLib.a(hardware_reset.o)
 .bss           0x00800212        0x0 c:/program files (x86)/atmel/atmel studio 6.0/extensions/atmel/avrgcc/3.3.2.31/avrtoolchain/bin/../lib/gcc/avr/4.5.1/avr51\libgcc.a(_exit.o)
 .bss           0x00800212        0x0 c:/program files (x86)/atmel/atmel studio 6.0/extensions/atmel/avrgcc/3.3.2.31/avrtoolchain/bin/../lib/gcc/avr/4.5.1/avr51\libgcc.a(_copy_data.o)
 .bss           0x00800212        0x0 c:/program files (x86)/atmel/atmel studio 6.0/extensions/atmel/avrgcc/3.3.2.31/avrtoolchain/bin/../lib/gcc/avr/4.5.1/avr51\libgcc.a(_clear_bss.o)
 .bss           0x00800212        0x0 c:/program files (x86)/atmel/atmel studio 6.0/extensions/atmel/avrgcc/3.3.2.31/avrtoolchain/bin/../lib/gcc/avr/4.5.1/../../../../avr/lib/avr51\libc.a(calloc.o)
 .bss           0x00800212        0x0 c:/program files (x86)/atmel/atmel studio 6.0/extensions/atmel/avrgcc/3.3.2.31/avrtoolchain/bin/../lib/gcc/avr/4.5.1/../../../../avr/lib/avr51\libc.a(malloc.o)
 .bss           0x00800212        0x0 c:/program files (x86)/atmel/atmel studio 6.0/extensions/atmel/avrgcc/3.3.2.31/avrtoolchain/bin/../lib/gcc/avr/4.5.1/../../../../avr/lib/avr51\libc.a(memset.o)
 *(.bss*)
 *(COMMON)
 COMMON         0x00800212        0x2 ..\..\AntonAvrLib\Debug\libAntonAvrLib.a(dms_scheduler.o)
                0x00800212                processListHead
 COMMON         0x00800214      0x146 ..\..\Kernel-Tank-MASTER\Debug\libKernel-Tank-MASTER.a(tank_kernel_MASTER.o)
                0x00800214                Timer3B
                0x0080021c                twi_address
                0x0080021d                PinC7
                0x00800220                Timer3
                0x00800227                PinB2
                0x0080022a                PinB6
                0x0080022d                Timer1A
                0x00800235                PinD2
                0x00800238                PinD0
                0x0080023b                PinC4
                0x0080023e                PinA4
                0x00800241                PinD1
                0x00800244                Timer3A
                0x0080024c                twi_defaultSlaveBufferData
                0x0080028c                PinC3
                0x0080028f                Timer0
                0x00800296                PinB7
                0x00800299                PinB5
                0x0080029c                Timer2A
                0x008002a4                PortD
                0x008002aa                PinA5
                0x008002ad                LeftMotor
                0x008002b4                PinA2
                0x008002b7                PinD3
                0x008002ba                alreadyHandled
                0x008002bc                PinC6
                0x008002bf                Timer0A
                0x008002c7                PinA3
                0x008002ca                PinC5
                0x008002cd                PinC1
                0x008002d0                PinB0
                0x008002d3                PortC
                0x008002d9                PinA0
                0x008002dc                PortA
                0x008002e2                PinB3
                0x008002e5                nextTwiOperation
                0x008002e7                PinA7
                0x008002ea                twi_buffer
                0x008002ee                twi_running
                0x008002f0                Timer2
                0x008002f7                error
                0x008002f9                PinB4
                0x008002fc                RightMotor
                0x00800303                PinC2
                0x00800306                PinD5
                0x00800309                __idle_process
                0x0080030b                PinC0
                0x0080030e                PinD7
                0x00800311                Timer2B
                0x00800319                Timer1B
                0x00800321                PinD4
                0x00800324                Timer0B
                0x0080032c                PinA6
                0x0080032f                Timer1
                0x00800336                furtherOperations
                0x0080034b                PinD6
                0x0080034e                PinA1
                0x00800351                PinB1
                0x00800354                PortB
 COMMON         0x0080035a       0x23 ..\..\AntonAvrLib\Debug\libAntonAvrLib.a(rr_scheduler.o)
                0x0080035a                queues
 COMMON         0x0080037d        0x4 c:/program files (x86)/atmel/atmel studio 6.0/extensions/atmel/avrgcc/3.3.2.31/avrtoolchain/bin/../lib/gcc/avr/4.5.1/../../../../avr/lib/avr51\libc.a(malloc.o)
                0x0080037d                __brkval
                0x0080037f                __flp
                0x00800381                PROVIDE (__bss_end, .)
                0x00001ba8                __data_load_start = LOADADDR (.data)
                0x00001ca0                __data_load_end = (__data_load_start + SIZEOF (.data))

.noinit         0x00800381        0x0
                0x00800381                PROVIDE (__noinit_start, .)
 *(.noinit*)
                0x00800381                PROVIDE (__noinit_end, .)
                0x00800381                _end = .
                0x00800381                PROVIDE (__heap_start, .)

.eeprom         0x00810000        0x0
 *(.eeprom*)
                0x00810000                __eeprom_end = .

.fuse
 *(.fuse)
 *(.lfuse)
 *(.hfuse)
 *(.efuse)

.lock
 *(.lock*)

.signature
 *(.signature*)

.stab           0x00000000      0x738
 *(.stab)
 .stab          0x00000000      0x6cc c:/program files (x86)/atmel/atmel studio 6.0/extensions/atmel/avrgcc/3.3.2.31/avrtoolchain/bin/../lib/gcc/avr/4.5.1/../../../../avr/lib/avr51/crtm1284p.o
 .stab          0x000006cc       0x6c c:/program files (x86)/atmel/atmel studio 6.0/extensions/atmel/avrgcc/3.3.2.31/avrtoolchain/bin/../lib/gcc/avr/4.5.1/../../../../avr/lib/avr51\libc.a(memset.o)
                                 0x78 (size before relaxing)

.stabstr        0x00000000      0x10b
 *(.stabstr)
 .stabstr       0x00000000      0x10b c:/program files (x86)/atmel/atmel studio 6.0/extensions/atmel/avrgcc/3.3.2.31/avrtoolchain/bin/../lib/gcc/avr/4.5.1/../../../../avr/lib/avr51/crtm1284p.o

.stab.excl
 *(.stab.excl)

.stab.exclstr
 *(.stab.exclstr)

.stab.index
 *(.stab.index)

.stab.indexstr
 *(.stab.indexstr)

.comment
 *(.comment)

.debug
 *(.debug)

.line
 *(.line)

.debug_srcinfo
 *(.debug_srcinfo)

.debug_sfnames
 *(.debug_sfnames)

.debug_aranges  0x00000000      0x2f8
 *(.debug_aranges)
 .debug_aranges
                0x00000000       0x30 Main.o
 .debug_aranges
                0x00000030       0x58 ..\..\AntonAvrLib\Debug\libAntonAvrLib.a(dms_scheduler.o)
 .debug_aranges
                0x00000088       0x30 ..\..\AntonAvrLib\Debug\libAntonAvrLib.a(scheduler.o)
 .debug_aranges
                0x000000b8       0x68 ..\..\Kernel-Tank-MASTER\Debug\libKernel-Tank-MASTER.a(tank_kernel_MASTER.o)
 .debug_aranges
                0x00000120       0x58 ..\..\AntonAvrLib\Debug\libAntonAvrLib.a(motor.o)
 .debug_aranges
                0x00000178       0x68 ..\..\AntonAvrLib\Debug\libAntonAvrLib.a(port.o)
 .debug_aranges
                0x000001e0       0x58 ..\..\AntonAvrLib\Debug\libAntonAvrLib.a(timer.o)
 .debug_aranges
                0x00000238       0x58 ..\..\AntonAvrLib\Debug\libAntonAvrLib.a(rr_scheduler.o)
 .debug_aranges
                0x00000290       0x20 ..\..\AntonAvrLib\Debug\libAntonAvrLib.a(hardware_reset.o)
 .debug_aranges
                0x000002b0       0x20 c:/program files (x86)/atmel/atmel studio 6.0/extensions/atmel/avrgcc/3.3.2.31/avrtoolchain/bin/../lib/gcc/avr/4.5.1/../../../../avr/lib/avr51\libc.a(calloc.o)
 .debug_aranges
                0x000002d0       0x28 c:/program files (x86)/atmel/atmel studio 6.0/extensions/atmel/avrgcc/3.3.2.31/avrtoolchain/bin/../lib/gcc/avr/4.5.1/../../../../avr/lib/avr51\libc.a(malloc.o)

.debug_pubnames
                0x00000000      0xcf3
 *(.debug_pubnames)
 .debug_pubnames
                0x00000000       0x5f Main.o
 .debug_pubnames
                0x0000005f       0xd3 ..\..\AntonAvrLib\Debug\libAntonAvrLib.a(dms_scheduler.o)
 .debug_pubnames
                0x00000132       0x4f ..\..\AntonAvrLib\Debug\libAntonAvrLib.a(scheduler.o)
 .debug_pubnames
                0x00000181      0x7c7 ..\..\Kernel-Tank-MASTER\Debug\libKernel-Tank-MASTER.a(tank_kernel_MASTER.o)
 .debug_pubnames
                0x00000948       0x94 ..\..\AntonAvrLib\Debug\libAntonAvrLib.a(motor.o)
 .debug_pubnames
                0x000009dc       0xa7 ..\..\AntonAvrLib\Debug\libAntonAvrLib.a(port.o)
 .debug_pubnames
                0x00000a83       0xe2 ..\..\AntonAvrLib\Debug\libAntonAvrLib.a(timer.o)
 .debug_pubnames
                0x00000b65       0xcd ..\..\AntonAvrLib\Debug\libAntonAvrLib.a(rr_scheduler.o)
 .debug_pubnames
                0x00000c32       0x25 ..\..\AntonAvrLib\Debug\libAntonAvrLib.a(hardware_reset.o)
 .debug_pubnames
                0x00000c57       0x1d c:/program files (x86)/atmel/atmel studio 6.0/extensions/atmel/avrgcc/3.3.2.31/avrtoolchain/bin/../lib/gcc/avr/4.5.1/../../../../avr/lib/avr51\libc.a(calloc.o)
 .debug_pubnames
                0x00000c74       0x7f c:/program files (x86)/atmel/atmel studio 6.0/extensions/atmel/avrgcc/3.3.2.31/avrtoolchain/bin/../lib/gcc/avr/4.5.1/../../../../avr/lib/avr51\libc.a(malloc.o)

.debug_info     0x00000000     0x3203
 *(.debug_info)
 .debug_info    0x00000000       0xdc Main.o
 .debug_info    0x000000dc      0x4fa ..\..\AntonAvrLib\Debug\libAntonAvrLib.a(dms_scheduler.o)
 .debug_info    0x000005d6      0x10d ..\..\AntonAvrLib\Debug\libAntonAvrLib.a(scheduler.o)
 .debug_info    0x000006e3     0x1694 ..\..\Kernel-Tank-MASTER\Debug\libKernel-Tank-MASTER.a(tank_kernel_MASTER.o)
 .debug_info    0x00001d77      0x4bf ..\..\AntonAvrLib\Debug\libAntonAvrLib.a(motor.o)
 .debug_info    0x00002236      0x2d6 ..\..\AntonAvrLib\Debug\libAntonAvrLib.a(port.o)
 .debug_info    0x0000250c      0x50b ..\..\AntonAvrLib\Debug\libAntonAvrLib.a(timer.o)
 .debug_info    0x00002a17      0x440 ..\..\AntonAvrLib\Debug\libAntonAvrLib.a(rr_scheduler.o)
 .debug_info    0x00002e57       0x85 ..\..\AntonAvrLib\Debug\libAntonAvrLib.a(hardware_reset.o)
 .debug_info    0x00002edc       0x91 c:/program files (x86)/atmel/atmel studio 6.0/extensions/atmel/avrgcc/3.3.2.31/avrtoolchain/bin/../lib/gcc/avr/4.5.1/../../../../avr/lib/avr51\libc.a(calloc.o)
 .debug_info    0x00002f6d      0x296 c:/program files (x86)/atmel/atmel studio 6.0/extensions/atmel/avrgcc/3.3.2.31/avrtoolchain/bin/../lib/gcc/avr/4.5.1/../../../../avr/lib/avr51\libc.a(malloc.o)
 *(.gnu.linkonce.wi.*)

.debug_abbrev   0x00000000      0xc0d
 *(.debug_abbrev)
 .debug_abbrev  0x00000000       0x7f Main.o
 .debug_abbrev  0x0000007f      0x17e ..\..\AntonAvrLib\Debug\libAntonAvrLib.a(dms_scheduler.o)
 .debug_abbrev  0x000001fd       0xaf ..\..\AntonAvrLib\Debug\libAntonAvrLib.a(scheduler.o)
 .debug_abbrev  0x000002ac      0x31e ..\..\Kernel-Tank-MASTER\Debug\libKernel-Tank-MASTER.a(tank_kernel_MASTER.o)
 .debug_abbrev  0x000005ca      0x14e ..\..\AntonAvrLib\Debug\libAntonAvrLib.a(motor.o)
 .debug_abbrev  0x00000718      0x100 ..\..\AntonAvrLib\Debug\libAntonAvrLib.a(port.o)
 .debug_abbrev  0x00000818      0x10e ..\..\AntonAvrLib\Debug\libAntonAvrLib.a(timer.o)
 .debug_abbrev  0x00000926      0x12f ..\..\AntonAvrLib\Debug\libAntonAvrLib.a(rr_scheduler.o)
 .debug_abbrev  0x00000a55       0x4e ..\..\AntonAvrLib\Debug\libAntonAvrLib.a(hardware_reset.o)
 .debug_abbrev  0x00000aa3       0x75 c:/program files (x86)/atmel/atmel studio 6.0/extensions/atmel/avrgcc/3.3.2.31/avrtoolchain/bin/../lib/gcc/avr/4.5.1/../../../../avr/lib/avr51\libc.a(calloc.o)
 .debug_abbrev  0x00000b18       0xf5 c:/program files (x86)/atmel/atmel studio 6.0/extensions/atmel/avrgcc/3.3.2.31/avrtoolchain/bin/../lib/gcc/avr/4.5.1/../../../../avr/lib/avr51\libc.a(malloc.o)

.debug_line     0x00000000     0x4408
 *(.debug_line)
 .debug_line    0x00000000      0x7f3 Main.o
 .debug_line    0x000007f3      0x5b5 ..\..\AntonAvrLib\Debug\libAntonAvrLib.a(dms_scheduler.o)
 .debug_line    0x00000da8      0x3bc ..\..\AntonAvrLib\Debug\libAntonAvrLib.a(scheduler.o)
 .debug_line    0x00001164     0x13ea ..\..\Kernel-Tank-MASTER\Debug\libKernel-Tank-MASTER.a(tank_kernel_MASTER.o)
 .debug_line    0x0000254e      0x54d ..\..\AntonAvrLib\Debug\libAntonAvrLib.a(motor.o)
 .debug_line    0x00002a9b      0x460 ..\..\AntonAvrLib\Debug\libAntonAvrLib.a(port.o)
 .debug_line    0x00002efb      0x75e ..\..\AntonAvrLib\Debug\libAntonAvrLib.a(timer.o)
 .debug_line    0x00003659      0x520 ..\..\AntonAvrLib\Debug\libAntonAvrLib.a(rr_scheduler.o)
 .debug_line    0x00003b79      0x32c ..\..\AntonAvrLib\Debug\libAntonAvrLib.a(hardware_reset.o)
 .debug_line    0x00003ea5      0x15e c:/program files (x86)/atmel/atmel studio 6.0/extensions/atmel/avrgcc/3.3.2.31/avrtoolchain/bin/../lib/gcc/avr/4.5.1/../../../../avr/lib/avr51\libc.a(calloc.o)
 .debug_line    0x00004003      0x405 c:/program files (x86)/atmel/atmel studio 6.0/extensions/atmel/avrgcc/3.3.2.31/avrtoolchain/bin/../lib/gcc/avr/4.5.1/../../../../avr/lib/avr51\libc.a(malloc.o)

.debug_frame    0x00000000      0x740
 *(.debug_frame)
 .debug_frame   0x00000000       0x40 Main.o
 .debug_frame   0x00000040       0x90 ..\..\AntonAvrLib\Debug\libAntonAvrLib.a(dms_scheduler.o)
 .debug_frame   0x000000d0       0x40 ..\..\AntonAvrLib\Debug\libAntonAvrLib.a(scheduler.o)
 .debug_frame   0x00000110      0x360 ..\..\Kernel-Tank-MASTER\Debug\libKernel-Tank-MASTER.a(tank_kernel_MASTER.o)
 .debug_frame   0x00000470       0x90 ..\..\AntonAvrLib\Debug\libAntonAvrLib.a(motor.o)
 .debug_frame   0x00000500       0xb0 ..\..\AntonAvrLib\Debug\libAntonAvrLib.a(port.o)
 .debug_frame   0x000005b0       0x90 ..\..\AntonAvrLib\Debug\libAntonAvrLib.a(timer.o)
 .debug_frame   0x00000640       0x90 ..\..\AntonAvrLib\Debug\libAntonAvrLib.a(rr_scheduler.o)
 .debug_frame   0x000006d0       0x20 ..\..\AntonAvrLib\Debug\libAntonAvrLib.a(hardware_reset.o)
 .debug_frame   0x000006f0       0x20 c:/program files (x86)/atmel/atmel studio 6.0/extensions/atmel/avrgcc/3.3.2.31/avrtoolchain/bin/../lib/gcc/avr/4.5.1/../../../../avr/lib/avr51\libc.a(calloc.o)
 .debug_frame   0x00000710       0x30 c:/program files (x86)/atmel/atmel studio 6.0/extensions/atmel/avrgcc/3.3.2.31/avrtoolchain/bin/../lib/gcc/avr/4.5.1/../../../../avr/lib/avr51\libc.a(malloc.o)

.debug_str      0x00000000     0x140a
 *(.debug_str)
 .debug_str     0x00000000       0xb5 Main.o
                                 0xf1 (size before relaxing)
 .debug_str     0x000000b5      0x23c ..\..\AntonAvrLib\Debug\libAntonAvrLib.a(dms_scheduler.o)
                                0x2cb (size before relaxing)
 .debug_str     0x000002f1       0x51 ..\..\AntonAvrLib\Debug\libAntonAvrLib.a(scheduler.o)
                                0x12c (size before relaxing)
 .debug_str     0x00000342      0xb6c ..\..\Kernel-Tank-MASTER\Debug\libKernel-Tank-MASTER.a(tank_kernel_MASTER.o)
                                0xcdd (size before relaxing)
 .debug_str     0x00000eae       0xbf ..\..\AntonAvrLib\Debug\libAntonAvrLib.a(motor.o)
                                0x27a (size before relaxing)
 .debug_str     0x00000f6d       0x8c ..\..\AntonAvrLib\Debug\libAntonAvrLib.a(port.o)
                                0x15a (size before relaxing)
 .debug_str     0x00000ff9      0x147 ..\..\AntonAvrLib\Debug\libAntonAvrLib.a(timer.o)
                                0x45b (size before relaxing)
 .debug_str     0x00001140      0x15e ..\..\AntonAvrLib\Debug\libAntonAvrLib.a(rr_scheduler.o)
                                0x2c7 (size before relaxing)
 .debug_str     0x0000129e       0x2a ..\..\AntonAvrLib\Debug\libAntonAvrLib.a(hardware_reset.o)
                                 0xd3 (size before relaxing)
 .debug_str     0x000012c8       0x70 c:/program files (x86)/atmel/atmel studio 6.0/extensions/atmel/avrgcc/3.3.2.31/avrtoolchain/bin/../lib/gcc/avr/4.5.1/../../../../avr/lib/avr51\libc.a(calloc.o)
                                 0x9e (size before relaxing)
 .debug_str     0x00001338       0xd2 c:/program files (x86)/atmel/atmel studio 6.0/extensions/atmel/avrgcc/3.3.2.31/avrtoolchain/bin/../lib/gcc/avr/4.5.1/../../../../avr/lib/avr51\libc.a(malloc.o)
                                0x17c (size before relaxing)

.debug_loc      0x00000000     0x1b15
 *(.debug_loc)
 .debug_loc     0x00000000      0x3de ..\..\AntonAvrLib\Debug\libAntonAvrLib.a(dms_scheduler.o)
 .debug_loc     0x000003de       0x18 ..\..\AntonAvrLib\Debug\libAntonAvrLib.a(scheduler.o)
 .debug_loc     0x000003f6      0x4d2 ..\..\Kernel-Tank-MASTER\Debug\libKernel-Tank-MASTER.a(tank_kernel_MASTER.o)
 .debug_loc     0x000008c8      0x30b ..\..\AntonAvrLib\Debug\libAntonAvrLib.a(motor.o)
 .debug_loc     0x00000bd3      0x168 ..\..\AntonAvrLib\Debug\libAntonAvrLib.a(port.o)
 .debug_loc     0x00000d3b      0x68c ..\..\AntonAvrLib\Debug\libAntonAvrLib.a(timer.o)
 .debug_loc     0x000013c7      0x2cd ..\..\AntonAvrLib\Debug\libAntonAvrLib.a(rr_scheduler.o)
 .debug_loc     0x00001694       0x58 c:/program files (x86)/atmel/atmel studio 6.0/extensions/atmel/avrgcc/3.3.2.31/avrtoolchain/bin/../lib/gcc/avr/4.5.1/../../../../avr/lib/avr51\libc.a(calloc.o)
 .debug_loc     0x000016ec      0x429 c:/program files (x86)/atmel/atmel studio 6.0/extensions/atmel/avrgcc/3.3.2.31/avrtoolchain/bin/../lib/gcc/avr/4.5.1/../../../../avr/lib/avr51\libc.a(malloc.o)

.debug_macinfo  0x00000000    0x486b9
 *(.debug_macinfo)
 .debug_macinfo
                0x00000000     0x8084 Main.o
 .debug_macinfo
                0x00008084     0x8236 ..\..\AntonAvrLib\Debug\libAntonAvrLib.a(dms_scheduler.o)
 .debug_macinfo
                0x000102ba     0x8034 ..\..\AntonAvrLib\Debug\libAntonAvrLib.a(scheduler.o)
 .debug_macinfo
                0x000182ee     0x9477 ..\..\Kernel-Tank-MASTER\Debug\libKernel-Tank-MASTER.a(tank_kernel_MASTER.o)
 .debug_macinfo
                0x00021765     0x7e72 ..\..\AntonAvrLib\Debug\libAntonAvrLib.a(motor.o)
 .debug_macinfo
                0x000295d7     0x7c96 ..\..\AntonAvrLib\Debug\libAntonAvrLib.a(port.o)
 .debug_macinfo
                0x0003126d     0x7d4d ..\..\AntonAvrLib\Debug\libAntonAvrLib.a(timer.o)
 .debug_macinfo
                0x00038fba     0x7b9f ..\..\AntonAvrLib\Debug\libAntonAvrLib.a(rr_scheduler.o)
 .debug_macinfo
                0x00040b59     0x7b60 ..\..\AntonAvrLib\Debug\libAntonAvrLib.a(hardware_reset.o)
OUTPUT(Main-Tank-MASTER.elf elf32-avr)
LOAD linker stubs

.debug_pubtypes
                0x00000000      0x585
 .debug_pubtypes
                0x00000000       0x12 Main.o
 .debug_pubtypes
                0x00000012       0xb7 ..\..\AntonAvrLib\Debug\libAntonAvrLib.a(dms_scheduler.o)
 .debug_pubtypes
                0x000000c9       0x45 ..\..\AntonAvrLib\Debug\libAntonAvrLib.a(scheduler.o)
 .debug_pubtypes
                0x0000010e      0x171 ..\..\Kernel-Tank-MASTER\Debug\libKernel-Tank-MASTER.a(tank_kernel_MASTER.o)
 .debug_pubtypes
                0x0000027f       0xb6 ..\..\AntonAvrLib\Debug\libAntonAvrLib.a(motor.o)
 .debug_pubtypes
                0x00000335       0x3a ..\..\AntonAvrLib\Debug\libAntonAvrLib.a(port.o)
 .debug_pubtypes
                0x0000036f       0xbd ..\..\AntonAvrLib\Debug\libAntonAvrLib.a(timer.o)
 .debug_pubtypes
                0x0000042c       0xe5 ..\..\AntonAvrLib\Debug\libAntonAvrLib.a(rr_scheduler.o)
 .debug_pubtypes
                0x00000511       0x1e ..\..\AntonAvrLib\Debug\libAntonAvrLib.a(hardware_reset.o)
 .debug_pubtypes
                0x0000052f       0x1d c:/program files (x86)/atmel/atmel studio 6.0/extensions/atmel/avrgcc/3.3.2.31/avrtoolchain/bin/../lib/gcc/avr/4.5.1/../../../../avr/lib/avr51\libc.a(calloc.o)
 .debug_pubtypes
                0x0000054c       0x39 c:/program files (x86)/atmel/atmel studio 6.0/extensions/atmel/avrgcc/3.3.2.31/avrtoolchain/bin/../lib/gcc/avr/4.5.1/../../../../avr/lib/avr51\libc.a(malloc.o)

.debug_ranges   0x00000000      0x290
 .debug_ranges  0x00000000       0x20 Main.o
 .debug_ranges  0x00000020       0x48 ..\..\AntonAvrLib\Debug\libAntonAvrLib.a(dms_scheduler.o)
 .debug_ranges  0x00000068       0x20 ..\..\AntonAvrLib\Debug\libAntonAvrLib.a(scheduler.o)
 .debug_ranges  0x00000088       0x88 ..\..\Kernel-Tank-MASTER\Debug\libKernel-Tank-MASTER.a(tank_kernel_MASTER.o)
 .debug_ranges  0x00000110       0x60 ..\..\AntonAvrLib\Debug\libAntonAvrLib.a(motor.o)
 .debug_ranges  0x00000170       0x58 ..\..\AntonAvrLib\Debug\libAntonAvrLib.a(port.o)
 .debug_ranges  0x000001c8       0x48 ..\..\AntonAvrLib\Debug\libAntonAvrLib.a(timer.o)
 .debug_ranges  0x00000210       0x48 ..\..\AntonAvrLib\Debug\libAntonAvrLib.a(rr_scheduler.o)
 .debug_ranges  0x00000258       0x10 ..\..\AntonAvrLib\Debug\libAntonAvrLib.a(hardware_reset.o)
 .debug_ranges  0x00000268       0x10 c:/program files (x86)/atmel/atmel studio 6.0/extensions/atmel/avrgcc/3.3.2.31/avrtoolchain/bin/../lib/gcc/avr/4.5.1/../../../../avr/lib/avr51\libc.a(calloc.o)
 .debug_ranges  0x00000278       0x18 c:/program files (x86)/atmel/atmel studio 6.0/extensions/atmel/avrgcc/3.3.2.31/avrtoolchain/bin/../lib/gcc/avr/4.5.1/../../../../avr/lib/avr51\libc.a(malloc.o)
