Archive member included because of file (symbol)

..\..\AntonAvrLib\Debug\libAntonAvrLib.a(led.o)
                              tank_IO/LedOperations.o (setLeds)
..\..\AntonAvrLib\Debug\libAntonAvrLib.a(port.o)
                              ..\..\AntonAvrLib\Debug\libAntonAvrLib.a(led.o) (writePin)
..\..\Kernel-Tank-IO\Debug\libKernel-Tank-IO.a(tank_kernel_IO.o)
                              tank_IO/LedOperations.o (RedLeds)
..\..\AntonAvrLib\Debug\libAntonAvrLib.a(button.o)
                              ..\..\Kernel-Tank-IO\Debug\libKernel-Tank-IO.a(tank_kernel_IO.o) (buttonStatus)
..\..\AntonAvrLib\Debug\libAntonAvrLib.a(external_interrupts.o)
                              ..\..\Kernel-Tank-IO\Debug\libKernel-Tank-IO.a(tank_kernel_IO.o) (enablePinChangeInterrupt)
..\..\AntonAvrLib\Debug\libAntonAvrLib.a(timer.o)
                              ..\..\Kernel-Tank-IO\Debug\libKernel-Tank-IO.a(tank_kernel_IO.o) (setTimerClockSelect)
c:/program files (x86)/atmel/atmel studio 6.0/extensions/atmel/avrgcc/3.3.2.31/avrtoolchain/bin/../lib/gcc/avr/4.5.1/avr51\libgcc.a(_udivmodhi4.o)
                              ..\..\Kernel-Tank-IO\Debug\libKernel-Tank-IO.a(tank_kernel_IO.o) (__udivmodhi4)
c:/program files (x86)/atmel/atmel studio 6.0/extensions/atmel/avrgcc/3.3.2.31/avrtoolchain/bin/../lib/gcc/avr/4.5.1/avr51\libgcc.a(_exit.o)
                              c:/program files (x86)/atmel/atmel studio 6.0/extensions/atmel/avrgcc/3.3.2.31/avrtoolchain/bin/../lib/gcc/avr/4.5.1/../../../../avr/lib/avr51/crtm1284p.o (exit)
c:/program files (x86)/atmel/atmel studio 6.0/extensions/atmel/avrgcc/3.3.2.31/avrtoolchain/bin/../lib/gcc/avr/4.5.1/avr51\libgcc.a(_copy_data.o)
                              tank_IO/LedOperations.o (__do_copy_data)
c:/program files (x86)/atmel/atmel studio 6.0/extensions/atmel/avrgcc/3.3.2.31/avrtoolchain/bin/../lib/gcc/avr/4.5.1/avr51\libgcc.a(_clear_bss.o)
                              tank_IO/LedOperations.o (__do_clear_bss)
c:/program files (x86)/atmel/atmel studio 6.0/extensions/atmel/avrgcc/3.3.2.31/avrtoolchain/bin/../lib/gcc/avr/4.5.1/../../../../avr/lib/avr51\libc.a(malloc.o)
                              ..\..\Kernel-Tank-IO\Debug\libKernel-Tank-IO.a(tank_kernel_IO.o) (malloc)
c:/program files (x86)/atmel/atmel studio 6.0/extensions/atmel/avrgcc/3.3.2.31/avrtoolchain/bin/../lib/gcc/avr/4.5.1/../../../../avr/lib/avr51\libc.a(memcmp.o)
                              ..\..\Kernel-Tank-IO\Debug\libKernel-Tank-IO.a(tank_kernel_IO.o) (memcmp)
c:/program files (x86)/atmel/atmel studio 6.0/extensions/atmel/avrgcc/3.3.2.31/avrtoolchain/bin/../lib/gcc/avr/4.5.1/../../../../avr/lib/avr51\libc.a(memcpy.o)
                              ..\..\Kernel-Tank-IO\Debug\libKernel-Tank-IO.a(tank_kernel_IO.o) (memcpy)
c:/program files (x86)/atmel/atmel studio 6.0/extensions/atmel/avrgcc/3.3.2.31/avrtoolchain/bin/../lib/gcc/avr/4.5.1/../../../../avr/lib/avr51\libc.a(memset.o)
                              ..\..\Kernel-Tank-IO\Debug\libKernel-Tank-IO.a(tank_kernel_IO.o) (memset)

Allocating common symbols
Common symbol       size              file

ButtonSwitch_       0x3               ..\..\Kernel-Tank-IO\Debug\libKernel-Tank-IO.a(tank_kernel_IO.o)
twi_address         0x1               ..\..\Kernel-Tank-IO\Debug\libKernel-Tank-IO.a(tank_kernel_IO.o)
PinA5_              0x3               ..\..\Kernel-Tank-IO\Debug\libKernel-Tank-IO.a(tank_kernel_IO.o)
PinD7_              0x3               ..\..\Kernel-Tank-IO\Debug\libKernel-Tank-IO.a(tank_kernel_IO.o)
PinC1_              0x3               ..\..\Kernel-Tank-IO\Debug\libKernel-Tank-IO.a(tank_kernel_IO.o)
PinC4_              0x3               ..\..\Kernel-Tank-IO\Debug\libKernel-Tank-IO.a(tank_kernel_IO.o)
Button3_            0x3               ..\..\Kernel-Tank-IO\Debug\libKernel-Tank-IO.a(tank_kernel_IO.o)
leds_right          0x2               tank_IO/LedOperations.o
Green1_             0x2               ..\..\Kernel-Tank-IO\Debug\libKernel-Tank-IO.a(tank_kernel_IO.o)
PinC7_              0x3               ..\..\Kernel-Tank-IO\Debug\libKernel-Tank-IO.a(tank_kernel_IO.o)
YellowLeds_         0x3               ..\..\Kernel-Tank-IO\Debug\libKernel-Tank-IO.a(tank_kernel_IO.o)
PinA6_              0x3               ..\..\Kernel-Tank-IO\Debug\libKernel-Tank-IO.a(tank_kernel_IO.o)
White4_             0x2               ..\..\Kernel-Tank-IO\Debug\libKernel-Tank-IO.a(tank_kernel_IO.o)
WhiteLeds_          0x3               ..\..\Kernel-Tank-IO\Debug\libKernel-Tank-IO.a(tank_kernel_IO.o)
PinB2_              0x3               ..\..\Kernel-Tank-IO\Debug\libKernel-Tank-IO.a(tank_kernel_IO.o)
PinD0_              0x3               ..\..\Kernel-Tank-IO\Debug\libKernel-Tank-IO.a(tank_kernel_IO.o)
sendBufferData      0xff              ..\..\Kernel-Tank-IO\Debug\libKernel-Tank-IO.a(tank_kernel_IO.o)
twi_defaultSlaveBufferData
                    0xff              ..\..\Kernel-Tank-IO\Debug\libKernel-Tank-IO.a(tank_kernel_IO.o)
PinA1_              0x3               ..\..\Kernel-Tank-IO\Debug\libKernel-Tank-IO.a(tank_kernel_IO.o)
Timer3A_            0x8               ..\..\Kernel-Tank-IO\Debug\libKernel-Tank-IO.a(tank_kernel_IO.o)
Timer1A_            0x8               ..\..\Kernel-Tank-IO\Debug\libKernel-Tank-IO.a(tank_kernel_IO.o)
Red1_               0x2               ..\..\Kernel-Tank-IO\Debug\libKernel-Tank-IO.a(tank_kernel_IO.o)
Timer1_             0x7               ..\..\Kernel-Tank-IO\Debug\libKernel-Tank-IO.a(tank_kernel_IO.o)
PinC2_              0x3               ..\..\Kernel-Tank-IO\Debug\libKernel-Tank-IO.a(tank_kernel_IO.o)
leds_middle         0x2               tank_IO/LedOperations.o
PortD_              0x6               ..\..\Kernel-Tank-IO\Debug\libKernel-Tank-IO.a(tank_kernel_IO.o)
Timer2_             0x7               ..\..\Kernel-Tank-IO\Debug\libKernel-Tank-IO.a(tank_kernel_IO.o)
Timer3_             0x7               ..\..\Kernel-Tank-IO\Debug\libKernel-Tank-IO.a(tank_kernel_IO.o)
Timer0B_            0x8               ..\..\Kernel-Tank-IO\Debug\libKernel-Tank-IO.a(tank_kernel_IO.o)
__brkval            0x2               c:/program files (x86)/atmel/atmel studio 6.0/extensions/atmel/avrgcc/3.3.2.31/avrtoolchain/bin/../lib/gcc/avr/4.5.1/../../../../avr/lib/avr51\libc.a(malloc.o)
PinC3_              0x3               ..\..\Kernel-Tank-IO\Debug\libKernel-Tank-IO.a(tank_kernel_IO.o)
PinA4_              0x3               ..\..\Kernel-Tank-IO\Debug\libKernel-Tank-IO.a(tank_kernel_IO.o)
PinC5_              0x3               ..\..\Kernel-Tank-IO\Debug\libKernel-Tank-IO.a(tank_kernel_IO.o)
PortB_              0x6               ..\..\Kernel-Tank-IO\Debug\libKernel-Tank-IO.a(tank_kernel_IO.o)
PinC0_              0x3               ..\..\Kernel-Tank-IO\Debug\libKernel-Tank-IO.a(tank_kernel_IO.o)
alreadyHandled      0x2               ..\..\Kernel-Tank-IO\Debug\libKernel-Tank-IO.a(tank_kernel_IO.o)
twi_error           0x2               ..\..\Kernel-Tank-IO\Debug\libKernel-Tank-IO.a(tank_kernel_IO.o)
Green2_             0x2               ..\..\Kernel-Tank-IO\Debug\libKernel-Tank-IO.a(tank_kernel_IO.o)
PinB1_              0x3               ..\..\Kernel-Tank-IO\Debug\libKernel-Tank-IO.a(tank_kernel_IO.o)
PinA7_              0x3               ..\..\Kernel-Tank-IO\Debug\libKernel-Tank-IO.a(tank_kernel_IO.o)
Red3_               0x2               ..\..\Kernel-Tank-IO\Debug\libKernel-Tank-IO.a(tank_kernel_IO.o)
PinB7_              0x3               ..\..\Kernel-Tank-IO\Debug\libKernel-Tank-IO.a(tank_kernel_IO.o)
PortC_              0x6               ..\..\Kernel-Tank-IO\Debug\libKernel-Tank-IO.a(tank_kernel_IO.o)
Timer1B_            0x8               ..\..\Kernel-Tank-IO\Debug\libKernel-Tank-IO.a(tank_kernel_IO.o)
PinD5_              0x3               ..\..\Kernel-Tank-IO\Debug\libKernel-Tank-IO.a(tank_kernel_IO.o)
White5_             0x2               ..\..\Kernel-Tank-IO\Debug\libKernel-Tank-IO.a(tank_kernel_IO.o)
PinA0_              0x3               ..\..\Kernel-Tank-IO\Debug\libKernel-Tank-IO.a(tank_kernel_IO.o)
PinD2_              0x3               ..\..\Kernel-Tank-IO\Debug\libKernel-Tank-IO.a(tank_kernel_IO.o)
Timer2B_            0x8               ..\..\Kernel-Tank-IO\Debug\libKernel-Tank-IO.a(tank_kernel_IO.o)
PinC6_              0x3               ..\..\Kernel-Tank-IO\Debug\libKernel-Tank-IO.a(tank_kernel_IO.o)
Timer3B_            0x8               ..\..\Kernel-Tank-IO\Debug\libKernel-Tank-IO.a(tank_kernel_IO.o)
Red5_               0x2               ..\..\Kernel-Tank-IO\Debug\libKernel-Tank-IO.a(tank_kernel_IO.o)
White1_             0x2               ..\..\Kernel-Tank-IO\Debug\libKernel-Tank-IO.a(tank_kernel_IO.o)
PinD4_              0x3               ..\..\Kernel-Tank-IO\Debug\libKernel-Tank-IO.a(tank_kernel_IO.o)
Yellow2_            0x2               ..\..\Kernel-Tank-IO\Debug\libKernel-Tank-IO.a(tank_kernel_IO.o)
leds_left           0x2               tank_IO/LedOperations.o
nextTwiOperation    0x2               ..\..\Kernel-Tank-IO\Debug\libKernel-Tank-IO.a(tank_kernel_IO.o)
MiddleLeds_         0x3               ..\..\Kernel-Tank-IO\Debug\libKernel-Tank-IO.a(tank_kernel_IO.o)
PinB5_              0x3               ..\..\Kernel-Tank-IO\Debug\libKernel-Tank-IO.a(tank_kernel_IO.o)
twi_buffer          0x4               ..\..\Kernel-Tank-IO\Debug\libKernel-Tank-IO.a(tank_kernel_IO.o)
PinA3_              0x3               ..\..\Kernel-Tank-IO\Debug\libKernel-Tank-IO.a(tank_kernel_IO.o)
Button4_            0x3               ..\..\Kernel-Tank-IO\Debug\libKernel-Tank-IO.a(tank_kernel_IO.o)
twi_running         0x2               ..\..\Kernel-Tank-IO\Debug\libKernel-Tank-IO.a(tank_kernel_IO.o)
Button2_            0x3               ..\..\Kernel-Tank-IO\Debug\libKernel-Tank-IO.a(tank_kernel_IO.o)
PinD3_              0x3               ..\..\Kernel-Tank-IO\Debug\libKernel-Tank-IO.a(tank_kernel_IO.o)
AllLeds_            0x3               ..\..\Kernel-Tank-IO\Debug\libKernel-Tank-IO.a(tank_kernel_IO.o)
Timer0_             0x7               ..\..\Kernel-Tank-IO\Debug\libKernel-Tank-IO.a(tank_kernel_IO.o)
PinB0_              0x3               ..\..\Kernel-Tank-IO\Debug\libKernel-Tank-IO.a(tank_kernel_IO.o)
PinB4_              0x3               ..\..\Kernel-Tank-IO\Debug\libKernel-Tank-IO.a(tank_kernel_IO.o)
Red4_               0x2               ..\..\Kernel-Tank-IO\Debug\libKernel-Tank-IO.a(tank_kernel_IO.o)
PinD6_              0x3               ..\..\Kernel-Tank-IO\Debug\libKernel-Tank-IO.a(tank_kernel_IO.o)
White2_             0x2               ..\..\Kernel-Tank-IO\Debug\libKernel-Tank-IO.a(tank_kernel_IO.o)
GreenLeds_          0x3               ..\..\Kernel-Tank-IO\Debug\libKernel-Tank-IO.a(tank_kernel_IO.o)
Yellow1_            0x2               ..\..\Kernel-Tank-IO\Debug\libKernel-Tank-IO.a(tank_kernel_IO.o)
PinA2_              0x3               ..\..\Kernel-Tank-IO\Debug\libKernel-Tank-IO.a(tank_kernel_IO.o)
PortA_              0x6               ..\..\Kernel-Tank-IO\Debug\libKernel-Tank-IO.a(tank_kernel_IO.o)
PinB3_              0x3               ..\..\Kernel-Tank-IO\Debug\libKernel-Tank-IO.a(tank_kernel_IO.o)
__flp               0x2               c:/program files (x86)/atmel/atmel studio 6.0/extensions/atmel/avrgcc/3.3.2.31/avrtoolchain/bin/../lib/gcc/avr/4.5.1/../../../../avr/lib/avr51\libc.a(malloc.o)
Red2_               0x2               ..\..\Kernel-Tank-IO\Debug\libKernel-Tank-IO.a(tank_kernel_IO.o)
Green3_             0x2               ..\..\Kernel-Tank-IO\Debug\libKernel-Tank-IO.a(tank_kernel_IO.o)
receiveBuffer       0x4               ..\..\Kernel-Tank-IO\Debug\libKernel-Tank-IO.a(tank_kernel_IO.o)
furtherOperations   0x15              ..\..\Kernel-Tank-IO\Debug\libKernel-Tank-IO.a(tank_kernel_IO.o)
PinD1_              0x3               ..\..\Kernel-Tank-IO\Debug\libKernel-Tank-IO.a(tank_kernel_IO.o)
Timer2A_            0x8               ..\..\Kernel-Tank-IO\Debug\libKernel-Tank-IO.a(tank_kernel_IO.o)
RedLeds_            0x3               ..\..\Kernel-Tank-IO\Debug\libKernel-Tank-IO.a(tank_kernel_IO.o)
Button1_            0x3               ..\..\Kernel-Tank-IO\Debug\libKernel-Tank-IO.a(tank_kernel_IO.o)
PinB6_              0x3               ..\..\Kernel-Tank-IO\Debug\libKernel-Tank-IO.a(tank_kernel_IO.o)
White3_             0x2               ..\..\Kernel-Tank-IO\Debug\libKernel-Tank-IO.a(tank_kernel_IO.o)
Timer0A_            0x8               ..\..\Kernel-Tank-IO\Debug\libKernel-Tank-IO.a(tank_kernel_IO.o)

Memory Configuration

Name             Origin             Length             Attributes
text             0x00000000         0x00020000         xr
data             0x00800100         0x0000ff00         rw !x
eeprom           0x00810000         0x00010000         rw !x
fuse             0x00820000         0x00000400         rw !x
lock             0x00830000         0x00000400         rw !x
signature        0x00840000         0x00000400         rw !x
*default*        0x00000000         0xffffffff

Linker script and memory map

Address of section .data set to 0x800100
LOAD c:/program files (x86)/atmel/atmel studio 6.0/extensions/atmel/avrgcc/3.3.2.31/avrtoolchain/bin/../lib/gcc/avr/4.5.1/../../../../avr/lib/avr51/crtm1284p.o
LOAD Main.o
LOAD tank_IO/LedOperations.o
START GROUP
LOAD ..\..\AntonAvrLib\Debug\libAntonAvrLib.a
LOAD ..\..\Kernel-Tank-IO\Debug\libKernel-Tank-IO.a
LOAD c:/program files (x86)/atmel/atmel studio 6.0/extensions/atmel/avrgcc/3.3.2.31/avrtoolchain/bin/../lib/gcc/avr/4.5.1/../../../../avr/lib/avr51\libm.a
END GROUP
LOAD c:/program files (x86)/atmel/atmel studio 6.0/extensions/atmel/avrgcc/3.3.2.31/avrtoolchain/bin/../lib/gcc/avr/4.5.1/avr51\libgcc.a
LOAD c:/program files (x86)/atmel/atmel studio 6.0/extensions/atmel/avrgcc/3.3.2.31/avrtoolchain/bin/../lib/gcc/avr/4.5.1/../../../../avr/lib/avr51\libc.a
LOAD c:/program files (x86)/atmel/atmel studio 6.0/extensions/atmel/avrgcc/3.3.2.31/avrtoolchain/bin/../lib/gcc/avr/4.5.1/avr51\libgcc.a

.hash
 *(.hash)

.dynsym
 *(.dynsym)

.dynstr
 *(.dynstr)

.gnu.version
 *(.gnu.version)

.gnu.version_d
 *(.gnu.version_d)

.gnu.version_r
 *(.gnu.version_r)

.rel.init
 *(.rel.init)

.rela.init
 *(.rela.init)

.rel.text
 *(.rel.text)
 *(.rel.text.*)
 *(.rel.gnu.linkonce.t*)

.rela.text
 *(.rela.text)
 *(.rela.text.*)
 *(.rela.gnu.linkonce.t*)

.rel.fini
 *(.rel.fini)

.rela.fini
 *(.rela.fini)

.rel.rodata
 *(.rel.rodata)
 *(.rel.rodata.*)
 *(.rel.gnu.linkonce.r*)

.rela.rodata
 *(.rela.rodata)
 *(.rela.rodata.*)
 *(.rela.gnu.linkonce.r*)

.rel.data
 *(.rel.data)
 *(.rel.data.*)
 *(.rel.gnu.linkonce.d*)

.rela.data
 *(.rela.data)
 *(.rela.data.*)
 *(.rela.gnu.linkonce.d*)

.rel.ctors
 *(.rel.ctors)

.rela.ctors
 *(.rela.ctors)

.rel.dtors
 *(.rel.dtors)

.rela.dtors
 *(.rela.dtors)

.rel.got
 *(.rel.got)

.rela.got
 *(.rela.got)

.rel.bss
 *(.rel.bss)

.rela.bss
 *(.rela.bss)

.rel.plt
 *(.rel.plt)

.rela.plt
 *(.rela.plt)

.text           0x00000000     0x26bc
 *(.vectors)
 .vectors       0x00000000       0x8c c:/program files (x86)/atmel/atmel studio 6.0/extensions/atmel/avrgcc/3.3.2.31/avrtoolchain/bin/../lib/gcc/avr/4.5.1/../../../../avr/lib/avr51/crtm1284p.o
                0x00000000                __vector_default
                0x00000000                __vectors
 *(.vectors)
 *(.progmem.gcc*)
 *(.progmem*)
                0x0000008c                . = ALIGN (0x2)
                0x0000008c                __trampolines_start = .
 *(.trampolines)
 .trampolines   0x0000008c        0x0 linker stubs
 *(.trampolines*)
                0x0000008c                __trampolines_end = .
 *(.jumptables)
 *(.jumptables*)
 *(.lowtext)
 *(.lowtext*)
                0x0000008c                __ctors_start = .
 *(.ctors)
                0x0000008c                __ctors_end = .
                0x0000008c                __dtors_start = .
 *(.dtors)
                0x0000008c                __dtors_end = .
 SORT(*)(.ctors)
 SORT(*)(.dtors)
 *(.init0)
 .init0         0x0000008c        0x0 c:/program files (x86)/atmel/atmel studio 6.0/extensions/atmel/avrgcc/3.3.2.31/avrtoolchain/bin/../lib/gcc/avr/4.5.1/../../../../avr/lib/avr51/crtm1284p.o
                0x0000008c                __init
 *(.init0)
 *(.init1)
 *(.init1)
 *(.init2)
 .init2         0x0000008c        0xc c:/program files (x86)/atmel/atmel studio 6.0/extensions/atmel/avrgcc/3.3.2.31/avrtoolchain/bin/../lib/gcc/avr/4.5.1/../../../../avr/lib/avr51/crtm1284p.o
 *(.init2)
 *(.init3)
 *(.init3)
 *(.init4)
 .init4         0x00000098       0x1a c:/program files (x86)/atmel/atmel studio 6.0/extensions/atmel/avrgcc/3.3.2.31/avrtoolchain/bin/../lib/gcc/avr/4.5.1/avr51\libgcc.a(_copy_data.o)
                0x00000098                __do_copy_data
 .init4         0x000000b2       0x10 c:/program files (x86)/atmel/atmel studio 6.0/extensions/atmel/avrgcc/3.3.2.31/avrtoolchain/bin/../lib/gcc/avr/4.5.1/avr51\libgcc.a(_clear_bss.o)
                0x000000b2                __do_clear_bss
 *(.init4)
 *(.init5)
 *(.init5)
 *(.init6)
 *(.init6)
 *(.init7)
 *(.init7)
 *(.init8)
 .init8         0x000000c2       0x28 ..\..\Kernel-Tank-IO\Debug\libKernel-Tank-IO.a(tank_kernel_IO.o)
                0x000000c2                init_reset_condition_kernel_init
                0x000000c6                init_ports_m1284P_kernel_init
                0x000000ca                init_tank_leds_kernel_init
                0x000000ce                init_tank_buttons_kernel_init
                0x000000d2                init_timer_m1284P_kernel_init
                0x000000d6                init_timer_kernel_init
                0x000000da                init_twi_kernel_init
                0x000000de                tankIO_server_readButtons_register_function_kernel_init
                0x000000e2                tankIO_server_writeLeds_register_function_kernel_init
                0x000000e6                init_kernel_kernel_init
 *(.init8)
 *(.init9)
 .init9         0x000000ea        0x8 c:/program files (x86)/atmel/atmel studio 6.0/extensions/atmel/avrgcc/3.3.2.31/avrtoolchain/bin/../lib/gcc/avr/4.5.1/../../../../avr/lib/avr51/crtm1284p.o
 *(.init9)
 *(.text)
 .text          0x000000f2        0x4 c:/program files (x86)/atmel/atmel studio 6.0/extensions/atmel/avrgcc/3.3.2.31/avrtoolchain/bin/../lib/gcc/avr/4.5.1/../../../../avr/lib/avr51/crtm1284p.o
                0x000000f2                __vector_22
                0x000000f2                __vector_28
                0x000000f2                __vector_1
                0x000000f2                __vector_34
                0x000000f2                __vector_24
                0x000000f2                __vector_12
                0x000000f2                __bad_interrupt
                0x000000f2                __vector_6
                0x000000f2                __vector_31
                0x000000f2                __vector_3
                0x000000f2                __vector_23
                0x000000f2                __vector_30
                0x000000f2                __vector_25
                0x000000f2                __vector_11
                0x000000f2                __vector_13
                0x000000f2                __vector_17
                0x000000f2                __vector_19
                0x000000f2                __vector_7
                0x000000f2                __vector_27
                0x000000f2                __vector_5
                0x000000f2                __vector_33
                0x000000f2                __vector_4
                0x000000f2                __vector_9
                0x000000f2                __vector_2
                0x000000f2                __vector_21
                0x000000f2                __vector_15
                0x000000f2                __vector_29
                0x000000f2                __vector_8
                0x000000f2                __vector_14
                0x000000f2                __vector_10
                0x000000f2                __vector_16
                0x000000f2                __vector_18
                0x000000f2                __vector_20
 .text          0x000000f6        0x0 Main.o
 .text          0x000000f6        0x0 tank_IO/LedOperations.o
 .text          0x000000f6        0x0 ..\..\AntonAvrLib\Debug\libAntonAvrLib.a(led.o)
 .text          0x000000f6        0x0 ..\..\AntonAvrLib\Debug\libAntonAvrLib.a(port.o)
 .text          0x000000f6     0x1b36 ..\..\Kernel-Tank-IO\Debug\libKernel-Tank-IO.a(tank_kernel_IO.o)
                0x000001b0                tankIO_server_writeLeds_handler
                0x000001fe                init_reset_condition
                0x00000218                getResetStatus
                0x0000021e                init_ports_m1284P
                0x00000438                init_tank_leds
                0x00000584                initButton
                0x000005a6                initInterruptButton
                0x000005c0                init_tank_buttons
                0x0000063a                init_timer_m1284P
                0x000007d8                init_timer
                0x00000812                in_timer_tick
                0x00000814                __vector_32
                0x0000088a                mutex_create
                0x00000890                mutex_lock
                0x00000894                mutex_trylock
                0x0000089c                mutex_release
                0x000008a0                twi_unexpectedCondition
                0x000008a2                init_twi
                0x000008c0                next_twi_operation
                0x000009a2                twi_start_master_operation
                0x000009ce                twiMultipleOperations
                0x00000a34                twiSendReceive
                0x00000a9e                twiReceive
                0x00000aea                twiSend
                0x00000b3a                WAIT_FOR_TWI
                0x00000b4e                twi_handleMasterRequest
                0x00000b60                twi_rpc_oneway
                0x00000b88                bgx1_setIllumination
                0x00000b9e                bgx1_termPrint_base
                0x00000bb2                bgx1_termScroll
                0x00000bc8                bgx1_termGoto
                0x00000bde                bgx1_termClear
                0x00000bf4                bgx1_lineTo
                0x00000c0a                bgx1_selectFont
                0x00000c20                bgx1_fillAll
                0x00000c36                bgx1_mode
                0x00000c4c                bgx1_move
                0x00000c62                bgx1_setStatus
                0x00000c78                bgx1_reset
                0x00000c8e                twi_rpc
                0x00000cca                bgx1_syncInterface
                0x00000d0e                bgx1_getAnalog
                0x00000d56                bgx1_syncPort
                0x00000d9a                bgx1_embeddedImage
                0x00000de2                bgx1_drawBitmap_base
                0x00000e28                bgx1_box
                0x00000e70                bgx1_vLine
                0x00000eb8                bgx1_hLine
                0x00000f00                bgx1_textWidth_base
                0x00000f42                bgx1_print_base
                0x00000f88                bgx1_getStatus
                0x00000fcc                bgx1_getVersion
                0x00001014                twi_handleRpcRequest
                0x00001138                twi_handleMasterTransmission
                0x00001192                __vector_26
                0x00001434                tankIO_server_readButtons
                0x0000149c                tankIO_server_readButtons_handler
                0x000014a2                tankIO_server_readButtons_register_function
                0x0000184e                tankIO_server_writeLeds
                0x0000185e                tankIO_server_writeLeds_register_function
                0x00001c0a                before_timer
                0x00001c0c                init_kernel
 .text          0x00001c2c        0x0 ..\..\AntonAvrLib\Debug\libAntonAvrLib.a(button.o)
 .text          0x00001c2c        0x0 ..\..\AntonAvrLib\Debug\libAntonAvrLib.a(external_interrupts.o)
 .text          0x00001c2c        0x0 ..\..\AntonAvrLib\Debug\libAntonAvrLib.a(timer.o)
 .text          0x00001c2c        0x0 c:/program files (x86)/atmel/atmel studio 6.0/extensions/atmel/avrgcc/3.3.2.31/avrtoolchain/bin/../lib/gcc/avr/4.5.1/avr51\libgcc.a(_udivmodhi4.o)
 .text          0x00001c2c        0x0 c:/program files (x86)/atmel/atmel studio 6.0/extensions/atmel/avrgcc/3.3.2.31/avrtoolchain/bin/../lib/gcc/avr/4.5.1/avr51\libgcc.a(_exit.o)
 .text          0x00001c2c        0x0 c:/program files (x86)/atmel/atmel studio 6.0/extensions/atmel/avrgcc/3.3.2.31/avrtoolchain/bin/../lib/gcc/avr/4.5.1/avr51\libgcc.a(_copy_data.o)
 .text          0x00001c2c        0x0 c:/program files (x86)/atmel/atmel studio 6.0/extensions/atmel/avrgcc/3.3.2.31/avrtoolchain/bin/../lib/gcc/avr/4.5.1/avr51\libgcc.a(_clear_bss.o)
 .text          0x00001c2c        0x0 c:/program files (x86)/atmel/atmel studio 6.0/extensions/atmel/avrgcc/3.3.2.31/avrtoolchain/bin/../lib/gcc/avr/4.5.1/../../../../avr/lib/avr51\libc.a(malloc.o)
 .text          0x00001c2c        0x0 c:/program files (x86)/atmel/atmel studio 6.0/extensions/atmel/avrgcc/3.3.2.31/avrtoolchain/bin/../lib/gcc/avr/4.5.1/../../../../avr/lib/avr51\libc.a(memcmp.o)
 .text          0x00001c2c        0x0 c:/program files (x86)/atmel/atmel studio 6.0/extensions/atmel/avrgcc/3.3.2.31/avrtoolchain/bin/../lib/gcc/avr/4.5.1/../../../../avr/lib/avr51\libc.a(memcpy.o)
 .text          0x00001c2c        0x0 c:/program files (x86)/atmel/atmel studio 6.0/extensions/atmel/avrgcc/3.3.2.31/avrtoolchain/bin/../lib/gcc/avr/4.5.1/../../../../avr/lib/avr51\libc.a(memset.o)
                0x00001c2c                . = ALIGN (0x2)
 *(.text.*)
 .text.main     0x00001c2c       0x1c Main.o
                0x00001c2c                main
 .text.led_operation_tick
                0x00001c48       0xb0 tank_IO/LedOperations.o
                0x00001c48                led_operation_tick
 .text.led_operation_off
                0x00001cf8        0xa tank_IO/LedOperations.o
                0x00001cf8                led_operation_off
 .text.led_operation_1
                0x00001d02       0x2e tank_IO/LedOperations.o
                0x00001d02                led_operation_1
 .text.enableLed
                0x00001d30       0x10 ..\..\AntonAvrLib\Debug\libAntonAvrLib.a(led.o)
                0x00001d30                enableLed
 .text.disableLed
                0x00001d40       0x10 ..\..\AntonAvrLib\Debug\libAntonAvrLib.a(led.o)
                0x00001d40                disableLed
 .text.setLed   0x00001d50        0xc ..\..\AntonAvrLib\Debug\libAntonAvrLib.a(led.o)
                0x00001d50                setLed
 .text.setLeds  0x00001d5c       0x90 ..\..\AntonAvrLib\Debug\libAntonAvrLib.a(led.o)
                0x00001d5c                setLeds
 .text.enableLeds
                0x00001dec       0x4c ..\..\AntonAvrLib\Debug\libAntonAvrLib.a(led.o)
                0x00001dec                enableLeds
 .text.disableLeds
                0x00001e38       0x4c ..\..\AntonAvrLib\Debug\libAntonAvrLib.a(led.o)
                0x00001e38                disableLeds
 .text.blinkLeds
                0x00001e84       0x6a ..\..\AntonAvrLib\Debug\libAntonAvrLib.a(led.o)
                0x00001e84                blinkLeds
 .text.blinkAllLeds
                0x00001eee        0xc ..\..\AntonAvrLib\Debug\libAntonAvrLib.a(led.o)
                0x00001eee                blinkAllLeds
 .text.setPortOutput
                0x00001efa       0x10 ..\..\AntonAvrLib\Debug\libAntonAvrLib.a(port.o)
                0x00001efa                setPortOutput
 .text.setPortInput
                0x00001f0a        0xe ..\..\AntonAvrLib\Debug\libAntonAvrLib.a(port.o)
                0x00001f0a                setPortInput
 .text.setPinOutput
                0x00001f18       0x1c ..\..\AntonAvrLib\Debug\libAntonAvrLib.a(port.o)
                0x00001f18                setPinOutput
 .text.setPinInput
                0x00001f34       0x1e ..\..\AntonAvrLib\Debug\libAntonAvrLib.a(port.o)
                0x00001f34                setPinInput
 .text.writePort
                0x00001f52        0xc ..\..\AntonAvrLib\Debug\libAntonAvrLib.a(port.o)
                0x00001f52                writePort
 .text.readPort
                0x00001f5e        0xe ..\..\AntonAvrLib\Debug\libAntonAvrLib.a(port.o)
                0x00001f5e                readPort
 .text.setPinOne
                0x00001f6c       0x1c ..\..\AntonAvrLib\Debug\libAntonAvrLib.a(port.o)
                0x00001f6c                setPinOne
 .text.setPinZero
                0x00001f88       0x1e ..\..\AntonAvrLib\Debug\libAntonAvrLib.a(port.o)
                0x00001f88                setPinZero
 .text.writePin
                0x00001fa6       0x12 ..\..\AntonAvrLib\Debug\libAntonAvrLib.a(port.o)
                0x00001fa6                writePin
 .text.readPin  0x00001fb8       0x22 ..\..\AntonAvrLib\Debug\libAntonAvrLib.a(port.o)
                0x00001fb8                readPin
 .text.buttonStatus
                0x00001fda       0x2e ..\..\AntonAvrLib\Debug\libAntonAvrLib.a(button.o)
                0x00001fda                buttonStatus
 .text.enablePinChangeInterrupt
                0x00002008       0x4c ..\..\AntonAvrLib\Debug\libAntonAvrLib.a(external_interrupts.o)
                0x00002008                enablePinChangeInterrupt
 .text.disblePinChangeInterrupt
                0x00002054       0x36 ..\..\AntonAvrLib\Debug\libAntonAvrLib.a(external_interrupts.o)
                0x00002054                disblePinChangeInterrupt
 .text.setCompareMatchOutputMode
                0x0000208a       0x56 ..\..\AntonAvrLib\Debug\libAntonAvrLib.a(timer.o)
                0x0000208a                setCompareMatchOutputMode
 .text.setTimerClockSelect
                0x000020e0       0xc8 ..\..\AntonAvrLib\Debug\libAntonAvrLib.a(timer.o)
                0x000020e0                setTimerClockSelect
 .text.setWaveformGenerationMode
                0x000021a8      0x12e ..\..\AntonAvrLib\Debug\libAntonAvrLib.a(timer.o)
                0x000021a8                setWaveformGenerationMode
 .text.enableTimerInterrupt
                0x000022d6       0x28 ..\..\AntonAvrLib\Debug\libAntonAvrLib.a(timer.o)
                0x000022d6                enableTimerInterrupt
 .text.disableTimerInterrupt
                0x000022fe       0x28 ..\..\AntonAvrLib\Debug\libAntonAvrLib.a(timer.o)
                0x000022fe                disableTimerInterrupt
 .text.enableOutputCompare
                0x00002326       0x1e ..\..\AntonAvrLib\Debug\libAntonAvrLib.a(timer.o)
                0x00002326                enableOutputCompare
 .text.disableOutputCompare
                0x00002344        0xa ..\..\AntonAvrLib\Debug\libAntonAvrLib.a(timer.o)
                0x00002344                disableOutputCompare
 .text.setTimerCompareValue
                0x0000234e       0x4e ..\..\AntonAvrLib\Debug\libAntonAvrLib.a(timer.o)
                0x0000234e                setTimerCompareValue
 .text.getTimerCompareValue
                0x0000239c       0x54 ..\..\AntonAvrLib\Debug\libAntonAvrLib.a(timer.o)
                0x0000239c                getTimerCompareValue
 .text.libgcc   0x000023f0       0x28 c:/program files (x86)/atmel/atmel studio 6.0/extensions/atmel/avrgcc/3.3.2.31/avrtoolchain/bin/../lib/gcc/avr/4.5.1/avr51\libgcc.a(_udivmodhi4.o)
                0x000023f0                __udivmodhi4
 .text.libgcc   0x00002418        0x0 c:/program files (x86)/atmel/atmel studio 6.0/extensions/atmel/avrgcc/3.3.2.31/avrtoolchain/bin/../lib/gcc/avr/4.5.1/avr51\libgcc.a(_exit.o)
 .text.libgcc   0x00002418        0x0 c:/program files (x86)/atmel/atmel studio 6.0/extensions/atmel/avrgcc/3.3.2.31/avrtoolchain/bin/../lib/gcc/avr/4.5.1/avr51\libgcc.a(_copy_data.o)
 .text.libgcc   0x00002418        0x0 c:/program files (x86)/atmel/atmel studio 6.0/extensions/atmel/avrgcc/3.3.2.31/avrtoolchain/bin/../lib/gcc/avr/4.5.1/avr51\libgcc.a(_clear_bss.o)
 .text.avr-libc
                0x00002418      0x266 c:/program files (x86)/atmel/atmel studio 6.0/extensions/atmel/avrgcc/3.3.2.31/avrtoolchain/bin/../lib/gcc/avr/4.5.1/../../../../avr/lib/avr51\libc.a(malloc.o)
                0x00002418                malloc
                0x0000254c                free
 .text.avr-libc
                0x0000267e       0x1a c:/program files (x86)/atmel/atmel studio 6.0/extensions/atmel/avrgcc/3.3.2.31/avrtoolchain/bin/../lib/gcc/avr/4.5.1/../../../../avr/lib/avr51\libc.a(memcmp.o)
                0x0000267e                memcmp
 .text.avr-libc
                0x00002698       0x12 c:/program files (x86)/atmel/atmel studio 6.0/extensions/atmel/avrgcc/3.3.2.31/avrtoolchain/bin/../lib/gcc/avr/4.5.1/../../../../avr/lib/avr51\libc.a(memcpy.o)
                0x00002698                memcpy
 .text.avr-libc
                0x000026aa        0xe c:/program files (x86)/atmel/atmel studio 6.0/extensions/atmel/avrgcc/3.3.2.31/avrtoolchain/bin/../lib/gcc/avr/4.5.1/../../../../avr/lib/avr51\libc.a(memset.o)
                0x000026aa                memset
                0x000026b8                . = ALIGN (0x2)
 *(.fini9)
 .fini9         0x000026b8        0x0 c:/program files (x86)/atmel/atmel studio 6.0/extensions/atmel/avrgcc/3.3.2.31/avrtoolchain/bin/../lib/gcc/avr/4.5.1/avr51\libgcc.a(_exit.o)
                0x000026b8                _exit
                0x000026b8                exit
 *(.fini9)
 *(.fini8)
 *(.fini8)
 *(.fini7)
 *(.fini7)
 *(.fini6)
 *(.fini6)
 *(.fini5)
 *(.fini5)
 *(.fini4)
 *(.fini4)
 *(.fini3)
 *(.fini3)
 *(.fini2)
 *(.fini2)
 *(.fini1)
 *(.fini1)
 *(.fini0)
 .fini0         0x000026b8        0x4 c:/program files (x86)/atmel/atmel studio 6.0/extensions/atmel/avrgcc/3.3.2.31/avrtoolchain/bin/../lib/gcc/avr/4.5.1/avr51\libgcc.a(_exit.o)
 *(.fini0)
                0x000026bc                _etext = .

.data           0x00800100      0x168 load address 0x000026bc
                0x00800100                PROVIDE (__data_start, .)
 *(.data)
 .data          0x00800100        0x0 c:/program files (x86)/atmel/atmel studio 6.0/extensions/atmel/avrgcc/3.3.2.31/avrtoolchain/bin/../lib/gcc/avr/4.5.1/../../../../avr/lib/avr51/crtm1284p.o
 .data          0x00800100        0x0 Main.o
 .data          0x00800100        0x2 tank_IO/LedOperations.o
                0x00800100                running
 .data          0x00800102        0x0 ..\..\AntonAvrLib\Debug\libAntonAvrLib.a(led.o)
 .data          0x00800102        0x0 ..\..\AntonAvrLib\Debug\libAntonAvrLib.a(port.o)
 .data          0x00800102      0x14f ..\..\Kernel-Tank-IO\Debug\libKernel-Tank-IO.a(tank_kernel_IO.o)
                0x00800102                PortA
                0x00800104                PinA0
                0x00800106                PinA1
                0x00800108                PinA2
                0x0080010a                PinA3
                0x0080010c                PinA4
                0x0080010e                PinA5
                0x00800110                PinA6
                0x00800112                PinA7
                0x00800114                PortB
                0x00800116                PinB0
                0x00800118                PinB1
                0x0080011a                PinB2
                0x0080011c                PinB3
                0x0080011e                PinB4
                0x00800120                PinB5
                0x00800122                PinB6
                0x00800124                PinB7
                0x00800126                PortC
                0x00800128                PinC0
                0x0080012a                PinC1
                0x0080012c                PinC2
                0x0080012e                PinC3
                0x00800130                PinC4
                0x00800132                PinC5
                0x00800134                PinC6
                0x00800136                PinC7
                0x00800138                PortD
                0x0080013a                PinD0
                0x0080013c                PinD1
                0x0080013e                PinD2
                0x00800140                PinD3
                0x00800142                PinD4
                0x00800144                PinD5
                0x00800146                PinD6
                0x00800148                PinD7
                0x0080014a                White1
                0x0080014c                White2
                0x0080014e                White3
                0x00800150                White4
                0x00800152                White5
                0x00800154                Red1
                0x00800156                Red2
                0x00800158                Red3
                0x0080015a                Red4
                0x0080015c                Red5
                0x0080015e                Green1
                0x00800160                Green2
                0x00800162                Green3
                0x00800164                Yellow1
                0x00800166                Yellow2
                0x00800168                RedLeds
                0x0080016a                YellowLeds
                0x0080016c                WhiteLeds
                0x0080016e                GreenLeds
                0x00800170                MiddleLeds
                0x00800172                AllLeds
                0x00800174                redLedsArray
                0x0080017e                yellowLedsArray
                0x00800182                whiteLedsArray
                0x0080018c                greenLedsArray
                0x00800192                middleLedsArray
                0x0080019c                allLedsArray
                0x008001ba                Button1
                0x008001bc                Button2
                0x008001be                Button3
                0x008001c0                Button4
                0x008001c2                ButtonSwitch
                0x008001c4                bgx1
                0x008001c5                Timer0
                0x008001c7                Timer1
                0x008001c9                Timer2
                0x008001cb                Timer3
                0x008001cd                Timer0A
                0x008001cf                Timer0B
                0x008001d1                Timer1A
                0x008001d3                Timer1B
                0x008001d5                Timer2A
                0x008001d7                Timer2B
                0x008001d9                Timer3A
                0x008001db                Timer3B
                0x008001dd                twi_defaultSlaveBuffer
                0x008001e1                sendBuffer
                0x008001e5                tankIO_server_readButtons_function
                0x008001f8                tankIO_server_writeLeds_function
 .data          0x00800251        0x0 ..\..\AntonAvrLib\Debug\libAntonAvrLib.a(button.o)
 .data          0x00800251        0x8 ..\..\AntonAvrLib\Debug\libAntonAvrLib.a(external_interrupts.o)
                0x00800251                maskRegisters
 .data          0x00800259        0x8 ..\..\AntonAvrLib\Debug\libAntonAvrLib.a(timer.o)
 .data          0x00800261        0x0 c:/program files (x86)/atmel/atmel studio 6.0/extensions/atmel/avrgcc/3.3.2.31/avrtoolchain/bin/../lib/gcc/avr/4.5.1/avr51\libgcc.a(_udivmodhi4.o)
 .data          0x00800261        0x0 c:/program files (x86)/atmel/atmel studio 6.0/extensions/atmel/avrgcc/3.3.2.31/avrtoolchain/bin/../lib/gcc/avr/4.5.1/avr51\libgcc.a(_exit.o)
 .data          0x00800261        0x0 c:/program files (x86)/atmel/atmel studio 6.0/extensions/atmel/avrgcc/3.3.2.31/avrtoolchain/bin/../lib/gcc/avr/4.5.1/avr51\libgcc.a(_copy_data.o)
 .data          0x00800261        0x0 c:/program files (x86)/atmel/atmel studio 6.0/extensions/atmel/avrgcc/3.3.2.31/avrtoolchain/bin/../lib/gcc/avr/4.5.1/avr51\libgcc.a(_clear_bss.o)
 .data          0x00800261        0x6 c:/program files (x86)/atmel/atmel studio 6.0/extensions/atmel/avrgcc/3.3.2.31/avrtoolchain/bin/../lib/gcc/avr/4.5.1/../../../../avr/lib/avr51\libc.a(malloc.o)
                0x00800261                __malloc_margin
                0x00800263                __malloc_heap_start
                0x00800265                __malloc_heap_end
 .data          0x00800267        0x0 c:/program files (x86)/atmel/atmel studio 6.0/extensions/atmel/avrgcc/3.3.2.31/avrtoolchain/bin/../lib/gcc/avr/4.5.1/../../../../avr/lib/avr51\libc.a(memcmp.o)
 .data          0x00800267        0x0 c:/program files (x86)/atmel/atmel studio 6.0/extensions/atmel/avrgcc/3.3.2.31/avrtoolchain/bin/../lib/gcc/avr/4.5.1/../../../../avr/lib/avr51\libc.a(memcpy.o)
 .data          0x00800267        0x0 c:/program files (x86)/atmel/atmel studio 6.0/extensions/atmel/avrgcc/3.3.2.31/avrtoolchain/bin/../lib/gcc/avr/4.5.1/../../../../avr/lib/avr51\libc.a(memset.o)
 *(.data*)
 *(.rodata)
 *(.rodata*)
 *(.gnu.linkonce.d*)
                0x00800268                . = ALIGN (0x2)
 *fill*         0x00800267        0x1 00
                0x00800268                _edata = .
                0x00800268                PROVIDE (__data_end, .)

.bss            0x00800268      0x349
                0x00800268                PROVIDE (__bss_start, .)
 *(.bss)
 .bss           0x00800268        0x0 c:/program files (x86)/atmel/atmel studio 6.0/extensions/atmel/avrgcc/3.3.2.31/avrtoolchain/bin/../lib/gcc/avr/4.5.1/../../../../avr/lib/avr51/crtm1284p.o
 .bss           0x00800268        0x0 Main.o
 .bss           0x00800268        0x0 tank_IO/LedOperations.o
 .bss           0x00800268        0x0 ..\..\AntonAvrLib\Debug\libAntonAvrLib.a(led.o)
 .bss           0x00800268        0x0 ..\..\AntonAvrLib\Debug\libAntonAvrLib.a(port.o)
 .bss           0x00800268        0x8 ..\..\Kernel-Tank-IO\Debug\libKernel-Tank-IO.a(tank_kernel_IO.o)
                0x00800268                current_reset_status
                0x00800269                milliseconds_running
                0x0080026d                TWIBroadcast
                0x0080026e                twiRpcFunctions
 .bss           0x00800270        0x0 ..\..\AntonAvrLib\Debug\libAntonAvrLib.a(button.o)
 .bss           0x00800270        0x0 ..\..\AntonAvrLib\Debug\libAntonAvrLib.a(external_interrupts.o)
 .bss           0x00800270        0x0 ..\..\AntonAvrLib\Debug\libAntonAvrLib.a(timer.o)
 .bss           0x00800270        0x0 c:/program files (x86)/atmel/atmel studio 6.0/extensions/atmel/avrgcc/3.3.2.31/avrtoolchain/bin/../lib/gcc/avr/4.5.1/avr51\libgcc.a(_udivmodhi4.o)
 .bss           0x00800270        0x0 c:/program files (x86)/atmel/atmel studio 6.0/extensions/atmel/avrgcc/3.3.2.31/avrtoolchain/bin/../lib/gcc/avr/4.5.1/avr51\libgcc.a(_exit.o)
 .bss           0x00800270        0x0 c:/program files (x86)/atmel/atmel studio 6.0/extensions/atmel/avrgcc/3.3.2.31/avrtoolchain/bin/../lib/gcc/avr/4.5.1/avr51\libgcc.a(_copy_data.o)
 .bss           0x00800270        0x0 c:/program files (x86)/atmel/atmel studio 6.0/extensions/atmel/avrgcc/3.3.2.31/avrtoolchain/bin/../lib/gcc/avr/4.5.1/avr51\libgcc.a(_clear_bss.o)
 .bss           0x00800270        0x0 c:/program files (x86)/atmel/atmel studio 6.0/extensions/atmel/avrgcc/3.3.2.31/avrtoolchain/bin/../lib/gcc/avr/4.5.1/../../../../avr/lib/avr51\libc.a(malloc.o)
 .bss           0x00800270        0x0 c:/program files (x86)/atmel/atmel studio 6.0/extensions/atmel/avrgcc/3.3.2.31/avrtoolchain/bin/../lib/gcc/avr/4.5.1/../../../../avr/lib/avr51\libc.a(memcmp.o)
 .bss           0x00800270        0x0 c:/program files (x86)/atmel/atmel studio 6.0/extensions/atmel/avrgcc/3.3.2.31/avrtoolchain/bin/../lib/gcc/avr/4.5.1/../../../../avr/lib/avr51\libc.a(memcpy.o)
 .bss           0x00800270        0x0 c:/program files (x86)/atmel/atmel studio 6.0/extensions/atmel/avrgcc/3.3.2.31/avrtoolchain/bin/../lib/gcc/avr/4.5.1/../../../../avr/lib/avr51\libc.a(memset.o)
 *(.bss*)
 *(COMMON)
 COMMON         0x00800270        0x6 tank_IO/LedOperations.o
                0x00800270                leds_right
                0x00800272                leds_middle
                0x00800274                leds_left
 COMMON         0x00800276      0x337 ..\..\Kernel-Tank-IO\Debug\libKernel-Tank-IO.a(tank_kernel_IO.o)
                0x00800276                ButtonSwitch_
                0x00800279                twi_address
                0x0080027a                PinA5_
                0x0080027d                PinD7_
                0x00800280                PinC1_
                0x00800283                PinC4_
                0x00800286                Button3_
                0x00800289                Green1_
                0x0080028b                PinC7_
                0x0080028e                YellowLeds_
                0x00800291                PinA6_
                0x00800294                White4_
                0x00800296                WhiteLeds_
                0x00800299                PinB2_
                0x0080029c                PinD0_
                0x0080029f                sendBufferData
                0x0080039e                twi_defaultSlaveBufferData
                0x0080049d                PinA1_
                0x008004a0                Timer3A_
                0x008004a8                Timer1A_
                0x008004b0                Red1_
                0x008004b2                Timer1_
                0x008004b9                PinC2_
                0x008004bc                PortD_
                0x008004c2                Timer2_
                0x008004c9                Timer3_
                0x008004d0                Timer0B_
                0x008004d8                PinC3_
                0x008004db                PinA4_
                0x008004de                PinC5_
                0x008004e1                PortB_
                0x008004e7                PinC0_
                0x008004ea                alreadyHandled
                0x008004ec                twi_error
                0x008004ee                Green2_
                0x008004f0                PinB1_
                0x008004f3                PinA7_
                0x008004f6                Red3_
                0x008004f8                PinB7_
                0x008004fb                PortC_
                0x00800501                Timer1B_
                0x00800509                PinD5_
                0x0080050c                White5_
                0x0080050e                PinA0_
                0x00800511                PinD2_
                0x00800514                Timer2B_
                0x0080051c                PinC6_
                0x0080051f                Timer3B_
                0x00800527                Red5_
                0x00800529                White1_
                0x0080052b                PinD4_
                0x0080052e                Yellow2_
                0x00800530                nextTwiOperation
                0x00800532                MiddleLeds_
                0x00800535                PinB5_
                0x00800538                twi_buffer
                0x0080053c                PinA3_
                0x0080053f                Button4_
                0x00800542                twi_running
                0x00800544                Button2_
                0x00800547                PinD3_
                0x0080054a                AllLeds_
                0x0080054d                Timer0_
                0x00800554                PinB0_
                0x00800557                PinB4_
                0x0080055a                Red4_
                0x0080055c                PinD6_
                0x0080055f                White2_
                0x00800561                GreenLeds_
                0x00800564                Yellow1_
                0x00800566                PinA2_
                0x00800569                PortA_
                0x0080056f                PinB3_
                0x00800572                Red2_
                0x00800574                Green3_
                0x00800576                receiveBuffer
                0x0080057a                furtherOperations
                0x0080058f                PinD1_
                0x00800592                Timer2A_
                0x0080059a                RedLeds_
                0x0080059d                Button1_
                0x008005a0                PinB6_
                0x008005a3                White3_
                0x008005a5                Timer0A_
 COMMON         0x008005ad        0x4 c:/program files (x86)/atmel/atmel studio 6.0/extensions/atmel/avrgcc/3.3.2.31/avrtoolchain/bin/../lib/gcc/avr/4.5.1/../../../../avr/lib/avr51\libc.a(malloc.o)
                0x008005ad                __brkval
                0x008005af                __flp
                0x008005b1                PROVIDE (__bss_end, .)
                0x000026bc                __data_load_start = LOADADDR (.data)
                0x00002824                __data_load_end = (__data_load_start + SIZEOF (.data))

.noinit         0x008005b1        0x0
                0x008005b1                PROVIDE (__noinit_start, .)
 *(.noinit*)
                0x008005b1                PROVIDE (__noinit_end, .)
                0x008005b1                _end = .
                0x008005b1                PROVIDE (__heap_start, .)

.eeprom         0x00810000        0x0
 *(.eeprom*)
                0x00810000                __eeprom_end = .

.fuse
 *(.fuse)
 *(.lfuse)
 *(.hfuse)
 *(.efuse)

.lock
 *(.lock*)

.signature
 *(.signature*)

.stab           0x00000000      0x870
 *(.stab)
 .stab          0x00000000      0x6cc c:/program files (x86)/atmel/atmel studio 6.0/extensions/atmel/avrgcc/3.3.2.31/avrtoolchain/bin/../lib/gcc/avr/4.5.1/../../../../avr/lib/avr51/crtm1284p.o
 .stab          0x000006cc       0xb4 c:/program files (x86)/atmel/atmel studio 6.0/extensions/atmel/avrgcc/3.3.2.31/avrtoolchain/bin/../lib/gcc/avr/4.5.1/../../../../avr/lib/avr51\libc.a(memcmp.o)
                                 0xc0 (size before relaxing)
 .stab          0x00000780       0x84 c:/program files (x86)/atmel/atmel studio 6.0/extensions/atmel/avrgcc/3.3.2.31/avrtoolchain/bin/../lib/gcc/avr/4.5.1/../../../../avr/lib/avr51\libc.a(memcpy.o)
                                 0x90 (size before relaxing)
 .stab          0x00000804       0x6c c:/program files (x86)/atmel/atmel studio 6.0/extensions/atmel/avrgcc/3.3.2.31/avrtoolchain/bin/../lib/gcc/avr/4.5.1/../../../../avr/lib/avr51\libc.a(memset.o)
                                 0x78 (size before relaxing)

.stabstr        0x00000000      0x1f3
 *(.stabstr)
 .stabstr       0x00000000      0x1f3 c:/program files (x86)/atmel/atmel studio 6.0/extensions/atmel/avrgcc/3.3.2.31/avrtoolchain/bin/../lib/gcc/avr/4.5.1/../../../../avr/lib/avr51/crtm1284p.o

.stab.excl
 *(.stab.excl)

.stab.exclstr
 *(.stab.exclstr)

.stab.index
 *(.stab.index)

.stab.indexstr
 *(.stab.indexstr)

.comment
 *(.comment)

.debug
 *(.debug)

.line
 *(.line)

.debug_srcinfo
 *(.debug_srcinfo)

.debug_sfnames
 *(.debug_sfnames)

.debug_aranges  0x00000000      0x250
 *(.debug_aranges)
 .debug_aranges
                0x00000000       0x20 Main.o
 .debug_aranges
                0x00000020       0x30 tank_IO/LedOperations.o
 .debug_aranges
                0x00000050       0x58 ..\..\AntonAvrLib\Debug\libAntonAvrLib.a(led.o)
 .debug_aranges
                0x000000a8       0x68 ..\..\AntonAvrLib\Debug\libAntonAvrLib.a(port.o)
 .debug_aranges
                0x00000110       0x70 ..\..\Kernel-Tank-IO\Debug\libKernel-Tank-IO.a(tank_kernel_IO.o)
 .debug_aranges
                0x00000180       0x20 ..\..\AntonAvrLib\Debug\libAntonAvrLib.a(button.o)
 .debug_aranges
                0x000001a0       0x28 ..\..\AntonAvrLib\Debug\libAntonAvrLib.a(external_interrupts.o)
 .debug_aranges
                0x000001c8       0x60 ..\..\AntonAvrLib\Debug\libAntonAvrLib.a(timer.o)
 .debug_aranges
                0x00000228       0x28 c:/program files (x86)/atmel/atmel studio 6.0/extensions/atmel/avrgcc/3.3.2.31/avrtoolchain/bin/../lib/gcc/avr/4.5.1/../../../../avr/lib/avr51\libc.a(malloc.o)

.debug_pubnames
                0x00000000     0x130b
 *(.debug_pubnames)
 .debug_pubnames
                0x00000000       0x1b Main.o
 .debug_pubnames
                0x0000001b       0x8c tank_IO/LedOperations.o
 .debug_pubnames
                0x000000a7       0x84 ..\..\AntonAvrLib\Debug\libAntonAvrLib.a(led.o)
 .debug_pubnames
                0x0000012b       0xa7 ..\..\AntonAvrLib\Debug\libAntonAvrLib.a(port.o)
 .debug_pubnames
                0x000001d2      0xf3d ..\..\Kernel-Tank-IO\Debug\libKernel-Tank-IO.a(tank_kernel_IO.o)
 .debug_pubnames
                0x0000110f       0x23 ..\..\AntonAvrLib\Debug\libAntonAvrLib.a(button.o)
 .debug_pubnames
                0x00001132       0x5e ..\..\AntonAvrLib\Debug\libAntonAvrLib.a(external_interrupts.o)
 .debug_pubnames
                0x00001190       0xfc ..\..\AntonAvrLib\Debug\libAntonAvrLib.a(timer.o)
 .debug_pubnames
                0x0000128c       0x7f c:/program files (x86)/atmel/atmel studio 6.0/extensions/atmel/avrgcc/3.3.2.31/avrtoolchain/bin/../lib/gcc/avr/4.5.1/../../../../avr/lib/avr51\libc.a(malloc.o)

.debug_info     0x00000000     0x4498
 *(.debug_info)
 .debug_info    0x00000000      0x160 Main.o
 .debug_info    0x00000160      0x2a3 tank_IO/LedOperations.o
 .debug_info    0x00000403      0x4dd ..\..\AntonAvrLib\Debug\libAntonAvrLib.a(led.o)
 .debug_info    0x000008e0      0x2d6 ..\..\AntonAvrLib\Debug\libAntonAvrLib.a(port.o)
 .debug_info    0x00000bb6     0x2e75 ..\..\Kernel-Tank-IO\Debug\libKernel-Tank-IO.a(tank_kernel_IO.o)
 .debug_info    0x00003a2b      0x184 ..\..\AntonAvrLib\Debug\libAntonAvrLib.a(button.o)
 .debug_info    0x00003baf      0x139 ..\..\AntonAvrLib\Debug\libAntonAvrLib.a(external_interrupts.o)
 .debug_info    0x00003ce8      0x51a ..\..\AntonAvrLib\Debug\libAntonAvrLib.a(timer.o)
 .debug_info    0x00004202      0x296 c:/program files (x86)/atmel/atmel studio 6.0/extensions/atmel/avrgcc/3.3.2.31/avrtoolchain/bin/../lib/gcc/avr/4.5.1/../../../../avr/lib/avr51\libc.a(malloc.o)
 *(.gnu.linkonce.wi.*)

.debug_abbrev   0x00000000      0xbce
 *(.debug_abbrev)
 .debug_abbrev  0x00000000       0xf7 Main.o
 .debug_abbrev  0x000000f7       0xc8 tank_IO/LedOperations.o
 .debug_abbrev  0x000001bf      0x1e8 ..\..\AntonAvrLib\Debug\libAntonAvrLib.a(led.o)
 .debug_abbrev  0x000003a7      0x100 ..\..\AntonAvrLib\Debug\libAntonAvrLib.a(port.o)
 .debug_abbrev  0x000004a7      0x3af ..\..\Kernel-Tank-IO\Debug\libKernel-Tank-IO.a(tank_kernel_IO.o)
 .debug_abbrev  0x00000856       0xc1 ..\..\AntonAvrLib\Debug\libAntonAvrLib.a(button.o)
 .debug_abbrev  0x00000917       0xb4 ..\..\AntonAvrLib\Debug\libAntonAvrLib.a(external_interrupts.o)
 .debug_abbrev  0x000009cb      0x10e ..\..\AntonAvrLib\Debug\libAntonAvrLib.a(timer.o)
 .debug_abbrev  0x00000ad9       0xf5 c:/program files (x86)/atmel/atmel studio 6.0/extensions/atmel/avrgcc/3.3.2.31/avrtoolchain/bin/../lib/gcc/avr/4.5.1/../../../../avr/lib/avr51\libc.a(malloc.o)

.debug_line     0x00000000     0x443c
 *(.debug_line)
 .debug_line    0x00000000      0x6fa Main.o
 .debug_line    0x000006fa      0x739 tank_IO/LedOperations.o
 .debug_line    0x00000e33      0x588 ..\..\AntonAvrLib\Debug\libAntonAvrLib.a(led.o)
 .debug_line    0x000013bb      0x518 ..\..\AntonAvrLib\Debug\libAntonAvrLib.a(port.o)
 .debug_line    0x000018d3     0x168b ..\..\Kernel-Tank-IO\Debug\libKernel-Tank-IO.a(tank_kernel_IO.o)
 .debug_line    0x00002f5e      0x3f4 ..\..\AntonAvrLib\Debug\libAntonAvrLib.a(button.o)
 .debug_line    0x00003352      0x44e ..\..\AntonAvrLib\Debug\libAntonAvrLib.a(external_interrupts.o)
 .debug_line    0x000037a0      0x897 ..\..\AntonAvrLib\Debug\libAntonAvrLib.a(timer.o)
 .debug_line    0x00004037      0x405 c:/program files (x86)/atmel/atmel studio 6.0/extensions/atmel/avrgcc/3.3.2.31/avrtoolchain/bin/../lib/gcc/avr/4.5.1/../../../../avr/lib/avr51\libc.a(malloc.o)

.debug_frame    0x00000000      0x7b0
 *(.debug_frame)
 .debug_frame   0x00000000       0x20 Main.o
 .debug_frame   0x00000020       0x40 tank_IO/LedOperations.o
 .debug_frame   0x00000060       0x90 ..\..\AntonAvrLib\Debug\libAntonAvrLib.a(led.o)
 .debug_frame   0x000000f0       0xb0 ..\..\AntonAvrLib\Debug\libAntonAvrLib.a(port.o)
 .debug_frame   0x000001a0      0x4f0 ..\..\Kernel-Tank-IO\Debug\libKernel-Tank-IO.a(tank_kernel_IO.o)
 .debug_frame   0x00000690       0x20 ..\..\AntonAvrLib\Debug\libAntonAvrLib.a(button.o)
 .debug_frame   0x000006b0       0x30 ..\..\AntonAvrLib\Debug\libAntonAvrLib.a(external_interrupts.o)
 .debug_frame   0x000006e0       0xa0 ..\..\AntonAvrLib\Debug\libAntonAvrLib.a(timer.o)
 .debug_frame   0x00000780       0x30 c:/program files (x86)/atmel/atmel studio 6.0/extensions/atmel/avrgcc/3.3.2.31/avrtoolchain/bin/../lib/gcc/avr/4.5.1/../../../../avr/lib/avr51\libc.a(malloc.o)

.debug_str      0x00000000     0x18de
 *(.debug_str)
 .debug_str     0x00000000       0xf7 Main.o
                                0x12b (size before relaxing)
 .debug_str     0x000000f7       0xd0 tank_IO/LedOperations.o
                                0x194 (size before relaxing)
 .debug_str     0x000001c7       0xb2 ..\..\AntonAvrLib\Debug\libAntonAvrLib.a(led.o)
                                0x1d2 (size before relaxing)
 .debug_str     0x00000279       0x86 ..\..\AntonAvrLib\Debug\libAntonAvrLib.a(port.o)
                                0x15a (size before relaxing)
 .debug_str     0x000002ff     0x12cb ..\..\Kernel-Tank-IO\Debug\libKernel-Tank-IO.a(tank_kernel_IO.o)
                               0x1446 (size before relaxing)
 .debug_str     0x000015ca       0x28 ..\..\AntonAvrLib\Debug\libAntonAvrLib.a(button.o)
                                0x10b (size before relaxing)
 .debug_str     0x000015f2       0x94 ..\..\AntonAvrLib\Debug\libAntonAvrLib.a(external_interrupts.o)
                                0x13d (size before relaxing)
 .debug_str     0x00001686      0x15d ..\..\AntonAvrLib\Debug\libAntonAvrLib.a(timer.o)
                                0x423 (size before relaxing)
 .debug_str     0x000017e3       0xfb c:/program files (x86)/atmel/atmel studio 6.0/extensions/atmel/avrgcc/3.3.2.31/avrtoolchain/bin/../lib/gcc/avr/4.5.1/../../../../avr/lib/avr51\libc.a(malloc.o)
                                0x17c (size before relaxing)

.debug_loc      0x00000000     0x1dca
 *(.debug_loc)
 .debug_loc     0x00000000      0x3a7 ..\..\AntonAvrLib\Debug\libAntonAvrLib.a(led.o)
 .debug_loc     0x000003a7      0x168 ..\..\AntonAvrLib\Debug\libAntonAvrLib.a(port.o)
 .debug_loc     0x0000050f      0xcdb ..\..\Kernel-Tank-IO\Debug\libKernel-Tank-IO.a(tank_kernel_IO.o)
 .debug_loc     0x000011ea       0x60 ..\..\AntonAvrLib\Debug\libAntonAvrLib.a(button.o)
 .debug_loc     0x0000124a       0xa3 ..\..\AntonAvrLib\Debug\libAntonAvrLib.a(external_interrupts.o)
 .debug_loc     0x000012ed      0x6b4 ..\..\AntonAvrLib\Debug\libAntonAvrLib.a(timer.o)
 .debug_loc     0x000019a1      0x429 c:/program files (x86)/atmel/atmel studio 6.0/extensions/atmel/avrgcc/3.3.2.31/avrtoolchain/bin/../lib/gcc/avr/4.5.1/../../../../avr/lib/avr51\libc.a(malloc.o)

.debug_macinfo  0x00000000    0x4bfd2
 *(.debug_macinfo)
 .debug_macinfo
                0x00000000     0xa688 Main.o
 .debug_macinfo
                0x0000a688     0xa695 tank_IO/LedOperations.o
 .debug_macinfo
                0x00014d1d     0x7d5b ..\..\AntonAvrLib\Debug\libAntonAvrLib.a(led.o)
 .debug_macinfo
                0x0001ca78     0x7cef ..\..\AntonAvrLib\Debug\libAntonAvrLib.a(port.o)
 .debug_macinfo
                0x00024767    0x100ff ..\..\Kernel-Tank-IO\Debug\libKernel-Tank-IO.a(tank_kernel_IO.o)
 .debug_macinfo
                0x00034866     0x7dc6 ..\..\AntonAvrLib\Debug\libAntonAvrLib.a(button.o)
 .debug_macinfo
                0x0003c62c     0x7bb1 ..\..\AntonAvrLib\Debug\libAntonAvrLib.a(external_interrupts.o)
 .debug_macinfo
                0x000441dd     0x7df5 ..\..\AntonAvrLib\Debug\libAntonAvrLib.a(timer.o)
OUTPUT(Main-Tank-IO.elf elf32-avr)
LOAD linker stubs

.debug_pubtypes
                0x00000000      0x4d6
 .debug_pubtypes
                0x00000000       0x2c Main.o
 .debug_pubtypes
                0x0000002c       0x5e tank_IO/LedOperations.o
 .debug_pubtypes
                0x0000008a       0x6b ..\..\AntonAvrLib\Debug\libAntonAvrLib.a(led.o)
 .debug_pubtypes
                0x000000f5       0x3a ..\..\AntonAvrLib\Debug\libAntonAvrLib.a(port.o)
 .debug_pubtypes
                0x0000012f      0x24f ..\..\Kernel-Tank-IO\Debug\libKernel-Tank-IO.a(tank_kernel_IO.o)
 .debug_pubtypes
                0x0000037e       0x46 ..\..\AntonAvrLib\Debug\libAntonAvrLib.a(button.o)
 .debug_pubtypes
                0x000003c4       0x1e ..\..\AntonAvrLib\Debug\libAntonAvrLib.a(external_interrupts.o)
 .debug_pubtypes
                0x000003e2       0xbb ..\..\AntonAvrLib\Debug\libAntonAvrLib.a(timer.o)
 .debug_pubtypes
                0x0000049d       0x39 c:/program files (x86)/atmel/atmel studio 6.0/extensions/atmel/avrgcc/3.3.2.31/avrtoolchain/bin/../lib/gcc/avr/4.5.1/../../../../avr/lib/avr51\libc.a(malloc.o)

.debug_ranges   0x00000000      0x1d8
 .debug_ranges  0x00000000       0x10 Main.o
 .debug_ranges  0x00000010       0x20 tank_IO/LedOperations.o
 .debug_ranges  0x00000030       0x60 ..\..\AntonAvrLib\Debug\libAntonAvrLib.a(led.o)
 .debug_ranges  0x00000090       0x58 ..\..\AntonAvrLib\Debug\libAntonAvrLib.a(port.o)
 .debug_ranges  0x000000e8       0x60 ..\..\Kernel-Tank-IO\Debug\libKernel-Tank-IO.a(tank_kernel_IO.o)
 .debug_ranges  0x00000148       0x10 ..\..\AntonAvrLib\Debug\libAntonAvrLib.a(button.o)
 .debug_ranges  0x00000158       0x18 ..\..\AntonAvrLib\Debug\libAntonAvrLib.a(external_interrupts.o)
 .debug_ranges  0x00000170       0x50 ..\..\AntonAvrLib\Debug\libAntonAvrLib.a(timer.o)
 .debug_ranges  0x000001c0       0x18 c:/program files (x86)/atmel/atmel studio 6.0/extensions/atmel/avrgcc/3.3.2.31/avrtoolchain/bin/../lib/gcc/avr/4.5.1/../../../../avr/lib/avr51\libc.a(malloc.o)
