Archive member included because of file (symbol)

..\..\AntonAvrLib\Debug\libAntonAvrLib.a(dms_scheduler.o)
                              Main.o (createPeriodicJob)
..\..\AntonAvrLib\Debug\libAntonAvrLib.a(scheduler.o)
                              ..\..\AntonAvrLib\Debug\libAntonAvrLib.a(dms_scheduler.o) (schedule_next)
..\..\Kernel-Tank-IO\Debug\libKernel-Tank-IO.a(tank_kernel_IO.o)
                              ..\..\AntonAvrLib\Debug\libAntonAvrLib.a(dms_scheduler.o) (__default_stack_size)
..\..\AntonAvrLib\Debug\libAntonAvrLib.a(external_interrupts.o)
                              ..\..\Kernel-Tank-IO\Debug\libKernel-Tank-IO.a(tank_kernel_IO.o) (enablePinChangeInterrupt)
..\..\AntonAvrLib\Debug\libAntonAvrLib.a(port.o)
                              ..\..\Kernel-Tank-IO\Debug\libKernel-Tank-IO.a(tank_kernel_IO.o) (setPinOutput)
..\..\AntonAvrLib\Debug\libAntonAvrLib.a(timer.o)
                              ..\..\Kernel-Tank-IO\Debug\libKernel-Tank-IO.a(tank_kernel_IO.o) (setTimerClockSelect)
..\..\AntonAvrLib\Debug\libAntonAvrLib.a(rr_scheduler.o)
                              ..\..\Kernel-Tank-IO\Debug\libKernel-Tank-IO.a(tank_kernel_IO.o) (rr_schedule)
..\..\AntonAvrLib\Debug\libAntonAvrLib.a(hardware_reset.o)
                              ..\..\Kernel-Tank-IO\Debug\libKernel-Tank-IO.a(tank_kernel_IO.o) (HARDWARE_RESET)
c:/program files (x86)/atmel/atmel studio 6.0/extensions/atmel/avrgcc/3.3.2.31/avrtoolchain/bin/../lib/gcc/avr/4.5.1/avr51\libgcc.a(_exit.o)
                              c:/program files (x86)/atmel/atmel studio 6.0/extensions/atmel/avrgcc/3.3.2.31/avrtoolchain/bin/../lib/gcc/avr/4.5.1/../../../../avr/lib/avr51/crtm1284p.o (exit)
c:/program files (x86)/atmel/atmel studio 6.0/extensions/atmel/avrgcc/3.3.2.31/avrtoolchain/bin/../lib/gcc/avr/4.5.1/avr51\libgcc.a(_copy_data.o)
                              ..\..\Kernel-Tank-IO\Debug\libKernel-Tank-IO.a(tank_kernel_IO.o) (__do_copy_data)
c:/program files (x86)/atmel/atmel studio 6.0/extensions/atmel/avrgcc/3.3.2.31/avrtoolchain/bin/../lib/gcc/avr/4.5.1/avr51\libgcc.a(_clear_bss.o)
                              Main.o (__do_clear_bss)
c:/program files (x86)/atmel/atmel studio 6.0/extensions/atmel/avrgcc/3.3.2.31/avrtoolchain/bin/../lib/gcc/avr/4.5.1/../../../../avr/lib/avr51\libc.a(calloc.o)
                              ..\..\Kernel-Tank-IO\Debug\libKernel-Tank-IO.a(tank_kernel_IO.o) (calloc)
c:/program files (x86)/atmel/atmel studio 6.0/extensions/atmel/avrgcc/3.3.2.31/avrtoolchain/bin/../lib/gcc/avr/4.5.1/../../../../avr/lib/avr51\libc.a(malloc.o)
                              c:/program files (x86)/atmel/atmel studio 6.0/extensions/atmel/avrgcc/3.3.2.31/avrtoolchain/bin/../lib/gcc/avr/4.5.1/../../../../avr/lib/avr51\libc.a(calloc.o) (malloc)
c:/program files (x86)/atmel/atmel studio 6.0/extensions/atmel/avrgcc/3.3.2.31/avrtoolchain/bin/../lib/gcc/avr/4.5.1/../../../../avr/lib/avr51\libc.a(memset.o)
                              c:/program files (x86)/atmel/atmel studio 6.0/extensions/atmel/avrgcc/3.3.2.31/avrtoolchain/bin/../lib/gcc/avr/4.5.1/../../../../avr/lib/avr51\libc.a(calloc.o) (memset)

Allocating common symbols
Common symbol       size              file

processListHead     0x2               ..\..\AntonAvrLib\Debug\libAntonAvrLib.a(dms_scheduler.o)
Timer3B             0x8               ..\..\Kernel-Tank-IO\Debug\libKernel-Tank-IO.a(tank_kernel_IO.o)
PinC7               0x3               ..\..\Kernel-Tank-IO\Debug\libKernel-Tank-IO.a(tank_kernel_IO.o)
Timer3              0x7               ..\..\Kernel-Tank-IO\Debug\libKernel-Tank-IO.a(tank_kernel_IO.o)
Red3                0x2               ..\..\Kernel-Tank-IO\Debug\libKernel-Tank-IO.a(tank_kernel_IO.o)
Green1              0x2               ..\..\Kernel-Tank-IO\Debug\libKernel-Tank-IO.a(tank_kernel_IO.o)
PinB2               0x3               ..\..\Kernel-Tank-IO\Debug\libKernel-Tank-IO.a(tank_kernel_IO.o)
PinB6               0x3               ..\..\Kernel-Tank-IO\Debug\libKernel-Tank-IO.a(tank_kernel_IO.o)
Timer1A             0x8               ..\..\Kernel-Tank-IO\Debug\libKernel-Tank-IO.a(tank_kernel_IO.o)
YellowLeds          0x3               ..\..\Kernel-Tank-IO\Debug\libKernel-Tank-IO.a(tank_kernel_IO.o)
PinD2               0x3               ..\..\Kernel-Tank-IO\Debug\libKernel-Tank-IO.a(tank_kernel_IO.o)
PinD0               0x3               ..\..\Kernel-Tank-IO\Debug\libKernel-Tank-IO.a(tank_kernel_IO.o)
Button2             0x2               ..\..\Kernel-Tank-IO\Debug\libKernel-Tank-IO.a(tank_kernel_IO.o)
PinC4               0x3               ..\..\Kernel-Tank-IO\Debug\libKernel-Tank-IO.a(tank_kernel_IO.o)
PinA4               0x3               ..\..\Kernel-Tank-IO\Debug\libKernel-Tank-IO.a(tank_kernel_IO.o)
RedLeds             0x3               ..\..\Kernel-Tank-IO\Debug\libKernel-Tank-IO.a(tank_kernel_IO.o)
PinD1               0x3               ..\..\Kernel-Tank-IO\Debug\libKernel-Tank-IO.a(tank_kernel_IO.o)
Timer3A             0x8               ..\..\Kernel-Tank-IO\Debug\libKernel-Tank-IO.a(tank_kernel_IO.o)
PinC3               0x3               ..\..\Kernel-Tank-IO\Debug\libKernel-Tank-IO.a(tank_kernel_IO.o)
Timer0              0x7               ..\..\Kernel-Tank-IO\Debug\libKernel-Tank-IO.a(tank_kernel_IO.o)
PinB7               0x3               ..\..\Kernel-Tank-IO\Debug\libKernel-Tank-IO.a(tank_kernel_IO.o)
PinB5               0x3               ..\..\Kernel-Tank-IO\Debug\libKernel-Tank-IO.a(tank_kernel_IO.o)
Timer2A             0x8               ..\..\Kernel-Tank-IO\Debug\libKernel-Tank-IO.a(tank_kernel_IO.o)
PortD               0x6               ..\..\Kernel-Tank-IO\Debug\libKernel-Tank-IO.a(tank_kernel_IO.o)
__brkval            0x2               c:/program files (x86)/atmel/atmel studio 6.0/extensions/atmel/avrgcc/3.3.2.31/avrtoolchain/bin/../lib/gcc/avr/4.5.1/../../../../avr/lib/avr51\libc.a(malloc.o)
PinA5               0x3               ..\..\Kernel-Tank-IO\Debug\libKernel-Tank-IO.a(tank_kernel_IO.o)
Green3              0x2               ..\..\Kernel-Tank-IO\Debug\libKernel-Tank-IO.a(tank_kernel_IO.o)
PinA2               0x3               ..\..\Kernel-Tank-IO\Debug\libKernel-Tank-IO.a(tank_kernel_IO.o)
PinD3               0x3               ..\..\Kernel-Tank-IO\Debug\libKernel-Tank-IO.a(tank_kernel_IO.o)
White4              0x2               ..\..\Kernel-Tank-IO\Debug\libKernel-Tank-IO.a(tank_kernel_IO.o)
queues              0x23              ..\..\AntonAvrLib\Debug\libAntonAvrLib.a(rr_scheduler.o)
Green2              0x2               ..\..\Kernel-Tank-IO\Debug\libKernel-Tank-IO.a(tank_kernel_IO.o)
MiddleLeds          0x3               ..\..\Kernel-Tank-IO\Debug\libKernel-Tank-IO.a(tank_kernel_IO.o)
PinC6               0x3               ..\..\Kernel-Tank-IO\Debug\libKernel-Tank-IO.a(tank_kernel_IO.o)
Red4                0x2               ..\..\Kernel-Tank-IO\Debug\libKernel-Tank-IO.a(tank_kernel_IO.o)
Red2                0x2               ..\..\Kernel-Tank-IO\Debug\libKernel-Tank-IO.a(tank_kernel_IO.o)
Timer0A             0x8               ..\..\Kernel-Tank-IO\Debug\libKernel-Tank-IO.a(tank_kernel_IO.o)
PinA3               0x3               ..\..\Kernel-Tank-IO\Debug\libKernel-Tank-IO.a(tank_kernel_IO.o)
PinC5               0x3               ..\..\Kernel-Tank-IO\Debug\libKernel-Tank-IO.a(tank_kernel_IO.o)
PinC1               0x3               ..\..\Kernel-Tank-IO\Debug\libKernel-Tank-IO.a(tank_kernel_IO.o)
PinB0               0x3               ..\..\Kernel-Tank-IO\Debug\libKernel-Tank-IO.a(tank_kernel_IO.o)
GreenLeds           0x3               ..\..\Kernel-Tank-IO\Debug\libKernel-Tank-IO.a(tank_kernel_IO.o)
WhiteLeds           0x3               ..\..\Kernel-Tank-IO\Debug\libKernel-Tank-IO.a(tank_kernel_IO.o)
White2              0x2               ..\..\Kernel-Tank-IO\Debug\libKernel-Tank-IO.a(tank_kernel_IO.o)
Yellow2             0x2               ..\..\Kernel-Tank-IO\Debug\libKernel-Tank-IO.a(tank_kernel_IO.o)
PortC               0x6               ..\..\Kernel-Tank-IO\Debug\libKernel-Tank-IO.a(tank_kernel_IO.o)
AllLeds             0x3               ..\..\Kernel-Tank-IO\Debug\libKernel-Tank-IO.a(tank_kernel_IO.o)
White5              0x2               ..\..\Kernel-Tank-IO\Debug\libKernel-Tank-IO.a(tank_kernel_IO.o)
ButtonSwitch        0x2               ..\..\Kernel-Tank-IO\Debug\libKernel-Tank-IO.a(tank_kernel_IO.o)
PinA0               0x3               ..\..\Kernel-Tank-IO\Debug\libKernel-Tank-IO.a(tank_kernel_IO.o)
PortA               0x6               ..\..\Kernel-Tank-IO\Debug\libKernel-Tank-IO.a(tank_kernel_IO.o)
Button1             0x2               ..\..\Kernel-Tank-IO\Debug\libKernel-Tank-IO.a(tank_kernel_IO.o)
PinB3               0x3               ..\..\Kernel-Tank-IO\Debug\libKernel-Tank-IO.a(tank_kernel_IO.o)
Yellow1             0x2               ..\..\Kernel-Tank-IO\Debug\libKernel-Tank-IO.a(tank_kernel_IO.o)
PinA7               0x3               ..\..\Kernel-Tank-IO\Debug\libKernel-Tank-IO.a(tank_kernel_IO.o)
Timer2              0x7               ..\..\Kernel-Tank-IO\Debug\libKernel-Tank-IO.a(tank_kernel_IO.o)
PinB4               0x3               ..\..\Kernel-Tank-IO\Debug\libKernel-Tank-IO.a(tank_kernel_IO.o)
Red5                0x2               ..\..\Kernel-Tank-IO\Debug\libKernel-Tank-IO.a(tank_kernel_IO.o)
White3              0x2               ..\..\Kernel-Tank-IO\Debug\libKernel-Tank-IO.a(tank_kernel_IO.o)
PinC2               0x3               ..\..\Kernel-Tank-IO\Debug\libKernel-Tank-IO.a(tank_kernel_IO.o)
PinD5               0x3               ..\..\Kernel-Tank-IO\Debug\libKernel-Tank-IO.a(tank_kernel_IO.o)
Button4             0x2               ..\..\Kernel-Tank-IO\Debug\libKernel-Tank-IO.a(tank_kernel_IO.o)
__idle_process      0x2               ..\..\Kernel-Tank-IO\Debug\libKernel-Tank-IO.a(tank_kernel_IO.o)
Red1                0x2               ..\..\Kernel-Tank-IO\Debug\libKernel-Tank-IO.a(tank_kernel_IO.o)
PinC0               0x3               ..\..\Kernel-Tank-IO\Debug\libKernel-Tank-IO.a(tank_kernel_IO.o)
PinD7               0x3               ..\..\Kernel-Tank-IO\Debug\libKernel-Tank-IO.a(tank_kernel_IO.o)
Timer2B             0x8               ..\..\Kernel-Tank-IO\Debug\libKernel-Tank-IO.a(tank_kernel_IO.o)
Timer1B             0x8               ..\..\Kernel-Tank-IO\Debug\libKernel-Tank-IO.a(tank_kernel_IO.o)
__flp               0x2               c:/program files (x86)/atmel/atmel studio 6.0/extensions/atmel/avrgcc/3.3.2.31/avrtoolchain/bin/../lib/gcc/avr/4.5.1/../../../../avr/lib/avr51\libc.a(malloc.o)
PinD4               0x3               ..\..\Kernel-Tank-IO\Debug\libKernel-Tank-IO.a(tank_kernel_IO.o)
Timer0B             0x8               ..\..\Kernel-Tank-IO\Debug\libKernel-Tank-IO.a(tank_kernel_IO.o)
PinA6               0x3               ..\..\Kernel-Tank-IO\Debug\libKernel-Tank-IO.a(tank_kernel_IO.o)
Timer1              0x7               ..\..\Kernel-Tank-IO\Debug\libKernel-Tank-IO.a(tank_kernel_IO.o)
PinD6               0x3               ..\..\Kernel-Tank-IO\Debug\libKernel-Tank-IO.a(tank_kernel_IO.o)
PinA1               0x3               ..\..\Kernel-Tank-IO\Debug\libKernel-Tank-IO.a(tank_kernel_IO.o)
White1              0x2               ..\..\Kernel-Tank-IO\Debug\libKernel-Tank-IO.a(tank_kernel_IO.o)
PinB1               0x3               ..\..\Kernel-Tank-IO\Debug\libKernel-Tank-IO.a(tank_kernel_IO.o)
Button3             0x2               ..\..\Kernel-Tank-IO\Debug\libKernel-Tank-IO.a(tank_kernel_IO.o)
PortB               0x6               ..\..\Kernel-Tank-IO\Debug\libKernel-Tank-IO.a(tank_kernel_IO.o)

Memory Configuration

Name             Origin             Length             Attributes
text             0x00000000         0x00020000         xr
data             0x00800100         0x0000ff00         rw !x
eeprom           0x00810000         0x00010000         rw !x
fuse             0x00820000         0x00000400         rw !x
lock             0x00830000         0x00000400         rw !x
signature        0x00840000         0x00000400         rw !x
*default*        0x00000000         0xffffffff

Linker script and memory map

Address of section .data set to 0x800100
LOAD c:/program files (x86)/atmel/atmel studio 6.0/extensions/atmel/avrgcc/3.3.2.31/avrtoolchain/bin/../lib/gcc/avr/4.5.1/../../../../avr/lib/avr51/crtm1284p.o
LOAD Main.o
START GROUP
LOAD ..\..\AntonAvrLib\Debug\libAntonAvrLib.a
LOAD ..\..\Kernel-Tank-IO\Debug\libKernel-Tank-IO.a
LOAD c:/program files (x86)/atmel/atmel studio 6.0/extensions/atmel/avrgcc/3.3.2.31/avrtoolchain/bin/../lib/gcc/avr/4.5.1/../../../../avr/lib/avr51\libm.a
END GROUP
LOAD c:/program files (x86)/atmel/atmel studio 6.0/extensions/atmel/avrgcc/3.3.2.31/avrtoolchain/bin/../lib/gcc/avr/4.5.1/avr51\libgcc.a
LOAD c:/program files (x86)/atmel/atmel studio 6.0/extensions/atmel/avrgcc/3.3.2.31/avrtoolchain/bin/../lib/gcc/avr/4.5.1/../../../../avr/lib/avr51\libc.a
LOAD c:/program files (x86)/atmel/atmel studio 6.0/extensions/atmel/avrgcc/3.3.2.31/avrtoolchain/bin/../lib/gcc/avr/4.5.1/avr51\libgcc.a

.hash
 *(.hash)

.dynsym
 *(.dynsym)

.dynstr
 *(.dynstr)

.gnu.version
 *(.gnu.version)

.gnu.version_d
 *(.gnu.version_d)

.gnu.version_r
 *(.gnu.version_r)

.rel.init
 *(.rel.init)

.rela.init
 *(.rela.init)

.rel.text
 *(.rel.text)
 *(.rel.text.*)
 *(.rel.gnu.linkonce.t*)

.rela.text
 *(.rela.text)
 *(.rela.text.*)
 *(.rela.gnu.linkonce.t*)

.rel.fini
 *(.rel.fini)

.rela.fini
 *(.rela.fini)

.rel.rodata
 *(.rel.rodata)
 *(.rel.rodata.*)
 *(.rel.gnu.linkonce.r*)

.rela.rodata
 *(.rela.rodata)
 *(.rela.rodata.*)
 *(.rela.gnu.linkonce.r*)

.rel.data
 *(.rel.data)
 *(.rel.data.*)
 *(.rel.gnu.linkonce.d*)

.rela.data
 *(.rela.data)
 *(.rela.data.*)
 *(.rela.gnu.linkonce.d*)

.rel.ctors
 *(.rel.ctors)

.rela.ctors
 *(.rela.ctors)

.rel.dtors
 *(.rel.dtors)

.rela.dtors
 *(.rela.dtors)

.rel.got
 *(.rel.got)

.rela.got
 *(.rela.got)

.rel.bss
 *(.rel.bss)

.rela.bss
 *(.rela.bss)

.rel.plt
 *(.rel.plt)

.rela.plt
 *(.rela.plt)

.text           0x00000000     0x1700
 *(.vectors)
 .vectors       0x00000000       0x8c c:/program files (x86)/atmel/atmel studio 6.0/extensions/atmel/avrgcc/3.3.2.31/avrtoolchain/bin/../lib/gcc/avr/4.5.1/../../../../avr/lib/avr51/crtm1284p.o
                0x00000000                __vector_default
                0x00000000                __vectors
 *(.vectors)
 *(.progmem.gcc*)
 *(.progmem*)
                0x0000008c                . = ALIGN (0x2)
                0x0000008c                __trampolines_start = .
 *(.trampolines)
 .trampolines   0x0000008c        0x0 linker stubs
 *(.trampolines*)
                0x0000008c                __trampolines_end = .
 *(.jumptables)
 *(.jumptables*)
 *(.lowtext)
 *(.lowtext*)
                0x0000008c                __ctors_start = .
 *(.ctors)
                0x0000008c                __ctors_end = .
                0x0000008c                __dtors_start = .
 *(.dtors)
                0x0000008c                __dtors_end = .
 SORT(*)(.ctors)
 SORT(*)(.dtors)
 *(.init0)
 .init0         0x0000008c        0x0 c:/program files (x86)/atmel/atmel studio 6.0/extensions/atmel/avrgcc/3.3.2.31/avrtoolchain/bin/../lib/gcc/avr/4.5.1/../../../../avr/lib/avr51/crtm1284p.o
                0x0000008c                __init
 *(.init0)
 *(.init1)
 *(.init1)
 *(.init2)
 .init2         0x0000008c        0xc c:/program files (x86)/atmel/atmel studio 6.0/extensions/atmel/avrgcc/3.3.2.31/avrtoolchain/bin/../lib/gcc/avr/4.5.1/../../../../avr/lib/avr51/crtm1284p.o
 *(.init2)
 *(.init3)
 *(.init3)
 *(.init4)
 .init4         0x00000098       0x1a c:/program files (x86)/atmel/atmel studio 6.0/extensions/atmel/avrgcc/3.3.2.31/avrtoolchain/bin/../lib/gcc/avr/4.5.1/avr51\libgcc.a(_copy_data.o)
                0x00000098                __do_copy_data
 .init4         0x000000b2       0x10 c:/program files (x86)/atmel/atmel studio 6.0/extensions/atmel/avrgcc/3.3.2.31/avrtoolchain/bin/../lib/gcc/avr/4.5.1/avr51\libgcc.a(_clear_bss.o)
                0x000000b2                __do_clear_bss
 *(.init4)
 *(.init5)
 *(.init5)
 *(.init6)
 *(.init6)
 *(.init7)
 *(.init7)
 *(.init8)
 .init8         0x000000c2       0x20 ..\..\Kernel-Tank-IO\Debug\libKernel-Tank-IO.a(tank_kernel_IO.o)
                0x000000c2                init_reset_condition_kernel_init
                0x000000c6                init_ports_m1284P_kernel_init
                0x000000ca                init_tank_leds_kernel_init
                0x000000ce                init_tank_buttons_kernel_init
                0x000000d2                init_timer_m1284P_kernel_init
                0x000000d6                init_idle_scheduler_kernel_init
                0x000000da                init_scheduler_kernel_init
                0x000000de                init_kernel_kernel_init
 *(.init8)
 *(.init9)
 .init9         0x000000e2        0x8 c:/program files (x86)/atmel/atmel studio 6.0/extensions/atmel/avrgcc/3.3.2.31/avrtoolchain/bin/../lib/gcc/avr/4.5.1/../../../../avr/lib/avr51/crtm1284p.o
 *(.init9)
 *(.text)
 .text          0x000000ea        0x4 c:/program files (x86)/atmel/atmel studio 6.0/extensions/atmel/avrgcc/3.3.2.31/avrtoolchain/bin/../lib/gcc/avr/4.5.1/../../../../avr/lib/avr51/crtm1284p.o
                0x000000ea                __vector_22
                0x000000ea                __vector_28
                0x000000ea                __vector_1
                0x000000ea                __vector_34
                0x000000ea                __vector_24
                0x000000ea                __vector_12
                0x000000ea                __bad_interrupt
                0x000000ea                __vector_6
                0x000000ea                __vector_31
                0x000000ea                __vector_3
                0x000000ea                __vector_23
                0x000000ea                __vector_30
                0x000000ea                __vector_25
                0x000000ea                __vector_11
                0x000000ea                __vector_13
                0x000000ea                __vector_17
                0x000000ea                __vector_19
                0x000000ea                __vector_7
                0x000000ea                __vector_27
                0x000000ea                __vector_5
                0x000000ea                __vector_33
                0x000000ea                __vector_4
                0x000000ea                __vector_9
                0x000000ea                __vector_2
                0x000000ea                __vector_21
                0x000000ea                __vector_15
                0x000000ea                __vector_29
                0x000000ea                __vector_8
                0x000000ea                __vector_26
                0x000000ea                __vector_14
                0x000000ea                __vector_10
                0x000000ea                __vector_16
                0x000000ea                __vector_18
                0x000000ea                __vector_20
 .text          0x000000ee        0x0 Main.o
 .text          0x000000ee        0x0 ..\..\AntonAvrLib\Debug\libAntonAvrLib.a(dms_scheduler.o)
 .text          0x000000ee        0x0 ..\..\AntonAvrLib\Debug\libAntonAvrLib.a(scheduler.o)
 .text          0x000000ee      0x9f0 ..\..\Kernel-Tank-IO\Debug\libKernel-Tank-IO.a(tank_kernel_IO.o)
                0x000000ee                ProcessGraveyard
                0x000000f4                init_reset_condition
                0x000000fe                getResetStatus
                0x00000104                init_ports_m1284P
                0x0000038e                init_tank_leds
                0x000004da                initButton
                0x000004e6                initInterruptButton
                0x00000504                init_tank_buttons
                0x00000556                init_timer_m1284P
                0x00000630                init_process_base
                0x0000067c                createProcessBase3
                0x0000073e                createProcessBase2
                0x0000074e                createProcessBase
                0x00000758                switchContext
                0x00000804                getCurrentProcess
                0x0000080e                switchProcess
                0x00000826                createProcess3
                0x0000087a                createProcess2
                0x0000088a                createProcess
                0x00000894                freeProcess
                0x000008c8                getProcessStackSize
                0x000008ce                getFreeProcessStackSize
                0x000008e0                getProcessNumber
                0x000008e8                getProcessMemory
                0x000008f2                init_process
                0x0000092e                init_idle_scheduler
                0x0000094a                idle_schedule
                0x00000954                init_scheduler
                0x00000982                start_scheduler
                0x00000990                schedule
                0x000009bc                __vector_32
                0x00000aaa                init_kernel
 .text          0x00000ade        0x0 ..\..\AntonAvrLib\Debug\libAntonAvrLib.a(external_interrupts.o)
 .text          0x00000ade        0x0 ..\..\AntonAvrLib\Debug\libAntonAvrLib.a(port.o)
 .text          0x00000ade        0x0 ..\..\AntonAvrLib\Debug\libAntonAvrLib.a(timer.o)
 .text          0x00000ade        0x0 ..\..\AntonAvrLib\Debug\libAntonAvrLib.a(rr_scheduler.o)
 .text          0x00000ade        0x0 ..\..\AntonAvrLib\Debug\libAntonAvrLib.a(hardware_reset.o)
 .text          0x00000ade        0x0 c:/program files (x86)/atmel/atmel studio 6.0/extensions/atmel/avrgcc/3.3.2.31/avrtoolchain/bin/../lib/gcc/avr/4.5.1/avr51\libgcc.a(_exit.o)
 .text          0x00000ade        0x0 c:/program files (x86)/atmel/atmel studio 6.0/extensions/atmel/avrgcc/3.3.2.31/avrtoolchain/bin/../lib/gcc/avr/4.5.1/avr51\libgcc.a(_copy_data.o)
 .text          0x00000ade        0x0 c:/program files (x86)/atmel/atmel studio 6.0/extensions/atmel/avrgcc/3.3.2.31/avrtoolchain/bin/../lib/gcc/avr/4.5.1/avr51\libgcc.a(_clear_bss.o)
 .text          0x00000ade        0x0 c:/program files (x86)/atmel/atmel studio 6.0/extensions/atmel/avrgcc/3.3.2.31/avrtoolchain/bin/../lib/gcc/avr/4.5.1/../../../../avr/lib/avr51\libc.a(calloc.o)
 .text          0x00000ade        0x0 c:/program files (x86)/atmel/atmel studio 6.0/extensions/atmel/avrgcc/3.3.2.31/avrtoolchain/bin/../lib/gcc/avr/4.5.1/../../../../avr/lib/avr51\libc.a(malloc.o)
 .text          0x00000ade        0x0 c:/program files (x86)/atmel/atmel studio 6.0/extensions/atmel/avrgcc/3.3.2.31/avrtoolchain/bin/../lib/gcc/avr/4.5.1/../../../../avr/lib/avr51\libc.a(memset.o)
                0x00000ade                . = ALIGN (0x2)
 *(.text.*)
 .text.MyPeriodicJob
                0x00000ade       0x14 Main.o
                0x00000ade                MyPeriodicJob
 .text.before_scheduler
                0x00000af2       0x14 Main.o
                0x00000af2                before_scheduler
 .text.main     0x00000b06       0x14 Main.o
                0x00000b06                main
 .text.AperiodicJobWrapper
                0x00000b1a       0x26 ..\..\AntonAvrLib\Debug\libAntonAvrLib.a(dms_scheduler.o)
                0x00000b1a                AperiodicJobWrapper
 .text.PeriodicJobWrapper
                0x00000b40       0x42 ..\..\AntonAvrLib\Debug\libAntonAvrLib.a(dms_scheduler.o)
                0x00000b40                PeriodicJobWrapper
 .text.dms_schedule
                0x00000b82       0x6c ..\..\AntonAvrLib\Debug\libAntonAvrLib.a(dms_scheduler.o)
                0x00000b82                dms_schedule
 .text.insertJobIntoList
                0x00000bee       0x8a ..\..\AntonAvrLib\Debug\libAntonAvrLib.a(dms_scheduler.o)
                0x00000bee                insertJobIntoList
 .text.initializeJob
                0x00000c78       0x6c ..\..\AntonAvrLib\Debug\libAntonAvrLib.a(dms_scheduler.o)
                0x00000c78                initializeJob
 .text.createPeriodicJob
                0x00000ce4       0x7c ..\..\AntonAvrLib\Debug\libAntonAvrLib.a(dms_scheduler.o)
                0x00000ce4                createPeriodicJob
 .text.createAperiodicJob
                0x00000d60       0x64 ..\..\AntonAvrLib\Debug\libAntonAvrLib.a(dms_scheduler.o)
                0x00000d60                createAperiodicJob
 .text.triggerAperiodicJob
                0x00000dc4       0x10 ..\..\AntonAvrLib\Debug\libAntonAvrLib.a(dms_scheduler.o)
                0x00000dc4                triggerAperiodicJob
 .text.schedule_next
                0x00000dd4       0x12 ..\..\AntonAvrLib\Debug\libAntonAvrLib.a(scheduler.o)
                0x00000dd4                schedule_next
 .text.processor_idle
                0x00000de6       0x12 ..\..\AntonAvrLib\Debug\libAntonAvrLib.a(scheduler.o)
                0x00000de6                processor_idle
 .text.processor_loop_idle
                0x00000df8        0x6 ..\..\AntonAvrLib\Debug\libAntonAvrLib.a(scheduler.o)
                0x00000df8                processor_loop_idle
 .text.enablePinChangeInterrupt
                0x00000dfe       0x4c ..\..\AntonAvrLib\Debug\libAntonAvrLib.a(external_interrupts.o)
                0x00000dfe                enablePinChangeInterrupt
 .text.disblePinChangeInterrupt
                0x00000e4a       0x36 ..\..\AntonAvrLib\Debug\libAntonAvrLib.a(external_interrupts.o)
                0x00000e4a                disblePinChangeInterrupt
 .text.setPortOutput
                0x00000e80       0x10 ..\..\AntonAvrLib\Debug\libAntonAvrLib.a(port.o)
                0x00000e80                setPortOutput
 .text.setPortInput
                0x00000e90        0xe ..\..\AntonAvrLib\Debug\libAntonAvrLib.a(port.o)
                0x00000e90                setPortInput
 .text.setPinOutput
                0x00000e9e       0x1c ..\..\AntonAvrLib\Debug\libAntonAvrLib.a(port.o)
                0x00000e9e                setPinOutput
 .text.setPinInput
                0x00000eba       0x1e ..\..\AntonAvrLib\Debug\libAntonAvrLib.a(port.o)
                0x00000eba                setPinInput
 .text.writePort
                0x00000ed8        0xc ..\..\AntonAvrLib\Debug\libAntonAvrLib.a(port.o)
                0x00000ed8                writePort
 .text.readPort
                0x00000ee4        0xe ..\..\AntonAvrLib\Debug\libAntonAvrLib.a(port.o)
                0x00000ee4                readPort
 .text.setPinOne
                0x00000ef2       0x1c ..\..\AntonAvrLib\Debug\libAntonAvrLib.a(port.o)
                0x00000ef2                setPinOne
 .text.setPinZero
                0x00000f0e       0x1e ..\..\AntonAvrLib\Debug\libAntonAvrLib.a(port.o)
                0x00000f0e                setPinZero
 .text.writePin
                0x00000f2c       0x12 ..\..\AntonAvrLib\Debug\libAntonAvrLib.a(port.o)
                0x00000f2c                writePin
 .text.readPin  0x00000f3e       0x22 ..\..\AntonAvrLib\Debug\libAntonAvrLib.a(port.o)
                0x00000f3e                readPin
 .text.setCompareMatchOutputMode
                0x00000f60       0x58 ..\..\AntonAvrLib\Debug\libAntonAvrLib.a(timer.o)
                0x00000f60                setCompareMatchOutputMode
 .text.setTimerClockSelect
                0x00000fb8       0xc8 ..\..\AntonAvrLib\Debug\libAntonAvrLib.a(timer.o)
                0x00000fb8                setTimerClockSelect
 .text.setWaveformGenerationMode
                0x00001080      0x14e ..\..\AntonAvrLib\Debug\libAntonAvrLib.a(timer.o)
                0x00001080                setWaveformGenerationMode
 .text.enableTimerInterrupt
                0x000011ce       0x28 ..\..\AntonAvrLib\Debug\libAntonAvrLib.a(timer.o)
                0x000011ce                enableTimerInterrupt
 .text.enableOutputCompare
                0x000011f6       0x1e ..\..\AntonAvrLib\Debug\libAntonAvrLib.a(timer.o)
                0x000011f6                enableOutputCompare
 .text.disableOutputCompare
                0x00001214        0xa ..\..\AntonAvrLib\Debug\libAntonAvrLib.a(timer.o)
                0x00001214                disableOutputCompare
 .text.setTimerCompareValue
                0x0000121e       0x30 ..\..\AntonAvrLib\Debug\libAntonAvrLib.a(timer.o)
                0x0000121e                setTimerCompareValue
 .text.getTimerCompareValue
                0x0000124e       0x2a ..\..\AntonAvrLib\Debug\libAntonAvrLib.a(timer.o)
                0x0000124e                getTimerCompareValue
 .text.insertThreadIntoQueue
                0x00001278       0x8a ..\..\AntonAvrLib\Debug\libAntonAvrLib.a(rr_scheduler.o)
                0x00001278                insertThreadIntoQueue
 .text.createThread2
                0x00001302       0x22 ..\..\AntonAvrLib\Debug\libAntonAvrLib.a(rr_scheduler.o)
                0x00001302                createThread2
 .text.createThread
                0x00001324        0xa ..\..\AntonAvrLib\Debug\libAntonAvrLib.a(rr_scheduler.o)
                0x00001324                createThread
 .text.createThread3
                0x0000132e       0x24 ..\..\AntonAvrLib\Debug\libAntonAvrLib.a(rr_scheduler.o)
                0x0000132e                createThread3
 .text.createThread4
                0x00001352       0x28 ..\..\AntonAvrLib\Debug\libAntonAvrLib.a(rr_scheduler.o)
                0x00001352                createThread4
 .text.rr_schedule
                0x0000137a       0x8c ..\..\AntonAvrLib\Debug\libAntonAvrLib.a(rr_scheduler.o)
                0x0000137a                rr_schedule
 .text.rr_captureMainProcess
                0x00001406       0x16 ..\..\AntonAvrLib\Debug\libAntonAvrLib.a(rr_scheduler.o)
                0x00001406                rr_captureMainProcess
 .text.getCurrentThread
                0x0000141c        0x6 ..\..\AntonAvrLib\Debug\libAntonAvrLib.a(rr_scheduler.o)
                0x0000141c                getCurrentThread
 .text.HARDWARE_RESET
                0x00001422       0x16 ..\..\AntonAvrLib\Debug\libAntonAvrLib.a(hardware_reset.o)
                0x00001422                HARDWARE_RESET
 .text.libgcc   0x00001438        0x0 c:/program files (x86)/atmel/atmel studio 6.0/extensions/atmel/avrgcc/3.3.2.31/avrtoolchain/bin/../lib/gcc/avr/4.5.1/avr51\libgcc.a(_exit.o)
 .text.libgcc   0x00001438        0x0 c:/program files (x86)/atmel/atmel studio 6.0/extensions/atmel/avrgcc/3.3.2.31/avrtoolchain/bin/../lib/gcc/avr/4.5.1/avr51\libgcc.a(_copy_data.o)
 .text.libgcc   0x00001438        0x0 c:/program files (x86)/atmel/atmel studio 6.0/extensions/atmel/avrgcc/3.3.2.31/avrtoolchain/bin/../lib/gcc/avr/4.5.1/avr51\libgcc.a(_clear_bss.o)
 .text.avr-libc
                0x00001438       0x4a c:/program files (x86)/atmel/atmel studio 6.0/extensions/atmel/avrgcc/3.3.2.31/avrtoolchain/bin/../lib/gcc/avr/4.5.1/../../../../avr/lib/avr51\libc.a(calloc.o)
                0x00001438                calloc
 .text.avr-libc
                0x00001482      0x266 c:/program files (x86)/atmel/atmel studio 6.0/extensions/atmel/avrgcc/3.3.2.31/avrtoolchain/bin/../lib/gcc/avr/4.5.1/../../../../avr/lib/avr51\libc.a(malloc.o)
                0x00001482                malloc
                0x000015b6                free
 .text.avr-libc
                0x000016e8        0xe c:/program files (x86)/atmel/atmel studio 6.0/extensions/atmel/avrgcc/3.3.2.31/avrtoolchain/bin/../lib/gcc/avr/4.5.1/../../../../avr/lib/avr51\libc.a(memset.o)
                0x000016e8                memset
                0x000016f6                . = ALIGN (0x2)
 *(.fini9)
 .fini9         0x000016f6        0x0 c:/program files (x86)/atmel/atmel studio 6.0/extensions/atmel/avrgcc/3.3.2.31/avrtoolchain/bin/../lib/gcc/avr/4.5.1/avr51\libgcc.a(_exit.o)
                0x000016f6                _exit
                0x000016f6                exit
 *(.fini9)
 *(.fini8)
 *(.fini8)
 *(.fini7)
 *(.fini7)
 *(.fini6)
 *(.fini6)
 *(.fini5)
 *(.fini5)
 *(.fini4)
 *(.fini4)
 *(.fini3)
 *(.fini3)
 *(.fini2)
 *(.fini2)
 *(.fini1)
 .fini1         0x000016f6        0x6 ..\..\Kernel-Tank-IO\Debug\libKernel-Tank-IO.a(tank_kernel_IO.o)
                0x000016f6                MainProcessEnd
 *(.fini1)
 *(.fini0)
 .fini0         0x000016fc        0x4 c:/program files (x86)/atmel/atmel studio 6.0/extensions/atmel/avrgcc/3.3.2.31/avrtoolchain/bin/../lib/gcc/avr/4.5.1/avr51\libgcc.a(_exit.o)
 *(.fini0)
                0x00001700                _etext = .

.data           0x00800100      0x146 load address 0x00001700
                0x00800100                PROVIDE (__data_start, .)
 *(.data)
 .data          0x00800100        0x0 c:/program files (x86)/atmel/atmel studio 6.0/extensions/atmel/avrgcc/3.3.2.31/avrtoolchain/bin/../lib/gcc/avr/4.5.1/../../../../avr/lib/avr51/crtm1284p.o
 .data          0x00800100        0x0 Main.o
 .data          0x00800100        0x0 ..\..\AntonAvrLib\Debug\libAntonAvrLib.a(dms_scheduler.o)
 .data          0x00800100        0x0 ..\..\AntonAvrLib\Debug\libAntonAvrLib.a(scheduler.o)
 .data          0x00800100      0x130 ..\..\Kernel-Tank-IO\Debug\libKernel-Tank-IO.a(tank_kernel_IO.o)
                0x00800100                redLedsArray
                0x0080010a                yellowLedsArray
                0x0080010e                whiteLedsArray
                0x00800118                greenLedsArray
                0x0080011e                middleLedsArray
                0x00800128                allLedsArray
                0x00800146                __default_stack_size
                0x00800148                __nextProcessNumber
 .data          0x00800230        0x8 ..\..\AntonAvrLib\Debug\libAntonAvrLib.a(external_interrupts.o)
                0x00800230                maskRegisters
 .data          0x00800238        0x0 ..\..\AntonAvrLib\Debug\libAntonAvrLib.a(port.o)
 .data          0x00800238        0x8 ..\..\AntonAvrLib\Debug\libAntonAvrLib.a(timer.o)
 .data          0x00800240        0x0 ..\..\AntonAvrLib\Debug\libAntonAvrLib.a(rr_scheduler.o)
 .data          0x00800240        0x0 ..\..\AntonAvrLib\Debug\libAntonAvrLib.a(hardware_reset.o)
 .data          0x00800240        0x0 c:/program files (x86)/atmel/atmel studio 6.0/extensions/atmel/avrgcc/3.3.2.31/avrtoolchain/bin/../lib/gcc/avr/4.5.1/avr51\libgcc.a(_exit.o)
 .data          0x00800240        0x0 c:/program files (x86)/atmel/atmel studio 6.0/extensions/atmel/avrgcc/3.3.2.31/avrtoolchain/bin/../lib/gcc/avr/4.5.1/avr51\libgcc.a(_copy_data.o)
 .data          0x00800240        0x0 c:/program files (x86)/atmel/atmel studio 6.0/extensions/atmel/avrgcc/3.3.2.31/avrtoolchain/bin/../lib/gcc/avr/4.5.1/avr51\libgcc.a(_clear_bss.o)
 .data          0x00800240        0x0 c:/program files (x86)/atmel/atmel studio 6.0/extensions/atmel/avrgcc/3.3.2.31/avrtoolchain/bin/../lib/gcc/avr/4.5.1/../../../../avr/lib/avr51\libc.a(calloc.o)
 .data          0x00800240        0x6 c:/program files (x86)/atmel/atmel studio 6.0/extensions/atmel/avrgcc/3.3.2.31/avrtoolchain/bin/../lib/gcc/avr/4.5.1/../../../../avr/lib/avr51\libc.a(malloc.o)
                0x00800240                __malloc_margin
                0x00800242                __malloc_heap_start
                0x00800244                __malloc_heap_end
 .data          0x00800246        0x0 c:/program files (x86)/atmel/atmel studio 6.0/extensions/atmel/avrgcc/3.3.2.31/avrtoolchain/bin/../lib/gcc/avr/4.5.1/../../../../avr/lib/avr51\libc.a(memset.o)
 *(.data*)
 *(.rodata)
 *(.rodata*)
 *(.gnu.linkonce.d*)
                0x00800246                . = ALIGN (0x2)
                0x00800246                _edata = .
                0x00800246                PROVIDE (__data_end, .)

.bss            0x00800246      0x147
                0x00800246                PROVIDE (__bss_start, .)
 *(.bss)
 .bss           0x00800246        0x0 c:/program files (x86)/atmel/atmel studio 6.0/extensions/atmel/avrgcc/3.3.2.31/avrtoolchain/bin/../lib/gcc/avr/4.5.1/../../../../avr/lib/avr51/crtm1284p.o
 .bss           0x00800246        0x4 Main.o
                0x00800246                counter
                0x00800248                main_counter
 .bss           0x0080024a        0x0 ..\..\AntonAvrLib\Debug\libAntonAvrLib.a(dms_scheduler.o)
 .bss           0x0080024a        0x0 ..\..\AntonAvrLib\Debug\libAntonAvrLib.a(scheduler.o)
 .bss           0x0080024a        0x8 ..\..\Kernel-Tank-IO\Debug\libKernel-Tank-IO.a(tank_kernel_IO.o)
                0x0080024a                current_reset_status
                0x0080024b                __main_process_additional_memory
                0x0080024c                __current_process
                0x0080024e                milliseconds_running
 .bss           0x00800252        0x0 ..\..\AntonAvrLib\Debug\libAntonAvrLib.a(external_interrupts.o)
 .bss           0x00800252        0x0 ..\..\AntonAvrLib\Debug\libAntonAvrLib.a(port.o)
 .bss           0x00800252        0x0 ..\..\AntonAvrLib\Debug\libAntonAvrLib.a(timer.o)
 .bss           0x00800252        0x2 ..\..\AntonAvrLib\Debug\libAntonAvrLib.a(rr_scheduler.o)
                0x00800252                highestPrio
 .bss           0x00800254        0x0 ..\..\AntonAvrLib\Debug\libAntonAvrLib.a(hardware_reset.o)
 .bss           0x00800254        0x0 c:/program files (x86)/atmel/atmel studio 6.0/extensions/atmel/avrgcc/3.3.2.31/avrtoolchain/bin/../lib/gcc/avr/4.5.1/avr51\libgcc.a(_exit.o)
 .bss           0x00800254        0x0 c:/program files (x86)/atmel/atmel studio 6.0/extensions/atmel/avrgcc/3.3.2.31/avrtoolchain/bin/../lib/gcc/avr/4.5.1/avr51\libgcc.a(_copy_data.o)
 .bss           0x00800254        0x0 c:/program files (x86)/atmel/atmel studio 6.0/extensions/atmel/avrgcc/3.3.2.31/avrtoolchain/bin/../lib/gcc/avr/4.5.1/avr51\libgcc.a(_clear_bss.o)
 .bss           0x00800254        0x0 c:/program files (x86)/atmel/atmel studio 6.0/extensions/atmel/avrgcc/3.3.2.31/avrtoolchain/bin/../lib/gcc/avr/4.5.1/../../../../avr/lib/avr51\libc.a(calloc.o)
 .bss           0x00800254        0x0 c:/program files (x86)/atmel/atmel studio 6.0/extensions/atmel/avrgcc/3.3.2.31/avrtoolchain/bin/../lib/gcc/avr/4.5.1/../../../../avr/lib/avr51\libc.a(malloc.o)
 .bss           0x00800254        0x0 c:/program files (x86)/atmel/atmel studio 6.0/extensions/atmel/avrgcc/3.3.2.31/avrtoolchain/bin/../lib/gcc/avr/4.5.1/../../../../avr/lib/avr51\libc.a(memset.o)
 *(.bss*)
 *(COMMON)
 COMMON         0x00800254        0x2 ..\..\AntonAvrLib\Debug\libAntonAvrLib.a(dms_scheduler.o)
                0x00800254                processListHead
 COMMON         0x00800256      0x110 ..\..\Kernel-Tank-IO\Debug\libKernel-Tank-IO.a(tank_kernel_IO.o)
                0x00800256                Timer3B
                0x0080025e                PinC7
                0x00800261                Timer3
                0x00800268                Red3
                0x0080026a                Green1
                0x0080026c                PinB2
                0x0080026f                PinB6
                0x00800272                Timer1A
                0x0080027a                YellowLeds
                0x0080027d                PinD2
                0x00800280                PinD0
                0x00800283                Button2
                0x00800285                PinC4
                0x00800288                PinA4
                0x0080028b                RedLeds
                0x0080028e                PinD1
                0x00800291                Timer3A
                0x00800299                PinC3
                0x0080029c                Timer0
                0x008002a3                PinB7
                0x008002a6                PinB5
                0x008002a9                Timer2A
                0x008002b1                PortD
                0x008002b7                PinA5
                0x008002ba                Green3
                0x008002bc                PinA2
                0x008002bf                PinD3
                0x008002c2                White4
                0x008002c4                Green2
                0x008002c6                MiddleLeds
                0x008002c9                PinC6
                0x008002cc                Red4
                0x008002ce                Red2
                0x008002d0                Timer0A
                0x008002d8                PinA3
                0x008002db                PinC5
                0x008002de                PinC1
                0x008002e1                PinB0
                0x008002e4                GreenLeds
                0x008002e7                WhiteLeds
                0x008002ea                White2
                0x008002ec                Yellow2
                0x008002ee                PortC
                0x008002f4                AllLeds
                0x008002f7                White5
                0x008002f9                ButtonSwitch
                0x008002fb                PinA0
                0x008002fe                PortA
                0x00800304                Button1
                0x00800306                PinB3
                0x00800309                Yellow1
                0x0080030b                PinA7
                0x0080030e                Timer2
                0x00800315                PinB4
                0x00800318                Red5
                0x0080031a                White3
                0x0080031c                PinC2
                0x0080031f                PinD5
                0x00800322                Button4
                0x00800324                __idle_process
                0x00800326                Red1
                0x00800328                PinC0
                0x0080032b                PinD7
                0x0080032e                Timer2B
                0x00800336                Timer1B
                0x0080033e                PinD4
                0x00800341                Timer0B
                0x00800349                PinA6
                0x0080034c                Timer1
                0x00800353                PinD6
                0x00800356                PinA1
                0x00800359                White1
                0x0080035b                PinB1
                0x0080035e                Button3
                0x00800360                PortB
 COMMON         0x00800366       0x23 ..\..\AntonAvrLib\Debug\libAntonAvrLib.a(rr_scheduler.o)
                0x00800366                queues
 COMMON         0x00800389        0x4 c:/program files (x86)/atmel/atmel studio 6.0/extensions/atmel/avrgcc/3.3.2.31/avrtoolchain/bin/../lib/gcc/avr/4.5.1/../../../../avr/lib/avr51\libc.a(malloc.o)
                0x00800389                __brkval
                0x0080038b                __flp
                0x0080038d                PROVIDE (__bss_end, .)
                0x00001700                __data_load_start = LOADADDR (.data)
                0x00001846                __data_load_end = (__data_load_start + SIZEOF (.data))

.noinit         0x0080038d        0x0
                0x0080038d                PROVIDE (__noinit_start, .)
 *(.noinit*)
                0x0080038d                PROVIDE (__noinit_end, .)
                0x0080038d                _end = .
                0x0080038d                PROVIDE (__heap_start, .)

.eeprom         0x00810000        0x0
 *(.eeprom*)
                0x00810000                __eeprom_end = .

.fuse
 *(.fuse)
 *(.lfuse)
 *(.hfuse)
 *(.efuse)

.lock
 *(.lock*)

.signature
 *(.signature*)

.stab           0x00000000      0x738
 *(.stab)
 .stab          0x00000000      0x6cc c:/program files (x86)/atmel/atmel studio 6.0/extensions/atmel/avrgcc/3.3.2.31/avrtoolchain/bin/../lib/gcc/avr/4.5.1/../../../../avr/lib/avr51/crtm1284p.o
 .stab          0x000006cc       0x6c c:/program files (x86)/atmel/atmel studio 6.0/extensions/atmel/avrgcc/3.3.2.31/avrtoolchain/bin/../lib/gcc/avr/4.5.1/../../../../avr/lib/avr51\libc.a(memset.o)
                                 0x78 (size before relaxing)

.stabstr        0x00000000      0x10b
 *(.stabstr)
 .stabstr       0x00000000      0x10b c:/program files (x86)/atmel/atmel studio 6.0/extensions/atmel/avrgcc/3.3.2.31/avrtoolchain/bin/../lib/gcc/avr/4.5.1/../../../../avr/lib/avr51/crtm1284p.o

.stab.excl
 *(.stab.excl)

.stab.exclstr
 *(.stab.exclstr)

.stab.index
 *(.stab.index)

.stab.indexstr
 *(.stab.indexstr)

.comment
 *(.comment)

.debug
 *(.debug)

.line
 *(.line)

.debug_srcinfo
 *(.debug_srcinfo)

.debug_sfnames
 *(.debug_sfnames)

.debug_aranges  0x00000000      0x2c8
 *(.debug_aranges)
 .debug_aranges
                0x00000000       0x30 Main.o
 .debug_aranges
                0x00000030       0x58 ..\..\AntonAvrLib\Debug\libAntonAvrLib.a(dms_scheduler.o)
 .debug_aranges
                0x00000088       0x30 ..\..\AntonAvrLib\Debug\libAntonAvrLib.a(scheduler.o)
 .debug_aranges
                0x000000b8       0x68 ..\..\Kernel-Tank-IO\Debug\libKernel-Tank-IO.a(tank_kernel_IO.o)
 .debug_aranges
                0x00000120       0x28 ..\..\AntonAvrLib\Debug\libAntonAvrLib.a(external_interrupts.o)
 .debug_aranges
                0x00000148       0x68 ..\..\AntonAvrLib\Debug\libAntonAvrLib.a(port.o)
 .debug_aranges
                0x000001b0       0x58 ..\..\AntonAvrLib\Debug\libAntonAvrLib.a(timer.o)
 .debug_aranges
                0x00000208       0x58 ..\..\AntonAvrLib\Debug\libAntonAvrLib.a(rr_scheduler.o)
 .debug_aranges
                0x00000260       0x20 ..\..\AntonAvrLib\Debug\libAntonAvrLib.a(hardware_reset.o)
 .debug_aranges
                0x00000280       0x20 c:/program files (x86)/atmel/atmel studio 6.0/extensions/atmel/avrgcc/3.3.2.31/avrtoolchain/bin/../lib/gcc/avr/4.5.1/../../../../avr/lib/avr51\libc.a(calloc.o)
 .debug_aranges
                0x000002a0       0x28 c:/program files (x86)/atmel/atmel studio 6.0/extensions/atmel/avrgcc/3.3.2.31/avrtoolchain/bin/../lib/gcc/avr/4.5.1/../../../../avr/lib/avr51\libc.a(malloc.o)

.debug_pubnames
                0x00000000      0xd04
 *(.debug_pubnames)
 .debug_pubnames
                0x00000000       0x5f Main.o
 .debug_pubnames
                0x0000005f       0xd3 ..\..\AntonAvrLib\Debug\libAntonAvrLib.a(dms_scheduler.o)
 .debug_pubnames
                0x00000132       0x4f ..\..\AntonAvrLib\Debug\libAntonAvrLib.a(scheduler.o)
 .debug_pubnames
                0x00000181      0x80e ..\..\Kernel-Tank-IO\Debug\libKernel-Tank-IO.a(tank_kernel_IO.o)
 .debug_pubnames
                0x0000098f       0x5e ..\..\AntonAvrLib\Debug\libAntonAvrLib.a(external_interrupts.o)
 .debug_pubnames
                0x000009ed       0xa7 ..\..\AntonAvrLib\Debug\libAntonAvrLib.a(port.o)
 .debug_pubnames
                0x00000a94       0xe2 ..\..\AntonAvrLib\Debug\libAntonAvrLib.a(timer.o)
 .debug_pubnames
                0x00000b76       0xcd ..\..\AntonAvrLib\Debug\libAntonAvrLib.a(rr_scheduler.o)
 .debug_pubnames
                0x00000c43       0x25 ..\..\AntonAvrLib\Debug\libAntonAvrLib.a(hardware_reset.o)
 .debug_pubnames
                0x00000c68       0x1d c:/program files (x86)/atmel/atmel studio 6.0/extensions/atmel/avrgcc/3.3.2.31/avrtoolchain/bin/../lib/gcc/avr/4.5.1/../../../../avr/lib/avr51\libc.a(calloc.o)
 .debug_pubnames
                0x00000c85       0x7f c:/program files (x86)/atmel/atmel studio 6.0/extensions/atmel/avrgcc/3.3.2.31/avrtoolchain/bin/../lib/gcc/avr/4.5.1/../../../../avr/lib/avr51\libc.a(malloc.o)

.debug_info     0x00000000     0x31b7
 *(.debug_info)
 .debug_info    0x00000000       0xf4 Main.o
 .debug_info    0x000000f4      0x4fa ..\..\AntonAvrLib\Debug\libAntonAvrLib.a(dms_scheduler.o)
 .debug_info    0x000005ee      0x10d ..\..\AntonAvrLib\Debug\libAntonAvrLib.a(scheduler.o)
 .debug_info    0x000006fb     0x19b6 ..\..\Kernel-Tank-IO\Debug\libKernel-Tank-IO.a(tank_kernel_IO.o)
 .debug_info    0x000020b1      0x139 ..\..\AntonAvrLib\Debug\libAntonAvrLib.a(external_interrupts.o)
 .debug_info    0x000021ea      0x2d6 ..\..\AntonAvrLib\Debug\libAntonAvrLib.a(port.o)
 .debug_info    0x000024c0      0x50b ..\..\AntonAvrLib\Debug\libAntonAvrLib.a(timer.o)
 .debug_info    0x000029cb      0x440 ..\..\AntonAvrLib\Debug\libAntonAvrLib.a(rr_scheduler.o)
 .debug_info    0x00002e0b       0x85 ..\..\AntonAvrLib\Debug\libAntonAvrLib.a(hardware_reset.o)
 .debug_info    0x00002e90       0x91 c:/program files (x86)/atmel/atmel studio 6.0/extensions/atmel/avrgcc/3.3.2.31/avrtoolchain/bin/../lib/gcc/avr/4.5.1/../../../../avr/lib/avr51\libc.a(calloc.o)
 .debug_info    0x00002f21      0x296 c:/program files (x86)/atmel/atmel studio 6.0/extensions/atmel/avrgcc/3.3.2.31/avrtoolchain/bin/../lib/gcc/avr/4.5.1/../../../../avr/lib/avr51\libc.a(malloc.o)
 *(.gnu.linkonce.wi.*)

.debug_abbrev   0x00000000      0xb60
 *(.debug_abbrev)
 .debug_abbrev  0x00000000       0x8c Main.o
 .debug_abbrev  0x0000008c      0x17e ..\..\AntonAvrLib\Debug\libAntonAvrLib.a(dms_scheduler.o)
 .debug_abbrev  0x0000020a       0xaf ..\..\AntonAvrLib\Debug\libAntonAvrLib.a(scheduler.o)
 .debug_abbrev  0x000002b9      0x2fe ..\..\Kernel-Tank-IO\Debug\libKernel-Tank-IO.a(tank_kernel_IO.o)
 .debug_abbrev  0x000005b7       0xb4 ..\..\AntonAvrLib\Debug\libAntonAvrLib.a(external_interrupts.o)
 .debug_abbrev  0x0000066b      0x100 ..\..\AntonAvrLib\Debug\libAntonAvrLib.a(port.o)
 .debug_abbrev  0x0000076b      0x10e ..\..\AntonAvrLib\Debug\libAntonAvrLib.a(timer.o)
 .debug_abbrev  0x00000879      0x12f ..\..\AntonAvrLib\Debug\libAntonAvrLib.a(rr_scheduler.o)
 .debug_abbrev  0x000009a8       0x4e ..\..\AntonAvrLib\Debug\libAntonAvrLib.a(hardware_reset.o)
 .debug_abbrev  0x000009f6       0x75 c:/program files (x86)/atmel/atmel studio 6.0/extensions/atmel/avrgcc/3.3.2.31/avrtoolchain/bin/../lib/gcc/avr/4.5.1/../../../../avr/lib/avr51\libc.a(calloc.o)
 .debug_abbrev  0x00000a6b       0xf5 c:/program files (x86)/atmel/atmel studio 6.0/extensions/atmel/avrgcc/3.3.2.31/avrtoolchain/bin/../lib/gcc/avr/4.5.1/../../../../avr/lib/avr51\libc.a(malloc.o)

.debug_line     0x00000000     0x4000
 *(.debug_line)
 .debug_line    0x00000000      0x756 Main.o
 .debug_line    0x00000756      0x5b5 ..\..\AntonAvrLib\Debug\libAntonAvrLib.a(dms_scheduler.o)
 .debug_line    0x00000d0b      0x3bc ..\..\AntonAvrLib\Debug\libAntonAvrLib.a(scheduler.o)
 .debug_line    0x000010c7     0x1236 ..\..\Kernel-Tank-IO\Debug\libKernel-Tank-IO.a(tank_kernel_IO.o)
 .debug_line    0x000022fd      0x396 ..\..\AntonAvrLib\Debug\libAntonAvrLib.a(external_interrupts.o)
 .debug_line    0x00002693      0x460 ..\..\AntonAvrLib\Debug\libAntonAvrLib.a(port.o)
 .debug_line    0x00002af3      0x75e ..\..\AntonAvrLib\Debug\libAntonAvrLib.a(timer.o)
 .debug_line    0x00003251      0x520 ..\..\AntonAvrLib\Debug\libAntonAvrLib.a(rr_scheduler.o)
 .debug_line    0x00003771      0x32c ..\..\AntonAvrLib\Debug\libAntonAvrLib.a(hardware_reset.o)
 .debug_line    0x00003a9d      0x15e c:/program files (x86)/atmel/atmel studio 6.0/extensions/atmel/avrgcc/3.3.2.31/avrtoolchain/bin/../lib/gcc/avr/4.5.1/../../../../avr/lib/avr51\libc.a(calloc.o)
 .debug_line    0x00003bfb      0x405 c:/program files (x86)/atmel/atmel studio 6.0/extensions/atmel/avrgcc/3.3.2.31/avrtoolchain/bin/../lib/gcc/avr/4.5.1/../../../../avr/lib/avr51\libc.a(malloc.o)

.debug_frame    0x00000000      0x630
 *(.debug_frame)
 .debug_frame   0x00000000       0x40 Main.o
 .debug_frame   0x00000040       0x90 ..\..\AntonAvrLib\Debug\libAntonAvrLib.a(dms_scheduler.o)
 .debug_frame   0x000000d0       0x40 ..\..\AntonAvrLib\Debug\libAntonAvrLib.a(scheduler.o)
 .debug_frame   0x00000110      0x2b0 ..\..\Kernel-Tank-IO\Debug\libKernel-Tank-IO.a(tank_kernel_IO.o)
 .debug_frame   0x000003c0       0x30 ..\..\AntonAvrLib\Debug\libAntonAvrLib.a(external_interrupts.o)
 .debug_frame   0x000003f0       0xb0 ..\..\AntonAvrLib\Debug\libAntonAvrLib.a(port.o)
 .debug_frame   0x000004a0       0x90 ..\..\AntonAvrLib\Debug\libAntonAvrLib.a(timer.o)
 .debug_frame   0x00000530       0x90 ..\..\AntonAvrLib\Debug\libAntonAvrLib.a(rr_scheduler.o)
 .debug_frame   0x000005c0       0x20 ..\..\AntonAvrLib\Debug\libAntonAvrLib.a(hardware_reset.o)
 .debug_frame   0x000005e0       0x20 c:/program files (x86)/atmel/atmel studio 6.0/extensions/atmel/avrgcc/3.3.2.31/avrtoolchain/bin/../lib/gcc/avr/4.5.1/../../../../avr/lib/avr51\libc.a(calloc.o)
 .debug_frame   0x00000600       0x30 c:/program files (x86)/atmel/atmel studio 6.0/extensions/atmel/avrgcc/3.3.2.31/avrtoolchain/bin/../lib/gcc/avr/4.5.1/../../../../avr/lib/avr51\libc.a(malloc.o)

.debug_str      0x00000000     0x124e
 *(.debug_str)
 .debug_str     0x00000000       0xba Main.o
                                 0xf6 (size before relaxing)
 .debug_str     0x000000ba      0x233 ..\..\AntonAvrLib\Debug\libAntonAvrLib.a(dms_scheduler.o)
                                0x2cb (size before relaxing)
 .debug_str     0x000002ed       0x51 ..\..\AntonAvrLib\Debug\libAntonAvrLib.a(scheduler.o)
                                0x12c (size before relaxing)
 .debug_str     0x0000033e      0x9e5 ..\..\Kernel-Tank-IO\Debug\libKernel-Tank-IO.a(tank_kernel_IO.o)
                                0xb30 (size before relaxing)
 .debug_str     0x00000d23       0x94 ..\..\AntonAvrLib\Debug\libAntonAvrLib.a(external_interrupts.o)
                                0x13d (size before relaxing)
 .debug_str     0x00000db7       0x8c ..\..\AntonAvrLib\Debug\libAntonAvrLib.a(port.o)
                                0x15a (size before relaxing)
 .debug_str     0x00000e43      0x147 ..\..\AntonAvrLib\Debug\libAntonAvrLib.a(timer.o)
                                0x45b (size before relaxing)
 .debug_str     0x00000f8a      0x158 ..\..\AntonAvrLib\Debug\libAntonAvrLib.a(rr_scheduler.o)
                                0x2c7 (size before relaxing)
 .debug_str     0x000010e2       0x2a ..\..\AntonAvrLib\Debug\libAntonAvrLib.a(hardware_reset.o)
                                 0xd3 (size before relaxing)
 .debug_str     0x0000110c       0x70 c:/program files (x86)/atmel/atmel studio 6.0/extensions/atmel/avrgcc/3.3.2.31/avrtoolchain/bin/../lib/gcc/avr/4.5.1/../../../../avr/lib/avr51\libc.a(calloc.o)
                                 0x9e (size before relaxing)
 .debug_str     0x0000117c       0xd2 c:/program files (x86)/atmel/atmel studio 6.0/extensions/atmel/avrgcc/3.3.2.31/avrtoolchain/bin/../lib/gcc/avr/4.5.1/../../../../avr/lib/avr51\libc.a(malloc.o)
                                0x17c (size before relaxing)

.debug_loc      0x00000000     0x18a0
 *(.debug_loc)
 .debug_loc     0x00000000      0x3de ..\..\AntonAvrLib\Debug\libAntonAvrLib.a(dms_scheduler.o)
 .debug_loc     0x000003de       0x18 ..\..\AntonAvrLib\Debug\libAntonAvrLib.a(scheduler.o)
 .debug_loc     0x000003f6      0x4c5 ..\..\Kernel-Tank-IO\Debug\libKernel-Tank-IO.a(tank_kernel_IO.o)
 .debug_loc     0x000008bb       0xa3 ..\..\AntonAvrLib\Debug\libAntonAvrLib.a(external_interrupts.o)
 .debug_loc     0x0000095e      0x168 ..\..\AntonAvrLib\Debug\libAntonAvrLib.a(port.o)
 .debug_loc     0x00000ac6      0x68c ..\..\AntonAvrLib\Debug\libAntonAvrLib.a(timer.o)
 .debug_loc     0x00001152      0x2cd ..\..\AntonAvrLib\Debug\libAntonAvrLib.a(rr_scheduler.o)
 .debug_loc     0x0000141f       0x58 c:/program files (x86)/atmel/atmel studio 6.0/extensions/atmel/avrgcc/3.3.2.31/avrtoolchain/bin/../lib/gcc/avr/4.5.1/../../../../avr/lib/avr51\libc.a(calloc.o)
 .debug_loc     0x00001477      0x429 c:/program files (x86)/atmel/atmel studio 6.0/extensions/atmel/avrgcc/3.3.2.31/avrtoolchain/bin/../lib/gcc/avr/4.5.1/../../../../avr/lib/avr51\libc.a(malloc.o)

.debug_macinfo  0x00000000    0x47ced
 *(.debug_macinfo)
 .debug_macinfo
                0x00000000     0x7f05 Main.o
 .debug_macinfo
                0x00007f05     0x8236 ..\..\AntonAvrLib\Debug\libAntonAvrLib.a(dms_scheduler.o)
 .debug_macinfo
                0x0001013b     0x8034 ..\..\AntonAvrLib\Debug\libAntonAvrLib.a(scheduler.o)
 .debug_macinfo
                0x0001816f     0x8f36 ..\..\Kernel-Tank-IO\Debug\libKernel-Tank-IO.a(tank_kernel_IO.o)
 .debug_macinfo
                0x000210a5     0x7b66 ..\..\AntonAvrLib\Debug\libAntonAvrLib.a(external_interrupts.o)
 .debug_macinfo
                0x00028c0b     0x7c96 ..\..\AntonAvrLib\Debug\libAntonAvrLib.a(port.o)
 .debug_macinfo
                0x000308a1     0x7d4d ..\..\AntonAvrLib\Debug\libAntonAvrLib.a(timer.o)
 .debug_macinfo
                0x000385ee     0x7b9f ..\..\AntonAvrLib\Debug\libAntonAvrLib.a(rr_scheduler.o)
 .debug_macinfo
                0x0004018d     0x7b60 ..\..\AntonAvrLib\Debug\libAntonAvrLib.a(hardware_reset.o)
OUTPUT(Main-Tank-IO.elf elf32-avr)
LOAD linker stubs

.debug_pubtypes
                0x00000000      0x4cd
 .debug_pubtypes
                0x00000000       0x1f Main.o
 .debug_pubtypes
                0x0000001f       0xb7 ..\..\AntonAvrLib\Debug\libAntonAvrLib.a(dms_scheduler.o)
 .debug_pubtypes
                0x000000d6       0x45 ..\..\AntonAvrLib\Debug\libAntonAvrLib.a(scheduler.o)
 .debug_pubtypes
                0x0000011b      0x144 ..\..\Kernel-Tank-IO\Debug\libKernel-Tank-IO.a(tank_kernel_IO.o)
 .debug_pubtypes
                0x0000025f       0x1e ..\..\AntonAvrLib\Debug\libAntonAvrLib.a(external_interrupts.o)
 .debug_pubtypes
                0x0000027d       0x3a ..\..\AntonAvrLib\Debug\libAntonAvrLib.a(port.o)
 .debug_pubtypes
                0x000002b7       0xbd ..\..\AntonAvrLib\Debug\libAntonAvrLib.a(timer.o)
 .debug_pubtypes
                0x00000374       0xe5 ..\..\AntonAvrLib\Debug\libAntonAvrLib.a(rr_scheduler.o)
 .debug_pubtypes
                0x00000459       0x1e ..\..\AntonAvrLib\Debug\libAntonAvrLib.a(hardware_reset.o)
 .debug_pubtypes
                0x00000477       0x1d c:/program files (x86)/atmel/atmel studio 6.0/extensions/atmel/avrgcc/3.3.2.31/avrtoolchain/bin/../lib/gcc/avr/4.5.1/../../../../avr/lib/avr51\libc.a(calloc.o)
 .debug_pubtypes
                0x00000494       0x39 c:/program files (x86)/atmel/atmel studio 6.0/extensions/atmel/avrgcc/3.3.2.31/avrtoolchain/bin/../lib/gcc/avr/4.5.1/../../../../avr/lib/avr51\libc.a(malloc.o)

.debug_ranges   0x00000000      0x248
 .debug_ranges  0x00000000       0x20 Main.o
 .debug_ranges  0x00000020       0x48 ..\..\AntonAvrLib\Debug\libAntonAvrLib.a(dms_scheduler.o)
 .debug_ranges  0x00000068       0x20 ..\..\AntonAvrLib\Debug\libAntonAvrLib.a(scheduler.o)
 .debug_ranges  0x00000088       0x88 ..\..\Kernel-Tank-IO\Debug\libKernel-Tank-IO.a(tank_kernel_IO.o)
 .debug_ranges  0x00000110       0x18 ..\..\AntonAvrLib\Debug\libAntonAvrLib.a(external_interrupts.o)
 .debug_ranges  0x00000128       0x58 ..\..\AntonAvrLib\Debug\libAntonAvrLib.a(port.o)
 .debug_ranges  0x00000180       0x48 ..\..\AntonAvrLib\Debug\libAntonAvrLib.a(timer.o)
 .debug_ranges  0x000001c8       0x48 ..\..\AntonAvrLib\Debug\libAntonAvrLib.a(rr_scheduler.o)
 .debug_ranges  0x00000210       0x10 ..\..\AntonAvrLib\Debug\libAntonAvrLib.a(hardware_reset.o)
 .debug_ranges  0x00000220       0x10 c:/program files (x86)/atmel/atmel studio 6.0/extensions/atmel/avrgcc/3.3.2.31/avrtoolchain/bin/../lib/gcc/avr/4.5.1/../../../../avr/lib/avr51\libc.a(calloc.o)
 .debug_ranges  0x00000230       0x18 c:/program files (x86)/atmel/atmel studio 6.0/extensions/atmel/avrgcc/3.3.2.31/avrtoolchain/bin/../lib/gcc/avr/4.5.1/../../../../avr/lib/avr51\libc.a(malloc.o)
