Archive member included because of file (symbol)

..\..\AntonAvrLib\Release\libAntonAvrLib.a(led.o)
                              Main.o (enableLed)
..\..\AntonAvrLib\Release\libAntonAvrLib.a(port.o)
                              ..\..\AntonAvrLib\Release\libAntonAvrLib.a(led.o) (writePin)
..\..\Kernel-NIBObee\Release\libKernel-NIBObee.a(nibobee_kernel.o)
                              Main.o (AllLeds)
..\..\AntonAvrLib\Release\libAntonAvrLib.a(external_interrupts.o)
                              ..\..\Kernel-NIBObee\Release\libKernel-NIBObee.a(nibobee_kernel.o) (enablePinChangeInterrupt)
..\..\AntonAvrLib\Release\libAntonAvrLib.a(motor.o)
                              ..\..\Kernel-NIBObee\Release\libKernel-NIBObee.a(nibobee_kernel.o) (stopMotor)
..\..\AntonAvrLib\Release\libAntonAvrLib.a(timer.o)
                              ..\..\Kernel-NIBObee\Release\libKernel-NIBObee.a(nibobee_kernel.o) (setTimerClockSelect)
..\..\AntonAvrLib\Release\libAntonAvrLib.a(scheduler.o)
                              ..\..\Kernel-NIBObee\Release\libKernel-NIBObee.a(nibobee_kernel.o) (processor_loop_idle)
..\..\AntonAvrLib\Release\libAntonAvrLib.a(dms_scheduler.o)
                              ..\..\Kernel-NIBObee\Release\libKernel-NIBObee.a(nibobee_kernel.o) (dms_schedule)
..\..\AntonAvrLib\Release\libAntonAvrLib.a(rr_scheduler.o)
                              ..\..\Kernel-NIBObee\Release\libKernel-NIBObee.a(nibobee_kernel.o) (rr_schedule)
..\..\AntonAvrLib\Release\libAntonAvrLib.a(hardware_reset.o)
                              ..\..\Kernel-NIBObee\Release\libKernel-NIBObee.a(nibobee_kernel.o) (HARDWARE_RESET)
c:/program files (x86)/atmel/atmel studio 6.0/extensions/atmel/avrgcc/3.3.2.31/avrtoolchain/bin/../lib/gcc/avr/4.5.1/avr51\libgcc.a(_exit.o)
                              c:/program files (x86)/atmel/atmel studio 6.0/extensions/atmel/avrgcc/3.3.2.31/avrtoolchain/bin/../lib/gcc/avr/4.5.1/../../../../avr/lib/avr51/crtm1284p.o (exit)
c:/program files (x86)/atmel/atmel studio 6.0/extensions/atmel/avrgcc/3.3.2.31/avrtoolchain/bin/../lib/gcc/avr/4.5.1/avr51\libgcc.a(_copy_data.o)
                              ..\..\Kernel-NIBObee\Release\libKernel-NIBObee.a(nibobee_kernel.o) (__do_copy_data)
c:/program files (x86)/atmel/atmel studio 6.0/extensions/atmel/avrgcc/3.3.2.31/avrtoolchain/bin/../lib/gcc/avr/4.5.1/avr51\libgcc.a(_clear_bss.o)
                              Main.o (__do_clear_bss)
c:/program files (x86)/atmel/atmel studio 6.0/extensions/atmel/avrgcc/3.3.2.31/avrtoolchain/bin/../lib/gcc/avr/4.5.1/../../../../avr/lib/avr51\libc.a(calloc.o)
                              ..\..\Kernel-NIBObee\Release\libKernel-NIBObee.a(nibobee_kernel.o) (calloc)
c:/program files (x86)/atmel/atmel studio 6.0/extensions/atmel/avrgcc/3.3.2.31/avrtoolchain/bin/../lib/gcc/avr/4.5.1/../../../../avr/lib/avr51\libc.a(malloc.o)
                              c:/program files (x86)/atmel/atmel studio 6.0/extensions/atmel/avrgcc/3.3.2.31/avrtoolchain/bin/../lib/gcc/avr/4.5.1/../../../../avr/lib/avr51\libc.a(calloc.o) (malloc)
c:/program files (x86)/atmel/atmel studio 6.0/extensions/atmel/avrgcc/3.3.2.31/avrtoolchain/bin/../lib/gcc/avr/4.5.1/../../../../avr/lib/avr51\libc.a(memset.o)
                              c:/program files (x86)/atmel/atmel studio 6.0/extensions/atmel/avrgcc/3.3.2.31/avrtoolchain/bin/../lib/gcc/avr/4.5.1/../../../../avr/lib/avr51\libc.a(calloc.o) (memset)

Allocating common symbols
Common symbol       size              file

LeftRed             0x2               ..\..\Kernel-NIBObee\Release\libKernel-NIBObee.a(nibobee_kernel.o)
processListHead     0x2               ..\..\AntonAvrLib\Release\libAntonAvrLib.a(dms_scheduler.o)
LeftYellow          0x2               ..\..\Kernel-NIBObee\Release\libKernel-NIBObee.a(nibobee_kernel.o)
Timer3B             0x8               ..\..\Kernel-NIBObee\Release\libKernel-NIBObee.a(nibobee_kernel.o)
twi_address         0x1               ..\..\Kernel-NIBObee\Release\libKernel-NIBObee.a(nibobee_kernel.o)
PinC7               0x3               ..\..\Kernel-NIBObee\Release\libKernel-NIBObee.a(nibobee_kernel.o)
Timer3              0x7               ..\..\Kernel-NIBObee\Release\libKernel-NIBObee.a(nibobee_kernel.o)
PinB2               0x3               ..\..\Kernel-NIBObee\Release\libKernel-NIBObee.a(nibobee_kernel.o)
PinB6               0x3               ..\..\Kernel-NIBObee\Release\libKernel-NIBObee.a(nibobee_kernel.o)
Timer1A             0x8               ..\..\Kernel-NIBObee\Release\libKernel-NIBObee.a(nibobee_kernel.o)
YellowLeds          0x3               ..\..\Kernel-NIBObee\Release\libKernel-NIBObee.a(nibobee_kernel.o)
PinD2               0x3               ..\..\Kernel-NIBObee\Release\libKernel-NIBObee.a(nibobee_kernel.o)
PinD0               0x3               ..\..\Kernel-NIBObee\Release\libKernel-NIBObee.a(nibobee_kernel.o)
ButtonLeftForward   0x2               ..\..\Kernel-NIBObee\Release\libKernel-NIBObee.a(nibobee_kernel.o)
ButtonLeftBackward  0x2               ..\..\Kernel-NIBObee\Release\libKernel-NIBObee.a(nibobee_kernel.o)
ButtonRightBackward
                    0x2               ..\..\Kernel-NIBObee\Release\libKernel-NIBObee.a(nibobee_kernel.o)
RightLeds           0x3               ..\..\Kernel-NIBObee\Release\libKernel-NIBObee.a(nibobee_kernel.o)
PinC4               0x3               ..\..\Kernel-NIBObee\Release\libKernel-NIBObee.a(nibobee_kernel.o)
PinA4               0x3               ..\..\Kernel-NIBObee\Release\libKernel-NIBObee.a(nibobee_kernel.o)
RedLeds             0x3               ..\..\Kernel-NIBObee\Release\libKernel-NIBObee.a(nibobee_kernel.o)
PinD1               0x3               ..\..\Kernel-NIBObee\Release\libKernel-NIBObee.a(nibobee_kernel.o)
Timer3A             0x8               ..\..\Kernel-NIBObee\Release\libKernel-NIBObee.a(nibobee_kernel.o)
twi_defaultSlaveBufferData
                    0x40              ..\..\Kernel-NIBObee\Release\libKernel-NIBObee.a(nibobee_kernel.o)
PinC3               0x3               ..\..\Kernel-NIBObee\Release\libKernel-NIBObee.a(nibobee_kernel.o)
Timer0              0x7               ..\..\Kernel-NIBObee\Release\libKernel-NIBObee.a(nibobee_kernel.o)
PinB7               0x3               ..\..\Kernel-NIBObee\Release\libKernel-NIBObee.a(nibobee_kernel.o)
PinB5               0x3               ..\..\Kernel-NIBObee\Release\libKernel-NIBObee.a(nibobee_kernel.o)
Timer2A             0x8               ..\..\Kernel-NIBObee\Release\libKernel-NIBObee.a(nibobee_kernel.o)
PortD               0x6               ..\..\Kernel-NIBObee\Release\libKernel-NIBObee.a(nibobee_kernel.o)
RightRed            0x2               ..\..\Kernel-NIBObee\Release\libKernel-NIBObee.a(nibobee_kernel.o)
__brkval            0x2               c:/program files (x86)/atmel/atmel studio 6.0/extensions/atmel/avrgcc/3.3.2.31/avrtoolchain/bin/../lib/gcc/avr/4.5.1/../../../../avr/lib/avr51\libc.a(malloc.o)
PinA5               0x3               ..\..\Kernel-NIBObee\Release\libKernel-NIBObee.a(nibobee_kernel.o)
LeftMotor           0x5               ..\..\Kernel-NIBObee\Release\libKernel-NIBObee.a(nibobee_kernel.o)
PinA2               0x3               ..\..\Kernel-NIBObee\Release\libKernel-NIBObee.a(nibobee_kernel.o)
PinD3               0x3               ..\..\Kernel-NIBObee\Release\libKernel-NIBObee.a(nibobee_kernel.o)
alreadyHandled      0x2               ..\..\Kernel-NIBObee\Release\libKernel-NIBObee.a(nibobee_kernel.o)
ButtonRightForward  0x2               ..\..\Kernel-NIBObee\Release\libKernel-NIBObee.a(nibobee_kernel.o)
queues              0x23              ..\..\AntonAvrLib\Release\libAntonAvrLib.a(rr_scheduler.o)
PinC6               0x3               ..\..\Kernel-NIBObee\Release\libKernel-NIBObee.a(nibobee_kernel.o)
Timer0A             0x8               ..\..\Kernel-NIBObee\Release\libKernel-NIBObee.a(nibobee_kernel.o)
PinA3               0x3               ..\..\Kernel-NIBObee\Release\libKernel-NIBObee.a(nibobee_kernel.o)
PinC5               0x3               ..\..\Kernel-NIBObee\Release\libKernel-NIBObee.a(nibobee_kernel.o)
PinC1               0x3               ..\..\Kernel-NIBObee\Release\libKernel-NIBObee.a(nibobee_kernel.o)
PinB0               0x3               ..\..\Kernel-NIBObee\Release\libKernel-NIBObee.a(nibobee_kernel.o)
PortC               0x6               ..\..\Kernel-NIBObee\Release\libKernel-NIBObee.a(nibobee_kernel.o)
AllLeds             0x3               ..\..\Kernel-NIBObee\Release\libKernel-NIBObee.a(nibobee_kernel.o)
PinA0               0x3               ..\..\Kernel-NIBObee\Release\libKernel-NIBObee.a(nibobee_kernel.o)
PortA               0x6               ..\..\Kernel-NIBObee\Release\libKernel-NIBObee.a(nibobee_kernel.o)
PinB3               0x3               ..\..\Kernel-NIBObee\Release\libKernel-NIBObee.a(nibobee_kernel.o)
nextTwiOperation    0x2               ..\..\Kernel-NIBObee\Release\libKernel-NIBObee.a(nibobee_kernel.o)
PinA7               0x3               ..\..\Kernel-NIBObee\Release\libKernel-NIBObee.a(nibobee_kernel.o)
twi_buffer          0x4               ..\..\Kernel-NIBObee\Release\libKernel-NIBObee.a(nibobee_kernel.o)
twi_running         0x2               ..\..\Kernel-NIBObee\Release\libKernel-NIBObee.a(nibobee_kernel.o)
Timer2              0x7               ..\..\Kernel-NIBObee\Release\libKernel-NIBObee.a(nibobee_kernel.o)
error               0x2               ..\..\Kernel-NIBObee\Release\libKernel-NIBObee.a(nibobee_kernel.o)
LeftLeds            0x3               ..\..\Kernel-NIBObee\Release\libKernel-NIBObee.a(nibobee_kernel.o)
PinB4               0x3               ..\..\Kernel-NIBObee\Release\libKernel-NIBObee.a(nibobee_kernel.o)
RightMotor          0x5               ..\..\Kernel-NIBObee\Release\libKernel-NIBObee.a(nibobee_kernel.o)
PinC2               0x3               ..\..\Kernel-NIBObee\Release\libKernel-NIBObee.a(nibobee_kernel.o)
PinD5               0x3               ..\..\Kernel-NIBObee\Release\libKernel-NIBObee.a(nibobee_kernel.o)
__idle_process      0x2               ..\..\Kernel-NIBObee\Release\libKernel-NIBObee.a(nibobee_kernel.o)
PinC0               0x3               ..\..\Kernel-NIBObee\Release\libKernel-NIBObee.a(nibobee_kernel.o)
PinD7               0x3               ..\..\Kernel-NIBObee\Release\libKernel-NIBObee.a(nibobee_kernel.o)
RightYellow         0x2               ..\..\Kernel-NIBObee\Release\libKernel-NIBObee.a(nibobee_kernel.o)
Timer2B             0x8               ..\..\Kernel-NIBObee\Release\libKernel-NIBObee.a(nibobee_kernel.o)
Timer1B             0x8               ..\..\Kernel-NIBObee\Release\libKernel-NIBObee.a(nibobee_kernel.o)
__flp               0x2               c:/program files (x86)/atmel/atmel studio 6.0/extensions/atmel/avrgcc/3.3.2.31/avrtoolchain/bin/../lib/gcc/avr/4.5.1/../../../../avr/lib/avr51\libc.a(malloc.o)
PinD4               0x3               ..\..\Kernel-NIBObee\Release\libKernel-NIBObee.a(nibobee_kernel.o)
Timer0B             0x8               ..\..\Kernel-NIBObee\Release\libKernel-NIBObee.a(nibobee_kernel.o)
PinA6               0x3               ..\..\Kernel-NIBObee\Release\libKernel-NIBObee.a(nibobee_kernel.o)
Timer1              0x7               ..\..\Kernel-NIBObee\Release\libKernel-NIBObee.a(nibobee_kernel.o)
furtherOperations   0x15              ..\..\Kernel-NIBObee\Release\libKernel-NIBObee.a(nibobee_kernel.o)
PinD6               0x3               ..\..\Kernel-NIBObee\Release\libKernel-NIBObee.a(nibobee_kernel.o)
PinA1               0x3               ..\..\Kernel-NIBObee\Release\libKernel-NIBObee.a(nibobee_kernel.o)
PinB1               0x3               ..\..\Kernel-NIBObee\Release\libKernel-NIBObee.a(nibobee_kernel.o)
PortB               0x6               ..\..\Kernel-NIBObee\Release\libKernel-NIBObee.a(nibobee_kernel.o)

Discarded input sections

 .data          0x00000000        0x0 c:/program files (x86)/atmel/atmel studio 6.0/extensions/atmel/avrgcc/3.3.2.31/avrtoolchain/bin/../lib/gcc/avr/4.5.1/../../../../avr/lib/avr51/crtm1284p.o
 .bss           0x00000000        0x0 c:/program files (x86)/atmel/atmel studio 6.0/extensions/atmel/avrgcc/3.3.2.31/avrtoolchain/bin/../lib/gcc/avr/4.5.1/../../../../avr/lib/avr51/crtm1284p.o
 .text          0x00000000        0x0 Main.o
 .data          0x00000000        0x0 Main.o
 .text          0x00000000        0x0 ..\..\AntonAvrLib\Release\libAntonAvrLib.a(led.o)
 .data          0x00000000        0x0 ..\..\AntonAvrLib\Release\libAntonAvrLib.a(led.o)
 .bss           0x00000000        0x0 ..\..\AntonAvrLib\Release\libAntonAvrLib.a(led.o)
 .text.setLed   0x00000000        0xc ..\..\AntonAvrLib\Release\libAntonAvrLib.a(led.o)
 .text.setLeds  0x00000000       0x76 ..\..\AntonAvrLib\Release\libAntonAvrLib.a(led.o)
 .text.enableLeds
                0x00000000       0x5a ..\..\AntonAvrLib\Release\libAntonAvrLib.a(led.o)
 .text.disableLeds
                0x00000000       0x5a ..\..\AntonAvrLib\Release\libAntonAvrLib.a(led.o)
 .text.blinkLeds
                0x00000000       0xf0 ..\..\AntonAvrLib\Release\libAntonAvrLib.a(led.o)
 .text.blinkAllLeds
                0x00000000       0xe2 ..\..\AntonAvrLib\Release\libAntonAvrLib.a(led.o)
 .text          0x00000000        0x0 ..\..\AntonAvrLib\Release\libAntonAvrLib.a(port.o)
 .data          0x00000000        0x0 ..\..\AntonAvrLib\Release\libAntonAvrLib.a(port.o)
 .bss           0x00000000        0x0 ..\..\AntonAvrLib\Release\libAntonAvrLib.a(port.o)
 .text.setPortOutput
                0x00000000       0x10 ..\..\AntonAvrLib\Release\libAntonAvrLib.a(port.o)
 .text.setPortInput
                0x00000000        0xe ..\..\AntonAvrLib\Release\libAntonAvrLib.a(port.o)
 .text.writePort
                0x00000000        0xc ..\..\AntonAvrLib\Release\libAntonAvrLib.a(port.o)
 .text.readPort
                0x00000000        0xe ..\..\AntonAvrLib\Release\libAntonAvrLib.a(port.o)
 .text.setPinOne
                0x00000000       0x1c ..\..\AntonAvrLib\Release\libAntonAvrLib.a(port.o)
 .text.setPinZero
                0x00000000       0x1e ..\..\AntonAvrLib\Release\libAntonAvrLib.a(port.o)
 .text.readPin  0x00000000       0x22 ..\..\AntonAvrLib\Release\libAntonAvrLib.a(port.o)
 .text          0x00000000        0x0 ..\..\Kernel-NIBObee\Release\libKernel-NIBObee.a(nibobee_kernel.o)
 .text.init_reset_condition
                0x00000000        0xa ..\..\Kernel-NIBObee\Release\libKernel-NIBObee.a(nibobee_kernel.o)
 .text.getResetStatus
                0x00000000        0x6 ..\..\Kernel-NIBObee\Release\libKernel-NIBObee.a(nibobee_kernel.o)
 .text.init_nibobee_leds
                0x00000000       0x9c ..\..\Kernel-NIBObee\Release\libKernel-NIBObee.a(nibobee_kernel.o)
 .text.initButton
                0x00000000        0xc ..\..\Kernel-NIBObee\Release\libKernel-NIBObee.a(nibobee_kernel.o)
 .text.initInterruptButton
                0x00000000       0x1e ..\..\Kernel-NIBObee\Release\libKernel-NIBObee.a(nibobee_kernel.o)
 .text.init_nibobee_buttons
                0x00000000       0x42 ..\..\Kernel-NIBObee\Release\libKernel-NIBObee.a(nibobee_kernel.o)
 .text.init_timer_m1284P
                0x00000000       0xda ..\..\Kernel-NIBObee\Release\libKernel-NIBObee.a(nibobee_kernel.o)
 .text.initMotor
                0x00000000       0x20 ..\..\Kernel-NIBObee\Release\libKernel-NIBObee.a(nibobee_kernel.o)
 .text.initMotor2Pins
                0x00000000       0x2e ..\..\Kernel-NIBObee\Release\libKernel-NIBObee.a(nibobee_kernel.o)
 .text.init_nibobee_motors
                0x00000000       0x5e ..\..\Kernel-NIBObee\Release\libKernel-NIBObee.a(nibobee_kernel.o)
 .text.init_twi
                0x00000000       0x1e ..\..\Kernel-NIBObee\Release\libKernel-NIBObee.a(nibobee_kernel.o)
 .text.next_twi_operation
                0x00000000       0xc0 ..\..\Kernel-NIBObee\Release\libKernel-NIBObee.a(nibobee_kernel.o)
 .text.twi_start_master_operation
                0x00000000       0xd6 ..\..\Kernel-NIBObee\Release\libKernel-NIBObee.a(nibobee_kernel.o)
 .text.twi_handleMasterRequest
                0x00000000        0xa ..\..\Kernel-NIBObee\Release\libKernel-NIBObee.a(nibobee_kernel.o)
 .text.twi_handleMasterTransmission
                0x00000000        0x2 ..\..\Kernel-NIBObee\Release\libKernel-NIBObee.a(nibobee_kernel.o)
 .text.init_process_base
                0x00000000       0x54 ..\..\Kernel-NIBObee\Release\libKernel-NIBObee.a(nibobee_kernel.o)
 .text.createProcessBase3
                0x00000000       0xc6 ..\..\Kernel-NIBObee\Release\libKernel-NIBObee.a(nibobee_kernel.o)
 .text.createProcessBase2
                0x00000000       0x9e ..\..\Kernel-NIBObee\Release\libKernel-NIBObee.a(nibobee_kernel.o)
 .text.createProcessBase
                0x00000000       0x98 ..\..\Kernel-NIBObee\Release\libKernel-NIBObee.a(nibobee_kernel.o)
 .text.switchContext
                0x00000000       0xac ..\..\Kernel-NIBObee\Release\libKernel-NIBObee.a(nibobee_kernel.o)
 .text.switchProcess
                0x00000000       0x18 ..\..\Kernel-NIBObee\Release\libKernel-NIBObee.a(nibobee_kernel.o)
 .text.createProcess3
                0x00000000      0x108 ..\..\Kernel-NIBObee\Release\libKernel-NIBObee.a(nibobee_kernel.o)
 .text.createProcess2
                0x00000000       0xe6 ..\..\Kernel-NIBObee\Release\libKernel-NIBObee.a(nibobee_kernel.o)
 .text.createProcess
                0x00000000       0xd0 ..\..\Kernel-NIBObee\Release\libKernel-NIBObee.a(nibobee_kernel.o)
 .text.freeProcess
                0x00000000       0x36 ..\..\Kernel-NIBObee\Release\libKernel-NIBObee.a(nibobee_kernel.o)
 .text.getProcessStackSize
                0x00000000        0x6 ..\..\Kernel-NIBObee\Release\libKernel-NIBObee.a(nibobee_kernel.o)
 .text.getFreeProcessStackSize
                0x00000000       0x12 ..\..\Kernel-NIBObee\Release\libKernel-NIBObee.a(nibobee_kernel.o)
 .text.getProcessNumber
                0x00000000        0x8 ..\..\Kernel-NIBObee\Release\libKernel-NIBObee.a(nibobee_kernel.o)
 .text.init_process
                0x00000000       0x80 ..\..\Kernel-NIBObee\Release\libKernel-NIBObee.a(nibobee_kernel.o)
 .text.init_idle_scheduler
                0x00000000       0x9e ..\..\Kernel-NIBObee\Release\libKernel-NIBObee.a(nibobee_kernel.o)
 .text.idle_schedule
                0x00000000        0xa ..\..\Kernel-NIBObee\Release\libKernel-NIBObee.a(nibobee_kernel.o)
 .text.init_scheduler
                0x00000000       0x2e ..\..\Kernel-NIBObee\Release\libKernel-NIBObee.a(nibobee_kernel.o)
 .text.start_scheduler
                0x00000000        0xc ..\..\Kernel-NIBObee\Release\libKernel-NIBObee.a(nibobee_kernel.o)
 .text.schedule
                0x00000000       0x34 ..\..\Kernel-NIBObee\Release\libKernel-NIBObee.a(nibobee_kernel.o)
 .text.init_kernel
                0x00000000       0xb6 ..\..\Kernel-NIBObee\Release\libKernel-NIBObee.a(nibobee_kernel.o)
 .text          0x00000000        0x0 ..\..\AntonAvrLib\Release\libAntonAvrLib.a(external_interrupts.o)
 .data          0x00000000        0x8 ..\..\AntonAvrLib\Release\libAntonAvrLib.a(external_interrupts.o)
 .bss           0x00000000        0x0 ..\..\AntonAvrLib\Release\libAntonAvrLib.a(external_interrupts.o)
 .text.enablePinChangeInterrupt
                0x00000000       0x4c ..\..\AntonAvrLib\Release\libAntonAvrLib.a(external_interrupts.o)
 .text.disblePinChangeInterrupt
                0x00000000       0x36 ..\..\AntonAvrLib\Release\libAntonAvrLib.a(external_interrupts.o)
 .text          0x00000000        0x0 ..\..\AntonAvrLib\Release\libAntonAvrLib.a(motor.o)
 .data          0x00000000        0x0 ..\..\AntonAvrLib\Release\libAntonAvrLib.a(motor.o)
 .bss           0x00000000        0x0 ..\..\AntonAvrLib\Release\libAntonAvrLib.a(motor.o)
 .text.stopMotor
                0x00000000       0x36 ..\..\AntonAvrLib\Release\libAntonAvrLib.a(motor.o)
 .text.getSpeed
                0x00000000        0xc ..\..\AntonAvrLib\Release\libAntonAvrLib.a(motor.o)
 .text.getDirection
                0x00000000       0x7e ..\..\AntonAvrLib\Release\libAntonAvrLib.a(motor.o)
 .text.setSpeed
                0x00000000       0xbc ..\..\AntonAvrLib\Release\libAntonAvrLib.a(motor.o)
 .text.setSpeedForward
                0x00000000        0xa ..\..\AntonAvrLib\Release\libAntonAvrLib.a(motor.o)
 .text.setSpeedBackward
                0x00000000        0xa ..\..\AntonAvrLib\Release\libAntonAvrLib.a(motor.o)
 .text.getDirSpeed
                0x00000000       0xa4 ..\..\AntonAvrLib\Release\libAntonAvrLib.a(motor.o)
 .text.setDirSpeed
                0x00000000       0x20 ..\..\AntonAvrLib\Release\libAntonAvrLib.a(motor.o)
 .text          0x00000000        0x0 ..\..\AntonAvrLib\Release\libAntonAvrLib.a(timer.o)
 .data          0x00000000        0x8 ..\..\AntonAvrLib\Release\libAntonAvrLib.a(timer.o)
 .bss           0x00000000        0x0 ..\..\AntonAvrLib\Release\libAntonAvrLib.a(timer.o)
 .text.setCompareMatchOutputMode
                0x00000000       0x5a ..\..\AntonAvrLib\Release\libAntonAvrLib.a(timer.o)
 .text.enableOutputCompare
                0x00000000       0x4a ..\..\AntonAvrLib\Release\libAntonAvrLib.a(timer.o)
 .text.disableOutputCompare
                0x00000000       0x38 ..\..\AntonAvrLib\Release\libAntonAvrLib.a(timer.o)
 .text.getTimerCompareValue
                0x00000000       0x2a ..\..\AntonAvrLib\Release\libAntonAvrLib.a(timer.o)
 .text          0x00000000        0x0 ..\..\AntonAvrLib\Release\libAntonAvrLib.a(scheduler.o)
 .data          0x00000000        0x0 ..\..\AntonAvrLib\Release\libAntonAvrLib.a(scheduler.o)
 .bss           0x00000000        0x0 ..\..\AntonAvrLib\Release\libAntonAvrLib.a(scheduler.o)
 .text.schedule_next
                0x00000000       0x12 ..\..\AntonAvrLib\Release\libAntonAvrLib.a(scheduler.o)
 .text.processor_idle
                0x00000000       0x12 ..\..\AntonAvrLib\Release\libAntonAvrLib.a(scheduler.o)
 .text          0x00000000        0x0 ..\..\AntonAvrLib\Release\libAntonAvrLib.a(dms_scheduler.o)
 .data          0x00000000        0x0 ..\..\AntonAvrLib\Release\libAntonAvrLib.a(dms_scheduler.o)
 .bss           0x00000000        0x0 ..\..\AntonAvrLib\Release\libAntonAvrLib.a(dms_scheduler.o)
 .text.AperiodicJobWrapper
                0x00000000       0x26 ..\..\AntonAvrLib\Release\libAntonAvrLib.a(dms_scheduler.o)
 .text.PeriodicJobWrapper
                0x00000000       0x42 ..\..\AntonAvrLib\Release\libAntonAvrLib.a(dms_scheduler.o)
 .text.insertJobIntoList
                0x00000000       0x94 ..\..\AntonAvrLib\Release\libAntonAvrLib.a(dms_scheduler.o)
 .text.initializeJob
                0x00000000       0xd2 ..\..\AntonAvrLib\Release\libAntonAvrLib.a(dms_scheduler.o)
 .text.createPeriodicJob
                0x00000000      0x10e ..\..\AntonAvrLib\Release\libAntonAvrLib.a(dms_scheduler.o)
 .text.createAperiodicJob
                0x00000000       0xf6 ..\..\AntonAvrLib\Release\libAntonAvrLib.a(dms_scheduler.o)
 .text.triggerAperiodicJob
                0x00000000       0x10 ..\..\AntonAvrLib\Release\libAntonAvrLib.a(dms_scheduler.o)
 .text          0x00000000        0x0 ..\..\AntonAvrLib\Release\libAntonAvrLib.a(rr_scheduler.o)
 .data          0x00000000        0x0 ..\..\AntonAvrLib\Release\libAntonAvrLib.a(rr_scheduler.o)
 .text.insertThreadIntoQueue
                0x00000000       0x82 ..\..\AntonAvrLib\Release\libAntonAvrLib.a(rr_scheduler.o)
 .text.createThread
                0x00000000       0x68 ..\..\AntonAvrLib\Release\libAntonAvrLib.a(rr_scheduler.o)
 .text.createThread2
                0x00000000       0x88 ..\..\AntonAvrLib\Release\libAntonAvrLib.a(rr_scheduler.o)
 .text.createThread3
                0x00000000       0x8a ..\..\AntonAvrLib\Release\libAntonAvrLib.a(rr_scheduler.o)
 .text.createThread4
                0x00000000       0x8e ..\..\AntonAvrLib\Release\libAntonAvrLib.a(rr_scheduler.o)
 .text.getCurrentThread
                0x00000000        0x6 ..\..\AntonAvrLib\Release\libAntonAvrLib.a(rr_scheduler.o)
 .text          0x00000000        0x0 ..\..\AntonAvrLib\Release\libAntonAvrLib.a(hardware_reset.o)
 .data          0x00000000        0x0 ..\..\AntonAvrLib\Release\libAntonAvrLib.a(hardware_reset.o)
 .bss           0x00000000        0x0 ..\..\AntonAvrLib\Release\libAntonAvrLib.a(hardware_reset.o)
 .text          0x00000000        0x0 c:/program files (x86)/atmel/atmel studio 6.0/extensions/atmel/avrgcc/3.3.2.31/avrtoolchain/bin/../lib/gcc/avr/4.5.1/avr51\libgcc.a(_exit.o)
 .data          0x00000000        0x0 c:/program files (x86)/atmel/atmel studio 6.0/extensions/atmel/avrgcc/3.3.2.31/avrtoolchain/bin/../lib/gcc/avr/4.5.1/avr51\libgcc.a(_exit.o)
 .bss           0x00000000        0x0 c:/program files (x86)/atmel/atmel studio 6.0/extensions/atmel/avrgcc/3.3.2.31/avrtoolchain/bin/../lib/gcc/avr/4.5.1/avr51\libgcc.a(_exit.o)
 .text.libgcc   0x00000000        0x0 c:/program files (x86)/atmel/atmel studio 6.0/extensions/atmel/avrgcc/3.3.2.31/avrtoolchain/bin/../lib/gcc/avr/4.5.1/avr51\libgcc.a(_exit.o)
 .text          0x00000000        0x0 c:/program files (x86)/atmel/atmel studio 6.0/extensions/atmel/avrgcc/3.3.2.31/avrtoolchain/bin/../lib/gcc/avr/4.5.1/avr51\libgcc.a(_copy_data.o)
 .data          0x00000000        0x0 c:/program files (x86)/atmel/atmel studio 6.0/extensions/atmel/avrgcc/3.3.2.31/avrtoolchain/bin/../lib/gcc/avr/4.5.1/avr51\libgcc.a(_copy_data.o)
 .bss           0x00000000        0x0 c:/program files (x86)/atmel/atmel studio 6.0/extensions/atmel/avrgcc/3.3.2.31/avrtoolchain/bin/../lib/gcc/avr/4.5.1/avr51\libgcc.a(_copy_data.o)
 .text.libgcc   0x00000000        0x0 c:/program files (x86)/atmel/atmel studio 6.0/extensions/atmel/avrgcc/3.3.2.31/avrtoolchain/bin/../lib/gcc/avr/4.5.1/avr51\libgcc.a(_copy_data.o)
 .text          0x00000000        0x0 c:/program files (x86)/atmel/atmel studio 6.0/extensions/atmel/avrgcc/3.3.2.31/avrtoolchain/bin/../lib/gcc/avr/4.5.1/avr51\libgcc.a(_clear_bss.o)
 .data          0x00000000        0x0 c:/program files (x86)/atmel/atmel studio 6.0/extensions/atmel/avrgcc/3.3.2.31/avrtoolchain/bin/../lib/gcc/avr/4.5.1/avr51\libgcc.a(_clear_bss.o)
 .bss           0x00000000        0x0 c:/program files (x86)/atmel/atmel studio 6.0/extensions/atmel/avrgcc/3.3.2.31/avrtoolchain/bin/../lib/gcc/avr/4.5.1/avr51\libgcc.a(_clear_bss.o)
 .text.libgcc   0x00000000        0x0 c:/program files (x86)/atmel/atmel studio 6.0/extensions/atmel/avrgcc/3.3.2.31/avrtoolchain/bin/../lib/gcc/avr/4.5.1/avr51\libgcc.a(_clear_bss.o)
 .text          0x00000000        0x0 c:/program files (x86)/atmel/atmel studio 6.0/extensions/atmel/avrgcc/3.3.2.31/avrtoolchain/bin/../lib/gcc/avr/4.5.1/../../../../avr/lib/avr51\libc.a(calloc.o)
 .data          0x00000000        0x0 c:/program files (x86)/atmel/atmel studio 6.0/extensions/atmel/avrgcc/3.3.2.31/avrtoolchain/bin/../lib/gcc/avr/4.5.1/../../../../avr/lib/avr51\libc.a(calloc.o)
 .bss           0x00000000        0x0 c:/program files (x86)/atmel/atmel studio 6.0/extensions/atmel/avrgcc/3.3.2.31/avrtoolchain/bin/../lib/gcc/avr/4.5.1/../../../../avr/lib/avr51\libc.a(calloc.o)
 .text          0x00000000        0x0 c:/program files (x86)/atmel/atmel studio 6.0/extensions/atmel/avrgcc/3.3.2.31/avrtoolchain/bin/../lib/gcc/avr/4.5.1/../../../../avr/lib/avr51\libc.a(malloc.o)
 .bss           0x00000000        0x0 c:/program files (x86)/atmel/atmel studio 6.0/extensions/atmel/avrgcc/3.3.2.31/avrtoolchain/bin/../lib/gcc/avr/4.5.1/../../../../avr/lib/avr51\libc.a(malloc.o)
 .text          0x00000000        0x0 c:/program files (x86)/atmel/atmel studio 6.0/extensions/atmel/avrgcc/3.3.2.31/avrtoolchain/bin/../lib/gcc/avr/4.5.1/../../../../avr/lib/avr51\libc.a(memset.o)
 .data          0x00000000        0x0 c:/program files (x86)/atmel/atmel studio 6.0/extensions/atmel/avrgcc/3.3.2.31/avrtoolchain/bin/../lib/gcc/avr/4.5.1/../../../../avr/lib/avr51\libc.a(memset.o)
 .bss           0x00000000        0x0 c:/program files (x86)/atmel/atmel studio 6.0/extensions/atmel/avrgcc/3.3.2.31/avrtoolchain/bin/../lib/gcc/avr/4.5.1/../../../../avr/lib/avr51\libc.a(memset.o)

Memory Configuration

Name             Origin             Length             Attributes
text             0x00000000         0x00020000         xr
data             0x00800100         0x0000ff00         rw !x
eeprom           0x00810000         0x00010000         rw !x
fuse             0x00820000         0x00000400         rw !x
lock             0x00830000         0x00000400         rw !x
signature        0x00840000         0x00000400         rw !x
*default*        0x00000000         0xffffffff

Linker script and memory map

Address of section .data set to 0x800100
LOAD c:/program files (x86)/atmel/atmel studio 6.0/extensions/atmel/avrgcc/3.3.2.31/avrtoolchain/bin/../lib/gcc/avr/4.5.1/../../../../avr/lib/avr51/crtm1284p.o
LOAD Main.o
START GROUP
LOAD ..\..\AntonAvrLib\Release\libAntonAvrLib.a
LOAD ..\..\Kernel-NIBObee\Release\libKernel-NIBObee.a
LOAD c:/program files (x86)/atmel/atmel studio 6.0/extensions/atmel/avrgcc/3.3.2.31/avrtoolchain/bin/../lib/gcc/avr/4.5.1/../../../../avr/lib/avr51\libm.a
END GROUP
LOAD c:/program files (x86)/atmel/atmel studio 6.0/extensions/atmel/avrgcc/3.3.2.31/avrtoolchain/bin/../lib/gcc/avr/4.5.1/avr51\libgcc.a
LOAD c:/program files (x86)/atmel/atmel studio 6.0/extensions/atmel/avrgcc/3.3.2.31/avrtoolchain/bin/../lib/gcc/avr/4.5.1/../../../../avr/lib/avr51\libc.a
LOAD c:/program files (x86)/atmel/atmel studio 6.0/extensions/atmel/avrgcc/3.3.2.31/avrtoolchain/bin/../lib/gcc/avr/4.5.1/avr51\libgcc.a

.hash
 *(.hash)

.dynsym
 *(.dynsym)

.dynstr
 *(.dynstr)

.gnu.version
 *(.gnu.version)

.gnu.version_d
 *(.gnu.version_d)

.gnu.version_r
 *(.gnu.version_r)

.rel.init
 *(.rel.init)

.rela.init
 *(.rela.init)

.rel.text
 *(.rel.text)
 *(.rel.text.*)
 *(.rel.gnu.linkonce.t*)

.rela.text
 *(.rela.text)
 *(.rela.text.*)
 *(.rela.gnu.linkonce.t*)

.rel.fini
 *(.rel.fini)

.rela.fini
 *(.rela.fini)

.rel.rodata
 *(.rel.rodata)
 *(.rel.rodata.*)
 *(.rel.gnu.linkonce.r*)

.rela.rodata
 *(.rela.rodata)
 *(.rela.rodata.*)
 *(.rela.gnu.linkonce.r*)

.rel.data
 *(.rel.data)
 *(.rel.data.*)
 *(.rel.gnu.linkonce.d*)

.rela.data
 *(.rela.data)
 *(.rela.data.*)
 *(.rela.gnu.linkonce.d*)

.rel.ctors
 *(.rel.ctors)

.rela.ctors
 *(.rela.ctors)

.rel.dtors
 *(.rel.dtors)

.rela.dtors
 *(.rela.dtors)

.rel.got
 *(.rel.got)

.rela.got
 *(.rela.got)

.rel.bss
 *(.rel.bss)

.rela.bss
 *(.rela.bss)

.rel.plt
 *(.rel.plt)

.rela.plt
 *(.rela.plt)

.text           0x00000000     0x14d4
 *(.vectors)
 .vectors       0x00000000       0x8c c:/program files (x86)/atmel/atmel studio 6.0/extensions/atmel/avrgcc/3.3.2.31/avrtoolchain/bin/../lib/gcc/avr/4.5.1/../../../../avr/lib/avr51/crtm1284p.o
                0x00000000                __vector_default
                0x00000000                __vectors
 *(.vectors)
 *(.progmem.gcc*)
 .progmem.gcc_sw_table
                0x0000008c      0x182 ..\..\Kernel-NIBObee\Release\libKernel-NIBObee.a(nibobee_kernel.o)
 *(.progmem*)
                0x0000020e                . = ALIGN (0x2)
                0x0000020e                __trampolines_start = .
 *(.trampolines)
 .trampolines   0x0000020e        0x0 linker stubs
 *(.trampolines*)
                0x0000020e                __trampolines_end = .
 *(.jumptables)
 *(.jumptables*)
 *(.lowtext)
 *(.lowtext*)
                0x0000020e                __ctors_start = .
 *(.ctors)
                0x0000020e                __ctors_end = .
                0x0000020e                __dtors_start = .
 *(.dtors)
                0x0000020e                __dtors_end = .
 SORT(*)(.ctors)
 SORT(*)(.dtors)
 *(.init0)
 .init0         0x0000020e        0x0 c:/program files (x86)/atmel/atmel studio 6.0/extensions/atmel/avrgcc/3.3.2.31/avrtoolchain/bin/../lib/gcc/avr/4.5.1/../../../../avr/lib/avr51/crtm1284p.o
                0x0000020e                __init
 *(.init0)
 *(.init1)
 *(.init1)
 *(.init2)
 .init2         0x0000020e        0xc c:/program files (x86)/atmel/atmel studio 6.0/extensions/atmel/avrgcc/3.3.2.31/avrtoolchain/bin/../lib/gcc/avr/4.5.1/../../../../avr/lib/avr51/crtm1284p.o
 *(.init2)
 *(.init3)
 *(.init3)
 *(.init4)
 .init4         0x0000021a       0x1a c:/program files (x86)/atmel/atmel studio 6.0/extensions/atmel/avrgcc/3.3.2.31/avrtoolchain/bin/../lib/gcc/avr/4.5.1/avr51\libgcc.a(_copy_data.o)
                0x0000021a                __do_copy_data
 .init4         0x00000234       0x10 c:/program files (x86)/atmel/atmel studio 6.0/extensions/atmel/avrgcc/3.3.2.31/avrtoolchain/bin/../lib/gcc/avr/4.5.1/avr51\libgcc.a(_clear_bss.o)
                0x00000234                __do_clear_bss
 *(.init4)
 *(.init5)
 *(.init5)
 *(.init6)
 *(.init6)
 *(.init7)
 *(.init7)
 *(.init8)
 .init8         0x00000244      0x362 ..\..\Kernel-NIBObee\Release\libKernel-NIBObee.a(nibobee_kernel.o)
                0x00000244                init_reset_condition_kernel_init
                0x0000024c                init_ports_m1284P_kernel_init
                0x0000024e                init_nibobee_leds_kernel_init
                0x000002e0                init_nibobee_buttons_kernel_init
                0x00000318                init_timer_m1284P_kernel_init
                0x000003f0                init_nibobee_motors_kernel_init
                0x00000444                init_twi_kernel_init
                0x00000460                init_idle_scheduler_kernel_init
                0x000004ec                init_scheduler_kernel_init
                0x0000050a                init_kernel_kernel_init
 *(.init8)
 *(.init9)
 .init9         0x000005a6        0x4 c:/program files (x86)/atmel/atmel studio 6.0/extensions/atmel/avrgcc/3.3.2.31/avrtoolchain/bin/../lib/gcc/avr/4.5.1/../../../../avr/lib/avr51/crtm1284p.o
 *(.init9)
 *(.text)
 .text          0x000005aa        0x2 c:/program files (x86)/atmel/atmel studio 6.0/extensions/atmel/avrgcc/3.3.2.31/avrtoolchain/bin/../lib/gcc/avr/4.5.1/../../../../avr/lib/avr51/crtm1284p.o
                0x000005aa                __vector_22
                0x000005aa                __vector_28
                0x000005aa                __vector_1
                0x000005aa                __vector_34
                0x000005aa                __vector_24
                0x000005aa                __vector_12
                0x000005aa                __bad_interrupt
                0x000005aa                __vector_6
                0x000005aa                __vector_31
                0x000005aa                __vector_3
                0x000005aa                __vector_23
                0x000005aa                __vector_30
                0x000005aa                __vector_25
                0x000005aa                __vector_11
                0x000005aa                __vector_13
                0x000005aa                __vector_17
                0x000005aa                __vector_19
                0x000005aa                __vector_7
                0x000005aa                __vector_27
                0x000005aa                __vector_5
                0x000005aa                __vector_33
                0x000005aa                __vector_4
                0x000005aa                __vector_9
                0x000005aa                __vector_2
                0x000005aa                __vector_21
                0x000005aa                __vector_15
                0x000005aa                __vector_29
                0x000005aa                __vector_8
                0x000005aa                __vector_14
                0x000005aa                __vector_10
                0x000005aa                __vector_16
                0x000005aa                __vector_18
                0x000005aa                __vector_20
                0x000005ac                . = ALIGN (0x2)
 *(.text.*)
 .text.main     0x000005ac       0x8e Main.o
                0x000005ac                main
 .text.enableLed
                0x0000063a        0xc ..\..\AntonAvrLib\Release\libAntonAvrLib.a(led.o)
                0x0000063a                enableLed
 .text.disableLed
                0x00000646        0xc ..\..\AntonAvrLib\Release\libAntonAvrLib.a(led.o)
                0x00000646                disableLed
 .text.setPinOutput
                0x00000652       0x1c ..\..\AntonAvrLib\Release\libAntonAvrLib.a(port.o)
                0x00000652                setPinOutput
 .text.setPinInput
                0x0000066e       0x1e ..\..\AntonAvrLib\Release\libAntonAvrLib.a(port.o)
                0x0000066e                setPinInput
 .text.writePin
                0x0000068c       0x32 ..\..\AntonAvrLib\Release\libAntonAvrLib.a(port.o)
                0x0000068c                writePin
 .text.ProcessGraveyard
                0x000006be        0x4 ..\..\Kernel-NIBObee\Release\libKernel-NIBObee.a(nibobee_kernel.o)
                0x000006be                ProcessGraveyard
 .text.init_ports_m1284P
                0x000006c2      0x28a ..\..\Kernel-NIBObee\Release\libKernel-NIBObee.a(nibobee_kernel.o)
                0x000006c2                init_ports_m1284P
 .text.twi_unexpectedCondition
                0x0000094c        0x2 ..\..\Kernel-NIBObee\Release\libKernel-NIBObee.a(nibobee_kernel.o)
                0x0000094c                twi_unexpectedCondition
 .text.__vector_26
                0x0000094e      0x34a ..\..\Kernel-NIBObee\Release\libKernel-NIBObee.a(nibobee_kernel.o)
                0x0000094e                __vector_26
 .text.getCurrentProcess
                0x00000c98        0xa ..\..\Kernel-NIBObee\Release\libKernel-NIBObee.a(nibobee_kernel.o)
                0x00000c98                getCurrentProcess
 .text.getProcessMemory
                0x00000ca2        0xa ..\..\Kernel-NIBObee\Release\libKernel-NIBObee.a(nibobee_kernel.o)
                0x00000ca2                getProcessMemory
 .text.__vector_32
                0x00000cac      0x110 ..\..\Kernel-NIBObee\Release\libKernel-NIBObee.a(nibobee_kernel.o)
                0x00000cac                __vector_32
 .text.before_scheduler
                0x00000dbc        0x2 ..\..\Kernel-NIBObee\Release\libKernel-NIBObee.a(nibobee_kernel.o)
                0x00000dbc                before_scheduler
 .text.setTimerClockSelect
                0x00000dbe       0xc2 ..\..\AntonAvrLib\Release\libAntonAvrLib.a(timer.o)
                0x00000dbe                setTimerClockSelect
 .text.setWaveformGenerationMode
                0x00000e80      0x174 ..\..\AntonAvrLib\Release\libAntonAvrLib.a(timer.o)
                0x00000e80                setWaveformGenerationMode
 .text.enableTimerInterrupt
                0x00000ff4       0x2c ..\..\AntonAvrLib\Release\libAntonAvrLib.a(timer.o)
                0x00000ff4                enableTimerInterrupt
 .text.setTimerCompareValue
                0x00001020       0x30 ..\..\AntonAvrLib\Release\libAntonAvrLib.a(timer.o)
                0x00001020                setTimerCompareValue
 .text.processor_loop_idle
                0x00001050       0x12 ..\..\AntonAvrLib\Release\libAntonAvrLib.a(scheduler.o)
                0x00001050                processor_loop_idle
 .text.dms_schedule
                0x00001062       0x6a ..\..\AntonAvrLib\Release\libAntonAvrLib.a(dms_scheduler.o)
                0x00001062                dms_schedule
 .text.rr_schedule
                0x000010cc       0xae ..\..\AntonAvrLib\Release\libAntonAvrLib.a(rr_scheduler.o)
                0x000010cc                rr_schedule
 .text.rr_captureMainProcess
                0x0000117a       0x82 ..\..\AntonAvrLib\Release\libAntonAvrLib.a(rr_scheduler.o)
                0x0000117a                rr_captureMainProcess
 .text.HARDWARE_RESET
                0x000011fc       0x16 ..\..\AntonAvrLib\Release\libAntonAvrLib.a(hardware_reset.o)
                0x000011fc                HARDWARE_RESET
 .text.avr-libc
                0x00001212       0x46 c:/program files (x86)/atmel/atmel studio 6.0/extensions/atmel/avrgcc/3.3.2.31/avrtoolchain/bin/../lib/gcc/avr/4.5.1/../../../../avr/lib/avr51\libc.a(calloc.o)
                0x00001212                calloc
 .text.avr-libc
                0x00001258      0x266 c:/program files (x86)/atmel/atmel studio 6.0/extensions/atmel/avrgcc/3.3.2.31/avrtoolchain/bin/../lib/gcc/avr/4.5.1/../../../../avr/lib/avr51\libc.a(malloc.o)
                0x00001258                malloc
                0x0000138c                free
 .text.avr-libc
                0x000014be        0xe c:/program files (x86)/atmel/atmel studio 6.0/extensions/atmel/avrgcc/3.3.2.31/avrtoolchain/bin/../lib/gcc/avr/4.5.1/../../../../avr/lib/avr51\libc.a(memset.o)
                0x000014be                memset
                0x000014cc                . = ALIGN (0x2)
 *(.fini9)
 .fini9         0x000014cc        0x0 c:/program files (x86)/atmel/atmel studio 6.0/extensions/atmel/avrgcc/3.3.2.31/avrtoolchain/bin/../lib/gcc/avr/4.5.1/avr51\libgcc.a(_exit.o)
                0x000014cc                _exit
                0x000014cc                exit
 *(.fini9)
 *(.fini8)
 *(.fini8)
 *(.fini7)
 *(.fini7)
 *(.fini6)
 *(.fini6)
 *(.fini5)
 *(.fini5)
 *(.fini4)
 *(.fini4)
 *(.fini3)
 *(.fini3)
 *(.fini2)
 *(.fini2)
 *(.fini1)
 .fini1         0x000014cc        0x4 ..\..\Kernel-NIBObee\Release\libKernel-NIBObee.a(nibobee_kernel.o)
                0x000014cc                MainProcessEnd
 *(.fini1)
 *(.fini0)
 .fini0         0x000014d0        0x4 c:/program files (x86)/atmel/atmel studio 6.0/extensions/atmel/avrgcc/3.3.2.31/avrtoolchain/bin/../lib/gcc/avr/4.5.1/avr51\libgcc.a(_exit.o)
 *(.fini0)
                0x000014d4                _etext = .

.data           0x00800100      0x114 load address 0x000014d4
                0x00800100                PROVIDE (__data_start, .)
 *(.data)
 .data          0x00800100      0x10d ..\..\Kernel-NIBObee\Release\libKernel-NIBObee.a(nibobee_kernel.o)
                0x00800100                redLedsArray
                0x00800104                yellowLedsArray
                0x00800108                rightLedsArray
                0x0080010c                leftLedsArray
                0x00800110                allLedsArray
                0x00800118                twi_defaultSlaveBuffer
                0x0080011c                __default_stack_size
                0x0080011e                __nextProcessNumber
 .data          0x0080020d        0x6 c:/program files (x86)/atmel/atmel studio 6.0/extensions/atmel/avrgcc/3.3.2.31/avrtoolchain/bin/../lib/gcc/avr/4.5.1/../../../../avr/lib/avr51\libc.a(malloc.o)
                0x0080020d                __malloc_margin
                0x0080020f                __malloc_heap_start
                0x00800211                __malloc_heap_end
 *(.data*)
 *(.rodata)
 *(.rodata*)
 *(.gnu.linkonce.d*)
                0x00800214                . = ALIGN (0x2)
 *fill*         0x00800213        0x1 00
                0x00800214                _edata = .
                0x00800214                PROVIDE (__data_end, .)

.bss            0x00800214      0x196
                0x00800214                PROVIDE (__bss_start, .)
 *(.bss)
 .bss           0x00800214        0x2 Main.o
                0x00800214                i
 .bss           0x00800216        0x8 ..\..\Kernel-NIBObee\Release\libKernel-NIBObee.a(nibobee_kernel.o)
                0x00800216                current_reset_status
                0x00800217                __main_process_additional_memory
                0x00800218                __current_process
                0x0080021a                milliseconds_running
 .bss           0x0080021e        0x2 ..\..\AntonAvrLib\Release\libAntonAvrLib.a(rr_scheduler.o)
                0x0080021e                highestPrio
 *(.bss*)
 *(COMMON)
 COMMON         0x00800220      0x161 ..\..\Kernel-NIBObee\Release\libKernel-NIBObee.a(nibobee_kernel.o)
                0x00800220                LeftRed
                0x00800222                LeftYellow
                0x00800224                Timer3B
                0x0080022c                twi_address
                0x0080022d                PinC7
                0x00800230                Timer3
                0x00800237                PinB2
                0x0080023a                PinB6
                0x0080023d                Timer1A
                0x00800245                YellowLeds
                0x00800248                PinD2
                0x0080024b                PinD0
                0x0080024e                ButtonLeftForward
                0x00800250                ButtonLeftBackward
                0x00800252                ButtonRightBackward
                0x00800254                RightLeds
                0x00800257                PinC4
                0x0080025a                PinA4
                0x0080025d                RedLeds
                0x00800260                PinD1
                0x00800263                Timer3A
                0x0080026b                twi_defaultSlaveBufferData
                0x008002ab                PinC3
                0x008002ae                Timer0
                0x008002b5                PinB7
                0x008002b8                PinB5
                0x008002bb                Timer2A
                0x008002c3                PortD
                0x008002c9                RightRed
                0x008002cb                PinA5
                0x008002ce                LeftMotor
                0x008002d3                PinA2
                0x008002d6                PinD3
                0x008002d9                alreadyHandled
                0x008002db                ButtonRightForward
                0x008002dd                PinC6
                0x008002e0                Timer0A
                0x008002e8                PinA3
                0x008002eb                PinC5
                0x008002ee                PinC1
                0x008002f1                PinB0
                0x008002f4                PortC
                0x008002fa                AllLeds
                0x008002fd                PinA0
                0x00800300                PortA
                0x00800306                PinB3
                0x00800309                nextTwiOperation
                0x0080030b                PinA7
                0x0080030e                twi_buffer
                0x00800312                twi_running
                0x00800314                Timer2
                0x0080031b                error
                0x0080031d                LeftLeds
                0x00800320                PinB4
                0x00800323                RightMotor
                0x00800328                PinC2
                0x0080032b                PinD5
                0x0080032e                __idle_process
                0x00800330                PinC0
                0x00800333                PinD7
                0x00800336                RightYellow
                0x00800338                Timer2B
                0x00800340                Timer1B
                0x00800348                PinD4
                0x0080034b                Timer0B
                0x00800353                PinA6
                0x00800356                Timer1
                0x0080035d                furtherOperations
                0x00800372                PinD6
                0x00800375                PinA1
                0x00800378                PinB1
                0x0080037b                PortB
 COMMON         0x00800381        0x2 ..\..\AntonAvrLib\Release\libAntonAvrLib.a(dms_scheduler.o)
                0x00800381                processListHead
 COMMON         0x00800383       0x23 ..\..\AntonAvrLib\Release\libAntonAvrLib.a(rr_scheduler.o)
                0x00800383                queues
 COMMON         0x008003a6        0x4 c:/program files (x86)/atmel/atmel studio 6.0/extensions/atmel/avrgcc/3.3.2.31/avrtoolchain/bin/../lib/gcc/avr/4.5.1/../../../../avr/lib/avr51\libc.a(malloc.o)
                0x008003a6                __brkval
                0x008003a8                __flp
                0x008003aa                PROVIDE (__bss_end, .)
                0x000014d4                __data_load_start = LOADADDR (.data)
                0x000015e8                __data_load_end = (__data_load_start + SIZEOF (.data))

.noinit         0x008003aa        0x0
                0x008003aa                PROVIDE (__noinit_start, .)
 *(.noinit*)
                0x008003aa                PROVIDE (__noinit_end, .)
                0x008003aa                _end = .
                0x008003aa                PROVIDE (__heap_start, .)

.eeprom         0x00810000        0x0
 *(.eeprom*)
                0x00810000                __eeprom_end = .

.fuse
 *(.fuse)
 *(.lfuse)
 *(.hfuse)
 *(.efuse)

.lock
 *(.lock*)

.signature
 *(.signature*)

.stab           0x00000000      0x738
 *(.stab)
 .stab          0x00000000      0x6cc c:/program files (x86)/atmel/atmel studio 6.0/extensions/atmel/avrgcc/3.3.2.31/avrtoolchain/bin/../lib/gcc/avr/4.5.1/../../../../avr/lib/avr51/crtm1284p.o
 .stab          0x000006cc       0x6c c:/program files (x86)/atmel/atmel studio 6.0/extensions/atmel/avrgcc/3.3.2.31/avrtoolchain/bin/../lib/gcc/avr/4.5.1/../../../../avr/lib/avr51\libc.a(memset.o)
                                 0x78 (size before relaxing)

.stabstr        0x00000000      0x10b
 *(.stabstr)
 .stabstr       0x00000000      0x10b c:/program files (x86)/atmel/atmel studio 6.0/extensions/atmel/avrgcc/3.3.2.31/avrtoolchain/bin/../lib/gcc/avr/4.5.1/../../../../avr/lib/avr51/crtm1284p.o

.stab.excl
 *(.stab.excl)

.stab.exclstr
 *(.stab.exclstr)

.stab.index
 *(.stab.index)

.stab.indexstr
 *(.stab.indexstr)

.comment
 *(.comment)

.debug
 *(.debug)

.line
 *(.line)

.debug_srcinfo
 *(.debug_srcinfo)

.debug_sfnames
 *(.debug_sfnames)

.debug_aranges  0x00000000       0x48
 *(.debug_aranges)
 .debug_aranges
                0x00000000       0x20 c:/program files (x86)/atmel/atmel studio 6.0/extensions/atmel/avrgcc/3.3.2.31/avrtoolchain/bin/../lib/gcc/avr/4.5.1/../../../../avr/lib/avr51\libc.a(calloc.o)
 .debug_aranges
                0x00000020       0x28 c:/program files (x86)/atmel/atmel studio 6.0/extensions/atmel/avrgcc/3.3.2.31/avrtoolchain/bin/../lib/gcc/avr/4.5.1/../../../../avr/lib/avr51\libc.a(malloc.o)

.debug_pubnames
                0x00000000       0x9c
 *(.debug_pubnames)
 .debug_pubnames
                0x00000000       0x1d c:/program files (x86)/atmel/atmel studio 6.0/extensions/atmel/avrgcc/3.3.2.31/avrtoolchain/bin/../lib/gcc/avr/4.5.1/../../../../avr/lib/avr51\libc.a(calloc.o)
 .debug_pubnames
                0x0000001d       0x7f c:/program files (x86)/atmel/atmel studio 6.0/extensions/atmel/avrgcc/3.3.2.31/avrtoolchain/bin/../lib/gcc/avr/4.5.1/../../../../avr/lib/avr51\libc.a(malloc.o)

.debug_info     0x00000000      0x327
 *(.debug_info)
 .debug_info    0x00000000       0x91 c:/program files (x86)/atmel/atmel studio 6.0/extensions/atmel/avrgcc/3.3.2.31/avrtoolchain/bin/../lib/gcc/avr/4.5.1/../../../../avr/lib/avr51\libc.a(calloc.o)
 .debug_info    0x00000091      0x296 c:/program files (x86)/atmel/atmel studio 6.0/extensions/atmel/avrgcc/3.3.2.31/avrtoolchain/bin/../lib/gcc/avr/4.5.1/../../../../avr/lib/avr51\libc.a(malloc.o)
 *(.gnu.linkonce.wi.*)

.debug_abbrev   0x00000000      0x16a
 *(.debug_abbrev)
 .debug_abbrev  0x00000000       0x75 c:/program files (x86)/atmel/atmel studio 6.0/extensions/atmel/avrgcc/3.3.2.31/avrtoolchain/bin/../lib/gcc/avr/4.5.1/../../../../avr/lib/avr51\libc.a(calloc.o)
 .debug_abbrev  0x00000075       0xf5 c:/program files (x86)/atmel/atmel studio 6.0/extensions/atmel/avrgcc/3.3.2.31/avrtoolchain/bin/../lib/gcc/avr/4.5.1/../../../../avr/lib/avr51\libc.a(malloc.o)

.debug_line     0x00000000      0x563
 *(.debug_line)
 .debug_line    0x00000000      0x15e c:/program files (x86)/atmel/atmel studio 6.0/extensions/atmel/avrgcc/3.3.2.31/avrtoolchain/bin/../lib/gcc/avr/4.5.1/../../../../avr/lib/avr51\libc.a(calloc.o)
 .debug_line    0x0000015e      0x405 c:/program files (x86)/atmel/atmel studio 6.0/extensions/atmel/avrgcc/3.3.2.31/avrtoolchain/bin/../lib/gcc/avr/4.5.1/../../../../avr/lib/avr51\libc.a(malloc.o)

.debug_frame    0x00000000       0x50
 *(.debug_frame)
 .debug_frame   0x00000000       0x20 c:/program files (x86)/atmel/atmel studio 6.0/extensions/atmel/avrgcc/3.3.2.31/avrtoolchain/bin/../lib/gcc/avr/4.5.1/../../../../avr/lib/avr51\libc.a(calloc.o)
 .debug_frame   0x00000020       0x30 c:/program files (x86)/atmel/atmel studio 6.0/extensions/atmel/avrgcc/3.3.2.31/avrtoolchain/bin/../lib/gcc/avr/4.5.1/../../../../avr/lib/avr51\libc.a(malloc.o)

.debug_str      0x00000000      0x1b8
 *(.debug_str)
 .debug_str     0x00000000       0x88 c:/program files (x86)/atmel/atmel studio 6.0/extensions/atmel/avrgcc/3.3.2.31/avrtoolchain/bin/../lib/gcc/avr/4.5.1/../../../../avr/lib/avr51\libc.a(calloc.o)
                                 0x9e (size before relaxing)
 .debug_str     0x00000088      0x130 c:/program files (x86)/atmel/atmel studio 6.0/extensions/atmel/avrgcc/3.3.2.31/avrtoolchain/bin/../lib/gcc/avr/4.5.1/../../../../avr/lib/avr51\libc.a(malloc.o)
                                0x17c (size before relaxing)

.debug_loc      0x00000000      0x481
 *(.debug_loc)
 .debug_loc     0x00000000       0x58 c:/program files (x86)/atmel/atmel studio 6.0/extensions/atmel/avrgcc/3.3.2.31/avrtoolchain/bin/../lib/gcc/avr/4.5.1/../../../../avr/lib/avr51\libc.a(calloc.o)
 .debug_loc     0x00000058      0x429 c:/program files (x86)/atmel/atmel studio 6.0/extensions/atmel/avrgcc/3.3.2.31/avrtoolchain/bin/../lib/gcc/avr/4.5.1/../../../../avr/lib/avr51\libc.a(malloc.o)

.debug_macinfo
 *(.debug_macinfo)
OUTPUT(Main-NIBObee.elf elf32-avr)
LOAD linker stubs

.debug_pubtypes
                0x00000000       0x56
 .debug_pubtypes
                0x00000000       0x1d c:/program files (x86)/atmel/atmel studio 6.0/extensions/atmel/avrgcc/3.3.2.31/avrtoolchain/bin/../lib/gcc/avr/4.5.1/../../../../avr/lib/avr51\libc.a(calloc.o)
 .debug_pubtypes
                0x0000001d       0x39 c:/program files (x86)/atmel/atmel studio 6.0/extensions/atmel/avrgcc/3.3.2.31/avrtoolchain/bin/../lib/gcc/avr/4.5.1/../../../../avr/lib/avr51\libc.a(malloc.o)

.debug_ranges   0x00000000       0x28
 .debug_ranges  0x00000000       0x10 c:/program files (x86)/atmel/atmel studio 6.0/extensions/atmel/avrgcc/3.3.2.31/avrtoolchain/bin/../lib/gcc/avr/4.5.1/../../../../avr/lib/avr51\libc.a(calloc.o)
 .debug_ranges  0x00000010       0x18 c:/program files (x86)/atmel/atmel studio 6.0/extensions/atmel/avrgcc/3.3.2.31/avrtoolchain/bin/../lib/gcc/avr/4.5.1/../../../../avr/lib/avr51\libc.a(malloc.o)
