Archive member included because of file (symbol)

..\..\AntonAvrLib\Release\libAntonAvrLib.a(rr_scheduler.o)
                              Main.o (createThread3)
..\..\Kernel-NIBObee\Release\libKernel-NIBObee.a(nibobee_kernel.o)
                              ..\..\AntonAvrLib\Release\libAntonAvrLib.a(rr_scheduler.o) (getCurrentProcess)
..\..\AntonAvrLib\Release\libAntonAvrLib.a(external_interrupts.o)
                              ..\..\Kernel-NIBObee\Release\libKernel-NIBObee.a(nibobee_kernel.o) (enablePinChangeInterrupt)
..\..\AntonAvrLib\Release\libAntonAvrLib.a(motor.o)
                              ..\..\Kernel-NIBObee\Release\libKernel-NIBObee.a(nibobee_kernel.o) (stopMotor)
..\..\AntonAvrLib\Release\libAntonAvrLib.a(port.o)
                              ..\..\Kernel-NIBObee\Release\libKernel-NIBObee.a(nibobee_kernel.o) (setPinOutput)
..\..\AntonAvrLib\Release\libAntonAvrLib.a(timer.o)
                              ..\..\Kernel-NIBObee\Release\libKernel-NIBObee.a(nibobee_kernel.o) (setTimerClockSelect)
..\..\AntonAvrLib\Release\libAntonAvrLib.a(scheduler.o)
                              ..\..\Kernel-NIBObee\Release\libKernel-NIBObee.a(nibobee_kernel.o) (processor_loop_idle)
..\..\AntonAvrLib\Release\libAntonAvrLib.a(dms_scheduler.o)
                              ..\..\Kernel-NIBObee\Release\libKernel-NIBObee.a(nibobee_kernel.o) (dms_schedule)
c:/program files (x86)/atmel/atmel studio 6.0/extensions/atmel/avrgcc/3.3.2.31/avrtoolchain/bin/../lib/gcc/avr/4.5.1/avr51\libgcc.a(_exit.o)
                              c:/program files (x86)/atmel/atmel studio 6.0/extensions/atmel/avrgcc/3.3.2.31/avrtoolchain/bin/../lib/gcc/avr/4.5.1/../../../../avr/lib/avr51/crtm1284p.o (exit)
c:/program files (x86)/atmel/atmel studio 6.0/extensions/atmel/avrgcc/3.3.2.31/avrtoolchain/bin/../lib/gcc/avr/4.5.1/avr51\libgcc.a(_copy_data.o)
                              ..\..\Kernel-NIBObee\Release\libKernel-NIBObee.a(nibobee_kernel.o) (__do_copy_data)
c:/program files (x86)/atmel/atmel studio 6.0/extensions/atmel/avrgcc/3.3.2.31/avrtoolchain/bin/../lib/gcc/avr/4.5.1/avr51\libgcc.a(_clear_bss.o)
                              Main.o (__do_clear_bss)
c:/program files (x86)/atmel/atmel studio 6.0/extensions/atmel/avrgcc/3.3.2.31/avrtoolchain/bin/../lib/gcc/avr/4.5.1/../../../../avr/lib/avr51\libc.a(calloc.o)
                              ..\..\AntonAvrLib\Release\libAntonAvrLib.a(rr_scheduler.o) (calloc)
c:/program files (x86)/atmel/atmel studio 6.0/extensions/atmel/avrgcc/3.3.2.31/avrtoolchain/bin/../lib/gcc/avr/4.5.1/../../../../avr/lib/avr51\libc.a(malloc.o)
                              c:/program files (x86)/atmel/atmel studio 6.0/extensions/atmel/avrgcc/3.3.2.31/avrtoolchain/bin/../lib/gcc/avr/4.5.1/../../../../avr/lib/avr51\libc.a(calloc.o) (malloc)
c:/program files (x86)/atmel/atmel studio 6.0/extensions/atmel/avrgcc/3.3.2.31/avrtoolchain/bin/../lib/gcc/avr/4.5.1/../../../../avr/lib/avr51\libc.a(memset.o)
                              c:/program files (x86)/atmel/atmel studio 6.0/extensions/atmel/avrgcc/3.3.2.31/avrtoolchain/bin/../lib/gcc/avr/4.5.1/../../../../avr/lib/avr51\libc.a(calloc.o) (memset)

Allocating common symbols
Common symbol       size              file

LeftRed             0x2               ..\..\Kernel-NIBObee\Release\libKernel-NIBObee.a(nibobee_kernel.o)
processListHead     0x2               ..\..\AntonAvrLib\Release\libAntonAvrLib.a(dms_scheduler.o)
LeftYellow          0x2               ..\..\Kernel-NIBObee\Release\libKernel-NIBObee.a(nibobee_kernel.o)
Timer3B             0x8               ..\..\Kernel-NIBObee\Release\libKernel-NIBObee.a(nibobee_kernel.o)
PinC7               0x3               ..\..\Kernel-NIBObee\Release\libKernel-NIBObee.a(nibobee_kernel.o)
Timer3              0x7               ..\..\Kernel-NIBObee\Release\libKernel-NIBObee.a(nibobee_kernel.o)
PinB2               0x3               ..\..\Kernel-NIBObee\Release\libKernel-NIBObee.a(nibobee_kernel.o)
PinB6               0x3               ..\..\Kernel-NIBObee\Release\libKernel-NIBObee.a(nibobee_kernel.o)
Timer1A             0x8               ..\..\Kernel-NIBObee\Release\libKernel-NIBObee.a(nibobee_kernel.o)
YellowLeds          0x3               ..\..\Kernel-NIBObee\Release\libKernel-NIBObee.a(nibobee_kernel.o)
PinD2               0x3               ..\..\Kernel-NIBObee\Release\libKernel-NIBObee.a(nibobee_kernel.o)
PinD0               0x3               ..\..\Kernel-NIBObee\Release\libKernel-NIBObee.a(nibobee_kernel.o)
ButtonLeftForward   0x2               ..\..\Kernel-NIBObee\Release\libKernel-NIBObee.a(nibobee_kernel.o)
ButtonLeftBackward  0x2               ..\..\Kernel-NIBObee\Release\libKernel-NIBObee.a(nibobee_kernel.o)
ButtonRightBackward
                    0x2               ..\..\Kernel-NIBObee\Release\libKernel-NIBObee.a(nibobee_kernel.o)
RightLeds           0x3               ..\..\Kernel-NIBObee\Release\libKernel-NIBObee.a(nibobee_kernel.o)
PinC4               0x3               ..\..\Kernel-NIBObee\Release\libKernel-NIBObee.a(nibobee_kernel.o)
PinA4               0x3               ..\..\Kernel-NIBObee\Release\libKernel-NIBObee.a(nibobee_kernel.o)
RedLeds             0x3               ..\..\Kernel-NIBObee\Release\libKernel-NIBObee.a(nibobee_kernel.o)
PinD1               0x3               ..\..\Kernel-NIBObee\Release\libKernel-NIBObee.a(nibobee_kernel.o)
Timer3A             0x8               ..\..\Kernel-NIBObee\Release\libKernel-NIBObee.a(nibobee_kernel.o)
PinC3               0x3               ..\..\Kernel-NIBObee\Release\libKernel-NIBObee.a(nibobee_kernel.o)
Timer0              0x7               ..\..\Kernel-NIBObee\Release\libKernel-NIBObee.a(nibobee_kernel.o)
threads             0x28              Main.o
PinB7               0x3               ..\..\Kernel-NIBObee\Release\libKernel-NIBObee.a(nibobee_kernel.o)
PinB5               0x3               ..\..\Kernel-NIBObee\Release\libKernel-NIBObee.a(nibobee_kernel.o)
Timer2A             0x8               ..\..\Kernel-NIBObee\Release\libKernel-NIBObee.a(nibobee_kernel.o)
PortD               0x6               ..\..\Kernel-NIBObee\Release\libKernel-NIBObee.a(nibobee_kernel.o)
RightRed            0x2               ..\..\Kernel-NIBObee\Release\libKernel-NIBObee.a(nibobee_kernel.o)
__brkval            0x2               c:/program files (x86)/atmel/atmel studio 6.0/extensions/atmel/avrgcc/3.3.2.31/avrtoolchain/bin/../lib/gcc/avr/4.5.1/../../../../avr/lib/avr51\libc.a(malloc.o)
PinA5               0x3               ..\..\Kernel-NIBObee\Release\libKernel-NIBObee.a(nibobee_kernel.o)
LeftMotor           0x5               ..\..\Kernel-NIBObee\Release\libKernel-NIBObee.a(nibobee_kernel.o)
PinA2               0x3               ..\..\Kernel-NIBObee\Release\libKernel-NIBObee.a(nibobee_kernel.o)
PinD3               0x3               ..\..\Kernel-NIBObee\Release\libKernel-NIBObee.a(nibobee_kernel.o)
ButtonRightForward  0x2               ..\..\Kernel-NIBObee\Release\libKernel-NIBObee.a(nibobee_kernel.o)
queues              0x23              ..\..\AntonAvrLib\Release\libAntonAvrLib.a(rr_scheduler.o)
PinC6               0x3               ..\..\Kernel-NIBObee\Release\libKernel-NIBObee.a(nibobee_kernel.o)
Timer0A             0x8               ..\..\Kernel-NIBObee\Release\libKernel-NIBObee.a(nibobee_kernel.o)
PinA3               0x3               ..\..\Kernel-NIBObee\Release\libKernel-NIBObee.a(nibobee_kernel.o)
PinC5               0x3               ..\..\Kernel-NIBObee\Release\libKernel-NIBObee.a(nibobee_kernel.o)
counters            0x50              Main.o
PinC1               0x3               ..\..\Kernel-NIBObee\Release\libKernel-NIBObee.a(nibobee_kernel.o)
PinB0               0x3               ..\..\Kernel-NIBObee\Release\libKernel-NIBObee.a(nibobee_kernel.o)
PortC               0x6               ..\..\Kernel-NIBObee\Release\libKernel-NIBObee.a(nibobee_kernel.o)
AllLeds             0x3               ..\..\Kernel-NIBObee\Release\libKernel-NIBObee.a(nibobee_kernel.o)
PinA0               0x3               ..\..\Kernel-NIBObee\Release\libKernel-NIBObee.a(nibobee_kernel.o)
PortA               0x6               ..\..\Kernel-NIBObee\Release\libKernel-NIBObee.a(nibobee_kernel.o)
PinB3               0x3               ..\..\Kernel-NIBObee\Release\libKernel-NIBObee.a(nibobee_kernel.o)
PinA7               0x3               ..\..\Kernel-NIBObee\Release\libKernel-NIBObee.a(nibobee_kernel.o)
Timer2              0x7               ..\..\Kernel-NIBObee\Release\libKernel-NIBObee.a(nibobee_kernel.o)
LeftLeds            0x3               ..\..\Kernel-NIBObee\Release\libKernel-NIBObee.a(nibobee_kernel.o)
PinB4               0x3               ..\..\Kernel-NIBObee\Release\libKernel-NIBObee.a(nibobee_kernel.o)
RightMotor          0x5               ..\..\Kernel-NIBObee\Release\libKernel-NIBObee.a(nibobee_kernel.o)
PinC2               0x3               ..\..\Kernel-NIBObee\Release\libKernel-NIBObee.a(nibobee_kernel.o)
PinD5               0x3               ..\..\Kernel-NIBObee\Release\libKernel-NIBObee.a(nibobee_kernel.o)
PinC0               0x3               ..\..\Kernel-NIBObee\Release\libKernel-NIBObee.a(nibobee_kernel.o)
PinD7               0x3               ..\..\Kernel-NIBObee\Release\libKernel-NIBObee.a(nibobee_kernel.o)
RightYellow         0x2               ..\..\Kernel-NIBObee\Release\libKernel-NIBObee.a(nibobee_kernel.o)
Timer2B             0x8               ..\..\Kernel-NIBObee\Release\libKernel-NIBObee.a(nibobee_kernel.o)
Timer1B             0x8               ..\..\Kernel-NIBObee\Release\libKernel-NIBObee.a(nibobee_kernel.o)
__flp               0x2               c:/program files (x86)/atmel/atmel studio 6.0/extensions/atmel/avrgcc/3.3.2.31/avrtoolchain/bin/../lib/gcc/avr/4.5.1/../../../../avr/lib/avr51\libc.a(malloc.o)
PinD4               0x3               ..\..\Kernel-NIBObee\Release\libKernel-NIBObee.a(nibobee_kernel.o)
Timer0B             0x8               ..\..\Kernel-NIBObee\Release\libKernel-NIBObee.a(nibobee_kernel.o)
PinA6               0x3               ..\..\Kernel-NIBObee\Release\libKernel-NIBObee.a(nibobee_kernel.o)
Timer1              0x7               ..\..\Kernel-NIBObee\Release\libKernel-NIBObee.a(nibobee_kernel.o)
PinD6               0x3               ..\..\Kernel-NIBObee\Release\libKernel-NIBObee.a(nibobee_kernel.o)
PinA1               0x3               ..\..\Kernel-NIBObee\Release\libKernel-NIBObee.a(nibobee_kernel.o)
PinB1               0x3               ..\..\Kernel-NIBObee\Release\libKernel-NIBObee.a(nibobee_kernel.o)
PortB               0x6               ..\..\Kernel-NIBObee\Release\libKernel-NIBObee.a(nibobee_kernel.o)

Discarded input sections

 .data          0x00000000        0x0 c:/program files (x86)/atmel/atmel studio 6.0/extensions/atmel/avrgcc/3.3.2.31/avrtoolchain/bin/../lib/gcc/avr/4.5.1/../../../../avr/lib/avr51/crtm1284p.o
 .bss           0x00000000        0x0 c:/program files (x86)/atmel/atmel studio 6.0/extensions/atmel/avrgcc/3.3.2.31/avrtoolchain/bin/../lib/gcc/avr/4.5.1/../../../../avr/lib/avr51/crtm1284p.o
 .text          0x00000000        0x0 Main.o
 .data          0x00000000        0x0 Main.o
 .bss           0x00000000        0x0 Main.o
 .text          0x00000000        0x0 ..\..\AntonAvrLib\Release\libAntonAvrLib.a(rr_scheduler.o)
 .data          0x00000000        0x0 ..\..\AntonAvrLib\Release\libAntonAvrLib.a(rr_scheduler.o)
 .text.insertThreadIntoQueue
                0x00000000       0x82 ..\..\AntonAvrLib\Release\libAntonAvrLib.a(rr_scheduler.o)
 .text.createThread
                0x00000000       0x68 ..\..\AntonAvrLib\Release\libAntonAvrLib.a(rr_scheduler.o)
 .text.createThread2
                0x00000000       0x88 ..\..\AntonAvrLib\Release\libAntonAvrLib.a(rr_scheduler.o)
 .text.createThread4
                0x00000000       0x8e ..\..\AntonAvrLib\Release\libAntonAvrLib.a(rr_scheduler.o)
 .text          0x00000000        0x0 ..\..\Kernel-NIBObee\Release\libKernel-NIBObee.a(nibobee_kernel.o)
 .text.init_reset_condition
                0x00000000        0xa ..\..\Kernel-NIBObee\Release\libKernel-NIBObee.a(nibobee_kernel.o)
 .text.getResetStatus
                0x00000000        0x6 ..\..\Kernel-NIBObee\Release\libKernel-NIBObee.a(nibobee_kernel.o)
 .text.init_nibobee_leds
                0x00000000       0x9c ..\..\Kernel-NIBObee\Release\libKernel-NIBObee.a(nibobee_kernel.o)
 .text.initButton
                0x00000000        0xc ..\..\Kernel-NIBObee\Release\libKernel-NIBObee.a(nibobee_kernel.o)
 .text.initInterruptButton
                0x00000000       0x1e ..\..\Kernel-NIBObee\Release\libKernel-NIBObee.a(nibobee_kernel.o)
 .text.init_nibobee_buttons
                0x00000000       0x42 ..\..\Kernel-NIBObee\Release\libKernel-NIBObee.a(nibobee_kernel.o)
 .text.init_timer_m1284P
                0x00000000       0xda ..\..\Kernel-NIBObee\Release\libKernel-NIBObee.a(nibobee_kernel.o)
 .text.initMotor
                0x00000000       0x20 ..\..\Kernel-NIBObee\Release\libKernel-NIBObee.a(nibobee_kernel.o)
 .text.initMotor2Pins
                0x00000000       0x2e ..\..\Kernel-NIBObee\Release\libKernel-NIBObee.a(nibobee_kernel.o)
 .text.init_nibobee_motors
                0x00000000       0x5e ..\..\Kernel-NIBObee\Release\libKernel-NIBObee.a(nibobee_kernel.o)
 .text.init_process_base
                0x00000000       0x54 ..\..\Kernel-NIBObee\Release\libKernel-NIBObee.a(nibobee_kernel.o)
 .text.createProcessBase3
                0x00000000       0xc6 ..\..\Kernel-NIBObee\Release\libKernel-NIBObee.a(nibobee_kernel.o)
 .text.createProcessBase2
                0x00000000       0x9e ..\..\Kernel-NIBObee\Release\libKernel-NIBObee.a(nibobee_kernel.o)
 .text.createProcessBase
                0x00000000       0x98 ..\..\Kernel-NIBObee\Release\libKernel-NIBObee.a(nibobee_kernel.o)
 .text.switchContext
                0x00000000       0xaa ..\..\Kernel-NIBObee\Release\libKernel-NIBObee.a(nibobee_kernel.o)
 .text.switchProcess
                0x00000000       0x18 ..\..\Kernel-NIBObee\Release\libKernel-NIBObee.a(nibobee_kernel.o)
 .text.createProcess3
                0x00000000      0x108 ..\..\Kernel-NIBObee\Release\libKernel-NIBObee.a(nibobee_kernel.o)
 .text.createProcess
                0x00000000       0xd0 ..\..\Kernel-NIBObee\Release\libKernel-NIBObee.a(nibobee_kernel.o)
 .text.freeProcess
                0x00000000       0x36 ..\..\Kernel-NIBObee\Release\libKernel-NIBObee.a(nibobee_kernel.o)
 .text.getProcessStackSize
                0x00000000        0x6 ..\..\Kernel-NIBObee\Release\libKernel-NIBObee.a(nibobee_kernel.o)
 .text.getFreeProcessStackSize
                0x00000000       0x12 ..\..\Kernel-NIBObee\Release\libKernel-NIBObee.a(nibobee_kernel.o)
 .text.getProcessNumber
                0x00000000        0x8 ..\..\Kernel-NIBObee\Release\libKernel-NIBObee.a(nibobee_kernel.o)
 .text.init_process
                0x00000000       0x80 ..\..\Kernel-NIBObee\Release\libKernel-NIBObee.a(nibobee_kernel.o)
 .text.init_tank_scheduler
                0x00000000       0x2e ..\..\Kernel-NIBObee\Release\libKernel-NIBObee.a(nibobee_kernel.o)
 .text.start_tank_scheduler
                0x00000000        0xc ..\..\Kernel-NIBObee\Release\libKernel-NIBObee.a(nibobee_kernel.o)
 .text.before_scheduler
                0x00000000        0x2 ..\..\Kernel-NIBObee\Release\libKernel-NIBObee.a(nibobee_kernel.o)
 .text.schedule
                0x00000000       0x28 ..\..\Kernel-NIBObee\Release\libKernel-NIBObee.a(nibobee_kernel.o)
 .text.init_kernel
                0x00000000       0xb6 ..\..\Kernel-NIBObee\Release\libKernel-NIBObee.a(nibobee_kernel.o)
 .text          0x00000000        0x0 ..\..\AntonAvrLib\Release\libAntonAvrLib.a(external_interrupts.o)
 .data          0x00000000        0x8 ..\..\AntonAvrLib\Release\libAntonAvrLib.a(external_interrupts.o)
 .bss           0x00000000        0x0 ..\..\AntonAvrLib\Release\libAntonAvrLib.a(external_interrupts.o)
 .text.enablePinChangeInterrupt
                0x00000000       0x4c ..\..\AntonAvrLib\Release\libAntonAvrLib.a(external_interrupts.o)
 .text.disblePinChangeInterrupt
                0x00000000       0x36 ..\..\AntonAvrLib\Release\libAntonAvrLib.a(external_interrupts.o)
 .text          0x00000000        0x0 ..\..\AntonAvrLib\Release\libAntonAvrLib.a(motor.o)
 .data          0x00000000        0x0 ..\..\AntonAvrLib\Release\libAntonAvrLib.a(motor.o)
 .bss           0x00000000        0x0 ..\..\AntonAvrLib\Release\libAntonAvrLib.a(motor.o)
 .text.stopMotor
                0x00000000       0x36 ..\..\AntonAvrLib\Release\libAntonAvrLib.a(motor.o)
 .text.getSpeed
                0x00000000        0xc ..\..\AntonAvrLib\Release\libAntonAvrLib.a(motor.o)
 .text.getDirection
                0x00000000       0x7e ..\..\AntonAvrLib\Release\libAntonAvrLib.a(motor.o)
 .text.setSpeed
                0x00000000       0xbc ..\..\AntonAvrLib\Release\libAntonAvrLib.a(motor.o)
 .text.setSpeedForward
                0x00000000        0xa ..\..\AntonAvrLib\Release\libAntonAvrLib.a(motor.o)
 .text.setSpeedBackward
                0x00000000        0xa ..\..\AntonAvrLib\Release\libAntonAvrLib.a(motor.o)
 .text.getDirSpeed
                0x00000000       0xa4 ..\..\AntonAvrLib\Release\libAntonAvrLib.a(motor.o)
 .text.setDirSpeed
                0x00000000       0x20 ..\..\AntonAvrLib\Release\libAntonAvrLib.a(motor.o)
 .text          0x00000000        0x0 ..\..\AntonAvrLib\Release\libAntonAvrLib.a(port.o)
 .data          0x00000000        0x0 ..\..\AntonAvrLib\Release\libAntonAvrLib.a(port.o)
 .bss           0x00000000        0x0 ..\..\AntonAvrLib\Release\libAntonAvrLib.a(port.o)
 .text.setPortOutput
                0x00000000       0x10 ..\..\AntonAvrLib\Release\libAntonAvrLib.a(port.o)
 .text.setPortInput
                0x00000000        0xe ..\..\AntonAvrLib\Release\libAntonAvrLib.a(port.o)
 .text.writePort
                0x00000000        0xc ..\..\AntonAvrLib\Release\libAntonAvrLib.a(port.o)
 .text.readPort
                0x00000000        0xe ..\..\AntonAvrLib\Release\libAntonAvrLib.a(port.o)
 .text.writePin
                0x00000000       0x32 ..\..\AntonAvrLib\Release\libAntonAvrLib.a(port.o)
 .text.setPinOne
                0x00000000       0x1c ..\..\AntonAvrLib\Release\libAntonAvrLib.a(port.o)
 .text.setPinZero
                0x00000000       0x1e ..\..\AntonAvrLib\Release\libAntonAvrLib.a(port.o)
 .text.readPin  0x00000000       0x22 ..\..\AntonAvrLib\Release\libAntonAvrLib.a(port.o)
 .text          0x00000000        0x0 ..\..\AntonAvrLib\Release\libAntonAvrLib.a(timer.o)
 .data          0x00000000        0x8 ..\..\AntonAvrLib\Release\libAntonAvrLib.a(timer.o)
 .bss           0x00000000        0x0 ..\..\AntonAvrLib\Release\libAntonAvrLib.a(timer.o)
 .text.setCompareMatchOutputMode
                0x00000000       0x5a ..\..\AntonAvrLib\Release\libAntonAvrLib.a(timer.o)
 .text.enableOutputCompare
                0x00000000       0x4a ..\..\AntonAvrLib\Release\libAntonAvrLib.a(timer.o)
 .text.disableOutputCompare
                0x00000000       0x38 ..\..\AntonAvrLib\Release\libAntonAvrLib.a(timer.o)
 .text.getTimerCompareValue
                0x00000000       0x2a ..\..\AntonAvrLib\Release\libAntonAvrLib.a(timer.o)
 .text          0x00000000        0x0 ..\..\AntonAvrLib\Release\libAntonAvrLib.a(scheduler.o)
 .data          0x00000000        0x0 ..\..\AntonAvrLib\Release\libAntonAvrLib.a(scheduler.o)
 .bss           0x00000000        0x0 ..\..\AntonAvrLib\Release\libAntonAvrLib.a(scheduler.o)
 .text.schedule_next
                0x00000000       0x12 ..\..\AntonAvrLib\Release\libAntonAvrLib.a(scheduler.o)
 .text.processor_idle
                0x00000000       0x12 ..\..\AntonAvrLib\Release\libAntonAvrLib.a(scheduler.o)
 .text          0x00000000        0x0 ..\..\AntonAvrLib\Release\libAntonAvrLib.a(dms_scheduler.o)
 .data          0x00000000        0x0 ..\..\AntonAvrLib\Release\libAntonAvrLib.a(dms_scheduler.o)
 .bss           0x00000000        0x0 ..\..\AntonAvrLib\Release\libAntonAvrLib.a(dms_scheduler.o)
 .text.AperiodicJobWrapper
                0x00000000       0x26 ..\..\AntonAvrLib\Release\libAntonAvrLib.a(dms_scheduler.o)
 .text.PeriodicJobWrapper
                0x00000000       0x42 ..\..\AntonAvrLib\Release\libAntonAvrLib.a(dms_scheduler.o)
 .text.insertJobIntoList
                0x00000000       0x94 ..\..\AntonAvrLib\Release\libAntonAvrLib.a(dms_scheduler.o)
 .text.initializeJob
                0x00000000       0xd2 ..\..\AntonAvrLib\Release\libAntonAvrLib.a(dms_scheduler.o)
 .text.createPeriodicJob
                0x00000000      0x10e ..\..\AntonAvrLib\Release\libAntonAvrLib.a(dms_scheduler.o)
 .text.createAperiodicJob
                0x00000000       0xf6 ..\..\AntonAvrLib\Release\libAntonAvrLib.a(dms_scheduler.o)
 .text.triggerAperiodicJob
                0x00000000       0x10 ..\..\AntonAvrLib\Release\libAntonAvrLib.a(dms_scheduler.o)
 .text          0x00000000        0x0 c:/program files (x86)/atmel/atmel studio 6.0/extensions/atmel/avrgcc/3.3.2.31/avrtoolchain/bin/../lib/gcc/avr/4.5.1/avr51\libgcc.a(_exit.o)
 .data          0x00000000        0x0 c:/program files (x86)/atmel/atmel studio 6.0/extensions/atmel/avrgcc/3.3.2.31/avrtoolchain/bin/../lib/gcc/avr/4.5.1/avr51\libgcc.a(_exit.o)
 .bss           0x00000000        0x0 c:/program files (x86)/atmel/atmel studio 6.0/extensions/atmel/avrgcc/3.3.2.31/avrtoolchain/bin/../lib/gcc/avr/4.5.1/avr51\libgcc.a(_exit.o)
 .text.libgcc   0x00000000        0x0 c:/program files (x86)/atmel/atmel studio 6.0/extensions/atmel/avrgcc/3.3.2.31/avrtoolchain/bin/../lib/gcc/avr/4.5.1/avr51\libgcc.a(_exit.o)
 .text          0x00000000        0x0 c:/program files (x86)/atmel/atmel studio 6.0/extensions/atmel/avrgcc/3.3.2.31/avrtoolchain/bin/../lib/gcc/avr/4.5.1/avr51\libgcc.a(_copy_data.o)
 .data          0x00000000        0x0 c:/program files (x86)/atmel/atmel studio 6.0/extensions/atmel/avrgcc/3.3.2.31/avrtoolchain/bin/../lib/gcc/avr/4.5.1/avr51\libgcc.a(_copy_data.o)
 .bss           0x00000000        0x0 c:/program files (x86)/atmel/atmel studio 6.0/extensions/atmel/avrgcc/3.3.2.31/avrtoolchain/bin/../lib/gcc/avr/4.5.1/avr51\libgcc.a(_copy_data.o)
 .text.libgcc   0x00000000        0x0 c:/program files (x86)/atmel/atmel studio 6.0/extensions/atmel/avrgcc/3.3.2.31/avrtoolchain/bin/../lib/gcc/avr/4.5.1/avr51\libgcc.a(_copy_data.o)
 .text          0x00000000        0x0 c:/program files (x86)/atmel/atmel studio 6.0/extensions/atmel/avrgcc/3.3.2.31/avrtoolchain/bin/../lib/gcc/avr/4.5.1/avr51\libgcc.a(_clear_bss.o)
 .data          0x00000000        0x0 c:/program files (x86)/atmel/atmel studio 6.0/extensions/atmel/avrgcc/3.3.2.31/avrtoolchain/bin/../lib/gcc/avr/4.5.1/avr51\libgcc.a(_clear_bss.o)
 .bss           0x00000000        0x0 c:/program files (x86)/atmel/atmel studio 6.0/extensions/atmel/avrgcc/3.3.2.31/avrtoolchain/bin/../lib/gcc/avr/4.5.1/avr51\libgcc.a(_clear_bss.o)
 .text.libgcc   0x00000000        0x0 c:/program files (x86)/atmel/atmel studio 6.0/extensions/atmel/avrgcc/3.3.2.31/avrtoolchain/bin/../lib/gcc/avr/4.5.1/avr51\libgcc.a(_clear_bss.o)
 .text          0x00000000        0x0 c:/program files (x86)/atmel/atmel studio 6.0/extensions/atmel/avrgcc/3.3.2.31/avrtoolchain/bin/../lib/gcc/avr/4.5.1/../../../../avr/lib/avr51\libc.a(calloc.o)
 .data          0x00000000        0x0 c:/program files (x86)/atmel/atmel studio 6.0/extensions/atmel/avrgcc/3.3.2.31/avrtoolchain/bin/../lib/gcc/avr/4.5.1/../../../../avr/lib/avr51\libc.a(calloc.o)
 .bss           0x00000000        0x0 c:/program files (x86)/atmel/atmel studio 6.0/extensions/atmel/avrgcc/3.3.2.31/avrtoolchain/bin/../lib/gcc/avr/4.5.1/../../../../avr/lib/avr51\libc.a(calloc.o)
 .text          0x00000000        0x0 c:/program files (x86)/atmel/atmel studio 6.0/extensions/atmel/avrgcc/3.3.2.31/avrtoolchain/bin/../lib/gcc/avr/4.5.1/../../../../avr/lib/avr51\libc.a(malloc.o)
 .bss           0x00000000        0x0 c:/program files (x86)/atmel/atmel studio 6.0/extensions/atmel/avrgcc/3.3.2.31/avrtoolchain/bin/../lib/gcc/avr/4.5.1/../../../../avr/lib/avr51\libc.a(malloc.o)
 .text          0x00000000        0x0 c:/program files (x86)/atmel/atmel studio 6.0/extensions/atmel/avrgcc/3.3.2.31/avrtoolchain/bin/../lib/gcc/avr/4.5.1/../../../../avr/lib/avr51\libc.a(memset.o)
 .data          0x00000000        0x0 c:/program files (x86)/atmel/atmel studio 6.0/extensions/atmel/avrgcc/3.3.2.31/avrtoolchain/bin/../lib/gcc/avr/4.5.1/../../../../avr/lib/avr51\libc.a(memset.o)
 .bss           0x00000000        0x0 c:/program files (x86)/atmel/atmel studio 6.0/extensions/atmel/avrgcc/3.3.2.31/avrtoolchain/bin/../lib/gcc/avr/4.5.1/../../../../avr/lib/avr51\libc.a(memset.o)

Memory Configuration

Name             Origin             Length             Attributes
text             0x00000000         0x00020000         xr
data             0x00800100         0x0000ff00         rw !x
eeprom           0x00810000         0x00010000         rw !x
fuse             0x00820000         0x00000400         rw !x
lock             0x00830000         0x00000400         rw !x
signature        0x00840000         0x00000400         rw !x
*default*        0x00000000         0xffffffff

Linker script and memory map

Address of section .data set to 0x800100
LOAD c:/program files (x86)/atmel/atmel studio 6.0/extensions/atmel/avrgcc/3.3.2.31/avrtoolchain/bin/../lib/gcc/avr/4.5.1/../../../../avr/lib/avr51/crtm1284p.o
LOAD Main.o
START GROUP
LOAD ..\..\AntonAvrLib\Release\libAntonAvrLib.a
LOAD ..\..\Kernel-NIBObee\Release\libKernel-NIBObee.a
LOAD c:/program files (x86)/atmel/atmel studio 6.0/extensions/atmel/avrgcc/3.3.2.31/avrtoolchain/bin/../lib/gcc/avr/4.5.1/../../../../avr/lib/avr51\libm.a
END GROUP
LOAD c:/program files (x86)/atmel/atmel studio 6.0/extensions/atmel/avrgcc/3.3.2.31/avrtoolchain/bin/../lib/gcc/avr/4.5.1/avr51\libgcc.a
LOAD c:/program files (x86)/atmel/atmel studio 6.0/extensions/atmel/avrgcc/3.3.2.31/avrtoolchain/bin/../lib/gcc/avr/4.5.1/../../../../avr/lib/avr51\libc.a
LOAD c:/program files (x86)/atmel/atmel studio 6.0/extensions/atmel/avrgcc/3.3.2.31/avrtoolchain/bin/../lib/gcc/avr/4.5.1/avr51\libgcc.a

.hash
 *(.hash)

.dynsym
 *(.dynsym)

.dynstr
 *(.dynstr)

.gnu.version
 *(.gnu.version)

.gnu.version_d
 *(.gnu.version_d)

.gnu.version_r
 *(.gnu.version_r)

.rel.init
 *(.rel.init)

.rela.init
 *(.rela.init)

.rel.text
 *(.rel.text)
 *(.rel.text.*)
 *(.rel.gnu.linkonce.t*)

.rela.text
 *(.rela.text)
 *(.rela.text.*)
 *(.rela.gnu.linkonce.t*)

.rel.fini
 *(.rel.fini)

.rela.fini
 *(.rela.fini)

.rel.rodata
 *(.rel.rodata)
 *(.rel.rodata.*)
 *(.rel.gnu.linkonce.r*)

.rela.rodata
 *(.rela.rodata)
 *(.rela.rodata.*)
 *(.rela.gnu.linkonce.r*)

.rel.data
 *(.rel.data)
 *(.rel.data.*)
 *(.rel.gnu.linkonce.d*)

.rela.data
 *(.rela.data)
 *(.rela.data.*)
 *(.rela.gnu.linkonce.d*)

.rel.ctors
 *(.rel.ctors)

.rela.ctors
 *(.rela.ctors)

.rel.dtors
 *(.rel.dtors)

.rela.dtors
 *(.rela.dtors)

.rel.got
 *(.rel.got)

.rela.got
 *(.rela.got)

.rel.bss
 *(.rel.bss)

.rela.bss
 *(.rela.bss)

.rel.plt
 *(.rel.plt)

.rela.plt
 *(.rela.plt)

.text           0x00000000     0x1052
 *(.vectors)
 .vectors       0x00000000       0x8c c:/program files (x86)/atmel/atmel studio 6.0/extensions/atmel/avrgcc/3.3.2.31/avrtoolchain/bin/../lib/gcc/avr/4.5.1/../../../../avr/lib/avr51/crtm1284p.o
                0x00000000                __vector_default
                0x00000000                __vectors
 *(.vectors)
 *(.progmem.gcc*)
 *(.progmem*)
                0x0000008c                . = ALIGN (0x2)
                0x0000008c                __trampolines_start = .
 *(.trampolines)
 .trampolines   0x0000008c        0x0 linker stubs
 *(.trampolines*)
                0x0000008c                __trampolines_end = .
 *(.jumptables)
 *(.jumptables*)
 *(.lowtext)
 *(.lowtext*)
                0x0000008c                __ctors_start = .
 *(.ctors)
                0x0000008c                __ctors_end = .
                0x0000008c                __dtors_start = .
 *(.dtors)
                0x0000008c                __dtors_end = .
 SORT(*)(.ctors)
 SORT(*)(.dtors)
 *(.init0)
 .init0         0x0000008c        0x0 c:/program files (x86)/atmel/atmel studio 6.0/extensions/atmel/avrgcc/3.3.2.31/avrtoolchain/bin/../lib/gcc/avr/4.5.1/../../../../avr/lib/avr51/crtm1284p.o
                0x0000008c                __init
 *(.init0)
 *(.init1)
 *(.init1)
 *(.init2)
 .init2         0x0000008c        0xc c:/program files (x86)/atmel/atmel studio 6.0/extensions/atmel/avrgcc/3.3.2.31/avrtoolchain/bin/../lib/gcc/avr/4.5.1/../../../../avr/lib/avr51/crtm1284p.o
 *(.init2)
 *(.init3)
 *(.init3)
 *(.init4)
 .init4         0x00000098       0x1a c:/program files (x86)/atmel/atmel studio 6.0/extensions/atmel/avrgcc/3.3.2.31/avrtoolchain/bin/../lib/gcc/avr/4.5.1/avr51\libgcc.a(_copy_data.o)
                0x00000098                __do_copy_data
 .init4         0x000000b2       0x10 c:/program files (x86)/atmel/atmel studio 6.0/extensions/atmel/avrgcc/3.3.2.31/avrtoolchain/bin/../lib/gcc/avr/4.5.1/avr51\libgcc.a(_clear_bss.o)
                0x000000b2                __do_clear_bss
 *(.init4)
 *(.init5)
 *(.init5)
 *(.init6)
 *(.init6)
 *(.init7)
 *(.init7)
 *(.init8)
 .init8         0x000000c2      0x2ba ..\..\Kernel-NIBObee\Release\libKernel-NIBObee.a(nibobee_kernel.o)
                0x000000c2                init_reset_condition_kernel_init
                0x000000ca                init_ports_m1284P_kernel_init
                0x000000cc                init_nibobee_leds_kernel_init
                0x0000015e                init_nibobee_buttons_kernel_init
                0x00000196                init_timer_m1284P_kernel_init
                0x0000026e                init_nibobee_motors_kernel_init
                0x000002c2                init_tank_scheduler_kernel_init
                0x000002e0                init_kernel_kernel_init
 *(.init8)
 *(.init9)
 .init9         0x0000037c        0x4 c:/program files (x86)/atmel/atmel studio 6.0/extensions/atmel/avrgcc/3.3.2.31/avrtoolchain/bin/../lib/gcc/avr/4.5.1/../../../../avr/lib/avr51/crtm1284p.o
 *(.init9)
 *(.text)
 .text          0x00000380        0x2 c:/program files (x86)/atmel/atmel studio 6.0/extensions/atmel/avrgcc/3.3.2.31/avrtoolchain/bin/../lib/gcc/avr/4.5.1/../../../../avr/lib/avr51/crtm1284p.o
                0x00000380                __vector_22
                0x00000380                __vector_28
                0x00000380                __vector_1
                0x00000380                __vector_34
                0x00000380                __vector_24
                0x00000380                __vector_12
                0x00000380                __bad_interrupt
                0x00000380                __vector_6
                0x00000380                __vector_31
                0x00000380                __vector_3
                0x00000380                __vector_23
                0x00000380                __vector_30
                0x00000380                __vector_25
                0x00000380                __vector_11
                0x00000380                __vector_13
                0x00000380                __vector_17
                0x00000380                __vector_19
                0x00000380                __vector_7
                0x00000380                __vector_27
                0x00000380                __vector_5
                0x00000380                __vector_33
                0x00000380                __vector_4
                0x00000380                __vector_9
                0x00000380                __vector_2
                0x00000380                __vector_21
                0x00000380                __vector_15
                0x00000380                __vector_29
                0x00000380                __vector_8
                0x00000380                __vector_26
                0x00000380                __vector_14
                0x00000380                __vector_10
                0x00000380                __vector_16
                0x00000380                __vector_18
                0x00000380                __vector_20
                0x00000382                . = ALIGN (0x2)
 *(.text.*)
 .text.processEntry
                0x00000382       0x1c Main.o
                0x00000382                processEntry
 .text.before_scheduler
                0x0000039e       0x44 Main.o
                0x0000039e                before_scheduler
 .text.main     0x000003e2       0x28 Main.o
                0x000003e2                main
 .text.createThread3
                0x0000040a       0x86 ..\..\AntonAvrLib\Release\libAntonAvrLib.a(rr_scheduler.o)
                0x0000040a                createThread3
 .text.rr_schedule
                0x00000490       0xae ..\..\AntonAvrLib\Release\libAntonAvrLib.a(rr_scheduler.o)
                0x00000490                rr_schedule
 .text.rr_captureMainProcess
                0x0000053e       0x82 ..\..\AntonAvrLib\Release\libAntonAvrLib.a(rr_scheduler.o)
                0x0000053e                rr_captureMainProcess
 .text.getCurrentThread
                0x000005c0        0x4 ..\..\AntonAvrLib\Release\libAntonAvrLib.a(rr_scheduler.o)
                0x000005c0                getCurrentThread
 .text.ProcessGraveyard
                0x000005c4        0x4 ..\..\Kernel-NIBObee\Release\libKernel-NIBObee.a(nibobee_kernel.o)
                0x000005c4                ProcessGraveyard
 .text.init_ports_m1284P
                0x000005c8      0x28a ..\..\Kernel-NIBObee\Release\libKernel-NIBObee.a(nibobee_kernel.o)
                0x000005c8                init_ports_m1284P
 .text.getCurrentProcess
                0x00000852        0xa ..\..\Kernel-NIBObee\Release\libKernel-NIBObee.a(nibobee_kernel.o)
                0x00000852                getCurrentProcess
 .text.createProcess2
                0x0000085c       0xe0 ..\..\Kernel-NIBObee\Release\libKernel-NIBObee.a(nibobee_kernel.o)
                0x0000085c                createProcess2
 .text.getProcessMemory
                0x0000093c        0xa ..\..\Kernel-NIBObee\Release\libKernel-NIBObee.a(nibobee_kernel.o)
                0x0000093c                getProcessMemory
 .text.__vector_32
                0x00000946      0x102 ..\..\Kernel-NIBObee\Release\libKernel-NIBObee.a(nibobee_kernel.o)
                0x00000946                __vector_32
 .text.setPinOutput
                0x00000a48       0x1c ..\..\AntonAvrLib\Release\libAntonAvrLib.a(port.o)
                0x00000a48                setPinOutput
 .text.setPinInput
                0x00000a64       0x1e ..\..\AntonAvrLib\Release\libAntonAvrLib.a(port.o)
                0x00000a64                setPinInput
 .text.setTimerClockSelect
                0x00000a82       0xc2 ..\..\AntonAvrLib\Release\libAntonAvrLib.a(timer.o)
                0x00000a82                setTimerClockSelect
 .text.setWaveformGenerationMode
                0x00000b44      0x174 ..\..\AntonAvrLib\Release\libAntonAvrLib.a(timer.o)
                0x00000b44                setWaveformGenerationMode
 .text.enableTimerInterrupt
                0x00000cb8       0x2c ..\..\AntonAvrLib\Release\libAntonAvrLib.a(timer.o)
                0x00000cb8                enableTimerInterrupt
 .text.setTimerCompareValue
                0x00000ce4       0x30 ..\..\AntonAvrLib\Release\libAntonAvrLib.a(timer.o)
                0x00000ce4                setTimerCompareValue
 .text.processor_loop_idle
                0x00000d14       0x12 ..\..\AntonAvrLib\Release\libAntonAvrLib.a(scheduler.o)
                0x00000d14                processor_loop_idle
 .text.dms_schedule
                0x00000d26       0x6a ..\..\AntonAvrLib\Release\libAntonAvrLib.a(dms_scheduler.o)
                0x00000d26                dms_schedule
 .text.avr-libc
                0x00000d90       0x46 c:/program files (x86)/atmel/atmel studio 6.0/extensions/atmel/avrgcc/3.3.2.31/avrtoolchain/bin/../lib/gcc/avr/4.5.1/../../../../avr/lib/avr51\libc.a(calloc.o)
                0x00000d90                calloc
 .text.avr-libc
                0x00000dd6      0x266 c:/program files (x86)/atmel/atmel studio 6.0/extensions/atmel/avrgcc/3.3.2.31/avrtoolchain/bin/../lib/gcc/avr/4.5.1/../../../../avr/lib/avr51\libc.a(malloc.o)
                0x00000dd6                malloc
                0x00000f0a                free
 .text.avr-libc
                0x0000103c        0xe c:/program files (x86)/atmel/atmel studio 6.0/extensions/atmel/avrgcc/3.3.2.31/avrtoolchain/bin/../lib/gcc/avr/4.5.1/../../../../avr/lib/avr51\libc.a(memset.o)
                0x0000103c                memset
                0x0000104a                . = ALIGN (0x2)
 *(.fini9)
 .fini9         0x0000104a        0x0 c:/program files (x86)/atmel/atmel studio 6.0/extensions/atmel/avrgcc/3.3.2.31/avrtoolchain/bin/../lib/gcc/avr/4.5.1/avr51\libgcc.a(_exit.o)
                0x0000104a                _exit
                0x0000104a                exit
 *(.fini9)
 *(.fini8)
 *(.fini8)
 *(.fini7)
 *(.fini7)
 *(.fini6)
 *(.fini6)
 *(.fini5)
 *(.fini5)
 *(.fini4)
 *(.fini4)
 *(.fini3)
 *(.fini3)
 *(.fini2)
 *(.fini2)
 *(.fini1)
 .fini1         0x0000104a        0x4 ..\..\Kernel-NIBObee\Release\libKernel-NIBObee.a(nibobee_kernel.o)
                0x0000104a                MainProcessEnd
 *(.fini1)
 *(.fini0)
 .fini0         0x0000104e        0x4 c:/program files (x86)/atmel/atmel studio 6.0/extensions/atmel/avrgcc/3.3.2.31/avrtoolchain/bin/../lib/gcc/avr/4.5.1/avr51\libgcc.a(_exit.o)
 *(.fini0)
                0x00001052                _etext = .

.data           0x00800100      0x110 load address 0x00001052
                0x00800100                PROVIDE (__data_start, .)
 *(.data)
 .data          0x00800100      0x109 ..\..\Kernel-NIBObee\Release\libKernel-NIBObee.a(nibobee_kernel.o)
                0x00800100                redLedsArray
                0x00800104                yellowLedsArray
                0x00800108                rightLedsArray
                0x0080010c                leftLedsArray
                0x00800110                allLedsArray
                0x00800118                __default_stack_size
                0x0080011a                __nextProcessNumber
 .data          0x00800209        0x6 c:/program files (x86)/atmel/atmel studio 6.0/extensions/atmel/avrgcc/3.3.2.31/avrtoolchain/bin/../lib/gcc/avr/4.5.1/../../../../avr/lib/avr51\libc.a(malloc.o)
                0x00800209                __malloc_margin
                0x0080020b                __malloc_heap_start
                0x0080020d                __malloc_heap_end
 *(.data*)
 *(.rodata)
 *(.rodata*)
 *(.gnu.linkonce.d*)
                0x00800210                . = ALIGN (0x2)
 *fill*         0x0080020f        0x1 00
                0x00800210                _edata = .
                0x00800210                PROVIDE (__data_end, .)

.bss            0x00800210      0x1a8
                0x00800210                PROVIDE (__bss_start, .)
 *(.bss)
 .bss           0x00800210        0x2 ..\..\AntonAvrLib\Release\libAntonAvrLib.a(rr_scheduler.o)
                0x00800210                highestPrio
 .bss           0x00800212        0x8 ..\..\Kernel-NIBObee\Release\libKernel-NIBObee.a(nibobee_kernel.o)
                0x00800212                current_reset_status
                0x00800213                __main_process_additional_memory
                0x00800214                __current_process
                0x00800216                milliseconds_running
 *(.bss*)
 *(COMMON)
 COMMON         0x0080021a       0x78 Main.o
                0x0080021a                threads
                0x00800242                counters
 COMMON         0x00800292       0x23 ..\..\AntonAvrLib\Release\libAntonAvrLib.a(rr_scheduler.o)
                0x00800292                queues
 COMMON         0x008002b5       0xfd ..\..\Kernel-NIBObee\Release\libKernel-NIBObee.a(nibobee_kernel.o)
                0x008002b5                LeftRed
                0x008002b7                LeftYellow
                0x008002b9                Timer3B
                0x008002c1                PinC7
                0x008002c4                Timer3
                0x008002cb                PinB2
                0x008002ce                PinB6
                0x008002d1                Timer1A
                0x008002d9                YellowLeds
                0x008002dc                PinD2
                0x008002df                PinD0
                0x008002e2                ButtonLeftForward
                0x008002e4                ButtonLeftBackward
                0x008002e6                ButtonRightBackward
                0x008002e8                RightLeds
                0x008002eb                PinC4
                0x008002ee                PinA4
                0x008002f1                RedLeds
                0x008002f4                PinD1
                0x008002f7                Timer3A
                0x008002ff                PinC3
                0x00800302                Timer0
                0x00800309                PinB7
                0x0080030c                PinB5
                0x0080030f                Timer2A
                0x00800317                PortD
                0x0080031d                RightRed
                0x0080031f                PinA5
                0x00800322                LeftMotor
                0x00800327                PinA2
                0x0080032a                PinD3
                0x0080032d                ButtonRightForward
                0x0080032f                PinC6
                0x00800332                Timer0A
                0x0080033a                PinA3
                0x0080033d                PinC5
                0x00800340                PinC1
                0x00800343                PinB0
                0x00800346                PortC
                0x0080034c                AllLeds
                0x0080034f                PinA0
                0x00800352                PortA
                0x00800358                PinB3
                0x0080035b                PinA7
                0x0080035e                Timer2
                0x00800365                LeftLeds
                0x00800368                PinB4
                0x0080036b                RightMotor
                0x00800370                PinC2
                0x00800373                PinD5
                0x00800376                PinC0
                0x00800379                PinD7
                0x0080037c                RightYellow
                0x0080037e                Timer2B
                0x00800386                Timer1B
                0x0080038e                PinD4
                0x00800391                Timer0B
                0x00800399                PinA6
                0x0080039c                Timer1
                0x008003a3                PinD6
                0x008003a6                PinA1
                0x008003a9                PinB1
                0x008003ac                PortB
 COMMON         0x008003b2        0x2 ..\..\AntonAvrLib\Release\libAntonAvrLib.a(dms_scheduler.o)
                0x008003b2                processListHead
 COMMON         0x008003b4        0x4 c:/program files (x86)/atmel/atmel studio 6.0/extensions/atmel/avrgcc/3.3.2.31/avrtoolchain/bin/../lib/gcc/avr/4.5.1/../../../../avr/lib/avr51\libc.a(malloc.o)
                0x008003b4                __brkval
                0x008003b6                __flp
                0x008003b8                PROVIDE (__bss_end, .)
                0x00001052                __data_load_start = LOADADDR (.data)
                0x00001162                __data_load_end = (__data_load_start + SIZEOF (.data))

.noinit         0x008003b8        0x0
                0x008003b8                PROVIDE (__noinit_start, .)
 *(.noinit*)
                0x008003b8                PROVIDE (__noinit_end, .)
                0x008003b8                _end = .
                0x008003b8                PROVIDE (__heap_start, .)

.eeprom         0x00810000        0x0
 *(.eeprom*)
                0x00810000                __eeprom_end = .

.fuse
 *(.fuse)
 *(.lfuse)
 *(.hfuse)
 *(.efuse)

.lock
 *(.lock*)

.signature
 *(.signature*)

.stab           0x00000000      0x738
 *(.stab)
 .stab          0x00000000      0x6cc c:/program files (x86)/atmel/atmel studio 6.0/extensions/atmel/avrgcc/3.3.2.31/avrtoolchain/bin/../lib/gcc/avr/4.5.1/../../../../avr/lib/avr51/crtm1284p.o
 .stab          0x000006cc       0x6c c:/program files (x86)/atmel/atmel studio 6.0/extensions/atmel/avrgcc/3.3.2.31/avrtoolchain/bin/../lib/gcc/avr/4.5.1/../../../../avr/lib/avr51\libc.a(memset.o)
                                 0x78 (size before relaxing)

.stabstr        0x00000000      0x10b
 *(.stabstr)
 .stabstr       0x00000000      0x10b c:/program files (x86)/atmel/atmel studio 6.0/extensions/atmel/avrgcc/3.3.2.31/avrtoolchain/bin/../lib/gcc/avr/4.5.1/../../../../avr/lib/avr51/crtm1284p.o

.stab.excl
 *(.stab.excl)

.stab.exclstr
 *(.stab.exclstr)

.stab.index
 *(.stab.index)

.stab.indexstr
 *(.stab.indexstr)

.comment
 *(.comment)

.debug
 *(.debug)

.line
 *(.line)

.debug_srcinfo
 *(.debug_srcinfo)

.debug_sfnames
 *(.debug_sfnames)

.debug_aranges  0x00000000       0x48
 *(.debug_aranges)
 .debug_aranges
                0x00000000       0x20 c:/program files (x86)/atmel/atmel studio 6.0/extensions/atmel/avrgcc/3.3.2.31/avrtoolchain/bin/../lib/gcc/avr/4.5.1/../../../../avr/lib/avr51\libc.a(calloc.o)
 .debug_aranges
                0x00000020       0x28 c:/program files (x86)/atmel/atmel studio 6.0/extensions/atmel/avrgcc/3.3.2.31/avrtoolchain/bin/../lib/gcc/avr/4.5.1/../../../../avr/lib/avr51\libc.a(malloc.o)

.debug_pubnames
                0x00000000       0x9c
 *(.debug_pubnames)
 .debug_pubnames
                0x00000000       0x1d c:/program files (x86)/atmel/atmel studio 6.0/extensions/atmel/avrgcc/3.3.2.31/avrtoolchain/bin/../lib/gcc/avr/4.5.1/../../../../avr/lib/avr51\libc.a(calloc.o)
 .debug_pubnames
                0x0000001d       0x7f c:/program files (x86)/atmel/atmel studio 6.0/extensions/atmel/avrgcc/3.3.2.31/avrtoolchain/bin/../lib/gcc/avr/4.5.1/../../../../avr/lib/avr51\libc.a(malloc.o)

.debug_info     0x00000000      0x327
 *(.debug_info)
 .debug_info    0x00000000       0x91 c:/program files (x86)/atmel/atmel studio 6.0/extensions/atmel/avrgcc/3.3.2.31/avrtoolchain/bin/../lib/gcc/avr/4.5.1/../../../../avr/lib/avr51\libc.a(calloc.o)
 .debug_info    0x00000091      0x296 c:/program files (x86)/atmel/atmel studio 6.0/extensions/atmel/avrgcc/3.3.2.31/avrtoolchain/bin/../lib/gcc/avr/4.5.1/../../../../avr/lib/avr51\libc.a(malloc.o)
 *(.gnu.linkonce.wi.*)

.debug_abbrev   0x00000000      0x16a
 *(.debug_abbrev)
 .debug_abbrev  0x00000000       0x75 c:/program files (x86)/atmel/atmel studio 6.0/extensions/atmel/avrgcc/3.3.2.31/avrtoolchain/bin/../lib/gcc/avr/4.5.1/../../../../avr/lib/avr51\libc.a(calloc.o)
 .debug_abbrev  0x00000075       0xf5 c:/program files (x86)/atmel/atmel studio 6.0/extensions/atmel/avrgcc/3.3.2.31/avrtoolchain/bin/../lib/gcc/avr/4.5.1/../../../../avr/lib/avr51\libc.a(malloc.o)

.debug_line     0x00000000      0x563
 *(.debug_line)
 .debug_line    0x00000000      0x15e c:/program files (x86)/atmel/atmel studio 6.0/extensions/atmel/avrgcc/3.3.2.31/avrtoolchain/bin/../lib/gcc/avr/4.5.1/../../../../avr/lib/avr51\libc.a(calloc.o)
 .debug_line    0x0000015e      0x405 c:/program files (x86)/atmel/atmel studio 6.0/extensions/atmel/avrgcc/3.3.2.31/avrtoolchain/bin/../lib/gcc/avr/4.5.1/../../../../avr/lib/avr51\libc.a(malloc.o)

.debug_frame    0x00000000       0x50
 *(.debug_frame)
 .debug_frame   0x00000000       0x20 c:/program files (x86)/atmel/atmel studio 6.0/extensions/atmel/avrgcc/3.3.2.31/avrtoolchain/bin/../lib/gcc/avr/4.5.1/../../../../avr/lib/avr51\libc.a(calloc.o)
 .debug_frame   0x00000020       0x30 c:/program files (x86)/atmel/atmel studio 6.0/extensions/atmel/avrgcc/3.3.2.31/avrtoolchain/bin/../lib/gcc/avr/4.5.1/../../../../avr/lib/avr51\libc.a(malloc.o)

.debug_str      0x00000000      0x1b8
 *(.debug_str)
 .debug_str     0x00000000       0x88 c:/program files (x86)/atmel/atmel studio 6.0/extensions/atmel/avrgcc/3.3.2.31/avrtoolchain/bin/../lib/gcc/avr/4.5.1/../../../../avr/lib/avr51\libc.a(calloc.o)
                                 0x9e (size before relaxing)
 .debug_str     0x00000088      0x130 c:/program files (x86)/atmel/atmel studio 6.0/extensions/atmel/avrgcc/3.3.2.31/avrtoolchain/bin/../lib/gcc/avr/4.5.1/../../../../avr/lib/avr51\libc.a(malloc.o)
                                0x17c (size before relaxing)

.debug_loc      0x00000000      0x481
 *(.debug_loc)
 .debug_loc     0x00000000       0x58 c:/program files (x86)/atmel/atmel studio 6.0/extensions/atmel/avrgcc/3.3.2.31/avrtoolchain/bin/../lib/gcc/avr/4.5.1/../../../../avr/lib/avr51\libc.a(calloc.o)
 .debug_loc     0x00000058      0x429 c:/program files (x86)/atmel/atmel studio 6.0/extensions/atmel/avrgcc/3.3.2.31/avrtoolchain/bin/../lib/gcc/avr/4.5.1/../../../../avr/lib/avr51\libc.a(malloc.o)

.debug_macinfo
 *(.debug_macinfo)
OUTPUT(Main-NIBObee.elf elf32-avr)
LOAD linker stubs

.debug_pubtypes
                0x00000000       0x56
 .debug_pubtypes
                0x00000000       0x1d c:/program files (x86)/atmel/atmel studio 6.0/extensions/atmel/avrgcc/3.3.2.31/avrtoolchain/bin/../lib/gcc/avr/4.5.1/../../../../avr/lib/avr51\libc.a(calloc.o)
 .debug_pubtypes
                0x0000001d       0x39 c:/program files (x86)/atmel/atmel studio 6.0/extensions/atmel/avrgcc/3.3.2.31/avrtoolchain/bin/../lib/gcc/avr/4.5.1/../../../../avr/lib/avr51\libc.a(malloc.o)

.debug_ranges   0x00000000       0x28
 .debug_ranges  0x00000000       0x10 c:/program files (x86)/atmel/atmel studio 6.0/extensions/atmel/avrgcc/3.3.2.31/avrtoolchain/bin/../lib/gcc/avr/4.5.1/../../../../avr/lib/avr51\libc.a(calloc.o)
 .debug_ranges  0x00000010       0x18 c:/program files (x86)/atmel/atmel studio 6.0/extensions/atmel/avrgcc/3.3.2.31/avrtoolchain/bin/../lib/gcc/avr/4.5.1/../../../../avr/lib/avr51\libc.a(malloc.o)
