Archive member included because of file (symbol)

..\..\NIBObeeLib\Debug\libNIBObeeLib.a(bgx1.o)
                              Main.o (bgx1_reset)
..\..\NIBObeeLib\Debug\libNIBObeeLib.a(delay.o)
                              Main.o (delay)
..\..\NIBObeeLib\Debug\libNIBObeeLib.a(i2cmaster.o)
                              ..\..\NIBObeeLib\Debug\libNIBObeeLib.a(bgx1.o) (i2c_start_transmission)
..\..\NIBObeeLib\Debug\libNIBObeeLib.a(led.o)
                              Main.o (led_set)
..\..\NIBObeeLib\Debug\libNIBObeeLib.a(motpid.o)
                              Main.o (motpid_init)
..\..\NIBObeeLib\Debug\libNIBObeeLib.a(motpwm.o)
                              Main.o (motpwm_init)
..\..\NIBObeeLib\Debug\libNIBObeeLib.a(odometry.o)
                              ..\..\NIBObeeLib\Debug\libNIBObeeLib.a(motpid.o) (odometry_left)
..\..\NIBObeeLib\Debug\libNIBObeeLib.a(base.o)
                              ..\..\NIBObeeLib\Debug\libNIBObeeLib.a(bgx1.o) (nibobee_initialization)
..\..\NIBObeeLib\Debug\libNIBObeeLib.a(clock.o)
                              ..\..\NIBObeeLib\Debug\libNIBObeeLib.a(motpid.o) (clock_inc_irq)
..\..\NIBObeeLib\Debug\libNIBObeeLib.a(analog.o)
                              ..\..\NIBObeeLib\Debug\libNIBObeeLib.a(base.o) (analog_getValue)
c:/program files (x86)/atmel/atmel studio 6.0/extensions/atmel/avrgcc/3.3.2.31/avrtoolchain/bin/../lib/gcc/avr/4.5.1/avr51\libgcc.a(_udivmodhi4.o)
                              ..\..\NIBObeeLib\Debug\libNIBObeeLib.a(base.o) (__udivmodhi4)
c:/program files (x86)/atmel/atmel studio 6.0/extensions/atmel/avrgcc/3.3.2.31/avrtoolchain/bin/../lib/gcc/avr/4.5.1/avr51\libgcc.a(_divmodhi4.o)
                              ..\..\NIBObeeLib\Debug\libNIBObeeLib.a(bgx1.o) (__divmodhi4)
c:/program files (x86)/atmel/atmel studio 6.0/extensions/atmel/avrgcc/3.3.2.31/avrtoolchain/bin/../lib/gcc/avr/4.5.1/avr51\libgcc.a(_exit.o)
                              c:/program files (x86)/atmel/atmel studio 6.0/extensions/atmel/avrgcc/3.3.2.31/avrtoolchain/bin/../lib/gcc/avr/4.5.1/../../../../avr/lib/avr51/crtm1284p.o (exit)
c:/program files (x86)/atmel/atmel studio 6.0/extensions/atmel/avrgcc/3.3.2.31/avrtoolchain/bin/../lib/gcc/avr/4.5.1/avr51\libgcc.a(_copy_data.o)
                              Main.o (__do_copy_data)
c:/program files (x86)/atmel/atmel studio 6.0/extensions/atmel/avrgcc/3.3.2.31/avrtoolchain/bin/../lib/gcc/avr/4.5.1/avr51\libgcc.a(_clear_bss.o)
                              ..\..\NIBObeeLib\Debug\libNIBObeeLib.a(bgx1.o) (__do_clear_bss)
c:/program files (x86)/atmel/atmel studio 6.0/extensions/atmel/avrgcc/3.3.2.31/avrtoolchain/bin/../lib/gcc/avr/4.5.1/../../../../avr/lib/avr51\libc.a(memcpy_P.o)
                              ..\..\NIBObeeLib\Debug\libNIBObeeLib.a(bgx1.o) (memcpy_P)
c:/program files (x86)/atmel/atmel studio 6.0/extensions/atmel/avrgcc/3.3.2.31/avrtoolchain/bin/../lib/gcc/avr/4.5.1/../../../../avr/lib/avr51\libc.a(strlen_P.o)
                              ..\..\NIBObeeLib\Debug\libNIBObeeLib.a(bgx1.o) (strlen_P)
c:/program files (x86)/atmel/atmel studio 6.0/extensions/atmel/avrgcc/3.3.2.31/avrtoolchain/bin/../lib/gcc/avr/4.5.1/../../../../avr/lib/avr51\libc.a(memcpy.o)
                              ..\..\NIBObeeLib\Debug\libNIBObeeLib.a(bgx1.o) (memcpy)
c:/program files (x86)/atmel/atmel studio 6.0/extensions/atmel/avrgcc/3.3.2.31/avrtoolchain/bin/../lib/gcc/avr/4.5.1/../../../../avr/lib/avr51\libc.a(sprintf.o)
                              Main.o (sprintf)
c:/program files (x86)/atmel/atmel studio 6.0/extensions/atmel/avrgcc/3.3.2.31/avrtoolchain/bin/../lib/gcc/avr/4.5.1/../../../../avr/lib/avr51\libc.a(vfprintf_std.o)
                              c:/program files (x86)/atmel/atmel studio 6.0/extensions/atmel/avrgcc/3.3.2.31/avrtoolchain/bin/../lib/gcc/avr/4.5.1/../../../../avr/lib/avr51\libc.a(sprintf.o) (vfprintf)
c:/program files (x86)/atmel/atmel studio 6.0/extensions/atmel/avrgcc/3.3.2.31/avrtoolchain/bin/../lib/gcc/avr/4.5.1/../../../../avr/lib/avr51\libc.a(strnlen_P.o)
                              c:/program files (x86)/atmel/atmel studio 6.0/extensions/atmel/avrgcc/3.3.2.31/avrtoolchain/bin/../lib/gcc/avr/4.5.1/../../../../avr/lib/avr51\libc.a(vfprintf_std.o) (strnlen_P)
c:/program files (x86)/atmel/atmel studio 6.0/extensions/atmel/avrgcc/3.3.2.31/avrtoolchain/bin/../lib/gcc/avr/4.5.1/../../../../avr/lib/avr51\libc.a(strnlen.o)
                              c:/program files (x86)/atmel/atmel studio 6.0/extensions/atmel/avrgcc/3.3.2.31/avrtoolchain/bin/../lib/gcc/avr/4.5.1/../../../../avr/lib/avr51\libc.a(vfprintf_std.o) (strnlen)
c:/program files (x86)/atmel/atmel studio 6.0/extensions/atmel/avrgcc/3.3.2.31/avrtoolchain/bin/../lib/gcc/avr/4.5.1/../../../../avr/lib/avr51\libc.a(fputc.o)
                              c:/program files (x86)/atmel/atmel studio 6.0/extensions/atmel/avrgcc/3.3.2.31/avrtoolchain/bin/../lib/gcc/avr/4.5.1/../../../../avr/lib/avr51\libc.a(vfprintf_std.o) (fputc)
c:/program files (x86)/atmel/atmel studio 6.0/extensions/atmel/avrgcc/3.3.2.31/avrtoolchain/bin/../lib/gcc/avr/4.5.1/../../../../avr/lib/avr51\libc.a(ultoa_invert.o)
                              c:/program files (x86)/atmel/atmel studio 6.0/extensions/atmel/avrgcc/3.3.2.31/avrtoolchain/bin/../lib/gcc/avr/4.5.1/../../../../avr/lib/avr51\libc.a(vfprintf_std.o) (__ultoa_invert)

Allocating common symbols
Common symbol       size              file

odometry_pid_left   0x1               ..\..\NIBObeeLib\Debug\libNIBObeeLib.a(odometry.o)
motpwm_flags        0x1               ..\..\NIBObeeLib\Debug\libNIBObeeLib.a(motpwm.o)
motpid_right_speed2
                    0x2               ..\..\NIBObeeLib\Debug\libNIBObeeLib.a(motpid.o)
analog_pos          0x1               ..\..\NIBObeeLib\Debug\libNIBObeeLib.a(analog.o)
i2c_buf             0x25              ..\..\NIBObeeLib\Debug\libNIBObeeLib.a(i2cmaster.o)
nibobee_initialization
                    0x1               ..\..\NIBObeeLib\Debug\libNIBObeeLib.a(base.o)
motpid_right_value  0x2               ..\..\NIBObeeLib\Debug\libNIBObeeLib.a(motpid.o)
bgx1_y              0x1               ..\..\NIBObeeLib\Debug\libNIBObeeLib.a(bgx1.o)
i2c_state           0x1               ..\..\NIBObeeLib\Debug\libNIBObeeLib.a(i2cmaster.o)
motpwm_motor_l      0x2               ..\..\NIBObeeLib\Debug\libNIBObeeLib.a(motpwm.o)
motpid_right_speed  0x2               ..\..\NIBObeeLib\Debug\libNIBObeeLib.a(motpid.o)
analog_samples      0x16              ..\..\NIBObeeLib\Debug\libNIBObeeLib.a(analog.o)
motpid_left_cnt     0x1               ..\..\NIBObeeLib\Debug\libNIBObeeLib.a(motpid.o)
clock_ms            0x2               ..\..\NIBObeeLib\Debug\libNIBObeeLib.a(clock.o)
bgx1_x              0x1               ..\..\NIBObeeLib\Debug\libNIBObeeLib.a(bgx1.o)
clock_10ms          0x1               ..\..\NIBObeeLib\Debug\libNIBObeeLib.a(clock.o)
i2c_size            0x1               ..\..\NIBObeeLib\Debug\libNIBObeeLib.a(i2cmaster.o)
motpid_left_speed2  0x2               ..\..\NIBObeeLib\Debug\libNIBObeeLib.a(motpid.o)
motpid_mode         0x1               ..\..\NIBObeeLib\Debug\libNIBObeeLib.a(motpid.o)
motpid_cnt          0x1               ..\..\NIBObeeLib\Debug\libNIBObeeLib.a(motpid.o)
motpid_left_value   0x2               ..\..\NIBObeeLib\Debug\libNIBObeeLib.a(motpid.o)
motpid_left_speed   0x2               ..\..\NIBObeeLib\Debug\libNIBObeeLib.a(motpid.o)
i2c_last_TWSR       0x1               ..\..\NIBObeeLib\Debug\libNIBObeeLib.a(i2cmaster.o)
i2c_tx_size         0x1               ..\..\NIBObeeLib\Debug\libNIBObeeLib.a(i2cmaster.o)
motpwm_motor_r      0x2               ..\..\NIBObeeLib\Debug\libNIBObeeLib.a(motpwm.o)
i2c_pos             0x1               ..\..\NIBObeeLib\Debug\libNIBObeeLib.a(i2cmaster.o)
clock_us            0x2               ..\..\NIBObeeLib\Debug\libNIBObeeLib.a(clock.o)
odometry_left       0x2               ..\..\NIBObeeLib\Debug\libNIBObeeLib.a(odometry.o)
odometry_right      0x2               ..\..\NIBObeeLib\Debug\libNIBObeeLib.a(odometry.o)
motpid_right_cnt    0x1               ..\..\NIBObeeLib\Debug\libNIBObeeLib.a(motpid.o)
odometry_pid_right  0x1               ..\..\NIBObeeLib\Debug\libNIBObeeLib.a(odometry.o)
clock_sec           0x4               ..\..\NIBObeeLib\Debug\libNIBObeeLib.a(clock.o)
i2c_rx_size         0x1               ..\..\NIBObeeLib\Debug\libNIBObeeLib.a(i2cmaster.o)
clock_waitms        0x2               ..\..\NIBObeeLib\Debug\libNIBObeeLib.a(clock.o)

Memory Configuration

Name             Origin             Length             Attributes
text             0x00000000         0x00020000         xr
data             0x00800100         0x0000ff00         rw !x
eeprom           0x00810000         0x00010000         rw !x
fuse             0x00820000         0x00000400         rw !x
lock             0x00830000         0x00000400         rw !x
signature        0x00840000         0x00000400         rw !x
*default*        0x00000000         0xffffffff

Linker script and memory map

Address of section .data set to 0x800100
LOAD c:/program files (x86)/atmel/atmel studio 6.0/extensions/atmel/avrgcc/3.3.2.31/avrtoolchain/bin/../lib/gcc/avr/4.5.1/../../../../avr/lib/avr51/crtm1284p.o
LOAD bgx1_test_gfx.o
LOAD bgx1_test_io.o
LOAD bgx1_test_term.o
LOAD calibration.o
LOAD first.o
LOAD program1.o
LOAD program2.o
LOAD program3.o
LOAD program4.o
LOAD program5.o
LOAD program6.o
LOAD program7.o
LOAD program8.o
LOAD program9.o
LOAD Main.o
START GROUP
LOAD ..\..\NIBObeeLib\Debug\libNIBObeeLib.a
LOAD c:/program files (x86)/atmel/atmel studio 6.0/extensions/atmel/avrgcc/3.3.2.31/avrtoolchain/bin/../lib/gcc/avr/4.5.1/../../../../avr/lib/avr51\libm.a
END GROUP
LOAD c:/program files (x86)/atmel/atmel studio 6.0/extensions/atmel/avrgcc/3.3.2.31/avrtoolchain/bin/../lib/gcc/avr/4.5.1/avr51\libgcc.a
LOAD c:/program files (x86)/atmel/atmel studio 6.0/extensions/atmel/avrgcc/3.3.2.31/avrtoolchain/bin/../lib/gcc/avr/4.5.1/../../../../avr/lib/avr51\libc.a
LOAD c:/program files (x86)/atmel/atmel studio 6.0/extensions/atmel/avrgcc/3.3.2.31/avrtoolchain/bin/../lib/gcc/avr/4.5.1/avr51\libgcc.a

.hash
 *(.hash)

.dynsym
 *(.dynsym)

.dynstr
 *(.dynstr)

.gnu.version
 *(.gnu.version)

.gnu.version_d
 *(.gnu.version_d)

.gnu.version_r
 *(.gnu.version_r)

.rel.init
 *(.rel.init)

.rela.init
 *(.rela.init)

.rel.text
 *(.rel.text)
 *(.rel.text.*)
 *(.rel.gnu.linkonce.t*)

.rela.text
 *(.rela.text)
 *(.rela.text.*)
 *(.rela.gnu.linkonce.t*)

.rel.fini
 *(.rel.fini)

.rela.fini
 *(.rela.fini)

.rel.rodata
 *(.rel.rodata)
 *(.rel.rodata.*)
 *(.rel.gnu.linkonce.r*)

.rela.rodata
 *(.rela.rodata)
 *(.rela.rodata.*)
 *(.rela.gnu.linkonce.r*)

.rel.data
 *(.rel.data)
 *(.rel.data.*)
 *(.rel.gnu.linkonce.d*)

.rela.data
 *(.rela.data)
 *(.rela.data.*)
 *(.rela.gnu.linkonce.d*)

.rel.ctors
 *(.rel.ctors)

.rela.ctors
 *(.rela.ctors)

.rel.dtors
 *(.rel.dtors)

.rela.dtors
 *(.rela.dtors)

.rel.got
 *(.rel.got)

.rela.got
 *(.rela.got)

.rel.bss
 *(.rel.bss)

.rela.bss
 *(.rela.bss)

.rel.plt
 *(.rel.plt)

.rela.plt
 *(.rela.plt)

.text           0x00000000     0x1cba
 *(.vectors)
 .vectors       0x00000000       0x8c c:/program files (x86)/atmel/atmel studio 6.0/extensions/atmel/avrgcc/3.3.2.31/avrtoolchain/bin/../lib/gcc/avr/4.5.1/../../../../avr/lib/avr51/crtm1284p.o
                0x00000000                __vector_default
                0x00000000                __vectors
 *(.vectors)
 *(.progmem.gcc*)
 *(.progmem*)
                0x0000008c                . = ALIGN (0x2)
                0x0000008c                __trampolines_start = .
 *(.trampolines)
 .trampolines   0x0000008c        0x0 linker stubs
 *(.trampolines*)
                0x0000008c                __trampolines_end = .
 *(.jumptables)
 *(.jumptables*)
 *(.lowtext)
 *(.lowtext*)
                0x0000008c                __ctors_start = .
 *(.ctors)
                0x0000008c                __ctors_end = .
                0x0000008c                __dtors_start = .
 *(.dtors)
                0x0000008c                __dtors_end = .
 SORT(*)(.ctors)
 SORT(*)(.dtors)
 *(.init0)
 .init0         0x0000008c        0x0 c:/program files (x86)/atmel/atmel studio 6.0/extensions/atmel/avrgcc/3.3.2.31/avrtoolchain/bin/../lib/gcc/avr/4.5.1/../../../../avr/lib/avr51/crtm1284p.o
                0x0000008c                __init
 *(.init0)
 *(.init1)
 *(.init1)
 *(.init2)
 .init2         0x0000008c        0xc c:/program files (x86)/atmel/atmel studio 6.0/extensions/atmel/avrgcc/3.3.2.31/avrtoolchain/bin/../lib/gcc/avr/4.5.1/../../../../avr/lib/avr51/crtm1284p.o
 *(.init2)
 *(.init3)
 *(.init3)
 *(.init4)
 .init4         0x00000098       0x1a c:/program files (x86)/atmel/atmel studio 6.0/extensions/atmel/avrgcc/3.3.2.31/avrtoolchain/bin/../lib/gcc/avr/4.5.1/avr51\libgcc.a(_copy_data.o)
                0x00000098                __do_copy_data
 .init4         0x000000b2       0x10 c:/program files (x86)/atmel/atmel studio 6.0/extensions/atmel/avrgcc/3.3.2.31/avrtoolchain/bin/../lib/gcc/avr/4.5.1/avr51\libgcc.a(_clear_bss.o)
                0x000000b2                __do_clear_bss
 *(.init4)
 *(.init5)
 *(.init5)
 *(.init6)
 *(.init6)
 *(.init7)
 *(.init7)
 *(.init8)
 *(.init8)
 *(.init9)
 .init9         0x000000c2        0x8 c:/program files (x86)/atmel/atmel studio 6.0/extensions/atmel/avrgcc/3.3.2.31/avrtoolchain/bin/../lib/gcc/avr/4.5.1/../../../../avr/lib/avr51/crtm1284p.o
 *(.init9)
 *(.text)
 .text          0x000000ca        0x4 c:/program files (x86)/atmel/atmel studio 6.0/extensions/atmel/avrgcc/3.3.2.31/avrtoolchain/bin/../lib/gcc/avr/4.5.1/../../../../avr/lib/avr51/crtm1284p.o
                0x000000ca                __vector_22
                0x000000ca                __vector_28
                0x000000ca                __vector_32
                0x000000ca                __vector_34
                0x000000ca                __vector_12
                0x000000ca                __bad_interrupt
                0x000000ca                __vector_6
                0x000000ca                __vector_31
                0x000000ca                __vector_3
                0x000000ca                __vector_23
                0x000000ca                __vector_30
                0x000000ca                __vector_25
                0x000000ca                __vector_11
                0x000000ca                __vector_17
                0x000000ca                __vector_19
                0x000000ca                __vector_7
                0x000000ca                __vector_27
                0x000000ca                __vector_5
                0x000000ca                __vector_33
                0x000000ca                __vector_4
                0x000000ca                __vector_9
                0x000000ca                __vector_21
                0x000000ca                __vector_29
                0x000000ca                __vector_8
                0x000000ca                __vector_10
                0x000000ca                __vector_16
                0x000000ca                __vector_18
                0x000000ca                __vector_20
 .text          0x000000ce        0x0 bgx1_test_gfx.o
 .text          0x000000ce        0x0 bgx1_test_io.o
 .text          0x000000ce        0x0 bgx1_test_term.o
 .text          0x000000ce        0x0 calibration.o
 .text          0x000000ce        0x0 first.o
 .text          0x000000ce        0x0 program1.o
 .text          0x000000ce        0x0 program2.o
 .text          0x000000ce        0x0 program3.o
 .text          0x000000ce        0x0 program4.o
 .text          0x000000ce        0x0 program5.o
 .text          0x000000ce        0x0 program6.o
 .text          0x000000ce        0x0 program7.o
 .text          0x000000ce        0x0 program8.o
 .text          0x000000ce        0x0 program9.o
 .text          0x000000ce        0x0 Main.o
 .text          0x000000ce      0x5c0 ..\..\NIBObeeLib\Debug\libNIBObeeLib.a(bgx1.o)
                0x00000108                bgx1_reset
                0x0000011c                bgx1_getVersion
                0x00000142                bgx1_init
                0x0000016e                bgx1_getStatus
                0x00000186                bgx1_setStatus
                0x000001a0                bgx1_move
                0x000001be                bgx1_mode
                0x000001d8                bgx1_fillAll
                0x000001f2                bgx1_print
                0x0000022e                bgx1_print_P
                0x00000268                bgx1_textWidth
                0x000002aa                bgx1_textWidth_P
                0x000002ea                bgx1_selectFont
                0x00000304                bgx1_hLine
                0x0000031a                bgx1_vLine
                0x00000332                bgx1_box
                0x0000034e                bgx1_drawBitmap
                0x0000043a                bgx1_drawBitmap_P
                0x000004f6                bgx1_embeddedImage
                0x0000050e                bgx1_lineTo
                0x0000052a                bgx1_termClear
                0x00000540                bgx1_termGoto
                0x0000055e                bgx1_termScroll
                0x00000578                bgx1_termPrint
                0x000005b6                bgx1_termPrint_P
                0x000005f2                bgx1_syncPort
                0x00000620                bgx1_getAnalog
                0x0000064a                bgx1_syncInterface
                0x00000670                bgx1_setIllumination
 .text          0x0000068e       0x16 ..\..\NIBObeeLib\Debug\libNIBObeeLib.a(delay.o)
                0x0000068e                delay
 .text          0x000006a4      0x214 ..\..\NIBObeeLib\Debug\libNIBObeeLib.a(i2cmaster.o)
                0x000006a4                i2c_start_transmission
                0x000006f2                i2c_wait_transmission
                0x0000073e                i2c_status
                0x00000744                i2c_init
                0x0000076c                __vector_26
 .text          0x000008b8       0x50 ..\..\NIBObeeLib\Debug\libNIBObeeLib.a(led.o)
                0x000008b8                led_init
                0x000008c0                led_set
 .text          0x00000908      0x4b0 ..\..\NIBObeeLib\Debug\libNIBObeeLib.a(motpid.o)
                0x0000097e                motpid_reset
                0x000009b0                motpid_change_mode
                0x000009d6                motpid_left_timer_int
                0x00000af2                motpid_right_timer_int
                0x00000c0e                __vector_15
                0x00000ca6                motpid_init
                0x00000cc6                motpid_release
                0x00000cce                motpid_setSpeed
                0x00000cfa                motpid_stop
                0x00000d24                motpid_setTarget
                0x00000d62                motpid_setTargetRel
 .text          0x00000db8      0x1dc ..\..\NIBObeeLib\Debug\libNIBObeeLib.a(motpwm.o)
                0x00000db8                motpwm_init
                0x00000de4                motpwm_stop
                0x00000e0c                motpwm_setLeft
                0x00000e80                motpwm_setRight
                0x00000ef4                __vector_13
                0x00000f44                __vector_14
 .text          0x00000f94      0x10e ..\..\NIBObeeLib\Debug\libNIBObeeLib.a(odometry.o)
                0x00000f94                odometry_init
                0x00000faa                odometry_reset
                0x00000fc2                odometry_getLeft
                0x00000fe0                odometry_getRight
                0x00000ffe                __vector_1
                0x00001050                __vector_2
 .text          0x000010a2      0x10a ..\..\NIBObeeLib\Debug\libNIBObeeLib.a(base.o)
                0x00001118                nibobee_getMillivolt
                0x0000113e                nibobee_assertMinVoltage
 .text          0x000011ac      0x134 ..\..\NIBObeeLib\Debug\libNIBObeeLib.a(clock.o)
                0x000011ac                clock_sec_irq_hook
                0x000011ae                clock_hundredth_irq_hook
                0x000011b0                clock_inc_irq
                0x000012b0                clock_sleep
 .text          0x000012e0      0x1be ..\..\NIBObeeLib\Debug\libNIBObeeLib.a(analog.o)
                0x000012e0                analog_init
                0x000012f4                analog_getValue
                0x0000130c                analog_irq_hook
                0x0000130e                __vector_24
 .text          0x0000149e        0x0 c:/program files (x86)/atmel/atmel studio 6.0/extensions/atmel/avrgcc/3.3.2.31/avrtoolchain/bin/../lib/gcc/avr/4.5.1/avr51\libgcc.a(_udivmodhi4.o)
 .text          0x0000149e        0x0 c:/program files (x86)/atmel/atmel studio 6.0/extensions/atmel/avrgcc/3.3.2.31/avrtoolchain/bin/../lib/gcc/avr/4.5.1/avr51\libgcc.a(_divmodhi4.o)
 .text          0x0000149e        0x0 c:/program files (x86)/atmel/atmel studio 6.0/extensions/atmel/avrgcc/3.3.2.31/avrtoolchain/bin/../lib/gcc/avr/4.5.1/avr51\libgcc.a(_exit.o)
 .text          0x0000149e        0x0 c:/program files (x86)/atmel/atmel studio 6.0/extensions/atmel/avrgcc/3.3.2.31/avrtoolchain/bin/../lib/gcc/avr/4.5.1/avr51\libgcc.a(_copy_data.o)
 .text          0x0000149e        0x0 c:/program files (x86)/atmel/atmel studio 6.0/extensions/atmel/avrgcc/3.3.2.31/avrtoolchain/bin/../lib/gcc/avr/4.5.1/avr51\libgcc.a(_clear_bss.o)
 .text          0x0000149e        0x0 c:/program files (x86)/atmel/atmel studio 6.0/extensions/atmel/avrgcc/3.3.2.31/avrtoolchain/bin/../lib/gcc/avr/4.5.1/../../../../avr/lib/avr51\libc.a(memcpy_P.o)
 .text          0x0000149e        0x0 c:/program files (x86)/atmel/atmel studio 6.0/extensions/atmel/avrgcc/3.3.2.31/avrtoolchain/bin/../lib/gcc/avr/4.5.1/../../../../avr/lib/avr51\libc.a(strlen_P.o)
 .text          0x0000149e        0x0 c:/program files (x86)/atmel/atmel studio 6.0/extensions/atmel/avrgcc/3.3.2.31/avrtoolchain/bin/../lib/gcc/avr/4.5.1/../../../../avr/lib/avr51\libc.a(memcpy.o)
 .text          0x0000149e        0x0 c:/program files (x86)/atmel/atmel studio 6.0/extensions/atmel/avrgcc/3.3.2.31/avrtoolchain/bin/../lib/gcc/avr/4.5.1/../../../../avr/lib/avr51\libc.a(sprintf.o)
 .text          0x0000149e        0x0 c:/program files (x86)/atmel/atmel studio 6.0/extensions/atmel/avrgcc/3.3.2.31/avrtoolchain/bin/../lib/gcc/avr/4.5.1/../../../../avr/lib/avr51\libc.a(vfprintf_std.o)
 .text          0x0000149e        0x0 c:/program files (x86)/atmel/atmel studio 6.0/extensions/atmel/avrgcc/3.3.2.31/avrtoolchain/bin/../lib/gcc/avr/4.5.1/../../../../avr/lib/avr51\libc.a(strnlen_P.o)
 .text          0x0000149e        0x0 c:/program files (x86)/atmel/atmel studio 6.0/extensions/atmel/avrgcc/3.3.2.31/avrtoolchain/bin/../lib/gcc/avr/4.5.1/../../../../avr/lib/avr51\libc.a(strnlen.o)
 .text          0x0000149e        0x0 c:/program files (x86)/atmel/atmel studio 6.0/extensions/atmel/avrgcc/3.3.2.31/avrtoolchain/bin/../lib/gcc/avr/4.5.1/../../../../avr/lib/avr51\libc.a(fputc.o)
 .text          0x0000149e        0x0 c:/program files (x86)/atmel/atmel studio 6.0/extensions/atmel/avrgcc/3.3.2.31/avrtoolchain/bin/../lib/gcc/avr/4.5.1/../../../../avr/lib/avr51\libc.a(ultoa_invert.o)
                0x0000149e                . = ALIGN (0x2)
 *(.text.*)
 .text.main     0x0000149e      0x1d4 Main.o
                0x0000149e                main
 .text.libgcc   0x00001672       0x28 c:/program files (x86)/atmel/atmel studio 6.0/extensions/atmel/avrgcc/3.3.2.31/avrtoolchain/bin/../lib/gcc/avr/4.5.1/avr51\libgcc.a(_udivmodhi4.o)
                0x00001672                __udivmodhi4
 .text.libgcc   0x0000169a       0x26 c:/program files (x86)/atmel/atmel studio 6.0/extensions/atmel/avrgcc/3.3.2.31/avrtoolchain/bin/../lib/gcc/avr/4.5.1/avr51\libgcc.a(_divmodhi4.o)
                0x0000169a                _div
                0x0000169a                __divmodhi4
 .text.libgcc   0x000016c0        0x0 c:/program files (x86)/atmel/atmel studio 6.0/extensions/atmel/avrgcc/3.3.2.31/avrtoolchain/bin/../lib/gcc/avr/4.5.1/avr51\libgcc.a(_exit.o)
 .text.libgcc   0x000016c0        0x0 c:/program files (x86)/atmel/atmel studio 6.0/extensions/atmel/avrgcc/3.3.2.31/avrtoolchain/bin/../lib/gcc/avr/4.5.1/avr51\libgcc.a(_copy_data.o)
 .text.libgcc   0x000016c0        0x0 c:/program files (x86)/atmel/atmel studio 6.0/extensions/atmel/avrgcc/3.3.2.31/avrtoolchain/bin/../lib/gcc/avr/4.5.1/avr51\libgcc.a(_clear_bss.o)
 .text.avr-libc
                0x000016c0       0x12 c:/program files (x86)/atmel/atmel studio 6.0/extensions/atmel/avrgcc/3.3.2.31/avrtoolchain/bin/../lib/gcc/avr/4.5.1/../../../../avr/lib/avr51\libc.a(memcpy_P.o)
                0x000016c0                memcpy_P
 .text.avr-libc
                0x000016d2       0x12 c:/program files (x86)/atmel/atmel studio 6.0/extensions/atmel/avrgcc/3.3.2.31/avrtoolchain/bin/../lib/gcc/avr/4.5.1/../../../../avr/lib/avr51\libc.a(strlen_P.o)
                0x000016d2                strlen_P
 .text.avr-libc
                0x000016e4       0x12 c:/program files (x86)/atmel/atmel studio 6.0/extensions/atmel/avrgcc/3.3.2.31/avrtoolchain/bin/../lib/gcc/avr/4.5.1/../../../../avr/lib/avr51\libc.a(memcpy.o)
                0x000016e4                memcpy
 .text.avr-libc
                0x000016f6       0x60 c:/program files (x86)/atmel/atmel studio 6.0/extensions/atmel/avrgcc/3.3.2.31/avrtoolchain/bin/../lib/gcc/avr/4.5.1/../../../../avr/lib/avr51\libc.a(sprintf.o)
                0x000016f6                sprintf
 .text.avr-libc
                0x00001756      0x420 c:/program files (x86)/atmel/atmel studio 6.0/extensions/atmel/avrgcc/3.3.2.31/avrtoolchain/bin/../lib/gcc/avr/4.5.1/../../../../avr/lib/avr51\libc.a(vfprintf_std.o)
                0x00001756                vfprintf
 .text.avr-libc
                0x00001b76       0x16 c:/program files (x86)/atmel/atmel studio 6.0/extensions/atmel/avrgcc/3.3.2.31/avrtoolchain/bin/../lib/gcc/avr/4.5.1/../../../../avr/lib/avr51\libc.a(strnlen_P.o)
                0x00001b76                strnlen_P
 .text.avr-libc
                0x00001b8c       0x16 c:/program files (x86)/atmel/atmel studio 6.0/extensions/atmel/avrgcc/3.3.2.31/avrtoolchain/bin/../lib/gcc/avr/4.5.1/../../../../avr/lib/avr51\libc.a(strnlen.o)
                0x00001b8c                strnlen
 .text.avr-libc
                0x00001ba2       0x58 c:/program files (x86)/atmel/atmel studio 6.0/extensions/atmel/avrgcc/3.3.2.31/avrtoolchain/bin/../lib/gcc/avr/4.5.1/../../../../avr/lib/avr51\libc.a(fputc.o)
                0x00001ba2                fputc
 .text.avr-libc
                0x00001bfa       0xbc c:/program files (x86)/atmel/atmel studio 6.0/extensions/atmel/avrgcc/3.3.2.31/avrtoolchain/bin/../lib/gcc/avr/4.5.1/../../../../avr/lib/avr51\libc.a(ultoa_invert.o)
                0x00001bfa                __ultoa_invert
                0x00001cb6                . = ALIGN (0x2)
 *(.fini9)
 .fini9         0x00001cb6        0x0 c:/program files (x86)/atmel/atmel studio 6.0/extensions/atmel/avrgcc/3.3.2.31/avrtoolchain/bin/../lib/gcc/avr/4.5.1/avr51\libgcc.a(_exit.o)
                0x00001cb6                _exit
                0x00001cb6                exit
 *(.fini9)
 *(.fini8)
 *(.fini8)
 *(.fini7)
 *(.fini7)
 *(.fini6)
 *(.fini6)
 *(.fini5)
 *(.fini5)
 *(.fini4)
 *(.fini4)
 *(.fini3)
 *(.fini3)
 *(.fini2)
 *(.fini2)
 *(.fini1)
 *(.fini1)
 *(.fini0)
 .fini0         0x00001cb6        0x4 c:/program files (x86)/atmel/atmel studio 6.0/extensions/atmel/avrgcc/3.3.2.31/avrtoolchain/bin/../lib/gcc/avr/4.5.1/avr51\libgcc.a(_exit.o)
 *(.fini0)
                0x00001cba                _etext = .

.data           0x00800100       0x14 load address 0x00001cba
                0x00800100                PROVIDE (__data_start, .)
 *(.data)
 .data          0x00800100        0x0 c:/program files (x86)/atmel/atmel studio 6.0/extensions/atmel/avrgcc/3.3.2.31/avrtoolchain/bin/../lib/gcc/avr/4.5.1/../../../../avr/lib/avr51/crtm1284p.o
 .data          0x00800100        0x0 bgx1_test_gfx.o
 .data          0x00800100        0x0 bgx1_test_io.o
 .data          0x00800100        0x0 bgx1_test_term.o
 .data          0x00800100        0x0 calibration.o
 .data          0x00800100        0x0 first.o
 .data          0x00800100        0x0 program1.o
 .data          0x00800100        0x0 program2.o
 .data          0x00800100        0x0 program3.o
 .data          0x00800100        0x0 program4.o
 .data          0x00800100        0x0 program5.o
 .data          0x00800100        0x0 program6.o
 .data          0x00800100        0x0 program7.o
 .data          0x00800100        0x0 program8.o
 .data          0x00800100        0x0 program9.o
 .data          0x00800100       0x11 Main.o
 .data          0x00800111        0x0 ..\..\NIBObeeLib\Debug\libNIBObeeLib.a(bgx1.o)
 .data          0x00800111        0x0 ..\..\NIBObeeLib\Debug\libNIBObeeLib.a(delay.o)
 .data          0x00800111        0x0 ..\..\NIBObeeLib\Debug\libNIBObeeLib.a(i2cmaster.o)
 .data          0x00800111        0x0 ..\..\NIBObeeLib\Debug\libNIBObeeLib.a(led.o)
 .data          0x00800111        0x2 ..\..\NIBObeeLib\Debug\libNIBObeeLib.a(motpid.o)
                0x00800111                motpid_position_speed
 .data          0x00800113        0x0 ..\..\NIBObeeLib\Debug\libNIBObeeLib.a(motpwm.o)
 .data          0x00800113        0x0 ..\..\NIBObeeLib\Debug\libNIBObeeLib.a(odometry.o)
 .data          0x00800113        0x0 ..\..\NIBObeeLib\Debug\libNIBObeeLib.a(base.o)
 .data          0x00800113        0x0 ..\..\NIBObeeLib\Debug\libNIBObeeLib.a(clock.o)
 .data          0x00800113        0x0 ..\..\NIBObeeLib\Debug\libNIBObeeLib.a(analog.o)
 .data          0x00800113        0x0 c:/program files (x86)/atmel/atmel studio 6.0/extensions/atmel/avrgcc/3.3.2.31/avrtoolchain/bin/../lib/gcc/avr/4.5.1/avr51\libgcc.a(_udivmodhi4.o)
 .data          0x00800113        0x0 c:/program files (x86)/atmel/atmel studio 6.0/extensions/atmel/avrgcc/3.3.2.31/avrtoolchain/bin/../lib/gcc/avr/4.5.1/avr51\libgcc.a(_divmodhi4.o)
 .data          0x00800113        0x0 c:/program files (x86)/atmel/atmel studio 6.0/extensions/atmel/avrgcc/3.3.2.31/avrtoolchain/bin/../lib/gcc/avr/4.5.1/avr51\libgcc.a(_exit.o)
 .data          0x00800113        0x0 c:/program files (x86)/atmel/atmel studio 6.0/extensions/atmel/avrgcc/3.3.2.31/avrtoolchain/bin/../lib/gcc/avr/4.5.1/avr51\libgcc.a(_copy_data.o)
 .data          0x00800113        0x0 c:/program files (x86)/atmel/atmel studio 6.0/extensions/atmel/avrgcc/3.3.2.31/avrtoolchain/bin/../lib/gcc/avr/4.5.1/avr51\libgcc.a(_clear_bss.o)
 .data          0x00800113        0x0 c:/program files (x86)/atmel/atmel studio 6.0/extensions/atmel/avrgcc/3.3.2.31/avrtoolchain/bin/../lib/gcc/avr/4.5.1/../../../../avr/lib/avr51\libc.a(memcpy_P.o)
 .data          0x00800113        0x0 c:/program files (x86)/atmel/atmel studio 6.0/extensions/atmel/avrgcc/3.3.2.31/avrtoolchain/bin/../lib/gcc/avr/4.5.1/../../../../avr/lib/avr51\libc.a(strlen_P.o)
 .data          0x00800113        0x0 c:/program files (x86)/atmel/atmel studio 6.0/extensions/atmel/avrgcc/3.3.2.31/avrtoolchain/bin/../lib/gcc/avr/4.5.1/../../../../avr/lib/avr51\libc.a(memcpy.o)
 .data          0x00800113        0x0 c:/program files (x86)/atmel/atmel studio 6.0/extensions/atmel/avrgcc/3.3.2.31/avrtoolchain/bin/../lib/gcc/avr/4.5.1/../../../../avr/lib/avr51\libc.a(sprintf.o)
 .data          0x00800113        0x0 c:/program files (x86)/atmel/atmel studio 6.0/extensions/atmel/avrgcc/3.3.2.31/avrtoolchain/bin/../lib/gcc/avr/4.5.1/../../../../avr/lib/avr51\libc.a(vfprintf_std.o)
 .data          0x00800113        0x0 c:/program files (x86)/atmel/atmel studio 6.0/extensions/atmel/avrgcc/3.3.2.31/avrtoolchain/bin/../lib/gcc/avr/4.5.1/../../../../avr/lib/avr51\libc.a(strnlen_P.o)
 .data          0x00800113        0x0 c:/program files (x86)/atmel/atmel studio 6.0/extensions/atmel/avrgcc/3.3.2.31/avrtoolchain/bin/../lib/gcc/avr/4.5.1/../../../../avr/lib/avr51\libc.a(strnlen.o)
 .data          0x00800113        0x0 c:/program files (x86)/atmel/atmel studio 6.0/extensions/atmel/avrgcc/3.3.2.31/avrtoolchain/bin/../lib/gcc/avr/4.5.1/../../../../avr/lib/avr51\libc.a(fputc.o)
 .data          0x00800113        0x0 c:/program files (x86)/atmel/atmel studio 6.0/extensions/atmel/avrgcc/3.3.2.31/avrtoolchain/bin/../lib/gcc/avr/4.5.1/../../../../avr/lib/avr51\libc.a(ultoa_invert.o)
 *(.data*)
 *(.rodata)
 *(.rodata*)
 *(.gnu.linkonce.d*)
                0x00800114                . = ALIGN (0x2)
 *fill*         0x00800113        0x1 00
                0x00800114                _edata = .
                0x00800114                PROVIDE (__data_end, .)

.bss            0x00800114       0x7e
                0x00800114                PROVIDE (__bss_start, .)
 *(.bss)
 .bss           0x00800114        0x0 c:/program files (x86)/atmel/atmel studio 6.0/extensions/atmel/avrgcc/3.3.2.31/avrtoolchain/bin/../lib/gcc/avr/4.5.1/../../../../avr/lib/avr51/crtm1284p.o
 .bss           0x00800114        0x0 bgx1_test_gfx.o
 .bss           0x00800114        0x0 bgx1_test_io.o
 .bss           0x00800114        0x0 bgx1_test_term.o
 .bss           0x00800114        0x0 calibration.o
 .bss           0x00800114        0x0 first.o
 .bss           0x00800114        0x0 program1.o
 .bss           0x00800114        0x0 program2.o
 .bss           0x00800114        0x0 program3.o
 .bss           0x00800114        0x0 program4.o
 .bss           0x00800114        0x0 program5.o
 .bss           0x00800114        0x0 program6.o
 .bss           0x00800114        0x0 program7.o
 .bss           0x00800114        0x0 program8.o
 .bss           0x00800114        0x0 program9.o
 .bss           0x00800114        0x0 Main.o
 .bss           0x00800114        0x5 ..\..\NIBObeeLib\Debug\libNIBObeeLib.a(bgx1.o)
                0x00800114                bgx1_DDR
                0x00800115                bgx1_PORT
                0x00800116                bgx1_PIN
                0x00800117                bgx1_Leds
                0x00800118                bgx1_Keys
 .bss           0x00800119        0x0 ..\..\NIBObeeLib\Debug\libNIBObeeLib.a(delay.o)
 .bss           0x00800119        0x0 ..\..\NIBObeeLib\Debug\libNIBObeeLib.a(i2cmaster.o)
 .bss           0x00800119        0x0 ..\..\NIBObeeLib\Debug\libNIBObeeLib.a(led.o)
 .bss           0x00800119        0xe ..\..\NIBObeeLib\Debug\libNIBObeeLib.a(motpid.o)
 .bss           0x00800127        0x0 ..\..\NIBObeeLib\Debug\libNIBObeeLib.a(motpwm.o)
 .bss           0x00800127        0x0 ..\..\NIBObeeLib\Debug\libNIBObeeLib.a(odometry.o)
 .bss           0x00800127        0x0 ..\..\NIBObeeLib\Debug\libNIBObeeLib.a(base.o)
 .bss           0x00800127        0x0 ..\..\NIBObeeLib\Debug\libNIBObeeLib.a(clock.o)
 .bss           0x00800127        0x0 ..\..\NIBObeeLib\Debug\libNIBObeeLib.a(analog.o)
 .bss           0x00800127        0x0 c:/program files (x86)/atmel/atmel studio 6.0/extensions/atmel/avrgcc/3.3.2.31/avrtoolchain/bin/../lib/gcc/avr/4.5.1/avr51\libgcc.a(_udivmodhi4.o)
 .bss           0x00800127        0x0 c:/program files (x86)/atmel/atmel studio 6.0/extensions/atmel/avrgcc/3.3.2.31/avrtoolchain/bin/../lib/gcc/avr/4.5.1/avr51\libgcc.a(_divmodhi4.o)
 .bss           0x00800127        0x0 c:/program files (x86)/atmel/atmel studio 6.0/extensions/atmel/avrgcc/3.3.2.31/avrtoolchain/bin/../lib/gcc/avr/4.5.1/avr51\libgcc.a(_exit.o)
 .bss           0x00800127        0x0 c:/program files (x86)/atmel/atmel studio 6.0/extensions/atmel/avrgcc/3.3.2.31/avrtoolchain/bin/../lib/gcc/avr/4.5.1/avr51\libgcc.a(_copy_data.o)
 .bss           0x00800127        0x0 c:/program files (x86)/atmel/atmel studio 6.0/extensions/atmel/avrgcc/3.3.2.31/avrtoolchain/bin/../lib/gcc/avr/4.5.1/avr51\libgcc.a(_clear_bss.o)
 .bss           0x00800127        0x0 c:/program files (x86)/atmel/atmel studio 6.0/extensions/atmel/avrgcc/3.3.2.31/avrtoolchain/bin/../lib/gcc/avr/4.5.1/../../../../avr/lib/avr51\libc.a(memcpy_P.o)
 .bss           0x00800127        0x0 c:/program files (x86)/atmel/atmel studio 6.0/extensions/atmel/avrgcc/3.3.2.31/avrtoolchain/bin/../lib/gcc/avr/4.5.1/../../../../avr/lib/avr51\libc.a(strlen_P.o)
 .bss           0x00800127        0x0 c:/program files (x86)/atmel/atmel studio 6.0/extensions/atmel/avrgcc/3.3.2.31/avrtoolchain/bin/../lib/gcc/avr/4.5.1/../../../../avr/lib/avr51\libc.a(memcpy.o)
 .bss           0x00800127        0x0 c:/program files (x86)/atmel/atmel studio 6.0/extensions/atmel/avrgcc/3.3.2.31/avrtoolchain/bin/../lib/gcc/avr/4.5.1/../../../../avr/lib/avr51\libc.a(sprintf.o)
 .bss           0x00800127        0x0 c:/program files (x86)/atmel/atmel studio 6.0/extensions/atmel/avrgcc/3.3.2.31/avrtoolchain/bin/../lib/gcc/avr/4.5.1/../../../../avr/lib/avr51\libc.a(vfprintf_std.o)
 .bss           0x00800127        0x0 c:/program files (x86)/atmel/atmel studio 6.0/extensions/atmel/avrgcc/3.3.2.31/avrtoolchain/bin/../lib/gcc/avr/4.5.1/../../../../avr/lib/avr51\libc.a(strnlen_P.o)
 .bss           0x00800127        0x0 c:/program files (x86)/atmel/atmel studio 6.0/extensions/atmel/avrgcc/3.3.2.31/avrtoolchain/bin/../lib/gcc/avr/4.5.1/../../../../avr/lib/avr51\libc.a(strnlen.o)
 .bss           0x00800127        0x0 c:/program files (x86)/atmel/atmel studio 6.0/extensions/atmel/avrgcc/3.3.2.31/avrtoolchain/bin/../lib/gcc/avr/4.5.1/../../../../avr/lib/avr51\libc.a(fputc.o)
 .bss           0x00800127        0x0 c:/program files (x86)/atmel/atmel studio 6.0/extensions/atmel/avrgcc/3.3.2.31/avrtoolchain/bin/../lib/gcc/avr/4.5.1/../../../../avr/lib/avr51\libc.a(ultoa_invert.o)
 *(.bss*)
 *(COMMON)
 COMMON         0x00800127        0x2 ..\..\NIBObeeLib\Debug\libNIBObeeLib.a(bgx1.o)
                0x00800127                bgx1_y
                0x00800128                bgx1_x
 COMMON         0x00800129       0x2b ..\..\NIBObeeLib\Debug\libNIBObeeLib.a(i2cmaster.o)
                0x00800129                i2c_buf
                0x0080014e                i2c_state
                0x0080014f                i2c_size
                0x00800150                i2c_last_TWSR
                0x00800151                i2c_tx_size
                0x00800152                i2c_pos
                0x00800153                i2c_rx_size
 COMMON         0x00800154       0x10 ..\..\NIBObeeLib\Debug\libNIBObeeLib.a(motpid.o)
                0x00800154                motpid_right_speed2
                0x00800156                motpid_right_value
                0x00800158                motpid_right_speed
                0x0080015a                motpid_left_cnt
                0x0080015b                motpid_left_speed2
                0x0080015d                motpid_mode
                0x0080015e                motpid_cnt
                0x0080015f                motpid_left_value
                0x00800161                motpid_left_speed
                0x00800163                motpid_right_cnt
 COMMON         0x00800164        0x5 ..\..\NIBObeeLib\Debug\libNIBObeeLib.a(motpwm.o)
                0x00800164                motpwm_flags
                0x00800165                motpwm_motor_l
                0x00800167                motpwm_motor_r
 COMMON         0x00800169        0x6 ..\..\NIBObeeLib\Debug\libNIBObeeLib.a(odometry.o)
                0x00800169                odometry_pid_left
                0x0080016a                odometry_left
                0x0080016c                odometry_right
                0x0080016e                odometry_pid_right
 COMMON         0x0080016f        0x1 ..\..\NIBObeeLib\Debug\libNIBObeeLib.a(base.o)
                0x0080016f                nibobee_initialization
 COMMON         0x00800170        0xb ..\..\NIBObeeLib\Debug\libNIBObeeLib.a(clock.o)
                0x00800170                clock_ms
                0x00800172                clock_10ms
                0x00800173                clock_us
                0x00800175                clock_sec
                0x00800179                clock_waitms
 COMMON         0x0080017b       0x17 ..\..\NIBObeeLib\Debug\libNIBObeeLib.a(analog.o)
                0x0080017b                analog_pos
                0x0080017c                analog_samples
                0x00800192                PROVIDE (__bss_end, .)
                0x00001cba                __data_load_start = LOADADDR (.data)
                0x00001cce                __data_load_end = (__data_load_start + SIZEOF (.data))

.noinit         0x00800192        0x0
                0x00800192                PROVIDE (__noinit_start, .)
 *(.noinit*)
                0x00800192                PROVIDE (__noinit_end, .)
                0x00800192                _end = .
                0x00800192                PROVIDE (__heap_start, .)

.eeprom         0x00810000        0x0
 *(.eeprom*)
                0x00810000                __eeprom_end = .

.fuse
 *(.fuse)
 *(.lfuse)
 *(.hfuse)
 *(.efuse)

.lock
 *(.lock*)

.signature
 *(.signature*)

.stab           0x00000000      0xe10
 *(.stab)
 .stab          0x00000000      0x6cc c:/program files (x86)/atmel/atmel studio 6.0/extensions/atmel/avrgcc/3.3.2.31/avrtoolchain/bin/../lib/gcc/avr/4.5.1/../../../../avr/lib/avr51/crtm1284p.o
 .stab          0x000006cc       0x84 c:/program files (x86)/atmel/atmel studio 6.0/extensions/atmel/avrgcc/3.3.2.31/avrtoolchain/bin/../lib/gcc/avr/4.5.1/../../../../avr/lib/avr51\libc.a(memcpy_P.o)
                                 0x90 (size before relaxing)
 .stab          0x00000750       0x84 c:/program files (x86)/atmel/atmel studio 6.0/extensions/atmel/avrgcc/3.3.2.31/avrtoolchain/bin/../lib/gcc/avr/4.5.1/../../../../avr/lib/avr51\libc.a(strlen_P.o)
                                 0x90 (size before relaxing)
 .stab          0x000007d4       0x84 c:/program files (x86)/atmel/atmel studio 6.0/extensions/atmel/avrgcc/3.3.2.31/avrtoolchain/bin/../lib/gcc/avr/4.5.1/../../../../avr/lib/avr51\libc.a(memcpy.o)
                                 0x90 (size before relaxing)
 .stab          0x00000858       0x9c c:/program files (x86)/atmel/atmel studio 6.0/extensions/atmel/avrgcc/3.3.2.31/avrtoolchain/bin/../lib/gcc/avr/4.5.1/../../../../avr/lib/avr51\libc.a(strnlen_P.o)
                                 0xa8 (size before relaxing)
 .stab          0x000008f4       0x9c c:/program files (x86)/atmel/atmel studio 6.0/extensions/atmel/avrgcc/3.3.2.31/avrtoolchain/bin/../lib/gcc/avr/4.5.1/../../../../avr/lib/avr51\libc.a(strnlen.o)
                                 0xa8 (size before relaxing)
 .stab          0x00000990      0x480 c:/program files (x86)/atmel/atmel studio 6.0/extensions/atmel/avrgcc/3.3.2.31/avrtoolchain/bin/../lib/gcc/avr/4.5.1/../../../../avr/lib/avr51\libc.a(ultoa_invert.o)
                                0x48c (size before relaxing)

.stabstr        0x00000000      0x362
 *(.stabstr)
 .stabstr       0x00000000      0x362 c:/program files (x86)/atmel/atmel studio 6.0/extensions/atmel/avrgcc/3.3.2.31/avrtoolchain/bin/../lib/gcc/avr/4.5.1/../../../../avr/lib/avr51/crtm1284p.o

.stab.excl
 *(.stab.excl)

.stab.exclstr
 *(.stab.exclstr)

.stab.index
 *(.stab.index)

.stab.indexstr
 *(.stab.indexstr)

.comment
 *(.comment)

.debug
 *(.debug)

.line
 *(.line)

.debug_srcinfo
 *(.debug_srcinfo)

.debug_sfnames
 *(.debug_sfnames)

.debug_aranges  0x00000000      0x1c0
 *(.debug_aranges)
 .debug_aranges
                0x00000000       0x20 Main.o
 .debug_aranges
                0x00000020       0x20 ..\..\NIBObeeLib\Debug\libNIBObeeLib.a(bgx1.o)
 .debug_aranges
                0x00000040       0x20 ..\..\NIBObeeLib\Debug\libNIBObeeLib.a(delay.o)
 .debug_aranges
                0x00000060       0x20 ..\..\NIBObeeLib\Debug\libNIBObeeLib.a(i2cmaster.o)
 .debug_aranges
                0x00000080       0x20 ..\..\NIBObeeLib\Debug\libNIBObeeLib.a(led.o)
 .debug_aranges
                0x000000a0       0x20 ..\..\NIBObeeLib\Debug\libNIBObeeLib.a(motpid.o)
 .debug_aranges
                0x000000c0       0x20 ..\..\NIBObeeLib\Debug\libNIBObeeLib.a(motpwm.o)
 .debug_aranges
                0x000000e0       0x20 ..\..\NIBObeeLib\Debug\libNIBObeeLib.a(odometry.o)
 .debug_aranges
                0x00000100       0x20 ..\..\NIBObeeLib\Debug\libNIBObeeLib.a(base.o)
 .debug_aranges
                0x00000120       0x20 ..\..\NIBObeeLib\Debug\libNIBObeeLib.a(clock.o)
 .debug_aranges
                0x00000140       0x20 ..\..\NIBObeeLib\Debug\libNIBObeeLib.a(analog.o)
 .debug_aranges
                0x00000160       0x20 c:/program files (x86)/atmel/atmel studio 6.0/extensions/atmel/avrgcc/3.3.2.31/avrtoolchain/bin/../lib/gcc/avr/4.5.1/../../../../avr/lib/avr51\libc.a(sprintf.o)
 .debug_aranges
                0x00000180       0x20 c:/program files (x86)/atmel/atmel studio 6.0/extensions/atmel/avrgcc/3.3.2.31/avrtoolchain/bin/../lib/gcc/avr/4.5.1/../../../../avr/lib/avr51\libc.a(vfprintf_std.o)
 .debug_aranges
                0x000001a0       0x20 c:/program files (x86)/atmel/atmel studio 6.0/extensions/atmel/avrgcc/3.3.2.31/avrtoolchain/bin/../lib/gcc/avr/4.5.1/../../../../avr/lib/avr51\libc.a(fputc.o)

.debug_pubnames
                0x00000000      0x900
 *(.debug_pubnames)
 .debug_pubnames
                0x00000000       0x1b Main.o
 .debug_pubnames
                0x0000001b      0x27e ..\..\NIBObeeLib\Debug\libNIBObeeLib.a(bgx1.o)
 .debug_pubnames
                0x00000299       0x1c ..\..\NIBObeeLib\Debug\libNIBObeeLib.a(delay.o)
 .debug_pubnames
                0x000002b5       0xd8 ..\..\NIBObeeLib\Debug\libNIBObeeLib.a(i2cmaster.o)
 .debug_pubnames
                0x0000038d       0x2b ..\..\NIBObeeLib\Debug\libNIBObeeLib.a(led.o)
 .debug_pubnames
                0x000003b8      0x1de ..\..\NIBObeeLib\Debug\libNIBObeeLib.a(motpid.o)
 .debug_pubnames
                0x00000596       0xb0 ..\..\NIBObeeLib\Debug\libNIBObeeLib.a(motpwm.o)
 .debug_pubnames
                0x00000646       0xd2 ..\..\NIBObeeLib\Debug\libNIBObeeLib.a(odometry.o)
 .debug_pubnames
                0x00000718       0x63 ..\..\NIBObeeLib\Debug\libNIBObeeLib.a(base.o)
 .debug_pubnames
                0x0000077b       0xb0 ..\..\NIBObeeLib\Debug\libNIBObeeLib.a(clock.o)
 .debug_pubnames
                0x0000082b       0x7c ..\..\NIBObeeLib\Debug\libNIBObeeLib.a(analog.o)
 .debug_pubnames
                0x000008a7       0x1e c:/program files (x86)/atmel/atmel studio 6.0/extensions/atmel/avrgcc/3.3.2.31/avrtoolchain/bin/../lib/gcc/avr/4.5.1/../../../../avr/lib/avr51\libc.a(sprintf.o)
 .debug_pubnames
                0x000008c5       0x1f c:/program files (x86)/atmel/atmel studio 6.0/extensions/atmel/avrgcc/3.3.2.31/avrtoolchain/bin/../lib/gcc/avr/4.5.1/../../../../avr/lib/avr51\libc.a(vfprintf_std.o)
 .debug_pubnames
                0x000008e4       0x1c c:/program files (x86)/atmel/atmel studio 6.0/extensions/atmel/avrgcc/3.3.2.31/avrtoolchain/bin/../lib/gcc/avr/4.5.1/../../../../avr/lib/avr51\libc.a(fputc.o)

.debug_info     0x00000000     0x2cf3
 *(.debug_info)
 .debug_info    0x00000000       0x29 bgx1_test_gfx.o
 .debug_info    0x00000029       0x29 bgx1_test_io.o
 .debug_info    0x00000052       0x29 bgx1_test_term.o
 .debug_info    0x0000007b       0x29 calibration.o
 .debug_info    0x000000a4       0x29 first.o
 .debug_info    0x000000cd       0x29 program1.o
 .debug_info    0x000000f6       0x29 program2.o
 .debug_info    0x0000011f       0x29 program3.o
 .debug_info    0x00000148       0x29 program4.o
 .debug_info    0x00000171       0x29 program5.o
 .debug_info    0x0000019a       0x29 program6.o
 .debug_info    0x000001c3       0x29 program7.o
 .debug_info    0x000001ec       0x29 program8.o
 .debug_info    0x00000215       0x29 program9.o
 .debug_info    0x0000023e      0x18a Main.o
 .debug_info    0x000003c8      0xa3f ..\..\NIBObeeLib\Debug\libNIBObeeLib.a(bgx1.o)
 .debug_info    0x00000e07      0x157 ..\..\NIBObeeLib\Debug\libNIBObeeLib.a(delay.o)
 .debug_info    0x00000f5e      0x419 ..\..\NIBObeeLib\Debug\libNIBObeeLib.a(i2cmaster.o)
 .debug_info    0x00001377       0xb1 ..\..\NIBObeeLib\Debug\libNIBObeeLib.a(led.o)
 .debug_info    0x00001428      0x579 ..\..\NIBObeeLib\Debug\libNIBObeeLib.a(motpid.o)
 .debug_info    0x000019a1      0x233 ..\..\NIBObeeLib\Debug\libNIBObeeLib.a(motpwm.o)
 .debug_info    0x00001bd4      0x2ef ..\..\NIBObeeLib\Debug\libNIBObeeLib.a(odometry.o)
 .debug_info    0x00001ec3      0x27e ..\..\NIBObeeLib\Debug\libNIBObeeLib.a(base.o)
 .debug_info    0x00002141      0x298 ..\..\NIBObeeLib\Debug\libNIBObeeLib.a(clock.o)
 .debug_info    0x000023d9      0x2ac ..\..\NIBObeeLib\Debug\libNIBObeeLib.a(analog.o)
 .debug_info    0x00002685      0x1b7 c:/program files (x86)/atmel/atmel studio 6.0/extensions/atmel/avrgcc/3.3.2.31/avrtoolchain/bin/../lib/gcc/avr/4.5.1/../../../../avr/lib/avr51\libc.a(sprintf.o)
 .debug_info    0x0000283c      0x350 c:/program files (x86)/atmel/atmel studio 6.0/extensions/atmel/avrgcc/3.3.2.31/avrtoolchain/bin/../lib/gcc/avr/4.5.1/../../../../avr/lib/avr51\libc.a(vfprintf_std.o)
 .debug_info    0x00002b8c      0x167 c:/program files (x86)/atmel/atmel studio 6.0/extensions/atmel/avrgcc/3.3.2.31/avrtoolchain/bin/../lib/gcc/avr/4.5.1/../../../../avr/lib/avr51\libc.a(fputc.o)
 *(.gnu.linkonce.wi.*)

.debug_abbrev   0x00000000     0x12c6
 *(.debug_abbrev)
 .debug_abbrev  0x00000000       0x16 bgx1_test_gfx.o
 .debug_abbrev  0x00000016       0x16 bgx1_test_io.o
 .debug_abbrev  0x0000002c       0x16 bgx1_test_term.o
 .debug_abbrev  0x00000042       0x16 calibration.o
 .debug_abbrev  0x00000058       0x16 first.o
 .debug_abbrev  0x0000006e       0x16 program1.o
 .debug_abbrev  0x00000084       0x16 program2.o
 .debug_abbrev  0x0000009a       0x16 program3.o
 .debug_abbrev  0x000000b0       0x16 program4.o
 .debug_abbrev  0x000000c6       0x16 program5.o
 .debug_abbrev  0x000000dc       0x16 program6.o
 .debug_abbrev  0x000000f2       0x16 program7.o
 .debug_abbrev  0x00000108       0x16 program8.o
 .debug_abbrev  0x0000011e       0x16 program9.o
 .debug_abbrev  0x00000134       0xc1 Main.o
 .debug_abbrev  0x000001f5      0x266 ..\..\NIBObeeLib\Debug\libNIBObeeLib.a(bgx1.o)
 .debug_abbrev  0x0000045b       0xfb ..\..\NIBObeeLib\Debug\libNIBObeeLib.a(delay.o)
 .debug_abbrev  0x00000556      0x1b8 ..\..\NIBObeeLib\Debug\libNIBObeeLib.a(i2cmaster.o)
 .debug_abbrev  0x0000070e       0x7f ..\..\NIBObeeLib\Debug\libNIBObeeLib.a(led.o)
 .debug_abbrev  0x0000078d      0x155 ..\..\NIBObeeLib\Debug\libNIBObeeLib.a(motpid.o)
 .debug_abbrev  0x000008e2      0x149 ..\..\NIBObeeLib\Debug\libNIBObeeLib.a(motpwm.o)
 .debug_abbrev  0x00000a2b      0x163 ..\..\NIBObeeLib\Debug\libNIBObeeLib.a(odometry.o)
 .debug_abbrev  0x00000b8e      0x16e ..\..\NIBObeeLib\Debug\libNIBObeeLib.a(base.o)
 .debug_abbrev  0x00000cfc      0x11b ..\..\NIBObeeLib\Debug\libNIBObeeLib.a(clock.o)
 .debug_abbrev  0x00000e17      0x17a ..\..\NIBObeeLib\Debug\libNIBObeeLib.a(analog.o)
 .debug_abbrev  0x00000f91       0xfd c:/program files (x86)/atmel/atmel studio 6.0/extensions/atmel/avrgcc/3.3.2.31/avrtoolchain/bin/../lib/gcc/avr/4.5.1/../../../../avr/lib/avr51\libc.a(sprintf.o)
 .debug_abbrev  0x0000108e      0x15f c:/program files (x86)/atmel/atmel studio 6.0/extensions/atmel/avrgcc/3.3.2.31/avrtoolchain/bin/../lib/gcc/avr/4.5.1/../../../../avr/lib/avr51\libc.a(vfprintf_std.o)
 .debug_abbrev  0x000011ed       0xd9 c:/program files (x86)/atmel/atmel studio 6.0/extensions/atmel/avrgcc/3.3.2.31/avrtoolchain/bin/../lib/gcc/avr/4.5.1/../../../../avr/lib/avr51\libc.a(fputc.o)

.debug_line     0x00000000     0x4ebe
 *(.debug_line)
 .debug_line    0x00000000       0x80 bgx1_test_gfx.o
 .debug_line    0x00000080       0x7e bgx1_test_io.o
 .debug_line    0x000000fe       0x82 bgx1_test_term.o
 .debug_line    0x00000180       0x78 calibration.o
 .debug_line    0x000001f8       0x6c first.o
 .debug_line    0x00000264       0x76 program1.o
 .debug_line    0x000002da       0x76 program2.o
 .debug_line    0x00000350       0x76 program3.o
 .debug_line    0x000003c6       0x76 program4.o
 .debug_line    0x0000043c       0x76 program5.o
 .debug_line    0x000004b2       0x76 program6.o
 .debug_line    0x00000528       0x76 program7.o
 .debug_line    0x0000059e       0x76 program8.o
 .debug_line    0x00000614       0x76 program9.o
 .debug_line    0x0000068a      0x5e9 Main.o
 .debug_line    0x00000c73      0xaad ..\..\NIBObeeLib\Debug\libNIBObeeLib.a(bgx1.o)
 .debug_line    0x00001720      0x2bd ..\..\NIBObeeLib\Debug\libNIBObeeLib.a(delay.o)
 .debug_line    0x000019dd      0x644 ..\..\NIBObeeLib\Debug\libNIBObeeLib.a(i2cmaster.o)
 .debug_line    0x00002021      0x37f ..\..\NIBObeeLib\Debug\libNIBObeeLib.a(led.o)
 .debug_line    0x000023a0      0x72d ..\..\NIBObeeLib\Debug\libNIBObeeLib.a(motpid.o)
 .debug_line    0x00002acd      0x5ba ..\..\NIBObeeLib\Debug\libNIBObeeLib.a(motpwm.o)
 .debug_line    0x00003087      0x518 ..\..\NIBObeeLib\Debug\libNIBObeeLib.a(odometry.o)
 .debug_line    0x0000359f      0x529 ..\..\NIBObeeLib\Debug\libNIBObeeLib.a(base.o)
 .debug_line    0x00003ac8      0x4fd ..\..\NIBObeeLib\Debug\libNIBObeeLib.a(clock.o)
 .debug_line    0x00003fc5      0x518 ..\..\NIBObeeLib\Debug\libNIBObeeLib.a(analog.o)
 .debug_line    0x000044dd      0x1ec c:/program files (x86)/atmel/atmel studio 6.0/extensions/atmel/avrgcc/3.3.2.31/avrtoolchain/bin/../lib/gcc/avr/4.5.1/../../../../avr/lib/avr51\libc.a(sprintf.o)
 .debug_line    0x000046c9      0x68a c:/program files (x86)/atmel/atmel studio 6.0/extensions/atmel/avrgcc/3.3.2.31/avrtoolchain/bin/../lib/gcc/avr/4.5.1/../../../../avr/lib/avr51\libc.a(vfprintf_std.o)
 .debug_line    0x00004d53      0x16b c:/program files (x86)/atmel/atmel studio 6.0/extensions/atmel/avrgcc/3.3.2.31/avrtoolchain/bin/../lib/gcc/avr/4.5.1/../../../../avr/lib/avr51\libc.a(fputc.o)

.debug_frame    0x00000000      0x5d0
 *(.debug_frame)
 .debug_frame   0x00000000       0x20 Main.o
 .debug_frame   0x00000020      0x200 ..\..\NIBObeeLib\Debug\libNIBObeeLib.a(bgx1.o)
 .debug_frame   0x00000220       0x20 ..\..\NIBObeeLib\Debug\libNIBObeeLib.a(delay.o)
 .debug_frame   0x00000240       0x60 ..\..\NIBObeeLib\Debug\libNIBObeeLib.a(i2cmaster.o)
 .debug_frame   0x000002a0       0x30 ..\..\NIBObeeLib\Debug\libNIBObeeLib.a(led.o)
 .debug_frame   0x000002d0       0xd0 ..\..\NIBObeeLib\Debug\libNIBObeeLib.a(motpid.o)
 .debug_frame   0x000003a0       0x70 ..\..\NIBObeeLib\Debug\libNIBObeeLib.a(motpwm.o)
 .debug_frame   0x00000410       0x70 ..\..\NIBObeeLib\Debug\libNIBObeeLib.a(odometry.o)
 .debug_frame   0x00000480       0x50 ..\..\NIBObeeLib\Debug\libNIBObeeLib.a(base.o)
 .debug_frame   0x000004d0       0x50 ..\..\NIBObeeLib\Debug\libNIBObeeLib.a(clock.o)
 .debug_frame   0x00000520       0x50 ..\..\NIBObeeLib\Debug\libNIBObeeLib.a(analog.o)
 .debug_frame   0x00000570       0x20 c:/program files (x86)/atmel/atmel studio 6.0/extensions/atmel/avrgcc/3.3.2.31/avrtoolchain/bin/../lib/gcc/avr/4.5.1/../../../../avr/lib/avr51\libc.a(sprintf.o)
 .debug_frame   0x00000590       0x20 c:/program files (x86)/atmel/atmel studio 6.0/extensions/atmel/avrgcc/3.3.2.31/avrtoolchain/bin/../lib/gcc/avr/4.5.1/../../../../avr/lib/avr51\libc.a(vfprintf_std.o)
 .debug_frame   0x000005b0       0x20 c:/program files (x86)/atmel/atmel studio 6.0/extensions/atmel/avrgcc/3.3.2.31/avrtoolchain/bin/../lib/gcc/avr/4.5.1/../../../../avr/lib/avr51\libc.a(fputc.o)

.debug_str      0x00000000     0x121a
 *(.debug_str)
 .debug_str     0x00000000       0x7d bgx1_test_gfx.o
 .debug_str     0x0000007d       0x3d bgx1_test_io.o
                                 0x7b (size before relaxing)
 .debug_str     0x000000ba       0x41 bgx1_test_term.o
                                 0x7f (size before relaxing)
 .debug_str     0x000000fb       0x37 calibration.o
                                 0x75 (size before relaxing)
 .debug_str     0x00000132       0x2b first.o
                                 0x69 (size before relaxing)
 .debug_str     0x0000015d       0x35 program1.o
                                 0x73 (size before relaxing)
 .debug_str     0x00000192       0x35 program2.o
                                 0x73 (size before relaxing)
 .debug_str     0x000001c7       0x35 program3.o
                                 0x73 (size before relaxing)
 .debug_str     0x000001fc       0x35 program4.o
                                 0x73 (size before relaxing)
 .debug_str     0x00000231       0x35 program5.o
                                 0x73 (size before relaxing)
 .debug_str     0x00000266       0x35 program6.o
                                 0x73 (size before relaxing)
 .debug_str     0x0000029b       0x35 program7.o
                                 0x73 (size before relaxing)
 .debug_str     0x000002d0       0x35 program8.o
                                 0x73 (size before relaxing)
 .debug_str     0x00000305       0x35 program9.o
                                 0x73 (size before relaxing)
 .debug_str     0x0000033a       0xb6 Main.o
                                0x12d (size before relaxing)
 .debug_str     0x000003f0      0x4a6 ..\..\NIBObeeLib\Debug\libNIBObeeLib.a(bgx1.o)
                                0x58a (size before relaxing)
 .debug_str     0x00000896       0x8b ..\..\NIBObeeLib\Debug\libNIBObeeLib.a(delay.o)
                                0x134 (size before relaxing)
 .debug_str     0x00000921       0xe7 ..\..\NIBObeeLib\Debug\libNIBObeeLib.a(i2cmaster.o)
                                0x298 (size before relaxing)
 .debug_str     0x00000a08       0x37 ..\..\NIBObeeLib\Debug\libNIBObeeLib.a(led.o)
                                 0xe6 (size before relaxing)
 .debug_str     0x00000a3f      0x297 ..\..\NIBObeeLib\Debug\libNIBObeeLib.a(motpid.o)
                                0x3d8 (size before relaxing)
 .debug_str     0x00000cd6       0xcc ..\..\NIBObeeLib\Debug\libNIBObeeLib.a(motpwm.o)
                                0x1f0 (size before relaxing)
 .debug_str     0x00000da2       0x81 ..\..\NIBObeeLib\Debug\libNIBObeeLib.a(odometry.o)
                                0x1a9 (size before relaxing)
 .debug_str     0x00000e23       0xe5 ..\..\NIBObeeLib\Debug\libNIBObeeLib.a(base.o)
                                0x23a (size before relaxing)
 .debug_str     0x00000f08       0xbb ..\..\NIBObeeLib\Debug\libNIBObeeLib.a(clock.o)
                                0x19e (size before relaxing)
 .debug_str     0x00000fc3       0x9f ..\..\NIBObeeLib\Debug\libNIBObeeLib.a(analog.o)
                                0x25c (size before relaxing)
 .debug_str     0x00001062       0xa0 c:/program files (x86)/atmel/atmel studio 6.0/extensions/atmel/avrgcc/3.3.2.31/avrtoolchain/bin/../lib/gcc/avr/4.5.1/../../../../avr/lib/avr51\libc.a(sprintf.o)
                                0x133 (size before relaxing)
 .debug_str     0x00001102       0xb0 c:/program files (x86)/atmel/atmel studio 6.0/extensions/atmel/avrgcc/3.3.2.31/avrtoolchain/bin/../lib/gcc/avr/4.5.1/../../../../avr/lib/avr51\libc.a(vfprintf_std.o)
                                0x189 (size before relaxing)
 .debug_str     0x000011b2       0x68 c:/program files (x86)/atmel/atmel studio 6.0/extensions/atmel/avrgcc/3.3.2.31/avrtoolchain/bin/../lib/gcc/avr/4.5.1/../../../../avr/lib/avr51\libc.a(fputc.o)
                                0x10d (size before relaxing)

.debug_loc      0x00000000     0x15ae
 *(.debug_loc)
 .debug_loc     0x00000000       0x78 Main.o
 .debug_loc     0x00000078      0x67b ..\..\NIBObeeLib\Debug\libNIBObeeLib.a(bgx1.o)
 .debug_loc     0x000006f3       0x5e ..\..\NIBObeeLib\Debug\libNIBObeeLib.a(delay.o)
 .debug_loc     0x00000751       0xfb ..\..\NIBObeeLib\Debug\libNIBObeeLib.a(i2cmaster.o)
 .debug_loc     0x0000084c      0x363 ..\..\NIBObeeLib\Debug\libNIBObeeLib.a(motpid.o)
 .debug_loc     0x00000baf       0x90 ..\..\NIBObeeLib\Debug\libNIBObeeLib.a(motpwm.o)
 .debug_loc     0x00000c3f       0x46 ..\..\NIBObeeLib\Debug\libNIBObeeLib.a(odometry.o)
 .debug_loc     0x00000c85      0x11e ..\..\NIBObeeLib\Debug\libNIBObeeLib.a(base.o)
 .debug_loc     0x00000da3       0xa6 ..\..\NIBObeeLib\Debug\libNIBObeeLib.a(clock.o)
 .debug_loc     0x00000e49       0x64 ..\..\NIBObeeLib\Debug\libNIBObeeLib.a(analog.o)
 .debug_loc     0x00000ead      0x6b1 c:/program files (x86)/atmel/atmel studio 6.0/extensions/atmel/avrgcc/3.3.2.31/avrtoolchain/bin/../lib/gcc/avr/4.5.1/../../../../avr/lib/avr51\libc.a(vfprintf_std.o)
 .debug_loc     0x0000155e       0x50 c:/program files (x86)/atmel/atmel studio 6.0/extensions/atmel/avrgcc/3.3.2.31/avrtoolchain/bin/../lib/gcc/avr/4.5.1/../../../../avr/lib/avr51\libc.a(fputc.o)

.debug_macinfo  0x00000000    0x78d89
 *(.debug_macinfo)
 .debug_macinfo
                0x00000000     0x2173 bgx1_test_gfx.o
 .debug_macinfo
                0x00002173     0x2173 bgx1_test_io.o
 .debug_macinfo
                0x000042e6     0x2173 bgx1_test_term.o
 .debug_macinfo
                0x00006459     0x2173 calibration.o
 .debug_macinfo
                0x000085cc     0x2173 first.o
 .debug_macinfo
                0x0000a73f     0x2173 program1.o
 .debug_macinfo
                0x0000c8b2     0x2173 program2.o
 .debug_macinfo
                0x0000ea25     0x2173 program3.o
 .debug_macinfo
                0x00010b98     0x2173 program4.o
 .debug_macinfo
                0x00012d0b     0x2173 program5.o
 .debug_macinfo
                0x00014e7e     0x2173 program6.o
 .debug_macinfo
                0x00016ff1     0x2173 program7.o
 .debug_macinfo
                0x00019164     0x2173 program8.o
 .debug_macinfo
                0x0001b2d7     0x2173 program9.o
 .debug_macinfo
                0x0001d44a     0xb1e4 Main.o
 .debug_macinfo
                0x0002862e     0xa885 ..\..\NIBObeeLib\Debug\libNIBObeeLib.a(bgx1.o)
 .debug_macinfo
                0x00032eb3     0x300f ..\..\NIBObeeLib\Debug\libNIBObeeLib.a(delay.o)
 .debug_macinfo
                0x00035ec2     0x85d4 ..\..\NIBObeeLib\Debug\libNIBObeeLib.a(i2cmaster.o)
 .debug_macinfo
                0x0003e496     0x86bd ..\..\NIBObeeLib\Debug\libNIBObeeLib.a(led.o)
 .debug_macinfo
                0x00046b53     0x84f9 ..\..\NIBObeeLib\Debug\libNIBObeeLib.a(motpid.o)
 .debug_macinfo
                0x0004f04c     0x858e ..\..\NIBObeeLib\Debug\libNIBObeeLib.a(motpwm.o)
 .debug_macinfo
                0x000575da     0x83a0 ..\..\NIBObeeLib\Debug\libNIBObeeLib.a(odometry.o)
 .debug_macinfo
                0x0005f97a     0x8797 ..\..\NIBObeeLib\Debug\libNIBObeeLib.a(base.o)
 .debug_macinfo
                0x00068111     0x8875 ..\..\NIBObeeLib\Debug\libNIBObeeLib.a(clock.o)
 .debug_macinfo
                0x00070986     0x8403 ..\..\NIBObeeLib\Debug\libNIBObeeLib.a(analog.o)
OUTPUT(NIBObeeLibTests.elf elf32-avr)
LOAD linker stubs

.debug_pubtypes
                0x00000000      0x313
 .debug_pubtypes
                0x00000000       0x2b Main.o
 .debug_pubtypes
                0x0000002b       0x44 ..\..\NIBObeeLib\Debug\libNIBObeeLib.a(bgx1.o)
 .debug_pubtypes
                0x0000006f       0x2c ..\..\NIBObeeLib\Debug\libNIBObeeLib.a(delay.o)
 .debug_pubtypes
                0x0000009b       0x38 ..\..\NIBObeeLib\Debug\libNIBObeeLib.a(i2cmaster.o)
 .debug_pubtypes
                0x000000d3       0x1e ..\..\NIBObeeLib\Debug\libNIBObeeLib.a(led.o)
 .debug_pubtypes
                0x000000f1       0x57 ..\..\NIBObeeLib\Debug\libNIBObeeLib.a(motpid.o)
 .debug_pubtypes
                0x00000148       0x37 ..\..\NIBObeeLib\Debug\libNIBObeeLib.a(motpwm.o)
 .debug_pubtypes
                0x0000017f       0x35 ..\..\NIBObeeLib\Debug\libNIBObeeLib.a(odometry.o)
 .debug_pubtypes
                0x000001b4       0x38 ..\..\NIBObeeLib\Debug\libNIBObeeLib.a(base.o)
 .debug_pubtypes
                0x000001ec       0x38 ..\..\NIBObeeLib\Debug\libNIBObeeLib.a(clock.o)
 .debug_pubtypes
                0x00000224       0x2b ..\..\NIBObeeLib\Debug\libNIBObeeLib.a(analog.o)
 .debug_pubtypes
                0x0000024f       0x48 c:/program files (x86)/atmel/atmel studio 6.0/extensions/atmel/avrgcc/3.3.2.31/avrtoolchain/bin/../lib/gcc/avr/4.5.1/../../../../avr/lib/avr51\libc.a(sprintf.o)
 .debug_pubtypes
                0x00000297       0x53 c:/program files (x86)/atmel/atmel studio 6.0/extensions/atmel/avrgcc/3.3.2.31/avrtoolchain/bin/../lib/gcc/avr/4.5.1/../../../../avr/lib/avr51\libc.a(vfprintf_std.o)
 .debug_pubtypes
                0x000002ea       0x29 c:/program files (x86)/atmel/atmel studio 6.0/extensions/atmel/avrgcc/3.3.2.31/avrtoolchain/bin/../lib/gcc/avr/4.5.1/../../../../avr/lib/avr51\libc.a(fputc.o)

.debug_ranges   0x00000000       0xe8
 .debug_ranges  0x00000000       0x10 Main.o
 .debug_ranges  0x00000010       0x90 ..\..\NIBObeeLib\Debug\libNIBObeeLib.a(bgx1.o)
 .debug_ranges  0x000000a0       0x10 c:/program files (x86)/atmel/atmel studio 6.0/extensions/atmel/avrgcc/3.3.2.31/avrtoolchain/bin/../lib/gcc/avr/4.5.1/../../../../avr/lib/avr51\libc.a(sprintf.o)
 .debug_ranges  0x000000b0       0x28 c:/program files (x86)/atmel/atmel studio 6.0/extensions/atmel/avrgcc/3.3.2.31/avrtoolchain/bin/../lib/gcc/avr/4.5.1/../../../../avr/lib/avr51\libc.a(vfprintf_std.o)
 .debug_ranges  0x000000d8       0x10 c:/program files (x86)/atmel/atmel studio 6.0/extensions/atmel/avrgcc/3.3.2.31/avrtoolchain/bin/../lib/gcc/avr/4.5.1/../../../../avr/lib/avr51\libc.a(fputc.o)
