Archive member included because of file (symbol)

..\..\NIBObeeLib\Debug\libNIBObeeLib.a(analog.o)
                              Main.o (analog_init)
..\..\NIBObeeLib\Debug\libNIBObeeLib.a(base.o)
                              ..\..\NIBObeeLib\Debug\libNIBObeeLib.a(analog.o) (nibobee_initialization)
..\..\NIBObeeLib\Debug\libNIBObeeLib.a(led.o)
                              Main.o (led_set)
..\..\NIBObeeLib\Debug\libNIBObeeLib.a(motpwm.o)
                              Main.o (motpwm_init)
..\..\NIBObeeLib\Debug\libNIBObeeLib.a(odometry.o)
                              Main.o (odometry_init)
..\..\NIBObeeLib\Debug\libNIBObeeLib.a(usart.o)
                              Main.o (usart_setbaudrate)
c:/program files (x86)/atmel/atmel studio 6.0/extensions/atmel/avrgcc/3.3.2.31/avrtoolchain/bin/../lib/gcc/avr/4.5.1/avr51\libgcc.a(_udivmodhi4.o)
                              ..\..\NIBObeeLib\Debug\libNIBObeeLib.a(base.o) (__udivmodhi4)
c:/program files (x86)/atmel/atmel studio 6.0/extensions/atmel/avrgcc/3.3.2.31/avrtoolchain/bin/../lib/gcc/avr/4.5.1/avr51\libgcc.a(_divmodhi4.o)
                              ..\..\NIBObeeLib\Debug\libNIBObeeLib.a(motpwm.o) (__divmodhi4)
c:/program files (x86)/atmel/atmel studio 6.0/extensions/atmel/avrgcc/3.3.2.31/avrtoolchain/bin/../lib/gcc/avr/4.5.1/avr51\libgcc.a(_udivmodsi4.o)
                              ..\..\NIBObeeLib\Debug\libNIBObeeLib.a(usart.o) (__udivmodsi4)
c:/program files (x86)/atmel/atmel studio 6.0/extensions/atmel/avrgcc/3.3.2.31/avrtoolchain/bin/../lib/gcc/avr/4.5.1/avr51\libgcc.a(_exit.o)
                              c:/program files (x86)/atmel/atmel studio 6.0/extensions/atmel/avrgcc/3.3.2.31/avrtoolchain/bin/../lib/gcc/avr/4.5.1/../../../../avr/lib/avr51/crtm1284p.o (exit)
c:/program files (x86)/atmel/atmel studio 6.0/extensions/atmel/avrgcc/3.3.2.31/avrtoolchain/bin/../lib/gcc/avr/4.5.1/avr51\libgcc.a(_copy_data.o)
                              Main.o (__do_copy_data)
c:/program files (x86)/atmel/atmel studio 6.0/extensions/atmel/avrgcc/3.3.2.31/avrtoolchain/bin/../lib/gcc/avr/4.5.1/avr51\libgcc.a(_clear_bss.o)
                              ..\..\NIBObeeLib\Debug\libNIBObeeLib.a(analog.o) (__do_clear_bss)

Allocating common symbols
Common symbol       size              file

usart_txbuf_begin   0x1               ..\..\NIBObeeLib\Debug\libNIBObeeLib.a(usart.o)
usart_rxbuf_end     0x1               ..\..\NIBObeeLib\Debug\libNIBObeeLib.a(usart.o)
odometry_pid_left   0x1               ..\..\NIBObeeLib\Debug\libNIBObeeLib.a(odometry.o)
motpwm_flags        0x1               ..\..\NIBObeeLib\Debug\libNIBObeeLib.a(motpwm.o)
analog_pos          0x1               ..\..\NIBObeeLib\Debug\libNIBObeeLib.a(analog.o)
nibobee_initialization
                    0x1               ..\..\NIBObeeLib\Debug\libNIBObeeLib.a(base.o)
motpwm_motor_l      0x2               ..\..\NIBObeeLib\Debug\libNIBObeeLib.a(motpwm.o)
analog_samples      0x16              ..\..\NIBObeeLib\Debug\libNIBObeeLib.a(analog.o)
usart_rxbuf_begin   0x1               ..\..\NIBObeeLib\Debug\libNIBObeeLib.a(usart.o)
usart_txbuf         0x10              ..\..\NIBObeeLib\Debug\libNIBObeeLib.a(usart.o)
motpwm_motor_r      0x2               ..\..\NIBObeeLib\Debug\libNIBObeeLib.a(motpwm.o)
usart_rxbuf         0x8               ..\..\NIBObeeLib\Debug\libNIBObeeLib.a(usart.o)
odometry_left       0x2               ..\..\NIBObeeLib\Debug\libNIBObeeLib.a(odometry.o)
usart_txbuf_end     0x1               ..\..\NIBObeeLib\Debug\libNIBObeeLib.a(usart.o)
odometry_right      0x2               ..\..\NIBObeeLib\Debug\libNIBObeeLib.a(odometry.o)
odometry_pid_right  0x1               ..\..\NIBObeeLib\Debug\libNIBObeeLib.a(odometry.o)

Memory Configuration

Name             Origin             Length             Attributes
text             0x00000000         0x00020000         xr
data             0x00800100         0x0000ff00         rw !x
eeprom           0x00810000         0x00010000         rw !x
fuse             0x00820000         0x00000400         rw !x
lock             0x00830000         0x00000400         rw !x
signature        0x00840000         0x00000400         rw !x
*default*        0x00000000         0xffffffff

Linker script and memory map

Address of section .data set to 0x800100
LOAD c:/program files (x86)/atmel/atmel studio 6.0/extensions/atmel/avrgcc/3.3.2.31/avrtoolchain/bin/../lib/gcc/avr/4.5.1/../../../../avr/lib/avr51/crtm1284p.o
LOAD bgx1_test_gfx.o
LOAD bgx1_test_io.o
LOAD bgx1_test_term.o
LOAD calibration.o
LOAD first.o
LOAD program1.o
LOAD program2.o
LOAD program3.o
LOAD program4.o
LOAD program5.o
LOAD program6.o
LOAD program7.o
LOAD program8.o
LOAD program9.o
LOAD Main.o
START GROUP
LOAD ..\..\NIBObeeLib\Debug\libNIBObeeLib.a
LOAD c:/program files (x86)/atmel/atmel studio 6.0/extensions/atmel/avrgcc/3.3.2.31/avrtoolchain/bin/../lib/gcc/avr/4.5.1/../../../../avr/lib/avr51\libm.a
END GROUP
LOAD c:/program files (x86)/atmel/atmel studio 6.0/extensions/atmel/avrgcc/3.3.2.31/avrtoolchain/bin/../lib/gcc/avr/4.5.1/avr51\libgcc.a
LOAD c:/program files (x86)/atmel/atmel studio 6.0/extensions/atmel/avrgcc/3.3.2.31/avrtoolchain/bin/../lib/gcc/avr/4.5.1/../../../../avr/lib/avr51\libc.a
LOAD c:/program files (x86)/atmel/atmel studio 6.0/extensions/atmel/avrgcc/3.3.2.31/avrtoolchain/bin/../lib/gcc/avr/4.5.1/avr51\libgcc.a

.hash
 *(.hash)

.dynsym
 *(.dynsym)

.dynstr
 *(.dynstr)

.gnu.version
 *(.gnu.version)

.gnu.version_d
 *(.gnu.version_d)

.gnu.version_r
 *(.gnu.version_r)

.rel.init
 *(.rel.init)

.rela.init
 *(.rela.init)

.rel.text
 *(.rel.text)
 *(.rel.text.*)
 *(.rel.gnu.linkonce.t*)

.rela.text
 *(.rela.text)
 *(.rela.text.*)
 *(.rela.gnu.linkonce.t*)

.rel.fini
 *(.rel.fini)

.rela.fini
 *(.rela.fini)

.rel.rodata
 *(.rel.rodata)
 *(.rel.rodata.*)
 *(.rel.gnu.linkonce.r*)

.rela.rodata
 *(.rela.rodata)
 *(.rela.rodata.*)
 *(.rela.gnu.linkonce.r*)

.rel.data
 *(.rel.data)
 *(.rel.data.*)
 *(.rel.gnu.linkonce.d*)

.rela.data
 *(.rela.data)
 *(.rela.data.*)
 *(.rela.gnu.linkonce.d*)

.rel.ctors
 *(.rel.ctors)

.rela.ctors
 *(.rela.ctors)

.rel.dtors
 *(.rel.dtors)

.rela.dtors
 *(.rela.dtors)

.rel.got
 *(.rel.got)

.rela.got
 *(.rela.got)

.rel.bss
 *(.rel.bss)

.rela.bss
 *(.rela.bss)

.rel.plt
 *(.rel.plt)

.rela.plt
 *(.rela.plt)

.text           0x00000000      0xb32
 *(.vectors)
 .vectors       0x00000000       0x8c c:/program files (x86)/atmel/atmel studio 6.0/extensions/atmel/avrgcc/3.3.2.31/avrtoolchain/bin/../lib/gcc/avr/4.5.1/../../../../avr/lib/avr51/crtm1284p.o
                0x00000000                __vector_default
                0x00000000                __vectors
 *(.vectors)
 *(.progmem.gcc*)
 *(.progmem*)
                0x0000008c                . = ALIGN (0x2)
                0x0000008c                __trampolines_start = .
 *(.trampolines)
 .trampolines   0x0000008c        0x0 linker stubs
 *(.trampolines*)
                0x0000008c                __trampolines_end = .
 *(.jumptables)
 *(.jumptables*)
 *(.lowtext)
 *(.lowtext*)
                0x0000008c                __ctors_start = .
 *(.ctors)
                0x0000008c                __ctors_end = .
                0x0000008c                __dtors_start = .
 *(.dtors)
                0x0000008c                __dtors_end = .
 SORT(*)(.ctors)
 SORT(*)(.dtors)
 *(.init0)
 .init0         0x0000008c        0x0 c:/program files (x86)/atmel/atmel studio 6.0/extensions/atmel/avrgcc/3.3.2.31/avrtoolchain/bin/../lib/gcc/avr/4.5.1/../../../../avr/lib/avr51/crtm1284p.o
                0x0000008c                __init
 *(.init0)
 *(.init1)
 *(.init1)
 *(.init2)
 .init2         0x0000008c        0xc c:/program files (x86)/atmel/atmel studio 6.0/extensions/atmel/avrgcc/3.3.2.31/avrtoolchain/bin/../lib/gcc/avr/4.5.1/../../../../avr/lib/avr51/crtm1284p.o
 *(.init2)
 *(.init3)
 *(.init3)
 *(.init4)
 .init4         0x00000098       0x1a c:/program files (x86)/atmel/atmel studio 6.0/extensions/atmel/avrgcc/3.3.2.31/avrtoolchain/bin/../lib/gcc/avr/4.5.1/avr51\libgcc.a(_copy_data.o)
                0x00000098                __do_copy_data
 .init4         0x000000b2       0x10 c:/program files (x86)/atmel/atmel studio 6.0/extensions/atmel/avrgcc/3.3.2.31/avrtoolchain/bin/../lib/gcc/avr/4.5.1/avr51\libgcc.a(_clear_bss.o)
                0x000000b2                __do_clear_bss
 *(.init4)
 *(.init5)
 *(.init5)
 *(.init6)
 *(.init6)
 *(.init7)
 *(.init7)
 *(.init8)
 *(.init8)
 *(.init9)
 .init9         0x000000c2        0x8 c:/program files (x86)/atmel/atmel studio 6.0/extensions/atmel/avrgcc/3.3.2.31/avrtoolchain/bin/../lib/gcc/avr/4.5.1/../../../../avr/lib/avr51/crtm1284p.o
 *(.init9)
 *(.text)
 .text          0x000000ca        0x4 c:/program files (x86)/atmel/atmel studio 6.0/extensions/atmel/avrgcc/3.3.2.31/avrtoolchain/bin/../lib/gcc/avr/4.5.1/../../../../avr/lib/avr51/crtm1284p.o
                0x000000ca                __vector_22
                0x000000ca                __vector_28
                0x000000ca                __vector_32
                0x000000ca                __vector_34
                0x000000ca                __vector_12
                0x000000ca                __bad_interrupt
                0x000000ca                __vector_6
                0x000000ca                __vector_31
                0x000000ca                __vector_3
                0x000000ca                __vector_23
                0x000000ca                __vector_30
                0x000000ca                __vector_25
                0x000000ca                __vector_11
                0x000000ca                __vector_17
                0x000000ca                __vector_19
                0x000000ca                __vector_7
                0x000000ca                __vector_27
                0x000000ca                __vector_5
                0x000000ca                __vector_33
                0x000000ca                __vector_4
                0x000000ca                __vector_9
                0x000000ca                __vector_15
                0x000000ca                __vector_29
                0x000000ca                __vector_8
                0x000000ca                __vector_26
                0x000000ca                __vector_10
                0x000000ca                __vector_16
                0x000000ca                __vector_18
 .text          0x000000ce        0x0 bgx1_test_gfx.o
 .text          0x000000ce        0x0 bgx1_test_io.o
 .text          0x000000ce        0x0 bgx1_test_term.o
 .text          0x000000ce        0x0 calibration.o
 .text          0x000000ce        0x0 first.o
 .text          0x000000ce        0x0 program1.o
 .text          0x000000ce        0x0 program2.o
 .text          0x000000ce        0x0 program3.o
 .text          0x000000ce        0x0 program4.o
 .text          0x000000ce        0x0 program5.o
 .text          0x000000ce        0x0 program6.o
 .text          0x000000ce        0x0 program7.o
 .text          0x000000ce        0x0 program8.o
 .text          0x000000ce        0x0 program9.o
 .text          0x000000ce        0x0 Main.o
 .text          0x000000ce      0x1be ..\..\NIBObeeLib\Debug\libNIBObeeLib.a(analog.o)
                0x000000ce                analog_init
                0x000000e2                analog_getValue
                0x000000fa                analog_irq_hook
                0x000000fc                __vector_24
 .text          0x0000028c      0x10a ..\..\NIBObeeLib\Debug\libNIBObeeLib.a(base.o)
                0x00000302                nibobee_getMillivolt
                0x00000328                nibobee_assertMinVoltage
 .text          0x00000396       0x50 ..\..\NIBObeeLib\Debug\libNIBObeeLib.a(led.o)
                0x00000396                led_init
                0x0000039e                led_set
 .text          0x000003e6      0x1dc ..\..\NIBObeeLib\Debug\libNIBObeeLib.a(motpwm.o)
                0x000003e6                motpwm_init
                0x00000412                motpwm_stop
                0x0000043a                motpwm_setLeft
                0x000004ae                motpwm_setRight
                0x00000522                __vector_13
                0x00000572                __vector_14
 .text          0x000005c2      0x10e ..\..\NIBObeeLib\Debug\libNIBObeeLib.a(odometry.o)
                0x000005c2                odometry_init
                0x000005d8                odometry_reset
                0x000005f0                odometry_getLeft
                0x0000060e                odometry_getRight
                0x0000062c                __vector_1
                0x0000067e                __vector_2
 .text          0x000006d0      0x19e ..\..\NIBObeeLib\Debug\libNIBObeeLib.a(usart.o)
                0x000006d0                usart_setbaudrate
                0x000006fe                usart_getchar
                0x00000736                usart_putchar
                0x0000077a                usart_enable
                0x00000782                usart_disable
                0x00000788                __vector_20
                0x000007f4                __vector_21
 .text          0x0000086e        0x0 c:/program files (x86)/atmel/atmel studio 6.0/extensions/atmel/avrgcc/3.3.2.31/avrtoolchain/bin/../lib/gcc/avr/4.5.1/avr51\libgcc.a(_udivmodhi4.o)
 .text          0x0000086e        0x0 c:/program files (x86)/atmel/atmel studio 6.0/extensions/atmel/avrgcc/3.3.2.31/avrtoolchain/bin/../lib/gcc/avr/4.5.1/avr51\libgcc.a(_divmodhi4.o)
 .text          0x0000086e        0x0 c:/program files (x86)/atmel/atmel studio 6.0/extensions/atmel/avrgcc/3.3.2.31/avrtoolchain/bin/../lib/gcc/avr/4.5.1/avr51\libgcc.a(_udivmodsi4.o)
 .text          0x0000086e        0x0 c:/program files (x86)/atmel/atmel studio 6.0/extensions/atmel/avrgcc/3.3.2.31/avrtoolchain/bin/../lib/gcc/avr/4.5.1/avr51\libgcc.a(_exit.o)
 .text          0x0000086e        0x0 c:/program files (x86)/atmel/atmel studio 6.0/extensions/atmel/avrgcc/3.3.2.31/avrtoolchain/bin/../lib/gcc/avr/4.5.1/avr51\libgcc.a(_copy_data.o)
 .text          0x0000086e        0x0 c:/program files (x86)/atmel/atmel studio 6.0/extensions/atmel/avrgcc/3.3.2.31/avrtoolchain/bin/../lib/gcc/avr/4.5.1/avr51\libgcc.a(_clear_bss.o)
                0x0000086e                . = ALIGN (0x2)
 *(.text.*)
 .text.decode_l
                0x0000086e       0x14 Main.o
                0x0000086e                decode_l
 .text.decode_r
                0x00000882       0x14 Main.o
                0x00000882                decode_r
 .text.main     0x00000896      0x206 Main.o
                0x00000896                main
 .text.libgcc   0x00000a9c       0x28 c:/program files (x86)/atmel/atmel studio 6.0/extensions/atmel/avrgcc/3.3.2.31/avrtoolchain/bin/../lib/gcc/avr/4.5.1/avr51\libgcc.a(_udivmodhi4.o)
                0x00000a9c                __udivmodhi4
 .text.libgcc   0x00000ac4       0x26 c:/program files (x86)/atmel/atmel studio 6.0/extensions/atmel/avrgcc/3.3.2.31/avrtoolchain/bin/../lib/gcc/avr/4.5.1/avr51\libgcc.a(_divmodhi4.o)
                0x00000ac4                _div
                0x00000ac4                __divmodhi4
 .text.libgcc   0x00000aea       0x44 c:/program files (x86)/atmel/atmel studio 6.0/extensions/atmel/avrgcc/3.3.2.31/avrtoolchain/bin/../lib/gcc/avr/4.5.1/avr51\libgcc.a(_udivmodsi4.o)
                0x00000aea                __udivmodsi4
 .text.libgcc   0x00000b2e        0x0 c:/program files (x86)/atmel/atmel studio 6.0/extensions/atmel/avrgcc/3.3.2.31/avrtoolchain/bin/../lib/gcc/avr/4.5.1/avr51\libgcc.a(_exit.o)
 .text.libgcc   0x00000b2e        0x0 c:/program files (x86)/atmel/atmel studio 6.0/extensions/atmel/avrgcc/3.3.2.31/avrtoolchain/bin/../lib/gcc/avr/4.5.1/avr51\libgcc.a(_copy_data.o)
 .text.libgcc   0x00000b2e        0x0 c:/program files (x86)/atmel/atmel studio 6.0/extensions/atmel/avrgcc/3.3.2.31/avrtoolchain/bin/../lib/gcc/avr/4.5.1/avr51\libgcc.a(_clear_bss.o)
                0x00000b2e                . = ALIGN (0x2)
 *(.fini9)
 .fini9         0x00000b2e        0x0 c:/program files (x86)/atmel/atmel studio 6.0/extensions/atmel/avrgcc/3.3.2.31/avrtoolchain/bin/../lib/gcc/avr/4.5.1/avr51\libgcc.a(_exit.o)
                0x00000b2e                _exit
                0x00000b2e                exit
 *(.fini9)
 *(.fini8)
 *(.fini8)
 *(.fini7)
 *(.fini7)
 *(.fini6)
 *(.fini6)
 *(.fini5)
 *(.fini5)
 *(.fini4)
 *(.fini4)
 *(.fini3)
 *(.fini3)
 *(.fini2)
 *(.fini2)
 *(.fini1)
 *(.fini1)
 *(.fini0)
 .fini0         0x00000b2e        0x4 c:/program files (x86)/atmel/atmel studio 6.0/extensions/atmel/avrgcc/3.3.2.31/avrtoolchain/bin/../lib/gcc/avr/4.5.1/avr51\libgcc.a(_exit.o)
 *(.fini0)
                0x00000b32                _etext = .

.data           0x00800100        0xc load address 0x00000b32
                0x00800100                PROVIDE (__data_start, .)
 *(.data)
 .data          0x00800100        0x0 c:/program files (x86)/atmel/atmel studio 6.0/extensions/atmel/avrgcc/3.3.2.31/avrtoolchain/bin/../lib/gcc/avr/4.5.1/../../../../avr/lib/avr51/crtm1284p.o
 .data          0x00800100        0x0 bgx1_test_gfx.o
 .data          0x00800100        0x0 bgx1_test_io.o
 .data          0x00800100        0x0 bgx1_test_term.o
 .data          0x00800100        0x0 calibration.o
 .data          0x00800100        0x0 first.o
 .data          0x00800100        0x0 program1.o
 .data          0x00800100        0x0 program2.o
 .data          0x00800100        0x0 program3.o
 .data          0x00800100        0x0 program4.o
 .data          0x00800100        0x0 program5.o
 .data          0x00800100        0x0 program6.o
 .data          0x00800100        0x0 program7.o
 .data          0x00800100        0x0 program8.o
 .data          0x00800100        0x0 program9.o
 .data          0x00800100        0xc Main.o
 .data          0x0080010c        0x0 ..\..\NIBObeeLib\Debug\libNIBObeeLib.a(analog.o)
 .data          0x0080010c        0x0 ..\..\NIBObeeLib\Debug\libNIBObeeLib.a(base.o)
 .data          0x0080010c        0x0 ..\..\NIBObeeLib\Debug\libNIBObeeLib.a(led.o)
 .data          0x0080010c        0x0 ..\..\NIBObeeLib\Debug\libNIBObeeLib.a(motpwm.o)
 .data          0x0080010c        0x0 ..\..\NIBObeeLib\Debug\libNIBObeeLib.a(odometry.o)
 .data          0x0080010c        0x0 ..\..\NIBObeeLib\Debug\libNIBObeeLib.a(usart.o)
 .data          0x0080010c        0x0 c:/program files (x86)/atmel/atmel studio 6.0/extensions/atmel/avrgcc/3.3.2.31/avrtoolchain/bin/../lib/gcc/avr/4.5.1/avr51\libgcc.a(_udivmodhi4.o)
 .data          0x0080010c        0x0 c:/program files (x86)/atmel/atmel studio 6.0/extensions/atmel/avrgcc/3.3.2.31/avrtoolchain/bin/../lib/gcc/avr/4.5.1/avr51\libgcc.a(_divmodhi4.o)
 .data          0x0080010c        0x0 c:/program files (x86)/atmel/atmel studio 6.0/extensions/atmel/avrgcc/3.3.2.31/avrtoolchain/bin/../lib/gcc/avr/4.5.1/avr51\libgcc.a(_udivmodsi4.o)
 .data          0x0080010c        0x0 c:/program files (x86)/atmel/atmel studio 6.0/extensions/atmel/avrgcc/3.3.2.31/avrtoolchain/bin/../lib/gcc/avr/4.5.1/avr51\libgcc.a(_exit.o)
 .data          0x0080010c        0x0 c:/program files (x86)/atmel/atmel studio 6.0/extensions/atmel/avrgcc/3.3.2.31/avrtoolchain/bin/../lib/gcc/avr/4.5.1/avr51\libgcc.a(_copy_data.o)
 .data          0x0080010c        0x0 c:/program files (x86)/atmel/atmel studio 6.0/extensions/atmel/avrgcc/3.3.2.31/avrtoolchain/bin/../lib/gcc/avr/4.5.1/avr51\libgcc.a(_clear_bss.o)
 *(.data*)
 *(.rodata)
 *(.rodata*)
 *(.gnu.linkonce.d*)
                0x0080010c                . = ALIGN (0x2)
                0x0080010c                _edata = .
                0x0080010c                PROVIDE (__data_end, .)

.bss            0x0080010c       0x3f
                0x0080010c                PROVIDE (__bss_start, .)
 *(.bss)
 .bss           0x0080010c        0x0 c:/program files (x86)/atmel/atmel studio 6.0/extensions/atmel/avrgcc/3.3.2.31/avrtoolchain/bin/../lib/gcc/avr/4.5.1/../../../../avr/lib/avr51/crtm1284p.o
 .bss           0x0080010c        0x0 bgx1_test_gfx.o
 .bss           0x0080010c        0x0 bgx1_test_io.o
 .bss           0x0080010c        0x0 bgx1_test_term.o
 .bss           0x0080010c        0x0 calibration.o
 .bss           0x0080010c        0x0 first.o
 .bss           0x0080010c        0x0 program1.o
 .bss           0x0080010c        0x0 program2.o
 .bss           0x0080010c        0x0 program3.o
 .bss           0x0080010c        0x0 program4.o
 .bss           0x0080010c        0x0 program5.o
 .bss           0x0080010c        0x0 program6.o
 .bss           0x0080010c        0x0 program7.o
 .bss           0x0080010c        0x0 program8.o
 .bss           0x0080010c        0x0 program9.o
 .bss           0x0080010c        0x0 Main.o
 .bss           0x0080010c        0x0 ..\..\NIBObeeLib\Debug\libNIBObeeLib.a(analog.o)
 .bss           0x0080010c        0x0 ..\..\NIBObeeLib\Debug\libNIBObeeLib.a(base.o)
 .bss           0x0080010c        0x0 ..\..\NIBObeeLib\Debug\libNIBObeeLib.a(led.o)
 .bss           0x0080010c        0x0 ..\..\NIBObeeLib\Debug\libNIBObeeLib.a(motpwm.o)
 .bss           0x0080010c        0x0 ..\..\NIBObeeLib\Debug\libNIBObeeLib.a(odometry.o)
 .bss           0x0080010c        0x0 ..\..\NIBObeeLib\Debug\libNIBObeeLib.a(usart.o)
 .bss           0x0080010c        0x0 c:/program files (x86)/atmel/atmel studio 6.0/extensions/atmel/avrgcc/3.3.2.31/avrtoolchain/bin/../lib/gcc/avr/4.5.1/avr51\libgcc.a(_udivmodhi4.o)
 .bss           0x0080010c        0x0 c:/program files (x86)/atmel/atmel studio 6.0/extensions/atmel/avrgcc/3.3.2.31/avrtoolchain/bin/../lib/gcc/avr/4.5.1/avr51\libgcc.a(_divmodhi4.o)
 .bss           0x0080010c        0x0 c:/program files (x86)/atmel/atmel studio 6.0/extensions/atmel/avrgcc/3.3.2.31/avrtoolchain/bin/../lib/gcc/avr/4.5.1/avr51\libgcc.a(_udivmodsi4.o)
 .bss           0x0080010c        0x0 c:/program files (x86)/atmel/atmel studio 6.0/extensions/atmel/avrgcc/3.3.2.31/avrtoolchain/bin/../lib/gcc/avr/4.5.1/avr51\libgcc.a(_exit.o)
 .bss           0x0080010c        0x0 c:/program files (x86)/atmel/atmel studio 6.0/extensions/atmel/avrgcc/3.3.2.31/avrtoolchain/bin/../lib/gcc/avr/4.5.1/avr51\libgcc.a(_copy_data.o)
 .bss           0x0080010c        0x0 c:/program files (x86)/atmel/atmel studio 6.0/extensions/atmel/avrgcc/3.3.2.31/avrtoolchain/bin/../lib/gcc/avr/4.5.1/avr51\libgcc.a(_clear_bss.o)
 *(.bss*)
 *(COMMON)
 COMMON         0x0080010c       0x17 ..\..\NIBObeeLib\Debug\libNIBObeeLib.a(analog.o)
                0x0080010c                analog_pos
                0x0080010d                analog_samples
 COMMON         0x00800123        0x1 ..\..\NIBObeeLib\Debug\libNIBObeeLib.a(base.o)
                0x00800123                nibobee_initialization
 COMMON         0x00800124        0x5 ..\..\NIBObeeLib\Debug\libNIBObeeLib.a(motpwm.o)
                0x00800124                motpwm_flags
                0x00800125                motpwm_motor_l
                0x00800127                motpwm_motor_r
 COMMON         0x00800129        0x6 ..\..\NIBObeeLib\Debug\libNIBObeeLib.a(odometry.o)
                0x00800129                odometry_pid_left
                0x0080012a                odometry_left
                0x0080012c                odometry_right
                0x0080012e                odometry_pid_right
 COMMON         0x0080012f       0x1c ..\..\NIBObeeLib\Debug\libNIBObeeLib.a(usart.o)
                0x0080012f                usart_txbuf_begin
                0x00800130                usart_rxbuf_end
                0x00800131                usart_rxbuf_begin
                0x00800132                usart_txbuf
                0x00800142                usart_rxbuf
                0x0080014a                usart_txbuf_end
                0x0080014b                PROVIDE (__bss_end, .)
                0x00000b32                __data_load_start = LOADADDR (.data)
                0x00000b3e                __data_load_end = (__data_load_start + SIZEOF (.data))

.noinit         0x0080014b        0x0
                0x0080014b                PROVIDE (__noinit_start, .)
 *(.noinit*)
                0x0080014b                PROVIDE (__noinit_end, .)
                0x0080014b                _end = .
                0x0080014b                PROVIDE (__heap_start, .)

.eeprom         0x00810000        0x0
 *(.eeprom*)
                0x00810000                __eeprom_end = .

.fuse
 *(.fuse)
 *(.lfuse)
 *(.hfuse)
 *(.efuse)

.lock
 *(.lock*)

.signature
 *(.signature*)

.stab           0x00000000      0x6cc
 *(.stab)
 .stab          0x00000000      0x6cc c:/program files (x86)/atmel/atmel studio 6.0/extensions/atmel/avrgcc/3.3.2.31/avrtoolchain/bin/../lib/gcc/avr/4.5.1/../../../../avr/lib/avr51/crtm1284p.o

.stabstr        0x00000000       0x97
 *(.stabstr)
 .stabstr       0x00000000       0x97 c:/program files (x86)/atmel/atmel studio 6.0/extensions/atmel/avrgcc/3.3.2.31/avrtoolchain/bin/../lib/gcc/avr/4.5.1/../../../../avr/lib/avr51/crtm1284p.o

.stab.excl
 *(.stab.excl)

.stab.exclstr
 *(.stab.exclstr)

.stab.index
 *(.stab.index)

.stab.indexstr
 *(.stab.indexstr)

.comment
 *(.comment)

.debug
 *(.debug)

.line
 *(.line)

.debug_srcinfo
 *(.debug_srcinfo)

.debug_sfnames
 *(.debug_sfnames)

.debug_aranges  0x00000000       0xf0
 *(.debug_aranges)
 .debug_aranges
                0x00000000       0x30 Main.o
 .debug_aranges
                0x00000030       0x20 ..\..\NIBObeeLib\Debug\libNIBObeeLib.a(analog.o)
 .debug_aranges
                0x00000050       0x20 ..\..\NIBObeeLib\Debug\libNIBObeeLib.a(base.o)
 .debug_aranges
                0x00000070       0x20 ..\..\NIBObeeLib\Debug\libNIBObeeLib.a(led.o)
 .debug_aranges
                0x00000090       0x20 ..\..\NIBObeeLib\Debug\libNIBObeeLib.a(motpwm.o)
 .debug_aranges
                0x000000b0       0x20 ..\..\NIBObeeLib\Debug\libNIBObeeLib.a(odometry.o)
 .debug_aranges
                0x000000d0       0x20 ..\..\NIBObeeLib\Debug\libNIBObeeLib.a(usart.o)

.debug_pubnames
                0x00000000      0x3c4
 *(.debug_pubnames)
 .debug_pubnames
                0x00000000       0x35 Main.o
 .debug_pubnames
                0x00000035       0x7c ..\..\NIBObeeLib\Debug\libNIBObeeLib.a(analog.o)
 .debug_pubnames
                0x000000b1       0x63 ..\..\NIBObeeLib\Debug\libNIBObeeLib.a(base.o)
 .debug_pubnames
                0x00000114       0x2b ..\..\NIBObeeLib\Debug\libNIBObeeLib.a(led.o)
 .debug_pubnames
                0x0000013f       0xb0 ..\..\NIBObeeLib\Debug\libNIBObeeLib.a(motpwm.o)
 .debug_pubnames
                0x000001ef       0xd2 ..\..\NIBObeeLib\Debug\libNIBObeeLib.a(odometry.o)
 .debug_pubnames
                0x000002c1      0x103 ..\..\NIBObeeLib\Debug\libNIBObeeLib.a(usart.o)

.debug_info     0x00000000     0x1385
 *(.debug_info)
 .debug_info    0x00000000       0x29 bgx1_test_gfx.o
 .debug_info    0x00000029       0x29 bgx1_test_io.o
 .debug_info    0x00000052       0x29 bgx1_test_term.o
 .debug_info    0x0000007b       0x29 calibration.o
 .debug_info    0x000000a4       0x29 first.o
 .debug_info    0x000000cd       0x29 program1.o
 .debug_info    0x000000f6       0x29 program2.o
 .debug_info    0x0000011f       0x29 program3.o
 .debug_info    0x00000148       0x29 program4.o
 .debug_info    0x00000171       0x29 program5.o
 .debug_info    0x0000019a       0x29 program6.o
 .debug_info    0x000001c3       0x29 program7.o
 .debug_info    0x000001ec       0x29 program8.o
 .debug_info    0x00000215       0x29 program9.o
 .debug_info    0x0000023e      0x352 Main.o
 .debug_info    0x00000590      0x2ac ..\..\NIBObeeLib\Debug\libNIBObeeLib.a(analog.o)
 .debug_info    0x0000083c      0x27e ..\..\NIBObeeLib\Debug\libNIBObeeLib.a(base.o)
 .debug_info    0x00000aba       0xb1 ..\..\NIBObeeLib\Debug\libNIBObeeLib.a(led.o)
 .debug_info    0x00000b6b      0x233 ..\..\NIBObeeLib\Debug\libNIBObeeLib.a(motpwm.o)
 .debug_info    0x00000d9e      0x2ef ..\..\NIBObeeLib\Debug\libNIBObeeLib.a(odometry.o)
 .debug_info    0x0000108d      0x2f8 ..\..\NIBObeeLib\Debug\libNIBObeeLib.a(usart.o)
 *(.gnu.linkonce.wi.*)

.debug_abbrev   0x00000000      0xa2c
 *(.debug_abbrev)
 .debug_abbrev  0x00000000       0x16 bgx1_test_gfx.o
 .debug_abbrev  0x00000016       0x16 bgx1_test_io.o
 .debug_abbrev  0x0000002c       0x16 bgx1_test_term.o
 .debug_abbrev  0x00000042       0x16 calibration.o
 .debug_abbrev  0x00000058       0x16 first.o
 .debug_abbrev  0x0000006e       0x16 program1.o
 .debug_abbrev  0x00000084       0x16 program2.o
 .debug_abbrev  0x0000009a       0x16 program3.o
 .debug_abbrev  0x000000b0       0x16 program4.o
 .debug_abbrev  0x000000c6       0x16 program5.o
 .debug_abbrev  0x000000dc       0x16 program6.o
 .debug_abbrev  0x000000f2       0x16 program7.o
 .debug_abbrev  0x00000108       0x16 program8.o
 .debug_abbrev  0x0000011e       0x16 program9.o
 .debug_abbrev  0x00000134      0x155 Main.o
 .debug_abbrev  0x00000289      0x17a ..\..\NIBObeeLib\Debug\libNIBObeeLib.a(analog.o)
 .debug_abbrev  0x00000403      0x16e ..\..\NIBObeeLib\Debug\libNIBObeeLib.a(base.o)
 .debug_abbrev  0x00000571       0x7f ..\..\NIBObeeLib\Debug\libNIBObeeLib.a(led.o)
 .debug_abbrev  0x000005f0      0x149 ..\..\NIBObeeLib\Debug\libNIBObeeLib.a(motpwm.o)
 .debug_abbrev  0x00000739      0x163 ..\..\NIBObeeLib\Debug\libNIBObeeLib.a(odometry.o)
 .debug_abbrev  0x0000089c      0x190 ..\..\NIBObeeLib\Debug\libNIBObeeLib.a(usart.o)

.debug_line     0x00000000     0x2973
 *(.debug_line)
 .debug_line    0x00000000       0x80 bgx1_test_gfx.o
 .debug_line    0x00000080       0x7e bgx1_test_io.o
 .debug_line    0x000000fe       0x82 bgx1_test_term.o
 .debug_line    0x00000180       0x78 calibration.o
 .debug_line    0x000001f8       0x6c first.o
 .debug_line    0x00000264       0x76 program1.o
 .debug_line    0x000002da       0x76 program2.o
 .debug_line    0x00000350       0x76 program3.o
 .debug_line    0x000003c6       0x76 program4.o
 .debug_line    0x0000043c       0x76 program5.o
 .debug_line    0x000004b2       0x76 program6.o
 .debug_line    0x00000528       0x76 program7.o
 .debug_line    0x0000059e       0x76 program8.o
 .debug_line    0x00000614       0x76 program9.o
 .debug_line    0x0000068a      0x5a4 Main.o
 .debug_line    0x00000c2e      0x518 ..\..\NIBObeeLib\Debug\libNIBObeeLib.a(analog.o)
 .debug_line    0x00001146      0x529 ..\..\NIBObeeLib\Debug\libNIBObeeLib.a(base.o)
 .debug_line    0x0000166f      0x37f ..\..\NIBObeeLib\Debug\libNIBObeeLib.a(led.o)
 .debug_line    0x000019ee      0x5ba ..\..\NIBObeeLib\Debug\libNIBObeeLib.a(motpwm.o)
 .debug_line    0x00001fa8      0x518 ..\..\NIBObeeLib\Debug\libNIBObeeLib.a(odometry.o)
 .debug_line    0x000024c0      0x4b3 ..\..\NIBObeeLib\Debug\libNIBObeeLib.a(usart.o)

.debug_frame    0x00000000      0x270
 *(.debug_frame)
 .debug_frame   0x00000000       0x40 Main.o
 .debug_frame   0x00000040       0x50 ..\..\NIBObeeLib\Debug\libNIBObeeLib.a(analog.o)
 .debug_frame   0x00000090       0x50 ..\..\NIBObeeLib\Debug\libNIBObeeLib.a(base.o)
 .debug_frame   0x000000e0       0x30 ..\..\NIBObeeLib\Debug\libNIBObeeLib.a(led.o)
 .debug_frame   0x00000110       0x70 ..\..\NIBObeeLib\Debug\libNIBObeeLib.a(motpwm.o)
 .debug_frame   0x00000180       0x70 ..\..\NIBObeeLib\Debug\libNIBObeeLib.a(odometry.o)
 .debug_frame   0x000001f0       0x80 ..\..\NIBObeeLib\Debug\libNIBObeeLib.a(usart.o)

.debug_str      0x00000000      0x973
 *(.debug_str)
 .debug_str     0x00000000       0x7d bgx1_test_gfx.o
 .debug_str     0x0000007d       0x3d bgx1_test_io.o
                                 0x7b (size before relaxing)
 .debug_str     0x000000ba       0x41 bgx1_test_term.o
                                 0x7f (size before relaxing)
 .debug_str     0x000000fb       0x37 calibration.o
                                 0x75 (size before relaxing)
 .debug_str     0x00000132       0x2b first.o
                                 0x69 (size before relaxing)
 .debug_str     0x0000015d       0x35 program1.o
                                 0x73 (size before relaxing)
 .debug_str     0x00000192       0x35 program2.o
                                 0x73 (size before relaxing)
 .debug_str     0x000001c7       0x35 program3.o
                                 0x73 (size before relaxing)
 .debug_str     0x000001fc       0x35 program4.o
                                 0x73 (size before relaxing)
 .debug_str     0x00000231       0x35 program5.o
                                 0x73 (size before relaxing)
 .debug_str     0x00000266       0x35 program6.o
                                 0x73 (size before relaxing)
 .debug_str     0x0000029b       0x35 program7.o
                                 0x73 (size before relaxing)
 .debug_str     0x000002d0       0x35 program8.o
                                 0x73 (size before relaxing)
 .debug_str     0x00000305       0x35 program9.o
                                 0x73 (size before relaxing)
 .debug_str     0x0000033a      0x1d8 Main.o
                                0x264 (size before relaxing)
 .debug_str     0x00000512      0x160 ..\..\NIBObeeLib\Debug\libNIBObeeLib.a(analog.o)
                                0x25c (size before relaxing)
 .debug_str     0x00000672       0x73 ..\..\NIBObeeLib\Debug\libNIBObeeLib.a(base.o)
                                0x23a (size before relaxing)
 .debug_str     0x000006e5       0x3e ..\..\NIBObeeLib\Debug\libNIBObeeLib.a(led.o)
                                 0xe6 (size before relaxing)
 .debug_str     0x00000723       0xa3 ..\..\NIBObeeLib\Debug\libNIBObeeLib.a(motpwm.o)
                                0x1f0 (size before relaxing)
 .debug_str     0x000007c6       0xc3 ..\..\NIBObeeLib\Debug\libNIBObeeLib.a(odometry.o)
                                0x1a9 (size before relaxing)
 .debug_str     0x00000889       0xea ..\..\NIBObeeLib\Debug\libNIBObeeLib.a(usart.o)
                                0x1ed (size before relaxing)

.debug_loc      0x00000000      0x543
 *(.debug_loc)
 .debug_loc     0x00000000      0x271 Main.o
 .debug_loc     0x00000271       0x64 ..\..\NIBObeeLib\Debug\libNIBObeeLib.a(analog.o)
 .debug_loc     0x000002d5      0x11e ..\..\NIBObeeLib\Debug\libNIBObeeLib.a(base.o)
 .debug_loc     0x000003f3       0x90 ..\..\NIBObeeLib\Debug\libNIBObeeLib.a(motpwm.o)
 .debug_loc     0x00000483       0x46 ..\..\NIBObeeLib\Debug\libNIBObeeLib.a(odometry.o)
 .debug_loc     0x000004c9       0x7a ..\..\NIBObeeLib\Debug\libNIBObeeLib.a(usart.o)

.debug_macinfo  0x00000000    0x57a21
 *(.debug_macinfo)
 .debug_macinfo
                0x00000000     0x2173 bgx1_test_gfx.o
 .debug_macinfo
                0x00002173     0x2173 bgx1_test_io.o
 .debug_macinfo
                0x000042e6     0x2173 bgx1_test_term.o
 .debug_macinfo
                0x00006459     0x2173 calibration.o
 .debug_macinfo
                0x000085cc     0x2173 first.o
 .debug_macinfo
                0x0000a73f     0x2173 program1.o
 .debug_macinfo
                0x0000c8b2     0x2173 program2.o
 .debug_macinfo
                0x0000ea25     0x2173 program3.o
 .debug_macinfo
                0x00010b98     0x2173 program4.o
 .debug_macinfo
                0x00012d0b     0x2173 program5.o
 .debug_macinfo
                0x00014e7e     0x2173 program6.o
 .debug_macinfo
                0x00016ff1     0x2173 program7.o
 .debug_macinfo
                0x00019164     0x2173 program8.o
 .debug_macinfo
                0x0001b2d7     0x2173 program9.o
 .debug_macinfo
                0x0001d44a     0x87d6 Main.o
 .debug_macinfo
                0x00025c20     0x8403 ..\..\NIBObeeLib\Debug\libNIBObeeLib.a(analog.o)
 .debug_macinfo
                0x0002e023     0x8797 ..\..\NIBObeeLib\Debug\libNIBObeeLib.a(base.o)
 .debug_macinfo
                0x000367ba     0x86bd ..\..\NIBObeeLib\Debug\libNIBObeeLib.a(led.o)
 .debug_macinfo
                0x0003ee77     0x858e ..\..\NIBObeeLib\Debug\libNIBObeeLib.a(motpwm.o)
 .debug_macinfo
                0x00047405     0x83a0 ..\..\NIBObeeLib\Debug\libNIBObeeLib.a(odometry.o)
 .debug_macinfo
                0x0004f7a5     0x827c ..\..\NIBObeeLib\Debug\libNIBObeeLib.a(usart.o)
OUTPUT(NIBObeeLibTests.elf elf32-avr)
LOAD linker stubs

.debug_pubtypes
                0x00000000      0x174
 .debug_pubtypes
                0x00000000       0x4f Main.o
 .debug_pubtypes
                0x0000004f       0x2b ..\..\NIBObeeLib\Debug\libNIBObeeLib.a(analog.o)
 .debug_pubtypes
                0x0000007a       0x38 ..\..\NIBObeeLib\Debug\libNIBObeeLib.a(base.o)
 .debug_pubtypes
                0x000000b2       0x1e ..\..\NIBObeeLib\Debug\libNIBObeeLib.a(led.o)
 .debug_pubtypes
                0x000000d0       0x37 ..\..\NIBObeeLib\Debug\libNIBObeeLib.a(motpwm.o)
 .debug_pubtypes
                0x00000107       0x35 ..\..\NIBObeeLib\Debug\libNIBObeeLib.a(odometry.o)
 .debug_pubtypes
                0x0000013c       0x38 ..\..\NIBObeeLib\Debug\libNIBObeeLib.a(usart.o)

.debug_ranges   0x00000000       0x20
 .debug_ranges  0x00000000       0x20 Main.o
