Archive member included because of file (symbol)

..\..\AntonAvrLib\Debug\libAntonAvrLib.a(dms_scheduler.o)
                              Main.o (createPeriodicJob)
..\..\AntonAvrLib\Debug\libAntonAvrLib.a(scheduler.o)
                              ..\..\AntonAvrLib\Debug\libAntonAvrLib.a(dms_scheduler.o) (schedule_next)
..\..\Kernel-Simulator\Debug\libKernel-Simulator.a(simulator_kernel.o)
                              ..\..\AntonAvrLib\Debug\libAntonAvrLib.a(dms_scheduler.o) (__default_stack_size)
..\..\AntonAvrLib\Debug\libAntonAvrLib.a(timer.o)
                              ..\..\Kernel-Simulator\Debug\libKernel-Simulator.a(simulator_kernel.o) (setTimerClockSelect)
..\..\AntonAvrLib\Debug\libAntonAvrLib.a(rr_scheduler.o)
                              ..\..\Kernel-Simulator\Debug\libKernel-Simulator.a(simulator_kernel.o) (rr_schedule)
..\..\AntonAvrLib\Debug\libAntonAvrLib.a(hardware_reset.o)
                              ..\..\Kernel-Simulator\Debug\libKernel-Simulator.a(simulator_kernel.o) (HARDWARE_RESET)
..\..\AntonAvrLib\Debug\libAntonAvrLib.a(port.o)
                              ..\..\AntonAvrLib\Debug\libAntonAvrLib.a(timer.o) (setPinOutput)
c:/program files (x86)/atmel/atmel studio 6.0/extensions/atmel/avrgcc/3.3.2.31/avrtoolchain/bin/../lib/gcc/avr/4.5.1/avr51\libgcc.a(_exit.o)
                              c:/program files (x86)/atmel/atmel studio 6.0/extensions/atmel/avrgcc/3.3.2.31/avrtoolchain/bin/../lib/gcc/avr/4.5.1/../../../../avr/lib/avr51/crtm1284p.o (exit)
c:/program files (x86)/atmel/atmel studio 6.0/extensions/atmel/avrgcc/3.3.2.31/avrtoolchain/bin/../lib/gcc/avr/4.5.1/avr51\libgcc.a(_copy_data.o)
                              ..\..\Kernel-Simulator\Debug\libKernel-Simulator.a(simulator_kernel.o) (__do_copy_data)
c:/program files (x86)/atmel/atmel studio 6.0/extensions/atmel/avrgcc/3.3.2.31/avrtoolchain/bin/../lib/gcc/avr/4.5.1/avr51\libgcc.a(_clear_bss.o)
                              Main.o (__do_clear_bss)
c:/program files (x86)/atmel/atmel studio 6.0/extensions/atmel/avrgcc/3.3.2.31/avrtoolchain/bin/../lib/gcc/avr/4.5.1/../../../../avr/lib/avr51\libc.a(calloc.o)
                              ..\..\Kernel-Simulator\Debug\libKernel-Simulator.a(simulator_kernel.o) (calloc)
c:/program files (x86)/atmel/atmel studio 6.0/extensions/atmel/avrgcc/3.3.2.31/avrtoolchain/bin/../lib/gcc/avr/4.5.1/../../../../avr/lib/avr51\libc.a(malloc.o)
                              c:/program files (x86)/atmel/atmel studio 6.0/extensions/atmel/avrgcc/3.3.2.31/avrtoolchain/bin/../lib/gcc/avr/4.5.1/../../../../avr/lib/avr51\libc.a(calloc.o) (malloc)
c:/program files (x86)/atmel/atmel studio 6.0/extensions/atmel/avrgcc/3.3.2.31/avrtoolchain/bin/../lib/gcc/avr/4.5.1/../../../../avr/lib/avr51\libc.a(memset.o)
                              c:/program files (x86)/atmel/atmel studio 6.0/extensions/atmel/avrgcc/3.3.2.31/avrtoolchain/bin/../lib/gcc/avr/4.5.1/../../../../avr/lib/avr51\libc.a(calloc.o) (memset)

Allocating common symbols
Common symbol       size              file

processListHead     0x2               ..\..\AntonAvrLib\Debug\libAntonAvrLib.a(dms_scheduler.o)
Timer3B             0x8               ..\..\Kernel-Simulator\Debug\libKernel-Simulator.a(simulator_kernel.o)
PinC7               0x3               ..\..\Kernel-Simulator\Debug\libKernel-Simulator.a(simulator_kernel.o)
Timer3              0x7               ..\..\Kernel-Simulator\Debug\libKernel-Simulator.a(simulator_kernel.o)
PinB2               0x3               ..\..\Kernel-Simulator\Debug\libKernel-Simulator.a(simulator_kernel.o)
PinB6               0x3               ..\..\Kernel-Simulator\Debug\libKernel-Simulator.a(simulator_kernel.o)
Timer1A             0x8               ..\..\Kernel-Simulator\Debug\libKernel-Simulator.a(simulator_kernel.o)
PinD2               0x3               ..\..\Kernel-Simulator\Debug\libKernel-Simulator.a(simulator_kernel.o)
PinD0               0x3               ..\..\Kernel-Simulator\Debug\libKernel-Simulator.a(simulator_kernel.o)
PinC4               0x3               ..\..\Kernel-Simulator\Debug\libKernel-Simulator.a(simulator_kernel.o)
PinA4               0x3               ..\..\Kernel-Simulator\Debug\libKernel-Simulator.a(simulator_kernel.o)
PinD1               0x3               ..\..\Kernel-Simulator\Debug\libKernel-Simulator.a(simulator_kernel.o)
Timer3A             0x8               ..\..\Kernel-Simulator\Debug\libKernel-Simulator.a(simulator_kernel.o)
PinC3               0x3               ..\..\Kernel-Simulator\Debug\libKernel-Simulator.a(simulator_kernel.o)
Timer0              0x7               ..\..\Kernel-Simulator\Debug\libKernel-Simulator.a(simulator_kernel.o)
PinB7               0x3               ..\..\Kernel-Simulator\Debug\libKernel-Simulator.a(simulator_kernel.o)
PinB5               0x3               ..\..\Kernel-Simulator\Debug\libKernel-Simulator.a(simulator_kernel.o)
Timer2A             0x8               ..\..\Kernel-Simulator\Debug\libKernel-Simulator.a(simulator_kernel.o)
PortD               0x6               ..\..\Kernel-Simulator\Debug\libKernel-Simulator.a(simulator_kernel.o)
__brkval            0x2               c:/program files (x86)/atmel/atmel studio 6.0/extensions/atmel/avrgcc/3.3.2.31/avrtoolchain/bin/../lib/gcc/avr/4.5.1/../../../../avr/lib/avr51\libc.a(malloc.o)
PinA5               0x3               ..\..\Kernel-Simulator\Debug\libKernel-Simulator.a(simulator_kernel.o)
PinA2               0x3               ..\..\Kernel-Simulator\Debug\libKernel-Simulator.a(simulator_kernel.o)
PinD3               0x3               ..\..\Kernel-Simulator\Debug\libKernel-Simulator.a(simulator_kernel.o)
queues              0x23              ..\..\AntonAvrLib\Debug\libAntonAvrLib.a(rr_scheduler.o)
PinC6               0x3               ..\..\Kernel-Simulator\Debug\libKernel-Simulator.a(simulator_kernel.o)
Timer0A             0x8               ..\..\Kernel-Simulator\Debug\libKernel-Simulator.a(simulator_kernel.o)
PinA3               0x3               ..\..\Kernel-Simulator\Debug\libKernel-Simulator.a(simulator_kernel.o)
PinC5               0x3               ..\..\Kernel-Simulator\Debug\libKernel-Simulator.a(simulator_kernel.o)
PinC1               0x3               ..\..\Kernel-Simulator\Debug\libKernel-Simulator.a(simulator_kernel.o)
PinB0               0x3               ..\..\Kernel-Simulator\Debug\libKernel-Simulator.a(simulator_kernel.o)
PortC               0x6               ..\..\Kernel-Simulator\Debug\libKernel-Simulator.a(simulator_kernel.o)
PinA0               0x3               ..\..\Kernel-Simulator\Debug\libKernel-Simulator.a(simulator_kernel.o)
PortA               0x6               ..\..\Kernel-Simulator\Debug\libKernel-Simulator.a(simulator_kernel.o)
PinB3               0x3               ..\..\Kernel-Simulator\Debug\libKernel-Simulator.a(simulator_kernel.o)
PinA7               0x3               ..\..\Kernel-Simulator\Debug\libKernel-Simulator.a(simulator_kernel.o)
Timer2              0x7               ..\..\Kernel-Simulator\Debug\libKernel-Simulator.a(simulator_kernel.o)
PinB4               0x3               ..\..\Kernel-Simulator\Debug\libKernel-Simulator.a(simulator_kernel.o)
PinC2               0x3               ..\..\Kernel-Simulator\Debug\libKernel-Simulator.a(simulator_kernel.o)
PinD5               0x3               ..\..\Kernel-Simulator\Debug\libKernel-Simulator.a(simulator_kernel.o)
__idle_process      0x2               ..\..\Kernel-Simulator\Debug\libKernel-Simulator.a(simulator_kernel.o)
PinC0               0x3               ..\..\Kernel-Simulator\Debug\libKernel-Simulator.a(simulator_kernel.o)
PinD7               0x3               ..\..\Kernel-Simulator\Debug\libKernel-Simulator.a(simulator_kernel.o)
Timer2B             0x8               ..\..\Kernel-Simulator\Debug\libKernel-Simulator.a(simulator_kernel.o)
Timer1B             0x8               ..\..\Kernel-Simulator\Debug\libKernel-Simulator.a(simulator_kernel.o)
__flp               0x2               c:/program files (x86)/atmel/atmel studio 6.0/extensions/atmel/avrgcc/3.3.2.31/avrtoolchain/bin/../lib/gcc/avr/4.5.1/../../../../avr/lib/avr51\libc.a(malloc.o)
PinD4               0x3               ..\..\Kernel-Simulator\Debug\libKernel-Simulator.a(simulator_kernel.o)
Timer0B             0x8               ..\..\Kernel-Simulator\Debug\libKernel-Simulator.a(simulator_kernel.o)
PinA6               0x3               ..\..\Kernel-Simulator\Debug\libKernel-Simulator.a(simulator_kernel.o)
Timer1              0x7               ..\..\Kernel-Simulator\Debug\libKernel-Simulator.a(simulator_kernel.o)
PinD6               0x3               ..\..\Kernel-Simulator\Debug\libKernel-Simulator.a(simulator_kernel.o)
PinA1               0x3               ..\..\Kernel-Simulator\Debug\libKernel-Simulator.a(simulator_kernel.o)
PinB1               0x3               ..\..\Kernel-Simulator\Debug\libKernel-Simulator.a(simulator_kernel.o)
PortB               0x6               ..\..\Kernel-Simulator\Debug\libKernel-Simulator.a(simulator_kernel.o)

Memory Configuration

Name             Origin             Length             Attributes
text             0x00000000         0x00020000         xr
data             0x00800100         0x0000ff00         rw !x
eeprom           0x00810000         0x00010000         rw !x
fuse             0x00820000         0x00000400         rw !x
lock             0x00830000         0x00000400         rw !x
signature        0x00840000         0x00000400         rw !x
*default*        0x00000000         0xffffffff

Linker script and memory map

Address of section .data set to 0x800100
LOAD c:/program files (x86)/atmel/atmel studio 6.0/extensions/atmel/avrgcc/3.3.2.31/avrtoolchain/bin/../lib/gcc/avr/4.5.1/../../../../avr/lib/avr51/crtm1284p.o
LOAD Main.o
START GROUP
LOAD c:/program files (x86)/atmel/atmel studio 6.0/extensions/atmel/avrgcc/3.3.2.31/avrtoolchain/bin/../lib/gcc/avr/4.5.1/../../../../avr/lib/avr51\libm.a
LOAD ..\..\AntonAvrLib\Debug\libAntonAvrLib.a
LOAD ..\..\Kernel-Simulator\Debug\libKernel-Simulator.a
END GROUP
LOAD c:/program files (x86)/atmel/atmel studio 6.0/extensions/atmel/avrgcc/3.3.2.31/avrtoolchain/bin/../lib/gcc/avr/4.5.1/avr51\libgcc.a
LOAD c:/program files (x86)/atmel/atmel studio 6.0/extensions/atmel/avrgcc/3.3.2.31/avrtoolchain/bin/../lib/gcc/avr/4.5.1/../../../../avr/lib/avr51\libc.a
LOAD c:/program files (x86)/atmel/atmel studio 6.0/extensions/atmel/avrgcc/3.3.2.31/avrtoolchain/bin/../lib/gcc/avr/4.5.1/avr51\libgcc.a

.hash
 *(.hash)

.dynsym
 *(.dynsym)

.dynstr
 *(.dynstr)

.gnu.version
 *(.gnu.version)

.gnu.version_d
 *(.gnu.version_d)

.gnu.version_r
 *(.gnu.version_r)

.rel.init
 *(.rel.init)

.rela.init
 *(.rela.init)

.rel.text
 *(.rel.text)
 *(.rel.text.*)
 *(.rel.gnu.linkonce.t*)

.rela.text
 *(.rela.text)
 *(.rela.text.*)
 *(.rela.gnu.linkonce.t*)

.rel.fini
 *(.rel.fini)

.rela.fini
 *(.rela.fini)

.rel.rodata
 *(.rel.rodata)
 *(.rel.rodata.*)
 *(.rel.gnu.linkonce.r*)

.rela.rodata
 *(.rela.rodata)
 *(.rela.rodata.*)
 *(.rela.gnu.linkonce.r*)

.rel.data
 *(.rel.data)
 *(.rel.data.*)
 *(.rel.gnu.linkonce.d*)

.rela.data
 *(.rela.data)
 *(.rela.data.*)
 *(.rela.gnu.linkonce.d*)

.rel.ctors
 *(.rel.ctors)

.rela.ctors
 *(.rela.ctors)

.rel.dtors
 *(.rel.dtors)

.rela.dtors
 *(.rela.dtors)

.rel.got
 *(.rel.got)

.rela.got
 *(.rela.got)

.rel.bss
 *(.rel.bss)

.rela.bss
 *(.rela.bss)

.rel.plt
 *(.rel.plt)

.rela.plt
 *(.rela.plt)

.text           0x00000000     0x14de
 *(.vectors)
 .vectors       0x00000000       0x8c c:/program files (x86)/atmel/atmel studio 6.0/extensions/atmel/avrgcc/3.3.2.31/avrtoolchain/bin/../lib/gcc/avr/4.5.1/../../../../avr/lib/avr51/crtm1284p.o
                0x00000000                __vector_default
                0x00000000                __vectors
 *(.vectors)
 *(.progmem.gcc*)
 *(.progmem*)
                0x0000008c                . = ALIGN (0x2)
                0x0000008c                __trampolines_start = .
 *(.trampolines)
 .trampolines   0x0000008c        0x0 linker stubs
 *(.trampolines*)
                0x0000008c                __trampolines_end = .
 *(.jumptables)
 *(.jumptables*)
 *(.lowtext)
 *(.lowtext*)
                0x0000008c                __ctors_start = .
 *(.ctors)
                0x0000008c                __ctors_end = .
                0x0000008c                __dtors_start = .
 *(.dtors)
                0x0000008c                __dtors_end = .
 SORT(*)(.ctors)
 SORT(*)(.dtors)
 *(.init0)
 .init0         0x0000008c        0x0 c:/program files (x86)/atmel/atmel studio 6.0/extensions/atmel/avrgcc/3.3.2.31/avrtoolchain/bin/../lib/gcc/avr/4.5.1/../../../../avr/lib/avr51/crtm1284p.o
                0x0000008c                __init
 *(.init0)
 *(.init1)
 *(.init1)
 *(.init2)
 .init2         0x0000008c        0xc c:/program files (x86)/atmel/atmel studio 6.0/extensions/atmel/avrgcc/3.3.2.31/avrtoolchain/bin/../lib/gcc/avr/4.5.1/../../../../avr/lib/avr51/crtm1284p.o
 *(.init2)
 *(.init3)
 *(.init3)
 *(.init4)
 .init4         0x00000098       0x1a c:/program files (x86)/atmel/atmel studio 6.0/extensions/atmel/avrgcc/3.3.2.31/avrtoolchain/bin/../lib/gcc/avr/4.5.1/avr51\libgcc.a(_copy_data.o)
                0x00000098                __do_copy_data
 .init4         0x000000b2       0x10 c:/program files (x86)/atmel/atmel studio 6.0/extensions/atmel/avrgcc/3.3.2.31/avrtoolchain/bin/../lib/gcc/avr/4.5.1/avr51\libgcc.a(_clear_bss.o)
                0x000000b2                __do_clear_bss
 *(.init4)
 *(.init5)
 *(.init5)
 *(.init6)
 *(.init6)
 *(.init7)
 *(.init7)
 *(.init8)
 .init8         0x000000c2       0x14 ..\..\Kernel-Simulator\Debug\libKernel-Simulator.a(simulator_kernel.o)
                0x000000c2                init_ports_m1284P_kernel_init
                0x000000c6                init_timer_m1284P_kernel_init
                0x000000ca                init_idle_scheduler_kernel_init
                0x000000ce                init_scheduler_kernel_init
                0x000000d2                init_kernel_kernel_init
 *(.init8)
 *(.init9)
 .init9         0x000000d6        0x8 c:/program files (x86)/atmel/atmel studio 6.0/extensions/atmel/avrgcc/3.3.2.31/avrtoolchain/bin/../lib/gcc/avr/4.5.1/../../../../avr/lib/avr51/crtm1284p.o
 *(.init9)
 *(.text)
 .text          0x000000de        0x4 c:/program files (x86)/atmel/atmel studio 6.0/extensions/atmel/avrgcc/3.3.2.31/avrtoolchain/bin/../lib/gcc/avr/4.5.1/../../../../avr/lib/avr51/crtm1284p.o
                0x000000de                __vector_22
                0x000000de                __vector_28
                0x000000de                __vector_1
                0x000000de                __vector_34
                0x000000de                __vector_24
                0x000000de                __vector_12
                0x000000de                __bad_interrupt
                0x000000de                __vector_6
                0x000000de                __vector_31
                0x000000de                __vector_3
                0x000000de                __vector_23
                0x000000de                __vector_30
                0x000000de                __vector_25
                0x000000de                __vector_11
                0x000000de                __vector_13
                0x000000de                __vector_17
                0x000000de                __vector_19
                0x000000de                __vector_7
                0x000000de                __vector_27
                0x000000de                __vector_5
                0x000000de                __vector_33
                0x000000de                __vector_4
                0x000000de                __vector_9
                0x000000de                __vector_2
                0x000000de                __vector_21
                0x000000de                __vector_15
                0x000000de                __vector_29
                0x000000de                __vector_8
                0x000000de                __vector_26
                0x000000de                __vector_14
                0x000000de                __vector_10
                0x000000de                __vector_16
                0x000000de                __vector_18
                0x000000de                __vector_20
 .text          0x000000e2        0x0 Main.o
 .text          0x000000e2        0x0 ..\..\AntonAvrLib\Debug\libAntonAvrLib.a(dms_scheduler.o)
 .text          0x000000e2        0x0 ..\..\AntonAvrLib\Debug\libAntonAvrLib.a(scheduler.o)
 .text          0x000000e2        0x0 ..\..\Kernel-Simulator\Debug\libKernel-Simulator.a(simulator_kernel.o)
 .text          0x000000e2        0x0 ..\..\AntonAvrLib\Debug\libAntonAvrLib.a(timer.o)
 .text          0x000000e2        0x0 ..\..\AntonAvrLib\Debug\libAntonAvrLib.a(rr_scheduler.o)
 .text          0x000000e2        0x0 ..\..\AntonAvrLib\Debug\libAntonAvrLib.a(hardware_reset.o)
 .text          0x000000e2        0x0 ..\..\AntonAvrLib\Debug\libAntonAvrLib.a(port.o)
 .text          0x000000e2        0x0 c:/program files (x86)/atmel/atmel studio 6.0/extensions/atmel/avrgcc/3.3.2.31/avrtoolchain/bin/../lib/gcc/avr/4.5.1/avr51\libgcc.a(_exit.o)
 .text          0x000000e2        0x0 c:/program files (x86)/atmel/atmel studio 6.0/extensions/atmel/avrgcc/3.3.2.31/avrtoolchain/bin/../lib/gcc/avr/4.5.1/avr51\libgcc.a(_copy_data.o)
 .text          0x000000e2        0x0 c:/program files (x86)/atmel/atmel studio 6.0/extensions/atmel/avrgcc/3.3.2.31/avrtoolchain/bin/../lib/gcc/avr/4.5.1/avr51\libgcc.a(_clear_bss.o)
 .text          0x000000e2        0x0 c:/program files (x86)/atmel/atmel studio 6.0/extensions/atmel/avrgcc/3.3.2.31/avrtoolchain/bin/../lib/gcc/avr/4.5.1/../../../../avr/lib/avr51\libc.a(calloc.o)
 .text          0x000000e2        0x0 c:/program files (x86)/atmel/atmel studio 6.0/extensions/atmel/avrgcc/3.3.2.31/avrtoolchain/bin/../lib/gcc/avr/4.5.1/../../../../avr/lib/avr51\libc.a(malloc.o)
 .text          0x000000e2        0x0 c:/program files (x86)/atmel/atmel studio 6.0/extensions/atmel/avrgcc/3.3.2.31/avrtoolchain/bin/../lib/gcc/avr/4.5.1/../../../../avr/lib/avr51\libc.a(memset.o)
                0x000000e2                . = ALIGN (0x2)
 *(.text.*)
 .text.MyPeriodicJob
                0x000000e2       0x8c Main.o
                0x000000e2                MyPeriodicJob
 .text.before_scheduler
                0x0000016e       0x14 Main.o
                0x0000016e                before_scheduler
 .text.main     0x00000182        0x6 Main.o
                0x00000182                main
 .text.AperiodicJobWrapper
                0x00000188       0x26 ..\..\AntonAvrLib\Debug\libAntonAvrLib.a(dms_scheduler.o)
                0x00000188                AperiodicJobWrapper
 .text.PeriodicJobWrapper
                0x000001ae       0x42 ..\..\AntonAvrLib\Debug\libAntonAvrLib.a(dms_scheduler.o)
                0x000001ae                PeriodicJobWrapper
 .text.dms_schedule
                0x000001f0       0x6c ..\..\AntonAvrLib\Debug\libAntonAvrLib.a(dms_scheduler.o)
                0x000001f0                dms_schedule
 .text.insertJobIntoList
                0x0000025c       0x8a ..\..\AntonAvrLib\Debug\libAntonAvrLib.a(dms_scheduler.o)
                0x0000025c                insertJobIntoList
 .text.initializeJob
                0x000002e6       0x6c ..\..\AntonAvrLib\Debug\libAntonAvrLib.a(dms_scheduler.o)
                0x000002e6                initializeJob
 .text.createPeriodicJob
                0x00000352       0x7c ..\..\AntonAvrLib\Debug\libAntonAvrLib.a(dms_scheduler.o)
                0x00000352                createPeriodicJob
 .text.createAperiodicJob
                0x000003ce       0x64 ..\..\AntonAvrLib\Debug\libAntonAvrLib.a(dms_scheduler.o)
                0x000003ce                createAperiodicJob
 .text.triggerAperiodicJob
                0x00000432       0x10 ..\..\AntonAvrLib\Debug\libAntonAvrLib.a(dms_scheduler.o)
                0x00000432                triggerAperiodicJob
 .text.schedule_next
                0x00000442       0x12 ..\..\AntonAvrLib\Debug\libAntonAvrLib.a(scheduler.o)
                0x00000442                schedule_next
 .text.processor_idle
                0x00000454       0x12 ..\..\AntonAvrLib\Debug\libAntonAvrLib.a(scheduler.o)
                0x00000454                processor_idle
 .text.processor_loop_idle
                0x00000466        0x6 ..\..\AntonAvrLib\Debug\libAntonAvrLib.a(scheduler.o)
                0x00000466                processor_loop_idle
 .text.ProcessGraveyard
                0x0000046c        0x6 ..\..\Kernel-Simulator\Debug\libKernel-Simulator.a(simulator_kernel.o)
                0x0000046c                ProcessGraveyard
 .text.init_ports_m1284P
                0x00000472      0x28a ..\..\Kernel-Simulator\Debug\libKernel-Simulator.a(simulator_kernel.o)
                0x00000472                init_ports_m1284P
 .text.init_timer_m1284P
                0x000006fc       0xda ..\..\Kernel-Simulator\Debug\libKernel-Simulator.a(simulator_kernel.o)
                0x000006fc                init_timer_m1284P
 .text.init_process_base
                0x000007d6       0x4c ..\..\Kernel-Simulator\Debug\libKernel-Simulator.a(simulator_kernel.o)
                0x000007d6                init_process_base
 .text.createProcessBase3
                0x00000822       0xc2 ..\..\Kernel-Simulator\Debug\libKernel-Simulator.a(simulator_kernel.o)
                0x00000822                createProcessBase3
 .text.createProcessBase2
                0x000008e4       0x10 ..\..\Kernel-Simulator\Debug\libKernel-Simulator.a(simulator_kernel.o)
                0x000008e4                createProcessBase2
 .text.createProcessBase
                0x000008f4        0xa ..\..\Kernel-Simulator\Debug\libKernel-Simulator.a(simulator_kernel.o)
                0x000008f4                createProcessBase
 .text.switchContext
                0x000008fe       0xac ..\..\Kernel-Simulator\Debug\libKernel-Simulator.a(simulator_kernel.o)
                0x000008fe                switchContext
 .text.getCurrentProcess
                0x000009aa        0xa ..\..\Kernel-Simulator\Debug\libKernel-Simulator.a(simulator_kernel.o)
                0x000009aa                getCurrentProcess
 .text.switchProcess
                0x000009b4       0x18 ..\..\Kernel-Simulator\Debug\libKernel-Simulator.a(simulator_kernel.o)
                0x000009b4                switchProcess
 .text.createProcess3
                0x000009cc       0x54 ..\..\Kernel-Simulator\Debug\libKernel-Simulator.a(simulator_kernel.o)
                0x000009cc                createProcess3
 .text.createProcess2
                0x00000a20       0x10 ..\..\Kernel-Simulator\Debug\libKernel-Simulator.a(simulator_kernel.o)
                0x00000a20                createProcess2
 .text.createProcess
                0x00000a30        0xa ..\..\Kernel-Simulator\Debug\libKernel-Simulator.a(simulator_kernel.o)
                0x00000a30                createProcess
 .text.freeProcess
                0x00000a3a       0x34 ..\..\Kernel-Simulator\Debug\libKernel-Simulator.a(simulator_kernel.o)
                0x00000a3a                freeProcess
 .text.getProcessStackSize
                0x00000a6e        0x6 ..\..\Kernel-Simulator\Debug\libKernel-Simulator.a(simulator_kernel.o)
                0x00000a6e                getProcessStackSize
 .text.getFreeProcessStackSize
                0x00000a74       0x12 ..\..\Kernel-Simulator\Debug\libKernel-Simulator.a(simulator_kernel.o)
                0x00000a74                getFreeProcessStackSize
 .text.getProcessNumber
                0x00000a86        0x8 ..\..\Kernel-Simulator\Debug\libKernel-Simulator.a(simulator_kernel.o)
                0x00000a86                getProcessNumber
 .text.getProcessMemory
                0x00000a8e        0xa ..\..\Kernel-Simulator\Debug\libKernel-Simulator.a(simulator_kernel.o)
                0x00000a8e                getProcessMemory
 .text.init_process
                0x00000a98       0x3c ..\..\Kernel-Simulator\Debug\libKernel-Simulator.a(simulator_kernel.o)
                0x00000a98                init_process
 .text.init_idle_scheduler
                0x00000ad4       0x1c ..\..\Kernel-Simulator\Debug\libKernel-Simulator.a(simulator_kernel.o)
                0x00000ad4                init_idle_scheduler
 .text.idle_schedule
                0x00000af0        0xa ..\..\Kernel-Simulator\Debug\libKernel-Simulator.a(simulator_kernel.o)
                0x00000af0                idle_schedule
 .text.init_scheduler
                0x00000afa       0x2e ..\..\Kernel-Simulator\Debug\libKernel-Simulator.a(simulator_kernel.o)
                0x00000afa                init_scheduler
 .text.start_scheduler
                0x00000b28        0xc ..\..\Kernel-Simulator\Debug\libKernel-Simulator.a(simulator_kernel.o)
                0x00000b28                start_scheduler
 .text.before_scheduler
                0x00000b34        0x2 ..\..\Kernel-Simulator\Debug\libKernel-Simulator.a(simulator_kernel.o)
 .text.schedule
                0x00000b36       0x2c ..\..\Kernel-Simulator\Debug\libKernel-Simulator.a(simulator_kernel.o)
                0x00000b36                schedule
 .text.__vector_32
                0x00000b62       0xee ..\..\Kernel-Simulator\Debug\libKernel-Simulator.a(simulator_kernel.o)
                0x00000b62                __vector_32
 .text.init_kernel
                0x00000c50        0xe ..\..\Kernel-Simulator\Debug\libKernel-Simulator.a(simulator_kernel.o)
                0x00000c50                init_kernel
 .text.setCompareMatchOutputMode
                0x00000c5e       0x58 ..\..\AntonAvrLib\Debug\libAntonAvrLib.a(timer.o)
                0x00000c5e                setCompareMatchOutputMode
 .text.setTimerClockSelect
                0x00000cb6       0xc8 ..\..\AntonAvrLib\Debug\libAntonAvrLib.a(timer.o)
                0x00000cb6                setTimerClockSelect
 .text.setWaveformGenerationMode
                0x00000d7e      0x14e ..\..\AntonAvrLib\Debug\libAntonAvrLib.a(timer.o)
                0x00000d7e                setWaveformGenerationMode
 .text.enableTimerInterrupt
                0x00000ecc       0x28 ..\..\AntonAvrLib\Debug\libAntonAvrLib.a(timer.o)
                0x00000ecc                enableTimerInterrupt
 .text.enableOutputCompare
                0x00000ef4       0x1e ..\..\AntonAvrLib\Debug\libAntonAvrLib.a(timer.o)
                0x00000ef4                enableOutputCompare
 .text.disableOutputCompare
                0x00000f12        0xa ..\..\AntonAvrLib\Debug\libAntonAvrLib.a(timer.o)
                0x00000f12                disableOutputCompare
 .text.setTimerCompareValue
                0x00000f1c       0x30 ..\..\AntonAvrLib\Debug\libAntonAvrLib.a(timer.o)
                0x00000f1c                setTimerCompareValue
 .text.getTimerCompareValue
                0x00000f4c       0x2a ..\..\AntonAvrLib\Debug\libAntonAvrLib.a(timer.o)
                0x00000f4c                getTimerCompareValue
 .text.insertThreadIntoQueue
                0x00000f76       0x8a ..\..\AntonAvrLib\Debug\libAntonAvrLib.a(rr_scheduler.o)
                0x00000f76                insertThreadIntoQueue
 .text.createThread2
                0x00001000       0x22 ..\..\AntonAvrLib\Debug\libAntonAvrLib.a(rr_scheduler.o)
                0x00001000                createThread2
 .text.createThread
                0x00001022        0xa ..\..\AntonAvrLib\Debug\libAntonAvrLib.a(rr_scheduler.o)
                0x00001022                createThread
 .text.createThread3
                0x0000102c       0x24 ..\..\AntonAvrLib\Debug\libAntonAvrLib.a(rr_scheduler.o)
                0x0000102c                createThread3
 .text.createThread4
                0x00001050       0x28 ..\..\AntonAvrLib\Debug\libAntonAvrLib.a(rr_scheduler.o)
                0x00001050                createThread4
 .text.rr_schedule
                0x00001078       0x8c ..\..\AntonAvrLib\Debug\libAntonAvrLib.a(rr_scheduler.o)
                0x00001078                rr_schedule
 .text.rr_captureMainProcess
                0x00001104       0x16 ..\..\AntonAvrLib\Debug\libAntonAvrLib.a(rr_scheduler.o)
                0x00001104                rr_captureMainProcess
 .text.getCurrentThread
                0x0000111a        0x6 ..\..\AntonAvrLib\Debug\libAntonAvrLib.a(rr_scheduler.o)
                0x0000111a                getCurrentThread
 .text.HARDWARE_RESET
                0x00001120       0x16 ..\..\AntonAvrLib\Debug\libAntonAvrLib.a(hardware_reset.o)
                0x00001120                HARDWARE_RESET
 .text.setPortOutput
                0x00001136       0x10 ..\..\AntonAvrLib\Debug\libAntonAvrLib.a(port.o)
                0x00001136                setPortOutput
 .text.setPortInput
                0x00001146        0xe ..\..\AntonAvrLib\Debug\libAntonAvrLib.a(port.o)
                0x00001146                setPortInput
 .text.setPinOutput
                0x00001154       0x1c ..\..\AntonAvrLib\Debug\libAntonAvrLib.a(port.o)
                0x00001154                setPinOutput
 .text.setPinInput
                0x00001170       0x1e ..\..\AntonAvrLib\Debug\libAntonAvrLib.a(port.o)
                0x00001170                setPinInput
 .text.writePort
                0x0000118e        0xc ..\..\AntonAvrLib\Debug\libAntonAvrLib.a(port.o)
                0x0000118e                writePort
 .text.readPort
                0x0000119a        0xe ..\..\AntonAvrLib\Debug\libAntonAvrLib.a(port.o)
                0x0000119a                readPort
 .text.setPinOne
                0x000011a8       0x1c ..\..\AntonAvrLib\Debug\libAntonAvrLib.a(port.o)
                0x000011a8                setPinOne
 .text.setPinZero
                0x000011c4       0x1e ..\..\AntonAvrLib\Debug\libAntonAvrLib.a(port.o)
                0x000011c4                setPinZero
 .text.writePin
                0x000011e2       0x12 ..\..\AntonAvrLib\Debug\libAntonAvrLib.a(port.o)
                0x000011e2                writePin
 .text.readPin  0x000011f4       0x22 ..\..\AntonAvrLib\Debug\libAntonAvrLib.a(port.o)
                0x000011f4                readPin
 .text.libgcc   0x00001216        0x0 c:/program files (x86)/atmel/atmel studio 6.0/extensions/atmel/avrgcc/3.3.2.31/avrtoolchain/bin/../lib/gcc/avr/4.5.1/avr51\libgcc.a(_exit.o)
 .text.libgcc   0x00001216        0x0 c:/program files (x86)/atmel/atmel studio 6.0/extensions/atmel/avrgcc/3.3.2.31/avrtoolchain/bin/../lib/gcc/avr/4.5.1/avr51\libgcc.a(_copy_data.o)
 .text.libgcc   0x00001216        0x0 c:/program files (x86)/atmel/atmel studio 6.0/extensions/atmel/avrgcc/3.3.2.31/avrtoolchain/bin/../lib/gcc/avr/4.5.1/avr51\libgcc.a(_clear_bss.o)
 .text.avr-libc
                0x00001216       0x4a c:/program files (x86)/atmel/atmel studio 6.0/extensions/atmel/avrgcc/3.3.2.31/avrtoolchain/bin/../lib/gcc/avr/4.5.1/../../../../avr/lib/avr51\libc.a(calloc.o)
                0x00001216                calloc
 .text.avr-libc
                0x00001260      0x266 c:/program files (x86)/atmel/atmel studio 6.0/extensions/atmel/avrgcc/3.3.2.31/avrtoolchain/bin/../lib/gcc/avr/4.5.1/../../../../avr/lib/avr51\libc.a(malloc.o)
                0x00001260                malloc
                0x00001394                free
 .text.avr-libc
                0x000014c6        0xe c:/program files (x86)/atmel/atmel studio 6.0/extensions/atmel/avrgcc/3.3.2.31/avrtoolchain/bin/../lib/gcc/avr/4.5.1/../../../../avr/lib/avr51\libc.a(memset.o)
                0x000014c6                memset
                0x000014d4                . = ALIGN (0x2)
 *(.fini9)
 .fini9         0x000014d4        0x0 c:/program files (x86)/atmel/atmel studio 6.0/extensions/atmel/avrgcc/3.3.2.31/avrtoolchain/bin/../lib/gcc/avr/4.5.1/avr51\libgcc.a(_exit.o)
                0x000014d4                _exit
                0x000014d4                exit
 *(.fini9)
 *(.fini8)
 *(.fini8)
 *(.fini7)
 *(.fini7)
 *(.fini6)
 *(.fini6)
 *(.fini5)
 *(.fini5)
 *(.fini4)
 *(.fini4)
 *(.fini3)
 *(.fini3)
 *(.fini2)
 *(.fini2)
 *(.fini1)
 .fini1         0x000014d4        0x6 ..\..\Kernel-Simulator\Debug\libKernel-Simulator.a(simulator_kernel.o)
                0x000014d4                MainProcessEnd
 *(.fini1)
 *(.fini0)
 .fini0         0x000014da        0x4 c:/program files (x86)/atmel/atmel studio 6.0/extensions/atmel/avrgcc/3.3.2.31/avrtoolchain/bin/../lib/gcc/avr/4.5.1/avr51\libgcc.a(_exit.o)
 *(.fini0)
                0x000014de                _etext = .

.data           0x00800100       0xe6 load address 0x000014de
                0x00800100                PROVIDE (__data_start, .)
 *(.data)
 .data          0x00800100        0x0 c:/program files (x86)/atmel/atmel studio 6.0/extensions/atmel/avrgcc/3.3.2.31/avrtoolchain/bin/../lib/gcc/avr/4.5.1/../../../../avr/lib/avr51/crtm1284p.o
 .data          0x00800100        0x0 Main.o
 .data          0x00800100        0x0 ..\..\AntonAvrLib\Debug\libAntonAvrLib.a(dms_scheduler.o)
 .data          0x00800100        0x0 ..\..\AntonAvrLib\Debug\libAntonAvrLib.a(scheduler.o)
 .data          0x00800100       0xd8 ..\..\Kernel-Simulator\Debug\libKernel-Simulator.a(simulator_kernel.o)
                0x00800100                __default_stack_size
                0x00800102                __nextProcessNumber
 .data          0x008001d8        0x8 ..\..\AntonAvrLib\Debug\libAntonAvrLib.a(timer.o)
 .data          0x008001e0        0x0 ..\..\AntonAvrLib\Debug\libAntonAvrLib.a(rr_scheduler.o)
 .data          0x008001e0        0x0 ..\..\AntonAvrLib\Debug\libAntonAvrLib.a(hardware_reset.o)
 .data          0x008001e0        0x0 ..\..\AntonAvrLib\Debug\libAntonAvrLib.a(port.o)
 .data          0x008001e0        0x0 c:/program files (x86)/atmel/atmel studio 6.0/extensions/atmel/avrgcc/3.3.2.31/avrtoolchain/bin/../lib/gcc/avr/4.5.1/avr51\libgcc.a(_exit.o)
 .data          0x008001e0        0x0 c:/program files (x86)/atmel/atmel studio 6.0/extensions/atmel/avrgcc/3.3.2.31/avrtoolchain/bin/../lib/gcc/avr/4.5.1/avr51\libgcc.a(_copy_data.o)
 .data          0x008001e0        0x0 c:/program files (x86)/atmel/atmel studio 6.0/extensions/atmel/avrgcc/3.3.2.31/avrtoolchain/bin/../lib/gcc/avr/4.5.1/avr51\libgcc.a(_clear_bss.o)
 .data          0x008001e0        0x0 c:/program files (x86)/atmel/atmel studio 6.0/extensions/atmel/avrgcc/3.3.2.31/avrtoolchain/bin/../lib/gcc/avr/4.5.1/../../../../avr/lib/avr51\libc.a(calloc.o)
 .data          0x008001e0        0x6 c:/program files (x86)/atmel/atmel studio 6.0/extensions/atmel/avrgcc/3.3.2.31/avrtoolchain/bin/../lib/gcc/avr/4.5.1/../../../../avr/lib/avr51\libc.a(malloc.o)
                0x008001e0                __malloc_margin
                0x008001e2                __malloc_heap_start
                0x008001e4                __malloc_heap_end
 .data          0x008001e6        0x0 c:/program files (x86)/atmel/atmel studio 6.0/extensions/atmel/avrgcc/3.3.2.31/avrtoolchain/bin/../lib/gcc/avr/4.5.1/../../../../avr/lib/avr51\libc.a(memset.o)
 *(.data*)
 *(.rodata)
 *(.rodata*)
 *(.gnu.linkonce.d*)
                0x008001e6                . = ALIGN (0x2)
                0x008001e6                _edata = .
                0x008001e6                PROVIDE (__data_end, .)

.bss            0x008001e6      0x118
                0x008001e6                PROVIDE (__bss_start, .)
 *(.bss)
 .bss           0x008001e6        0x0 c:/program files (x86)/atmel/atmel studio 6.0/extensions/atmel/avrgcc/3.3.2.31/avrtoolchain/bin/../lib/gcc/avr/4.5.1/../../../../avr/lib/avr51/crtm1284p.o
 .bss           0x008001e6       0x10 Main.o
                0x008001e6                counter
                0x008001ee                main_counter
 .bss           0x008001f6        0x0 ..\..\AntonAvrLib\Debug\libAntonAvrLib.a(dms_scheduler.o)
 .bss           0x008001f6        0x0 ..\..\AntonAvrLib\Debug\libAntonAvrLib.a(scheduler.o)
 .bss           0x008001f6        0x7 ..\..\Kernel-Simulator\Debug\libKernel-Simulator.a(simulator_kernel.o)
                0x008001f6                __main_process_additional_memory
                0x008001f7                __current_process
                0x008001f9                milliseconds_running
 .bss           0x008001fd        0x0 ..\..\AntonAvrLib\Debug\libAntonAvrLib.a(timer.o)
 .bss           0x008001fd        0x2 ..\..\AntonAvrLib\Debug\libAntonAvrLib.a(rr_scheduler.o)
                0x008001fd                highestPrio
 .bss           0x008001ff        0x0 ..\..\AntonAvrLib\Debug\libAntonAvrLib.a(hardware_reset.o)
 .bss           0x008001ff        0x0 ..\..\AntonAvrLib\Debug\libAntonAvrLib.a(port.o)
 .bss           0x008001ff        0x0 c:/program files (x86)/atmel/atmel studio 6.0/extensions/atmel/avrgcc/3.3.2.31/avrtoolchain/bin/../lib/gcc/avr/4.5.1/avr51\libgcc.a(_exit.o)
 .bss           0x008001ff        0x0 c:/program files (x86)/atmel/atmel studio 6.0/extensions/atmel/avrgcc/3.3.2.31/avrtoolchain/bin/../lib/gcc/avr/4.5.1/avr51\libgcc.a(_copy_data.o)
 .bss           0x008001ff        0x0 c:/program files (x86)/atmel/atmel studio 6.0/extensions/atmel/avrgcc/3.3.2.31/avrtoolchain/bin/../lib/gcc/avr/4.5.1/avr51\libgcc.a(_clear_bss.o)
 .bss           0x008001ff        0x0 c:/program files (x86)/atmel/atmel studio 6.0/extensions/atmel/avrgcc/3.3.2.31/avrtoolchain/bin/../lib/gcc/avr/4.5.1/../../../../avr/lib/avr51\libc.a(calloc.o)
 .bss           0x008001ff        0x0 c:/program files (x86)/atmel/atmel studio 6.0/extensions/atmel/avrgcc/3.3.2.31/avrtoolchain/bin/../lib/gcc/avr/4.5.1/../../../../avr/lib/avr51\libc.a(malloc.o)
 .bss           0x008001ff        0x0 c:/program files (x86)/atmel/atmel studio 6.0/extensions/atmel/avrgcc/3.3.2.31/avrtoolchain/bin/../lib/gcc/avr/4.5.1/../../../../avr/lib/avr51\libc.a(memset.o)
 *(.bss*)
 *(COMMON)
 COMMON         0x008001ff        0x2 ..\..\AntonAvrLib\Debug\libAntonAvrLib.a(dms_scheduler.o)
                0x008001ff                processListHead
 COMMON         0x00800201       0xd6 ..\..\Kernel-Simulator\Debug\libKernel-Simulator.a(simulator_kernel.o)
                0x00800201                Timer3B
                0x00800209                PinC7
                0x0080020c                Timer3
                0x00800213                PinB2
                0x00800216                PinB6
                0x00800219                Timer1A
                0x00800221                PinD2
                0x00800224                PinD0
                0x00800227                PinC4
                0x0080022a                PinA4
                0x0080022d                PinD1
                0x00800230                Timer3A
                0x00800238                PinC3
                0x0080023b                Timer0
                0x00800242                PinB7
                0x00800245                PinB5
                0x00800248                Timer2A
                0x00800250                PortD
                0x00800256                PinA5
                0x00800259                PinA2
                0x0080025c                PinD3
                0x0080025f                PinC6
                0x00800262                Timer0A
                0x0080026a                PinA3
                0x0080026d                PinC5
                0x00800270                PinC1
                0x00800273                PinB0
                0x00800276                PortC
                0x0080027c                PinA0
                0x0080027f                PortA
                0x00800285                PinB3
                0x00800288                PinA7
                0x0080028b                Timer2
                0x00800292                PinB4
                0x00800295                PinC2
                0x00800298                PinD5
                0x0080029b                __idle_process
                0x0080029d                PinC0
                0x008002a0                PinD7
                0x008002a3                Timer2B
                0x008002ab                Timer1B
                0x008002b3                PinD4
                0x008002b6                Timer0B
                0x008002be                PinA6
                0x008002c1                Timer1
                0x008002c8                PinD6
                0x008002cb                PinA1
                0x008002ce                PinB1
                0x008002d1                PortB
 COMMON         0x008002d7       0x23 ..\..\AntonAvrLib\Debug\libAntonAvrLib.a(rr_scheduler.o)
                0x008002d7                queues
 COMMON         0x008002fa        0x4 c:/program files (x86)/atmel/atmel studio 6.0/extensions/atmel/avrgcc/3.3.2.31/avrtoolchain/bin/../lib/gcc/avr/4.5.1/../../../../avr/lib/avr51\libc.a(malloc.o)
                0x008002fa                __brkval
                0x008002fc                __flp
                0x008002fe                PROVIDE (__bss_end, .)
                0x000014de                __data_load_start = LOADADDR (.data)
                0x000015c4                __data_load_end = (__data_load_start + SIZEOF (.data))

.noinit         0x008002fe        0x0
                0x008002fe                PROVIDE (__noinit_start, .)
 *(.noinit*)
                0x008002fe                PROVIDE (__noinit_end, .)
                0x008002fe                _end = .
                0x008002fe                PROVIDE (__heap_start, .)

.eeprom         0x00810000        0x0
 *(.eeprom*)
                0x00810000                __eeprom_end = .

.fuse
 *(.fuse)
 *(.lfuse)
 *(.hfuse)
 *(.efuse)

.lock
 *(.lock*)

.signature
 *(.signature*)

.stab           0x00000000      0x738
 *(.stab)
 .stab          0x00000000      0x6cc c:/program files (x86)/atmel/atmel studio 6.0/extensions/atmel/avrgcc/3.3.2.31/avrtoolchain/bin/../lib/gcc/avr/4.5.1/../../../../avr/lib/avr51/crtm1284p.o
 .stab          0x000006cc       0x6c c:/program files (x86)/atmel/atmel studio 6.0/extensions/atmel/avrgcc/3.3.2.31/avrtoolchain/bin/../lib/gcc/avr/4.5.1/../../../../avr/lib/avr51\libc.a(memset.o)
                                 0x78 (size before relaxing)

.stabstr        0x00000000      0x10b
 *(.stabstr)
 .stabstr       0x00000000      0x10b c:/program files (x86)/atmel/atmel studio 6.0/extensions/atmel/avrgcc/3.3.2.31/avrtoolchain/bin/../lib/gcc/avr/4.5.1/../../../../avr/lib/avr51/crtm1284p.o

.stab.excl
 *(.stab.excl)

.stab.exclstr
 *(.stab.exclstr)

.stab.index
 *(.stab.index)

.stab.indexstr
 *(.stab.indexstr)

.comment
 *(.comment)

.debug
 *(.debug)

.line
 *(.line)

.debug_srcinfo
 *(.debug_srcinfo)

.debug_sfnames
 *(.debug_sfnames)

.debug_aranges  0x00000000      0x358
 *(.debug_aranges)
 .debug_aranges
                0x00000000       0x30 Main.o
 .debug_aranges
                0x00000030       0x58 ..\..\AntonAvrLib\Debug\libAntonAvrLib.a(dms_scheduler.o)
 .debug_aranges
                0x00000088       0x30 ..\..\AntonAvrLib\Debug\libAntonAvrLib.a(scheduler.o)
 .debug_aranges
                0x000000b8      0x120 ..\..\Kernel-Simulator\Debug\libKernel-Simulator.a(simulator_kernel.o)
 .debug_aranges
                0x000001d8       0x58 ..\..\AntonAvrLib\Debug\libAntonAvrLib.a(timer.o)
 .debug_aranges
                0x00000230       0x58 ..\..\AntonAvrLib\Debug\libAntonAvrLib.a(rr_scheduler.o)
 .debug_aranges
                0x00000288       0x20 ..\..\AntonAvrLib\Debug\libAntonAvrLib.a(hardware_reset.o)
 .debug_aranges
                0x000002a8       0x68 ..\..\AntonAvrLib\Debug\libAntonAvrLib.a(port.o)
 .debug_aranges
                0x00000310       0x20 c:/program files (x86)/atmel/atmel studio 6.0/extensions/atmel/avrgcc/3.3.2.31/avrtoolchain/bin/../lib/gcc/avr/4.5.1/../../../../avr/lib/avr51\libc.a(calloc.o)
 .debug_aranges
                0x00000330       0x28 c:/program files (x86)/atmel/atmel studio 6.0/extensions/atmel/avrgcc/3.3.2.31/avrtoolchain/bin/../lib/gcc/avr/4.5.1/../../../../avr/lib/avr51\libc.a(malloc.o)

.debug_pubnames
                0x00000000      0xa0b
 *(.debug_pubnames)
 .debug_pubnames
                0x00000000       0x5f Main.o
 .debug_pubnames
                0x0000005f       0xd3 ..\..\AntonAvrLib\Debug\libAntonAvrLib.a(dms_scheduler.o)
 .debug_pubnames
                0x00000132       0x4f ..\..\AntonAvrLib\Debug\libAntonAvrLib.a(scheduler.o)
 .debug_pubnames
                0x00000181      0x573 ..\..\Kernel-Simulator\Debug\libKernel-Simulator.a(simulator_kernel.o)
 .debug_pubnames
                0x000006f4       0xe2 ..\..\AntonAvrLib\Debug\libAntonAvrLib.a(timer.o)
 .debug_pubnames
                0x000007d6       0xcd ..\..\AntonAvrLib\Debug\libAntonAvrLib.a(rr_scheduler.o)
 .debug_pubnames
                0x000008a3       0x25 ..\..\AntonAvrLib\Debug\libAntonAvrLib.a(hardware_reset.o)
 .debug_pubnames
                0x000008c8       0xa7 ..\..\AntonAvrLib\Debug\libAntonAvrLib.a(port.o)
 .debug_pubnames
                0x0000096f       0x1d c:/program files (x86)/atmel/atmel studio 6.0/extensions/atmel/avrgcc/3.3.2.31/avrtoolchain/bin/../lib/gcc/avr/4.5.1/../../../../avr/lib/avr51\libc.a(calloc.o)
 .debug_pubnames
                0x0000098c       0x7f c:/program files (x86)/atmel/atmel studio 6.0/extensions/atmel/avrgcc/3.3.2.31/avrtoolchain/bin/../lib/gcc/avr/4.5.1/../../../../avr/lib/avr51\libc.a(malloc.o)

.debug_info     0x00000000     0x2795
 *(.debug_info)
 .debug_info    0x00000000       0xdc Main.o
 .debug_info    0x000000dc      0x4fa ..\..\AntonAvrLib\Debug\libAntonAvrLib.a(dms_scheduler.o)
 .debug_info    0x000005d6      0x10d ..\..\AntonAvrLib\Debug\libAntonAvrLib.a(scheduler.o)
 .debug_info    0x000006e3     0x10e5 ..\..\Kernel-Simulator\Debug\libKernel-Simulator.a(simulator_kernel.o)
 .debug_info    0x000017c8      0x50b ..\..\AntonAvrLib\Debug\libAntonAvrLib.a(timer.o)
 .debug_info    0x00001cd3      0x440 ..\..\AntonAvrLib\Debug\libAntonAvrLib.a(rr_scheduler.o)
 .debug_info    0x00002113       0x85 ..\..\AntonAvrLib\Debug\libAntonAvrLib.a(hardware_reset.o)
 .debug_info    0x00002198      0x2d6 ..\..\AntonAvrLib\Debug\libAntonAvrLib.a(port.o)
 .debug_info    0x0000246e       0x91 c:/program files (x86)/atmel/atmel studio 6.0/extensions/atmel/avrgcc/3.3.2.31/avrtoolchain/bin/../lib/gcc/avr/4.5.1/../../../../avr/lib/avr51\libc.a(calloc.o)
 .debug_info    0x000024ff      0x296 c:/program files (x86)/atmel/atmel studio 6.0/extensions/atmel/avrgcc/3.3.2.31/avrtoolchain/bin/../lib/gcc/avr/4.5.1/../../../../avr/lib/avr51\libc.a(malloc.o)
 *(.gnu.linkonce.wi.*)

.debug_abbrev   0x00000000      0xa36
 *(.debug_abbrev)
 .debug_abbrev  0x00000000       0x7f Main.o
 .debug_abbrev  0x0000007f      0x17e ..\..\AntonAvrLib\Debug\libAntonAvrLib.a(dms_scheduler.o)
 .debug_abbrev  0x000001fd       0xaf ..\..\AntonAvrLib\Debug\libAntonAvrLib.a(scheduler.o)
 .debug_abbrev  0x000002ac      0x295 ..\..\Kernel-Simulator\Debug\libKernel-Simulator.a(simulator_kernel.o)
 .debug_abbrev  0x00000541      0x10e ..\..\AntonAvrLib\Debug\libAntonAvrLib.a(timer.o)
 .debug_abbrev  0x0000064f      0x12f ..\..\AntonAvrLib\Debug\libAntonAvrLib.a(rr_scheduler.o)
 .debug_abbrev  0x0000077e       0x4e ..\..\AntonAvrLib\Debug\libAntonAvrLib.a(hardware_reset.o)
 .debug_abbrev  0x000007cc      0x100 ..\..\AntonAvrLib\Debug\libAntonAvrLib.a(port.o)
 .debug_abbrev  0x000008cc       0x75 c:/program files (x86)/atmel/atmel studio 6.0/extensions/atmel/avrgcc/3.3.2.31/avrtoolchain/bin/../lib/gcc/avr/4.5.1/../../../../avr/lib/avr51\libc.a(calloc.o)
 .debug_abbrev  0x00000941       0xf5 c:/program files (x86)/atmel/atmel studio 6.0/extensions/atmel/avrgcc/3.3.2.31/avrtoolchain/bin/../lib/gcc/avr/4.5.1/../../../../avr/lib/avr51\libc.a(malloc.o)

.debug_line     0x00000000     0x3920
 *(.debug_line)
 .debug_line    0x00000000      0x744 Main.o
 .debug_line    0x00000744      0x5b5 ..\..\AntonAvrLib\Debug\libAntonAvrLib.a(dms_scheduler.o)
 .debug_line    0x00000cf9      0x3bc ..\..\AntonAvrLib\Debug\libAntonAvrLib.a(scheduler.o)
 .debug_line    0x000010b5      0xefe ..\..\Kernel-Simulator\Debug\libKernel-Simulator.a(simulator_kernel.o)
 .debug_line    0x00001fb3      0x75e ..\..\AntonAvrLib\Debug\libAntonAvrLib.a(timer.o)
 .debug_line    0x00002711      0x520 ..\..\AntonAvrLib\Debug\libAntonAvrLib.a(rr_scheduler.o)
 .debug_line    0x00002c31      0x32c ..\..\AntonAvrLib\Debug\libAntonAvrLib.a(hardware_reset.o)
 .debug_line    0x00002f5d      0x460 ..\..\AntonAvrLib\Debug\libAntonAvrLib.a(port.o)
 .debug_line    0x000033bd      0x15e c:/program files (x86)/atmel/atmel studio 6.0/extensions/atmel/avrgcc/3.3.2.31/avrtoolchain/bin/../lib/gcc/avr/4.5.1/../../../../avr/lib/avr51\libc.a(calloc.o)
 .debug_line    0x0000351b      0x405 c:/program files (x86)/atmel/atmel studio 6.0/extensions/atmel/avrgcc/3.3.2.31/avrtoolchain/bin/../lib/gcc/avr/4.5.1/../../../../avr/lib/avr51\libc.a(malloc.o)

.debug_frame    0x00000000      0x570
 *(.debug_frame)
 .debug_frame   0x00000000       0x40 Main.o
 .debug_frame   0x00000040       0x90 ..\..\AntonAvrLib\Debug\libAntonAvrLib.a(dms_scheduler.o)
 .debug_frame   0x000000d0       0x40 ..\..\AntonAvrLib\Debug\libAntonAvrLib.a(scheduler.o)
 .debug_frame   0x00000110      0x220 ..\..\Kernel-Simulator\Debug\libKernel-Simulator.a(simulator_kernel.o)
 .debug_frame   0x00000330       0x90 ..\..\AntonAvrLib\Debug\libAntonAvrLib.a(timer.o)
 .debug_frame   0x000003c0       0x90 ..\..\AntonAvrLib\Debug\libAntonAvrLib.a(rr_scheduler.o)
 .debug_frame   0x00000450       0x20 ..\..\AntonAvrLib\Debug\libAntonAvrLib.a(hardware_reset.o)
 .debug_frame   0x00000470       0xb0 ..\..\AntonAvrLib\Debug\libAntonAvrLib.a(port.o)
 .debug_frame   0x00000520       0x20 c:/program files (x86)/atmel/atmel studio 6.0/extensions/atmel/avrgcc/3.3.2.31/avrtoolchain/bin/../lib/gcc/avr/4.5.1/../../../../avr/lib/avr51\libc.a(calloc.o)
 .debug_frame   0x00000540       0x30 c:/program files (x86)/atmel/atmel studio 6.0/extensions/atmel/avrgcc/3.3.2.31/avrtoolchain/bin/../lib/gcc/avr/4.5.1/../../../../avr/lib/avr51\libc.a(malloc.o)

.debug_str      0x00000000      0xf7e
 *(.debug_str)
 .debug_str     0x00000000       0xb3 Main.o
                                 0xef (size before relaxing)
 .debug_str     0x000000b3      0x23c ..\..\AntonAvrLib\Debug\libAntonAvrLib.a(dms_scheduler.o)
                                0x2cb (size before relaxing)
 .debug_str     0x000002ef       0x51 ..\..\AntonAvrLib\Debug\libAntonAvrLib.a(scheduler.o)
                                0x12c (size before relaxing)
 .debug_str     0x00000340      0x74e ..\..\Kernel-Simulator\Debug\libKernel-Simulator.a(simulator_kernel.o)
                                0x88d (size before relaxing)
 .debug_str     0x00000a8e      0x14d ..\..\AntonAvrLib\Debug\libAntonAvrLib.a(timer.o)
                                0x45b (size before relaxing)
 .debug_str     0x00000bdb      0x1b1 ..\..\AntonAvrLib\Debug\libAntonAvrLib.a(rr_scheduler.o)
                                0x2c7 (size before relaxing)
 .debug_str     0x00000d8c       0x2a ..\..\AntonAvrLib\Debug\libAntonAvrLib.a(hardware_reset.o)
                                 0xd3 (size before relaxing)
 .debug_str     0x00000db6       0x86 ..\..\AntonAvrLib\Debug\libAntonAvrLib.a(port.o)
                                0x15a (size before relaxing)
 .debug_str     0x00000e3c       0x70 c:/program files (x86)/atmel/atmel studio 6.0/extensions/atmel/avrgcc/3.3.2.31/avrtoolchain/bin/../lib/gcc/avr/4.5.1/../../../../avr/lib/avr51\libc.a(calloc.o)
                                 0x9e (size before relaxing)
 .debug_str     0x00000eac       0xd2 c:/program files (x86)/atmel/atmel studio 6.0/extensions/atmel/avrgcc/3.3.2.31/avrtoolchain/bin/../lib/gcc/avr/4.5.1/../../../../avr/lib/avr51\libc.a(malloc.o)
                                0x17c (size before relaxing)

.debug_loc      0x00000000     0x17aa
 *(.debug_loc)
 .debug_loc     0x00000000      0x3de ..\..\AntonAvrLib\Debug\libAntonAvrLib.a(dms_scheduler.o)
 .debug_loc     0x000003de       0x18 ..\..\AntonAvrLib\Debug\libAntonAvrLib.a(scheduler.o)
 .debug_loc     0x000003f6      0x472 ..\..\Kernel-Simulator\Debug\libKernel-Simulator.a(simulator_kernel.o)
 .debug_loc     0x00000868      0x68c ..\..\AntonAvrLib\Debug\libAntonAvrLib.a(timer.o)
 .debug_loc     0x00000ef4      0x2cd ..\..\AntonAvrLib\Debug\libAntonAvrLib.a(rr_scheduler.o)
 .debug_loc     0x000011c1      0x168 ..\..\AntonAvrLib\Debug\libAntonAvrLib.a(port.o)
 .debug_loc     0x00001329       0x58 c:/program files (x86)/atmel/atmel studio 6.0/extensions/atmel/avrgcc/3.3.2.31/avrtoolchain/bin/../lib/gcc/avr/4.5.1/../../../../avr/lib/avr51\libc.a(calloc.o)
 .debug_loc     0x00001381      0x429 c:/program files (x86)/atmel/atmel studio 6.0/extensions/atmel/avrgcc/3.3.2.31/avrtoolchain/bin/../lib/gcc/avr/4.5.1/../../../../avr/lib/avr51\libc.a(malloc.o)

.debug_macinfo  0x00000000    0x3fdd8
 *(.debug_macinfo)
 .debug_macinfo
                0x00000000     0x7e23 Main.o
 .debug_macinfo
                0x00007e23     0x8236 ..\..\AntonAvrLib\Debug\libAntonAvrLib.a(dms_scheduler.o)
 .debug_macinfo
                0x00010059     0x8034 ..\..\AntonAvrLib\Debug\libAntonAvrLib.a(scheduler.o)
 .debug_macinfo
                0x0001808d     0x8c69 ..\..\Kernel-Simulator\Debug\libKernel-Simulator.a(simulator_kernel.o)
 .debug_macinfo
                0x00020cf6     0x7d4d ..\..\AntonAvrLib\Debug\libAntonAvrLib.a(timer.o)
 .debug_macinfo
                0x00028a43     0x7b9f ..\..\AntonAvrLib\Debug\libAntonAvrLib.a(rr_scheduler.o)
 .debug_macinfo
                0x000305e2     0x7b60 ..\..\AntonAvrLib\Debug\libAntonAvrLib.a(hardware_reset.o)
 .debug_macinfo
                0x00038142     0x7c96 ..\..\AntonAvrLib\Debug\libAntonAvrLib.a(port.o)
OUTPUT(Main-Simulator.elf elf32-avr)
LOAD linker stubs

.debug_pubtypes
                0x00000000      0x458
 .debug_pubtypes
                0x00000000       0x12 Main.o
 .debug_pubtypes
                0x00000012       0xb7 ..\..\AntonAvrLib\Debug\libAntonAvrLib.a(dms_scheduler.o)
 .debug_pubtypes
                0x000000c9       0x45 ..\..\AntonAvrLib\Debug\libAntonAvrLib.a(scheduler.o)
 .debug_pubtypes
                0x0000010e       0xfa ..\..\Kernel-Simulator\Debug\libKernel-Simulator.a(simulator_kernel.o)
 .debug_pubtypes
                0x00000208       0xbd ..\..\AntonAvrLib\Debug\libAntonAvrLib.a(timer.o)
 .debug_pubtypes
                0x000002c5       0xe5 ..\..\AntonAvrLib\Debug\libAntonAvrLib.a(rr_scheduler.o)
 .debug_pubtypes
                0x000003aa       0x1e ..\..\AntonAvrLib\Debug\libAntonAvrLib.a(hardware_reset.o)
 .debug_pubtypes
                0x000003c8       0x3a ..\..\AntonAvrLib\Debug\libAntonAvrLib.a(port.o)
 .debug_pubtypes
                0x00000402       0x1d c:/program files (x86)/atmel/atmel studio 6.0/extensions/atmel/avrgcc/3.3.2.31/avrtoolchain/bin/../lib/gcc/avr/4.5.1/../../../../avr/lib/avr51\libc.a(calloc.o)
 .debug_pubtypes
                0x0000041f       0x39 c:/program files (x86)/atmel/atmel studio 6.0/extensions/atmel/avrgcc/3.3.2.31/avrtoolchain/bin/../lib/gcc/avr/4.5.1/../../../../avr/lib/avr51\libc.a(malloc.o)

.debug_ranges   0x00000000      0x2e8
 .debug_ranges  0x00000000       0x20 Main.o
 .debug_ranges  0x00000020       0x48 ..\..\AntonAvrLib\Debug\libAntonAvrLib.a(dms_scheduler.o)
 .debug_ranges  0x00000068       0x20 ..\..\AntonAvrLib\Debug\libAntonAvrLib.a(scheduler.o)
 .debug_ranges  0x00000088      0x140 ..\..\Kernel-Simulator\Debug\libKernel-Simulator.a(simulator_kernel.o)
 .debug_ranges  0x000001c8       0x48 ..\..\AntonAvrLib\Debug\libAntonAvrLib.a(timer.o)
 .debug_ranges  0x00000210       0x48 ..\..\AntonAvrLib\Debug\libAntonAvrLib.a(rr_scheduler.o)
 .debug_ranges  0x00000258       0x10 ..\..\AntonAvrLib\Debug\libAntonAvrLib.a(hardware_reset.o)
 .debug_ranges  0x00000268       0x58 ..\..\AntonAvrLib\Debug\libAntonAvrLib.a(port.o)
 .debug_ranges  0x000002c0       0x10 c:/program files (x86)/atmel/atmel studio 6.0/extensions/atmel/avrgcc/3.3.2.31/avrtoolchain/bin/../lib/gcc/avr/4.5.1/../../../../avr/lib/avr51\libc.a(calloc.o)
 .debug_ranges  0x000002d0       0x18 c:/program files (x86)/atmel/atmel studio 6.0/extensions/atmel/avrgcc/3.3.2.31/avrtoolchain/bin/../lib/gcc/avr/4.5.1/../../../../avr/lib/avr51\libc.a(malloc.o)
