Archive member included because of file (symbol)

..\..\AntonAvrLib\Release\libAntonAvrLib.a(motor_smooth.o)
                              Main.o (regulateStopMotor)
..\..\AntonAvrLib\Release\libAntonAvrLib.a(motor.o)
                              ..\..\AntonAvrLib\Release\libAntonAvrLib.a(motor_smooth.o) (setSpeed)
..\..\AntonAvrLib\Release\libAntonAvrLib.a(port.o)
                              ..\..\AntonAvrLib\Release\libAntonAvrLib.a(motor.o) (writePin)
..\..\AntonAvrLib\Release\libAntonAvrLib.a(timer.o)
                              ..\..\AntonAvrLib\Release\libAntonAvrLib.a(motor.o) (enableOutputCompare)
..\..\Kernel-Tank-MASTER\Release\libKernel-Tank-MASTER.a(kernel.o)
                              ..\..\AntonAvrLib\Release\libAntonAvrLib.a(motor_smooth.o) (mutex_lock)
c:/program files (x86)/atmel/atmel studio 6.0/extensions/atmel/avrgcc/3.3.2.31/avrtoolchain/bin/../lib/gcc/avr/4.5.1/../../../../avr/lib/avr51\libm.a(fixunssfsi.o)
                              ..\..\AntonAvrLib\Release\libAntonAvrLib.a(motor.o) (__fixunssfsi)
c:/program files (x86)/atmel/atmel studio 6.0/extensions/atmel/avrgcc/3.3.2.31/avrtoolchain/bin/../lib/gcc/avr/4.5.1/../../../../avr/lib/avr51\libm.a(floatsisf.o)
                              ..\..\AntonAvrLib\Release\libAntonAvrLib.a(motor.o) (__floatunsisf)
c:/program files (x86)/atmel/atmel studio 6.0/extensions/atmel/avrgcc/3.3.2.31/avrtoolchain/bin/../lib/gcc/avr/4.5.1/../../../../avr/lib/avr51\libm.a(fp_split3.o)
                              c:/program files (x86)/atmel/atmel studio 6.0/extensions/atmel/avrgcc/3.3.2.31/avrtoolchain/bin/../lib/gcc/avr/4.5.1/../../../../avr/lib/avr51\libm.a(fixunssfsi.o) (__fp_splitA)
c:/program files (x86)/atmel/atmel studio 6.0/extensions/atmel/avrgcc/3.3.2.31/avrtoolchain/bin/../lib/gcc/avr/4.5.1/../../../../avr/lib/avr51\libm.a(fp_zero.o)
                              c:/program files (x86)/atmel/atmel studio 6.0/extensions/atmel/avrgcc/3.3.2.31/avrtoolchain/bin/../lib/gcc/avr/4.5.1/../../../../avr/lib/avr51\libm.a(fixunssfsi.o) (__fp_zero)
c:/program files (x86)/atmel/atmel studio 6.0/extensions/atmel/avrgcc/3.3.2.31/avrtoolchain/bin/../lib/gcc/avr/4.5.1/../../../../avr/lib/avr51\libm.a(mulsf3.o)
                              ..\..\AntonAvrLib\Release\libAntonAvrLib.a(motor.o) (__mulsf3)
c:/program files (x86)/atmel/atmel studio 6.0/extensions/atmel/avrgcc/3.3.2.31/avrtoolchain/bin/../lib/gcc/avr/4.5.1/../../../../avr/lib/avr51\libm.a(mulsf3x.o)
                              c:/program files (x86)/atmel/atmel studio 6.0/extensions/atmel/avrgcc/3.3.2.31/avrtoolchain/bin/../lib/gcc/avr/4.5.1/../../../../avr/lib/avr51\libm.a(mulsf3.o) (__mulsf3x)
c:/program files (x86)/atmel/atmel studio 6.0/extensions/atmel/avrgcc/3.3.2.31/avrtoolchain/bin/../lib/gcc/avr/4.5.1/../../../../avr/lib/avr51\libm.a(fp_inf.o)
                              c:/program files (x86)/atmel/atmel studio 6.0/extensions/atmel/avrgcc/3.3.2.31/avrtoolchain/bin/../lib/gcc/avr/4.5.1/../../../../avr/lib/avr51\libm.a(mulsf3x.o) (__fp_inf)
c:/program files (x86)/atmel/atmel studio 6.0/extensions/atmel/avrgcc/3.3.2.31/avrtoolchain/bin/../lib/gcc/avr/4.5.1/../../../../avr/lib/avr51\libm.a(fp_nan.o)
                              c:/program files (x86)/atmel/atmel studio 6.0/extensions/atmel/avrgcc/3.3.2.31/avrtoolchain/bin/../lib/gcc/avr/4.5.1/../../../../avr/lib/avr51\libm.a(mulsf3x.o) (__fp_nan)
c:/program files (x86)/atmel/atmel studio 6.0/extensions/atmel/avrgcc/3.3.2.31/avrtoolchain/bin/../lib/gcc/avr/4.5.1/../../../../avr/lib/avr51\libm.a(fp_pscA.o)
                              c:/program files (x86)/atmel/atmel studio 6.0/extensions/atmel/avrgcc/3.3.2.31/avrtoolchain/bin/../lib/gcc/avr/4.5.1/../../../../avr/lib/avr51\libm.a(mulsf3x.o) (__fp_pscA)
c:/program files (x86)/atmel/atmel studio 6.0/extensions/atmel/avrgcc/3.3.2.31/avrtoolchain/bin/../lib/gcc/avr/4.5.1/../../../../avr/lib/avr51\libm.a(fp_pscB.o)
                              c:/program files (x86)/atmel/atmel studio 6.0/extensions/atmel/avrgcc/3.3.2.31/avrtoolchain/bin/../lib/gcc/avr/4.5.1/../../../../avr/lib/avr51\libm.a(mulsf3x.o) (__fp_pscB)
c:/program files (x86)/atmel/atmel studio 6.0/extensions/atmel/avrgcc/3.3.2.31/avrtoolchain/bin/../lib/gcc/avr/4.5.1/../../../../avr/lib/avr51\libm.a(fp_round.o)
                              c:/program files (x86)/atmel/atmel studio 6.0/extensions/atmel/avrgcc/3.3.2.31/avrtoolchain/bin/../lib/gcc/avr/4.5.1/../../../../avr/lib/avr51\libm.a(mulsf3.o) (__fp_round)
..\..\AntonAvrLib\Release\libAntonAvrLib.a(idle.o)
                              ..\..\Kernel-Tank-MASTER\Release\libKernel-Tank-MASTER.a(kernel.o) (processor_loop_idle)
c:/program files (x86)/atmel/atmel studio 6.0/extensions/atmel/avrgcc/3.3.2.31/avrtoolchain/bin/../lib/gcc/avr/4.5.1/avr51\libgcc.a(_exit.o)
                              c:/program files (x86)/atmel/atmel studio 6.0/extensions/atmel/avrgcc/3.3.2.31/avrtoolchain/bin/../lib/gcc/avr/4.5.1/../../../../avr/lib/avr51/crtm1284p.o (exit)
c:/program files (x86)/atmel/atmel studio 6.0/extensions/atmel/avrgcc/3.3.2.31/avrtoolchain/bin/../lib/gcc/avr/4.5.1/avr51\libgcc.a(_copy_data.o)
                              ..\..\AntonAvrLib\Release\libAntonAvrLib.a(timer.o) (__do_copy_data)
c:/program files (x86)/atmel/atmel studio 6.0/extensions/atmel/avrgcc/3.3.2.31/avrtoolchain/bin/../lib/gcc/avr/4.5.1/avr51\libgcc.a(_clear_bss.o)
                              ..\..\Kernel-Tank-MASTER\Release\libKernel-Tank-MASTER.a(kernel.o) (__do_clear_bss)
c:/program files (x86)/atmel/atmel studio 6.0/extensions/atmel/avrgcc/3.3.2.31/avrtoolchain/bin/../lib/gcc/avr/4.5.1/../../../../avr/lib/avr51\libc.a(malloc.o)
                              ..\..\Kernel-Tank-MASTER\Release\libKernel-Tank-MASTER.a(kernel.o) (malloc)
c:/program files (x86)/atmel/atmel studio 6.0/extensions/atmel/avrgcc/3.3.2.31/avrtoolchain/bin/../lib/gcc/avr/4.5.1/../../../../avr/lib/avr51\libc.a(memcpy.o)
                              ..\..\Kernel-Tank-MASTER\Release\libKernel-Tank-MASTER.a(kernel.o) (memcpy)

Allocating common symbols
Common symbol       size              file

twi_address         0x1               ..\..\Kernel-Tank-MASTER\Release\libKernel-Tank-MASTER.a(kernel.o)
PinA5_              0x3               ..\..\Kernel-Tank-MASTER\Release\libKernel-Tank-MASTER.a(kernel.o)
PinD7_              0x3               ..\..\Kernel-Tank-MASTER\Release\libKernel-Tank-MASTER.a(kernel.o)
PinC1_              0x3               ..\..\Kernel-Tank-MASTER\Release\libKernel-Tank-MASTER.a(kernel.o)
PinC4_              0x3               ..\..\Kernel-Tank-MASTER\Release\libKernel-Tank-MASTER.a(kernel.o)
RightMotorBase_     0xb               ..\..\Kernel-Tank-MASTER\Release\libKernel-Tank-MASTER.a(kernel.o)
PinC7_              0x3               ..\..\Kernel-Tank-MASTER\Release\libKernel-Tank-MASTER.a(kernel.o)
PinA6_              0x3               ..\..\Kernel-Tank-MASTER\Release\libKernel-Tank-MASTER.a(kernel.o)
PinB2_              0x3               ..\..\Kernel-Tank-MASTER\Release\libKernel-Tank-MASTER.a(kernel.o)
PinD0_              0x3               ..\..\Kernel-Tank-MASTER\Release\libKernel-Tank-MASTER.a(kernel.o)
sendBufferData      0xff              ..\..\Kernel-Tank-MASTER\Release\libKernel-Tank-MASTER.a(kernel.o)
PinA1_              0x3               ..\..\Kernel-Tank-MASTER\Release\libKernel-Tank-MASTER.a(kernel.o)
Timer3A_            0x8               ..\..\Kernel-Tank-MASTER\Release\libKernel-Tank-MASTER.a(kernel.o)
Timer1A_            0x8               ..\..\Kernel-Tank-MASTER\Release\libKernel-Tank-MASTER.a(kernel.o)
Timer1_             0x7               ..\..\Kernel-Tank-MASTER\Release\libKernel-Tank-MASTER.a(kernel.o)
PinC2_              0x3               ..\..\Kernel-Tank-MASTER\Release\libKernel-Tank-MASTER.a(kernel.o)
PortD_              0x6               ..\..\Kernel-Tank-MASTER\Release\libKernel-Tank-MASTER.a(kernel.o)
Timer2_             0x7               ..\..\Kernel-Tank-MASTER\Release\libKernel-Tank-MASTER.a(kernel.o)
Timer3_             0x7               ..\..\Kernel-Tank-MASTER\Release\libKernel-Tank-MASTER.a(kernel.o)
Timer0B_            0x8               ..\..\Kernel-Tank-MASTER\Release\libKernel-Tank-MASTER.a(kernel.o)
__brkval            0x2               c:/program files (x86)/atmel/atmel studio 6.0/extensions/atmel/avrgcc/3.3.2.31/avrtoolchain/bin/../lib/gcc/avr/4.5.1/../../../../avr/lib/avr51\libc.a(malloc.o)
PinC3_              0x3               ..\..\Kernel-Tank-MASTER\Release\libKernel-Tank-MASTER.a(kernel.o)
PinA4_              0x3               ..\..\Kernel-Tank-MASTER\Release\libKernel-Tank-MASTER.a(kernel.o)
PinC5_              0x3               ..\..\Kernel-Tank-MASTER\Release\libKernel-Tank-MASTER.a(kernel.o)
PortB_              0x6               ..\..\Kernel-Tank-MASTER\Release\libKernel-Tank-MASTER.a(kernel.o)
PinC0_              0x3               ..\..\Kernel-Tank-MASTER\Release\libKernel-Tank-MASTER.a(kernel.o)
alreadyHandled      0x2               ..\..\Kernel-Tank-MASTER\Release\libKernel-Tank-MASTER.a(kernel.o)
twi_error           0x2               ..\..\Kernel-Tank-MASTER\Release\libKernel-Tank-MASTER.a(kernel.o)
PinB1_              0x3               ..\..\Kernel-Tank-MASTER\Release\libKernel-Tank-MASTER.a(kernel.o)
PinA7_              0x3               ..\..\Kernel-Tank-MASTER\Release\libKernel-Tank-MASTER.a(kernel.o)
PinB7_              0x3               ..\..\Kernel-Tank-MASTER\Release\libKernel-Tank-MASTER.a(kernel.o)
LeftMotor_          0x10              ..\..\Kernel-Tank-MASTER\Release\libKernel-Tank-MASTER.a(kernel.o)
PortC_              0x6               ..\..\Kernel-Tank-MASTER\Release\libKernel-Tank-MASTER.a(kernel.o)
Timer1B_            0x8               ..\..\Kernel-Tank-MASTER\Release\libKernel-Tank-MASTER.a(kernel.o)
LeftMotorBase_      0xb               ..\..\Kernel-Tank-MASTER\Release\libKernel-Tank-MASTER.a(kernel.o)
PinD5_              0x3               ..\..\Kernel-Tank-MASTER\Release\libKernel-Tank-MASTER.a(kernel.o)
PinA0_              0x3               ..\..\Kernel-Tank-MASTER\Release\libKernel-Tank-MASTER.a(kernel.o)
PinD2_              0x3               ..\..\Kernel-Tank-MASTER\Release\libKernel-Tank-MASTER.a(kernel.o)
Timer2B_            0x8               ..\..\Kernel-Tank-MASTER\Release\libKernel-Tank-MASTER.a(kernel.o)
PinC6_              0x3               ..\..\Kernel-Tank-MASTER\Release\libKernel-Tank-MASTER.a(kernel.o)
Timer3B_            0x8               ..\..\Kernel-Tank-MASTER\Release\libKernel-Tank-MASTER.a(kernel.o)
PinD4_              0x3               ..\..\Kernel-Tank-MASTER\Release\libKernel-Tank-MASTER.a(kernel.o)
nextTwiOperation    0x2               ..\..\Kernel-Tank-MASTER\Release\libKernel-Tank-MASTER.a(kernel.o)
PinB5_              0x3               ..\..\Kernel-Tank-MASTER\Release\libKernel-Tank-MASTER.a(kernel.o)
twi_buffer          0x4               ..\..\Kernel-Tank-MASTER\Release\libKernel-Tank-MASTER.a(kernel.o)
PinA3_              0x3               ..\..\Kernel-Tank-MASTER\Release\libKernel-Tank-MASTER.a(kernel.o)
twi_running         0x2               ..\..\Kernel-Tank-MASTER\Release\libKernel-Tank-MASTER.a(kernel.o)
PinD3_              0x3               ..\..\Kernel-Tank-MASTER\Release\libKernel-Tank-MASTER.a(kernel.o)
Timer0_             0x7               ..\..\Kernel-Tank-MASTER\Release\libKernel-Tank-MASTER.a(kernel.o)
PinB0_              0x3               ..\..\Kernel-Tank-MASTER\Release\libKernel-Tank-MASTER.a(kernel.o)
PinB4_              0x3               ..\..\Kernel-Tank-MASTER\Release\libKernel-Tank-MASTER.a(kernel.o)
PinD6_              0x3               ..\..\Kernel-Tank-MASTER\Release\libKernel-Tank-MASTER.a(kernel.o)
PinA2_              0x3               ..\..\Kernel-Tank-MASTER\Release\libKernel-Tank-MASTER.a(kernel.o)
PortA_              0x6               ..\..\Kernel-Tank-MASTER\Release\libKernel-Tank-MASTER.a(kernel.o)
RightMotor_         0x10              ..\..\Kernel-Tank-MASTER\Release\libKernel-Tank-MASTER.a(kernel.o)
PinB3_              0x3               ..\..\Kernel-Tank-MASTER\Release\libKernel-Tank-MASTER.a(kernel.o)
__flp               0x2               c:/program files (x86)/atmel/atmel studio 6.0/extensions/atmel/avrgcc/3.3.2.31/avrtoolchain/bin/../lib/gcc/avr/4.5.1/../../../../avr/lib/avr51\libc.a(malloc.o)
furtherOperations   0x15              ..\..\Kernel-Tank-MASTER\Release\libKernel-Tank-MASTER.a(kernel.o)
PinD1_              0x3               ..\..\Kernel-Tank-MASTER\Release\libKernel-Tank-MASTER.a(kernel.o)
Timer2A_            0x8               ..\..\Kernel-Tank-MASTER\Release\libKernel-Tank-MASTER.a(kernel.o)
PinB6_              0x3               ..\..\Kernel-Tank-MASTER\Release\libKernel-Tank-MASTER.a(kernel.o)
Timer0A_            0x8               ..\..\Kernel-Tank-MASTER\Release\libKernel-Tank-MASTER.a(kernel.o)

Discarded input sections

 .data          0x00000000        0x0 c:/program files (x86)/atmel/atmel studio 6.0/extensions/atmel/avrgcc/3.3.2.31/avrtoolchain/bin/../lib/gcc/avr/4.5.1/../../../../avr/lib/avr51/crtm1284p.o
 .bss           0x00000000        0x0 c:/program files (x86)/atmel/atmel studio 6.0/extensions/atmel/avrgcc/3.3.2.31/avrtoolchain/bin/../lib/gcc/avr/4.5.1/../../../../avr/lib/avr51/crtm1284p.o
 .text          0x00000000        0x0 Main.o
 .data          0x00000000        0x0 Main.o
 .bss           0x00000000        0x0 Main.o
 .text.regulateBoth
                0x00000000       0xa0 Main.o
 .text.regulateOneAtATime
                0x00000000      0x112 Main.o
 .text.bothForward
                0x00000000       0x54 Main.o
 .text          0x00000000        0x0 ..\..\AntonAvrLib\Release\libAntonAvrLib.a(motor_smooth.o)
 .data          0x00000000        0x0 ..\..\AntonAvrLib\Release\libAntonAvrLib.a(motor_smooth.o)
 .bss           0x00000000        0x0 ..\..\AntonAvrLib\Release\libAntonAvrLib.a(motor_smooth.o)
 .text.regulateSpeedForward
                0x00000000       0x44 ..\..\AntonAvrLib\Release\libAntonAvrLib.a(motor_smooth.o)
 .text.regulateSpeedBackward
                0x00000000       0x44 ..\..\AntonAvrLib\Release\libAntonAvrLib.a(motor_smooth.o)
 .text.regulateDirSpeed
                0x00000000       0x82 ..\..\AntonAvrLib\Release\libAntonAvrLib.a(motor_smooth.o)
 .text.motor_smooth_needsTick
                0x00000000       0x32 ..\..\AntonAvrLib\Release\libAntonAvrLib.a(motor_smooth.o)
 .text          0x00000000        0x0 ..\..\AntonAvrLib\Release\libAntonAvrLib.a(motor.o)
 .data          0x00000000        0x0 ..\..\AntonAvrLib\Release\libAntonAvrLib.a(motor.o)
 .bss           0x00000000        0x0 ..\..\AntonAvrLib\Release\libAntonAvrLib.a(motor.o)
 .text.stopMotor
                0x00000000       0x96 ..\..\AntonAvrLib\Release\libAntonAvrLib.a(motor.o)
 .text.getSpeed
                0x00000000        0xc ..\..\AntonAvrLib\Release\libAntonAvrLib.a(motor.o)
 .text.getDirection
                0x00000000       0x7e ..\..\AntonAvrLib\Release\libAntonAvrLib.a(motor.o)
 .text.setSpeedForward
                0x00000000        0xa ..\..\AntonAvrLib\Release\libAntonAvrLib.a(motor.o)
 .text.setSpeedBackward
                0x00000000        0xa ..\..\AntonAvrLib\Release\libAntonAvrLib.a(motor.o)
 .text.getDirSpeed
                0x00000000       0x98 ..\..\AntonAvrLib\Release\libAntonAvrLib.a(motor.o)
 .text.motor_toUnsignedSpeed
                0x00000000       0x1e ..\..\AntonAvrLib\Release\libAntonAvrLib.a(motor.o)
 .text.setDirSpeed
                0x00000000       0xc2 ..\..\AntonAvrLib\Release\libAntonAvrLib.a(motor.o)
 .text          0x00000000        0x0 ..\..\AntonAvrLib\Release\libAntonAvrLib.a(port.o)
 .data          0x00000000        0x0 ..\..\AntonAvrLib\Release\libAntonAvrLib.a(port.o)
 .bss           0x00000000        0x0 ..\..\AntonAvrLib\Release\libAntonAvrLib.a(port.o)
 .text.setPortOutput
                0x00000000       0x10 ..\..\AntonAvrLib\Release\libAntonAvrLib.a(port.o)
 .text.setPortInput
                0x00000000        0xe ..\..\AntonAvrLib\Release\libAntonAvrLib.a(port.o)
 .text.setPinInput
                0x00000000       0x1e ..\..\AntonAvrLib\Release\libAntonAvrLib.a(port.o)
 .text.writePort
                0x00000000        0xc ..\..\AntonAvrLib\Release\libAntonAvrLib.a(port.o)
 .text.readPort
                0x00000000        0xe ..\..\AntonAvrLib\Release\libAntonAvrLib.a(port.o)
 .text.readPin  0x00000000       0x22 ..\..\AntonAvrLib\Release\libAntonAvrLib.a(port.o)
 .text          0x00000000        0x0 ..\..\AntonAvrLib\Release\libAntonAvrLib.a(timer.o)
 .bss           0x00000000        0x0 ..\..\AntonAvrLib\Release\libAntonAvrLib.a(timer.o)
 .text.getTimerCompareValue
                0x00000000       0x60 ..\..\AntonAvrLib\Release\libAntonAvrLib.a(timer.o)
 .text          0x00000000        0x0 ..\..\Kernel-Tank-MASTER\Release\libKernel-Tank-MASTER.a(kernel.o)
 .text.init_reset_condition
                0x00000000       0x1a ..\..\Kernel-Tank-MASTER\Release\libKernel-Tank-MASTER.a(kernel.o)
 .text.getResetStatus
                0x00000000        0x6 ..\..\Kernel-Tank-MASTER\Release\libKernel-Tank-MASTER.a(kernel.o)
 .text.init_timer_m1284P
                0x00000000      0x19a ..\..\Kernel-Tank-MASTER\Release\libKernel-Tank-MASTER.a(kernel.o)
 .text.init_timer
                0x00000000       0x3a ..\..\Kernel-Tank-MASTER\Release\libKernel-Tank-MASTER.a(kernel.o)
 .text.mutex_create
                0x00000000        0xa ..\..\Kernel-Tank-MASTER\Release\libKernel-Tank-MASTER.a(kernel.o)
 .text.mutex_trylock
                0x00000000       0x16 ..\..\Kernel-Tank-MASTER\Release\libKernel-Tank-MASTER.a(kernel.o)
 .text.initMotor
                0x00000000       0x5a ..\..\Kernel-Tank-MASTER\Release\libKernel-Tank-MASTER.a(kernel.o)
 .text.initMotor2Pins
                0x00000000       0x72 ..\..\Kernel-Tank-MASTER\Release\libKernel-Tank-MASTER.a(kernel.o)
 .text.initSmoothMotor
                0x00000000       0x18 ..\..\Kernel-Tank-MASTER\Release\libKernel-Tank-MASTER.a(kernel.o)
 .text.smooth_motor_tick
                0x00000000       0x2e ..\..\Kernel-Tank-MASTER\Release\libKernel-Tank-MASTER.a(kernel.o)
 .text.smooth_enable_tick
                0x00000000       0x18 ..\..\Kernel-Tank-MASTER\Release\libKernel-Tank-MASTER.a(kernel.o)
 .text.init_smooth_motors
                0x00000000       0xb2 ..\..\Kernel-Tank-MASTER\Release\libKernel-Tank-MASTER.a(kernel.o)
 .text.twi_handleMasterRequest
                0x00000000        0xa ..\..\Kernel-Tank-MASTER\Release\libKernel-Tank-MASTER.a(kernel.o)
 .text.twi_handleMasterTransmission
                0x00000000        0x2 ..\..\Kernel-Tank-MASTER\Release\libKernel-Tank-MASTER.a(kernel.o)
 .text.init_twi
                0x00000000       0x18 ..\..\Kernel-Tank-MASTER\Release\libKernel-Tank-MASTER.a(kernel.o)
 .text.next_twi_operation
                0x00000000       0xda ..\..\Kernel-Tank-MASTER\Release\libKernel-Tank-MASTER.a(kernel.o)
 .text.twi_start_master_operation
                0x00000000       0xea ..\..\Kernel-Tank-MASTER\Release\libKernel-Tank-MASTER.a(kernel.o)
 .text.twiSend  0x00000000       0xca ..\..\Kernel-Tank-MASTER\Release\libKernel-Tank-MASTER.a(kernel.o)
 .text.twiReceive
                0x00000000       0xc6 ..\..\Kernel-Tank-MASTER\Release\libKernel-Tank-MASTER.a(kernel.o)
 .text.twiSendReceive
                0x00000000       0xea ..\..\Kernel-Tank-MASTER\Release\libKernel-Tank-MASTER.a(kernel.o)
 .text.twiMultipleOperations
                0x00000000      0x16c ..\..\Kernel-Tank-MASTER\Release\libKernel-Tank-MASTER.a(kernel.o)
 .text.WAIT_FOR_TWI
                0x00000000       0x12 ..\..\Kernel-Tank-MASTER\Release\libKernel-Tank-MASTER.a(kernel.o)
 .text.turn_word
                0x00000000        0xc ..\..\Kernel-Tank-MASTER\Release\libKernel-Tank-MASTER.a(kernel.o)
 .text.twi_rpc_oneway
                0x00000000      0x110 ..\..\Kernel-Tank-MASTER\Release\libKernel-Tank-MASTER.a(kernel.o)
 .text.tankIO_blinkByte
                0x00000000       0x4c ..\..\Kernel-Tank-MASTER\Release\libKernel-Tank-MASTER.a(kernel.o)
 .text.tankIO_flashAllLeds
                0x00000000       0x46 ..\..\Kernel-Tank-MASTER\Release\libKernel-Tank-MASTER.a(kernel.o)
 .text.tankIO_flashLeds
                0x00000000       0x50 ..\..\Kernel-Tank-MASTER\Release\libKernel-Tank-MASTER.a(kernel.o)
 .text.tankIO_flashLed
                0x00000000       0x4c ..\..\Kernel-Tank-MASTER\Release\libKernel-Tank-MASTER.a(kernel.o)
 .text.tankIO_blinkAllLeds
                0x00000000       0x42 ..\..\Kernel-Tank-MASTER\Release\libKernel-Tank-MASTER.a(kernel.o)
 .text.tankIO_blinkLeds
                0x00000000       0x4c ..\..\Kernel-Tank-MASTER\Release\libKernel-Tank-MASTER.a(kernel.o)
 .text.tankIO_blinkLed
                0x00000000       0x46 ..\..\Kernel-Tank-MASTER\Release\libKernel-Tank-MASTER.a(kernel.o)
 .text.tankIO_setLeds
                0x00000000       0x46 ..\..\Kernel-Tank-MASTER\Release\libKernel-Tank-MASTER.a(kernel.o)
 .text.tankIO_disableLeds
                0x00000000       0x3c ..\..\Kernel-Tank-MASTER\Release\libKernel-Tank-MASTER.a(kernel.o)
 .text.tankIO_enableLeds
                0x00000000       0x3c ..\..\Kernel-Tank-MASTER\Release\libKernel-Tank-MASTER.a(kernel.o)
 .text.tankIO_setLed
                0x00000000       0x42 ..\..\Kernel-Tank-MASTER\Release\libKernel-Tank-MASTER.a(kernel.o)
 .text.tankIO_disableLed
                0x00000000       0x42 ..\..\Kernel-Tank-MASTER\Release\libKernel-Tank-MASTER.a(kernel.o)
 .text.tankIO_enableLed
                0x00000000       0x42 ..\..\Kernel-Tank-MASTER\Release\libKernel-Tank-MASTER.a(kernel.o)
 .text.tankIO_reset
                0x00000000       0x22 ..\..\Kernel-Tank-MASTER\Release\libKernel-Tank-MASTER.a(kernel.o)
 .text.twi_rpc_pseudo_oneway
                0x00000000      0x11e ..\..\Kernel-Tank-MASTER\Release\libKernel-Tank-MASTER.a(kernel.o)
 .text.bgx1_setIllumination
                0x00000000       0x3c ..\..\Kernel-Tank-MASTER\Release\libKernel-Tank-MASTER.a(kernel.o)
 .text.bgx1_termScroll
                0x00000000       0x38 ..\..\Kernel-Tank-MASTER\Release\libKernel-Tank-MASTER.a(kernel.o)
 .text.bgx1_termGoto_base
                0x00000000       0x3c ..\..\Kernel-Tank-MASTER\Release\libKernel-Tank-MASTER.a(kernel.o)
 .text.bgx1_termClear
                0x00000000       0x22 ..\..\Kernel-Tank-MASTER\Release\libKernel-Tank-MASTER.a(kernel.o)
 .text.bgx1_selectFont
                0x00000000       0x38 ..\..\Kernel-Tank-MASTER\Release\libKernel-Tank-MASTER.a(kernel.o)
 .text.bgx1_fillAll
                0x00000000       0x38 ..\..\Kernel-Tank-MASTER\Release\libKernel-Tank-MASTER.a(kernel.o)
 .text.bgx1_mode
                0x00000000       0x38 ..\..\Kernel-Tank-MASTER\Release\libKernel-Tank-MASTER.a(kernel.o)
 .text.bgx1_move_base
                0x00000000       0x3c ..\..\Kernel-Tank-MASTER\Release\libKernel-Tank-MASTER.a(kernel.o)
 .text.bgx1_setStatus
                0x00000000       0x38 ..\..\Kernel-Tank-MASTER\Release\libKernel-Tank-MASTER.a(kernel.o)
 .text.bgx1_reset
                0x00000000       0x22 ..\..\Kernel-Tank-MASTER\Release\libKernel-Tank-MASTER.a(kernel.o)
 .text.twi_rpc  0x00000000      0x13a ..\..\Kernel-Tank-MASTER\Release\libKernel-Tank-MASTER.a(kernel.o)
 .text.tankIO_pressedButtons
                0x00000000       0x50 ..\..\Kernel-Tank-MASTER\Release\libKernel-Tank-MASTER.a(kernel.o)
 .text.tankIO_buttonStatus
                0x00000000       0x50 ..\..\Kernel-Tank-MASTER\Release\libKernel-Tank-MASTER.a(kernel.o)
 .text.tankIO_isInitialized
                0x00000000       0x50 ..\..\Kernel-Tank-MASTER\Release\libKernel-Tank-MASTER.a(kernel.o)
 .text.bgx1_syncInterface
                0x00000000       0x58 ..\..\Kernel-Tank-MASTER\Release\libKernel-Tank-MASTER.a(kernel.o)
 .text.bgx1_getAnalog_base
                0x00000000       0x5e ..\..\Kernel-Tank-MASTER\Release\libKernel-Tank-MASTER.a(kernel.o)
 .text.bgx1_syncPort_base
                0x00000000       0x5e ..\..\Kernel-Tank-MASTER\Release\libKernel-Tank-MASTER.a(kernel.o)
 .text.bgx1_termPrint_base
                0x00000000       0x4e ..\..\Kernel-Tank-MASTER\Release\libKernel-Tank-MASTER.a(kernel.o)
 .text.bgx1_lineTo_base
                0x00000000       0x62 ..\..\Kernel-Tank-MASTER\Release\libKernel-Tank-MASTER.a(kernel.o)
 .text.bgx1_embeddedImage
                0x00000000       0x5e ..\..\Kernel-Tank-MASTER\Release\libKernel-Tank-MASTER.a(kernel.o)
 .text.bgx1_drawBitmap_base
                0x00000000       0x52 ..\..\Kernel-Tank-MASTER\Release\libKernel-Tank-MASTER.a(kernel.o)
 .text.bgx1_box_base
                0x00000000       0x62 ..\..\Kernel-Tank-MASTER\Release\libKernel-Tank-MASTER.a(kernel.o)
 .text.bgx1_vLine
                0x00000000       0x5e ..\..\Kernel-Tank-MASTER\Release\libKernel-Tank-MASTER.a(kernel.o)
 .text.bgx1_hLine
                0x00000000       0x5e ..\..\Kernel-Tank-MASTER\Release\libKernel-Tank-MASTER.a(kernel.o)
 .text.bgx1_textWidth_base
                0x00000000       0x4e ..\..\Kernel-Tank-MASTER\Release\libKernel-Tank-MASTER.a(kernel.o)
 .text.bgx1_print_base
                0x00000000       0x52 ..\..\Kernel-Tank-MASTER\Release\libKernel-Tank-MASTER.a(kernel.o)
 .text.bgx1_getStatus
                0x00000000       0x50 ..\..\Kernel-Tank-MASTER\Release\libKernel-Tank-MASTER.a(kernel.o)
 .text.bgx1_getVersion_base
                0x00000000       0x54 ..\..\Kernel-Tank-MASTER\Release\libKernel-Tank-MASTER.a(kernel.o)
 .text.tankIO_wait
                0x00000000       0x74 ..\..\Kernel-Tank-MASTER\Release\libKernel-Tank-MASTER.a(kernel.o)
 .text.init_kernel
                0x00000000       0x20 ..\..\Kernel-Tank-MASTER\Release\libKernel-Tank-MASTER.a(kernel.o)
 .text          0x00000000        0x0 c:/program files (x86)/atmel/atmel studio 6.0/extensions/atmel/avrgcc/3.3.2.31/avrtoolchain/bin/../lib/gcc/avr/4.5.1/../../../../avr/lib/avr51\libm.a(fixunssfsi.o)
 .data          0x00000000        0x0 c:/program files (x86)/atmel/atmel studio 6.0/extensions/atmel/avrgcc/3.3.2.31/avrtoolchain/bin/../lib/gcc/avr/4.5.1/../../../../avr/lib/avr51\libm.a(fixunssfsi.o)
 .bss           0x00000000        0x0 c:/program files (x86)/atmel/atmel studio 6.0/extensions/atmel/avrgcc/3.3.2.31/avrtoolchain/bin/../lib/gcc/avr/4.5.1/../../../../avr/lib/avr51\libm.a(fixunssfsi.o)
 .text          0x00000000        0x0 c:/program files (x86)/atmel/atmel studio 6.0/extensions/atmel/avrgcc/3.3.2.31/avrtoolchain/bin/../lib/gcc/avr/4.5.1/../../../../avr/lib/avr51\libm.a(floatsisf.o)
 .data          0x00000000        0x0 c:/program files (x86)/atmel/atmel studio 6.0/extensions/atmel/avrgcc/3.3.2.31/avrtoolchain/bin/../lib/gcc/avr/4.5.1/../../../../avr/lib/avr51\libm.a(floatsisf.o)
 .bss           0x00000000        0x0 c:/program files (x86)/atmel/atmel studio 6.0/extensions/atmel/avrgcc/3.3.2.31/avrtoolchain/bin/../lib/gcc/avr/4.5.1/../../../../avr/lib/avr51\libm.a(floatsisf.o)
 .text          0x00000000        0x0 c:/program files (x86)/atmel/atmel studio 6.0/extensions/atmel/avrgcc/3.3.2.31/avrtoolchain/bin/../lib/gcc/avr/4.5.1/../../../../avr/lib/avr51\libm.a(fp_split3.o)
 .data          0x00000000        0x0 c:/program files (x86)/atmel/atmel studio 6.0/extensions/atmel/avrgcc/3.3.2.31/avrtoolchain/bin/../lib/gcc/avr/4.5.1/../../../../avr/lib/avr51\libm.a(fp_split3.o)
 .bss           0x00000000        0x0 c:/program files (x86)/atmel/atmel studio 6.0/extensions/atmel/avrgcc/3.3.2.31/avrtoolchain/bin/../lib/gcc/avr/4.5.1/../../../../avr/lib/avr51\libm.a(fp_split3.o)
 .text          0x00000000        0x0 c:/program files (x86)/atmel/atmel studio 6.0/extensions/atmel/avrgcc/3.3.2.31/avrtoolchain/bin/../lib/gcc/avr/4.5.1/../../../../avr/lib/avr51\libm.a(fp_zero.o)
 .data          0x00000000        0x0 c:/program files (x86)/atmel/atmel studio 6.0/extensions/atmel/avrgcc/3.3.2.31/avrtoolchain/bin/../lib/gcc/avr/4.5.1/../../../../avr/lib/avr51\libm.a(fp_zero.o)
 .bss           0x00000000        0x0 c:/program files (x86)/atmel/atmel studio 6.0/extensions/atmel/avrgcc/3.3.2.31/avrtoolchain/bin/../lib/gcc/avr/4.5.1/../../../../avr/lib/avr51\libm.a(fp_zero.o)
 .text          0x00000000        0x0 c:/program files (x86)/atmel/atmel studio 6.0/extensions/atmel/avrgcc/3.3.2.31/avrtoolchain/bin/../lib/gcc/avr/4.5.1/../../../../avr/lib/avr51\libm.a(mulsf3.o)
 .data          0x00000000        0x0 c:/program files (x86)/atmel/atmel studio 6.0/extensions/atmel/avrgcc/3.3.2.31/avrtoolchain/bin/../lib/gcc/avr/4.5.1/../../../../avr/lib/avr51\libm.a(mulsf3.o)
 .bss           0x00000000        0x0 c:/program files (x86)/atmel/atmel studio 6.0/extensions/atmel/avrgcc/3.3.2.31/avrtoolchain/bin/../lib/gcc/avr/4.5.1/../../../../avr/lib/avr51\libm.a(mulsf3.o)
 .text          0x00000000        0x0 c:/program files (x86)/atmel/atmel studio 6.0/extensions/atmel/avrgcc/3.3.2.31/avrtoolchain/bin/../lib/gcc/avr/4.5.1/../../../../avr/lib/avr51\libm.a(mulsf3x.o)
 .data          0x00000000        0x0 c:/program files (x86)/atmel/atmel studio 6.0/extensions/atmel/avrgcc/3.3.2.31/avrtoolchain/bin/../lib/gcc/avr/4.5.1/../../../../avr/lib/avr51\libm.a(mulsf3x.o)
 .bss           0x00000000        0x0 c:/program files (x86)/atmel/atmel studio 6.0/extensions/atmel/avrgcc/3.3.2.31/avrtoolchain/bin/../lib/gcc/avr/4.5.1/../../../../avr/lib/avr51\libm.a(mulsf3x.o)
 .text          0x00000000        0x0 c:/program files (x86)/atmel/atmel studio 6.0/extensions/atmel/avrgcc/3.3.2.31/avrtoolchain/bin/../lib/gcc/avr/4.5.1/../../../../avr/lib/avr51\libm.a(fp_inf.o)
 .data          0x00000000        0x0 c:/program files (x86)/atmel/atmel studio 6.0/extensions/atmel/avrgcc/3.3.2.31/avrtoolchain/bin/../lib/gcc/avr/4.5.1/../../../../avr/lib/avr51\libm.a(fp_inf.o)
 .bss           0x00000000        0x0 c:/program files (x86)/atmel/atmel studio 6.0/extensions/atmel/avrgcc/3.3.2.31/avrtoolchain/bin/../lib/gcc/avr/4.5.1/../../../../avr/lib/avr51\libm.a(fp_inf.o)
 .text          0x00000000        0x0 c:/program files (x86)/atmel/atmel studio 6.0/extensions/atmel/avrgcc/3.3.2.31/avrtoolchain/bin/../lib/gcc/avr/4.5.1/../../../../avr/lib/avr51\libm.a(fp_nan.o)
 .data          0x00000000        0x0 c:/program files (x86)/atmel/atmel studio 6.0/extensions/atmel/avrgcc/3.3.2.31/avrtoolchain/bin/../lib/gcc/avr/4.5.1/../../../../avr/lib/avr51\libm.a(fp_nan.o)
 .bss           0x00000000        0x0 c:/program files (x86)/atmel/atmel studio 6.0/extensions/atmel/avrgcc/3.3.2.31/avrtoolchain/bin/../lib/gcc/avr/4.5.1/../../../../avr/lib/avr51\libm.a(fp_nan.o)
 .text          0x00000000        0x0 c:/program files (x86)/atmel/atmel studio 6.0/extensions/atmel/avrgcc/3.3.2.31/avrtoolchain/bin/../lib/gcc/avr/4.5.1/../../../../avr/lib/avr51\libm.a(fp_pscA.o)
 .data          0x00000000        0x0 c:/program files (x86)/atmel/atmel studio 6.0/extensions/atmel/avrgcc/3.3.2.31/avrtoolchain/bin/../lib/gcc/avr/4.5.1/../../../../avr/lib/avr51\libm.a(fp_pscA.o)
 .bss           0x00000000        0x0 c:/program files (x86)/atmel/atmel studio 6.0/extensions/atmel/avrgcc/3.3.2.31/avrtoolchain/bin/../lib/gcc/avr/4.5.1/../../../../avr/lib/avr51\libm.a(fp_pscA.o)
 .text          0x00000000        0x0 c:/program files (x86)/atmel/atmel studio 6.0/extensions/atmel/avrgcc/3.3.2.31/avrtoolchain/bin/../lib/gcc/avr/4.5.1/../../../../avr/lib/avr51\libm.a(fp_pscB.o)
 .data          0x00000000        0x0 c:/program files (x86)/atmel/atmel studio 6.0/extensions/atmel/avrgcc/3.3.2.31/avrtoolchain/bin/../lib/gcc/avr/4.5.1/../../../../avr/lib/avr51\libm.a(fp_pscB.o)
 .bss           0x00000000        0x0 c:/program files (x86)/atmel/atmel studio 6.0/extensions/atmel/avrgcc/3.3.2.31/avrtoolchain/bin/../lib/gcc/avr/4.5.1/../../../../avr/lib/avr51\libm.a(fp_pscB.o)
 .text          0x00000000        0x0 c:/program files (x86)/atmel/atmel studio 6.0/extensions/atmel/avrgcc/3.3.2.31/avrtoolchain/bin/../lib/gcc/avr/4.5.1/../../../../avr/lib/avr51\libm.a(fp_round.o)
 .data          0x00000000        0x0 c:/program files (x86)/atmel/atmel studio 6.0/extensions/atmel/avrgcc/3.3.2.31/avrtoolchain/bin/../lib/gcc/avr/4.5.1/../../../../avr/lib/avr51\libm.a(fp_round.o)
 .bss           0x00000000        0x0 c:/program files (x86)/atmel/atmel studio 6.0/extensions/atmel/avrgcc/3.3.2.31/avrtoolchain/bin/../lib/gcc/avr/4.5.1/../../../../avr/lib/avr51\libm.a(fp_round.o)
 .text          0x00000000        0x0 ..\..\AntonAvrLib\Release\libAntonAvrLib.a(idle.o)
 .data          0x00000000        0x0 ..\..\AntonAvrLib\Release\libAntonAvrLib.a(idle.o)
 .bss           0x00000000        0x0 ..\..\AntonAvrLib\Release\libAntonAvrLib.a(idle.o)
 .text.processor_idle
                0x00000000       0x12 ..\..\AntonAvrLib\Release\libAntonAvrLib.a(idle.o)
 .text          0x00000000        0x0 c:/program files (x86)/atmel/atmel studio 6.0/extensions/atmel/avrgcc/3.3.2.31/avrtoolchain/bin/../lib/gcc/avr/4.5.1/avr51\libgcc.a(_exit.o)
 .data          0x00000000        0x0 c:/program files (x86)/atmel/atmel studio 6.0/extensions/atmel/avrgcc/3.3.2.31/avrtoolchain/bin/../lib/gcc/avr/4.5.1/avr51\libgcc.a(_exit.o)
 .bss           0x00000000        0x0 c:/program files (x86)/atmel/atmel studio 6.0/extensions/atmel/avrgcc/3.3.2.31/avrtoolchain/bin/../lib/gcc/avr/4.5.1/avr51\libgcc.a(_exit.o)
 .text.libgcc   0x00000000        0x0 c:/program files (x86)/atmel/atmel studio 6.0/extensions/atmel/avrgcc/3.3.2.31/avrtoolchain/bin/../lib/gcc/avr/4.5.1/avr51\libgcc.a(_exit.o)
 .text          0x00000000        0x0 c:/program files (x86)/atmel/atmel studio 6.0/extensions/atmel/avrgcc/3.3.2.31/avrtoolchain/bin/../lib/gcc/avr/4.5.1/avr51\libgcc.a(_copy_data.o)
 .data          0x00000000        0x0 c:/program files (x86)/atmel/atmel studio 6.0/extensions/atmel/avrgcc/3.3.2.31/avrtoolchain/bin/../lib/gcc/avr/4.5.1/avr51\libgcc.a(_copy_data.o)
 .bss           0x00000000        0x0 c:/program files (x86)/atmel/atmel studio 6.0/extensions/atmel/avrgcc/3.3.2.31/avrtoolchain/bin/../lib/gcc/avr/4.5.1/avr51\libgcc.a(_copy_data.o)
 .text.libgcc   0x00000000        0x0 c:/program files (x86)/atmel/atmel studio 6.0/extensions/atmel/avrgcc/3.3.2.31/avrtoolchain/bin/../lib/gcc/avr/4.5.1/avr51\libgcc.a(_copy_data.o)
 .text          0x00000000        0x0 c:/program files (x86)/atmel/atmel studio 6.0/extensions/atmel/avrgcc/3.3.2.31/avrtoolchain/bin/../lib/gcc/avr/4.5.1/avr51\libgcc.a(_clear_bss.o)
 .data          0x00000000        0x0 c:/program files (x86)/atmel/atmel studio 6.0/extensions/atmel/avrgcc/3.3.2.31/avrtoolchain/bin/../lib/gcc/avr/4.5.1/avr51\libgcc.a(_clear_bss.o)
 .bss           0x00000000        0x0 c:/program files (x86)/atmel/atmel studio 6.0/extensions/atmel/avrgcc/3.3.2.31/avrtoolchain/bin/../lib/gcc/avr/4.5.1/avr51\libgcc.a(_clear_bss.o)
 .text.libgcc   0x00000000        0x0 c:/program files (x86)/atmel/atmel studio 6.0/extensions/atmel/avrgcc/3.3.2.31/avrtoolchain/bin/../lib/gcc/avr/4.5.1/avr51\libgcc.a(_clear_bss.o)
 .text          0x00000000        0x0 c:/program files (x86)/atmel/atmel studio 6.0/extensions/atmel/avrgcc/3.3.2.31/avrtoolchain/bin/../lib/gcc/avr/4.5.1/../../../../avr/lib/avr51\libc.a(malloc.o)
 .bss           0x00000000        0x0 c:/program files (x86)/atmel/atmel studio 6.0/extensions/atmel/avrgcc/3.3.2.31/avrtoolchain/bin/../lib/gcc/avr/4.5.1/../../../../avr/lib/avr51\libc.a(malloc.o)
 .text          0x00000000        0x0 c:/program files (x86)/atmel/atmel studio 6.0/extensions/atmel/avrgcc/3.3.2.31/avrtoolchain/bin/../lib/gcc/avr/4.5.1/../../../../avr/lib/avr51\libc.a(memcpy.o)
 .data          0x00000000        0x0 c:/program files (x86)/atmel/atmel studio 6.0/extensions/atmel/avrgcc/3.3.2.31/avrtoolchain/bin/../lib/gcc/avr/4.5.1/../../../../avr/lib/avr51\libc.a(memcpy.o)
 .bss           0x00000000        0x0 c:/program files (x86)/atmel/atmel studio 6.0/extensions/atmel/avrgcc/3.3.2.31/avrtoolchain/bin/../lib/gcc/avr/4.5.1/../../../../avr/lib/avr51\libc.a(memcpy.o)
 .text.avr-libc
                0x00000000       0x12 c:/program files (x86)/atmel/atmel studio 6.0/extensions/atmel/avrgcc/3.3.2.31/avrtoolchain/bin/../lib/gcc/avr/4.5.1/../../../../avr/lib/avr51\libc.a(memcpy.o)

Memory Configuration

Name             Origin             Length             Attributes
text             0x00000000         0x00020000         xr
data             0x00800100         0x0000ff00         rw !x
eeprom           0x00810000         0x00010000         rw !x
fuse             0x00820000         0x00000400         rw !x
lock             0x00830000         0x00000400         rw !x
signature        0x00840000         0x00000400         rw !x
*default*        0x00000000         0xffffffff

Linker script and memory map

Address of section .data set to 0x800100
LOAD c:/program files (x86)/atmel/atmel studio 6.0/extensions/atmel/avrgcc/3.3.2.31/avrtoolchain/bin/../lib/gcc/avr/4.5.1/../../../../avr/lib/avr51/crtm1284p.o
LOAD Main.o
START GROUP
LOAD ..\..\AntonAvrLib\Release\libAntonAvrLib.a
LOAD ..\..\Kernel-Tank-MASTER\Release\libKernel-Tank-MASTER.a
LOAD c:/program files (x86)/atmel/atmel studio 6.0/extensions/atmel/avrgcc/3.3.2.31/avrtoolchain/bin/../lib/gcc/avr/4.5.1/../../../../avr/lib/avr51\libm.a
END GROUP
                0x00004000                __stack = 0x4000
LOAD c:/program files (x86)/atmel/atmel studio 6.0/extensions/atmel/avrgcc/3.3.2.31/avrtoolchain/bin/../lib/gcc/avr/4.5.1/avr51\libgcc.a
LOAD c:/program files (x86)/atmel/atmel studio 6.0/extensions/atmel/avrgcc/3.3.2.31/avrtoolchain/bin/../lib/gcc/avr/4.5.1/../../../../avr/lib/avr51\libc.a
LOAD c:/program files (x86)/atmel/atmel studio 6.0/extensions/atmel/avrgcc/3.3.2.31/avrtoolchain/bin/../lib/gcc/avr/4.5.1/avr51\libgcc.a

.hash
 *(.hash)

.dynsym
 *(.dynsym)

.dynstr
 *(.dynstr)

.gnu.version
 *(.gnu.version)

.gnu.version_d
 *(.gnu.version_d)

.gnu.version_r
 *(.gnu.version_r)

.rel.init
 *(.rel.init)

.rela.init
 *(.rela.init)

.rel.text
 *(.rel.text)
 *(.rel.text.*)
 *(.rel.gnu.linkonce.t*)

.rela.text
 *(.rela.text)
 *(.rela.text.*)
 *(.rela.gnu.linkonce.t*)

.rel.fini
 *(.rel.fini)

.rela.fini
 *(.rela.fini)

.rel.rodata
 *(.rel.rodata)
 *(.rel.rodata.*)
 *(.rel.gnu.linkonce.r*)

.rela.rodata
 *(.rela.rodata)
 *(.rela.rodata.*)
 *(.rela.gnu.linkonce.r*)

.rel.data
 *(.rel.data)
 *(.rel.data.*)
 *(.rel.gnu.linkonce.d*)

.rela.data
 *(.rela.data)
 *(.rela.data.*)
 *(.rela.gnu.linkonce.d*)

.rel.ctors
 *(.rel.ctors)

.rela.ctors
 *(.rela.ctors)

.rel.dtors
 *(.rel.dtors)

.rela.dtors
 *(.rela.dtors)

.rel.got
 *(.rel.got)

.rela.got
 *(.rela.got)

.rel.bss
 *(.rel.bss)

.rela.bss
 *(.rela.bss)

.rel.plt
 *(.rel.plt)

.rela.plt
 *(.rela.plt)

.text           0x00000000     0x1856
 *(.vectors)
 .vectors       0x00000000       0x8c c:/program files (x86)/atmel/atmel studio 6.0/extensions/atmel/avrgcc/3.3.2.31/avrtoolchain/bin/../lib/gcc/avr/4.5.1/../../../../avr/lib/avr51/crtm1284p.o
                0x00000000                __vector_default
                0x00000000                __vectors
 *(.vectors)
 *(.progmem.gcc*)
 *(.progmem*)
                0x0000008c                . = ALIGN (0x2)
                0x0000008c                __trampolines_start = .
 *(.trampolines)
 .trampolines   0x0000008c        0x0 linker stubs
 *(.trampolines*)
                0x0000008c                __trampolines_end = .
 *(.jumptables)
 *(.jumptables*)
 *(.lowtext)
 *(.lowtext*)
                0x0000008c                __ctors_start = .
 *(.ctors)
                0x0000008c                __ctors_end = .
                0x0000008c                __dtors_start = .
 *(.dtors)
                0x0000008c                __dtors_end = .
 SORT(*)(.ctors)
 SORT(*)(.dtors)
 *(.init0)
 .init0         0x0000008c        0x0 c:/program files (x86)/atmel/atmel studio 6.0/extensions/atmel/avrgcc/3.3.2.31/avrtoolchain/bin/../lib/gcc/avr/4.5.1/../../../../avr/lib/avr51/crtm1284p.o
                0x0000008c                __init
 *(.init0)
 *(.init1)
 *(.init1)
 *(.init2)
 .init2         0x0000008c        0xc c:/program files (x86)/atmel/atmel studio 6.0/extensions/atmel/avrgcc/3.3.2.31/avrtoolchain/bin/../lib/gcc/avr/4.5.1/../../../../avr/lib/avr51/crtm1284p.o
 *(.init2)
 *(.init3)
 *(.init3)
 *(.init4)
 .init4         0x00000098       0x1a c:/program files (x86)/atmel/atmel studio 6.0/extensions/atmel/avrgcc/3.3.2.31/avrtoolchain/bin/../lib/gcc/avr/4.5.1/avr51\libgcc.a(_copy_data.o)
                0x00000098                __do_copy_data
 .init4         0x000000b2       0x10 c:/program files (x86)/atmel/atmel studio 6.0/extensions/atmel/avrgcc/3.3.2.31/avrtoolchain/bin/../lib/gcc/avr/4.5.1/avr51\libgcc.a(_clear_bss.o)
                0x000000b2                __do_clear_bss
 *(.init4)
 *(.init5)
 *(.init5)
 *(.init6)
 *(.init6)
 *(.init7)
 *(.init7)
 *(.init8)
 .init8         0x000000c2      0x2aa ..\..\Kernel-Tank-MASTER\Release\libKernel-Tank-MASTER.a(kernel.o)
                0x000000c2                init_reset_condition_kernel_init
                0x000000da                init_ports_m1284P_kernel_init
                0x000000dc                init_timer_m1284P_kernel_init
                0x00000270                init_timer_kernel_init
                0x00000298                init_tank_motors_kernel_init
                0x0000029a                init_smooth_motors_kernel_init
                0x0000033a                init_twi_kernel_init
                0x00000350                init_kernel_kernel_init
 *(.init8)
 *(.init9)
 .init9         0x0000036c        0x6 c:/program files (x86)/atmel/atmel studio 6.0/extensions/atmel/avrgcc/3.3.2.31/avrtoolchain/bin/../lib/gcc/avr/4.5.1/../../../../avr/lib/avr51/crtm1284p.o
 *(.init9)
 *(.text)
 .text          0x00000372        0x2 c:/program files (x86)/atmel/atmel studio 6.0/extensions/atmel/avrgcc/3.3.2.31/avrtoolchain/bin/../lib/gcc/avr/4.5.1/../../../../avr/lib/avr51/crtm1284p.o
                0x00000372                __vector_22
                0x00000372                __vector_28
                0x00000372                __vector_1
                0x00000372                __vector_34
                0x00000372                __vector_24
                0x00000372                __vector_12
                0x00000372                __bad_interrupt
                0x00000372                __vector_6
                0x00000372                __vector_31
                0x00000372                __vector_3
                0x00000372                __vector_23
                0x00000372                __vector_30
                0x00000372                __vector_25
                0x00000372                __vector_11
                0x00000372                __vector_13
                0x00000372                __vector_17
                0x00000372                __vector_19
                0x00000372                __vector_7
                0x00000372                __vector_27
                0x00000372                __vector_5
                0x00000372                __vector_4
                0x00000372                __vector_9
                0x00000372                __vector_2
                0x00000372                __vector_21
                0x00000372                __vector_15
                0x00000372                __vector_29
                0x00000372                __vector_8
                0x00000372                __vector_14
                0x00000372                __vector_10
                0x00000372                __vector_16
                0x00000372                __vector_18
                0x00000372                __vector_20
                0x00000374                . = ALIGN (0x2)
 *(.text.*)
 .text.main     0x00000374       0x94 Main.o
                0x00000374                main
 .text.regulateStopMotor
                0x00000408       0x38 ..\..\AntonAvrLib\Release\libAntonAvrLib.a(motor_smooth.o)
                0x00000408                regulateStopMotor
 .text.regulateSpeed
                0x00000440       0x48 ..\..\AntonAvrLib\Release\libAntonAvrLib.a(motor_smooth.o)
                0x00000440                regulateSpeed
 .text.motor_smooth_tick
                0x00000488       0xe0 ..\..\AntonAvrLib\Release\libAntonAvrLib.a(motor_smooth.o)
                0x00000488                motor_smooth_tick
 .text.setSpeed
                0x00000568      0x17c ..\..\AntonAvrLib\Release\libAntonAvrLib.a(motor.o)
                0x00000568                setSpeed
 .text.setPinOutput
                0x000006e4       0x1c ..\..\AntonAvrLib\Release\libAntonAvrLib.a(port.o)
                0x000006e4                setPinOutput
 .text.writePin
                0x00000700       0x32 ..\..\AntonAvrLib\Release\libAntonAvrLib.a(port.o)
                0x00000700                writePin
 .text.setPinOne
                0x00000732       0x1c ..\..\AntonAvrLib\Release\libAntonAvrLib.a(port.o)
                0x00000732                setPinOne
 .text.setPinZero
                0x0000074e       0x1e ..\..\AntonAvrLib\Release\libAntonAvrLib.a(port.o)
                0x0000074e                setPinZero
 .text.setCompareMatchOutputMode
                0x0000076c       0x58 ..\..\AntonAvrLib\Release\libAntonAvrLib.a(timer.o)
                0x0000076c                setCompareMatchOutputMode
 .text.setTimerClockSelect
                0x000007c4       0xc2 ..\..\AntonAvrLib\Release\libAntonAvrLib.a(timer.o)
                0x000007c4                setTimerClockSelect
 .text.setWaveformGenerationMode
                0x00000886      0x146 ..\..\AntonAvrLib\Release\libAntonAvrLib.a(timer.o)
                0x00000886                setWaveformGenerationMode
 .text.enableTimerInterrupt
                0x000009cc       0x2c ..\..\AntonAvrLib\Release\libAntonAvrLib.a(timer.o)
                0x000009cc                enableTimerInterrupt
 .text.disableTimerInterrupt
                0x000009f8       0x2c ..\..\AntonAvrLib\Release\libAntonAvrLib.a(timer.o)
                0x000009f8                disableTimerInterrupt
 .text.enableOutputCompare
                0x00000a24       0x46 ..\..\AntonAvrLib\Release\libAntonAvrLib.a(timer.o)
                0x00000a24                enableOutputCompare
 .text.disableOutputCompare
                0x00000a6a       0x36 ..\..\AntonAvrLib\Release\libAntonAvrLib.a(timer.o)
                0x00000a6a                disableOutputCompare
 .text.setTimerCompareValue
                0x00000aa0       0x56 ..\..\AntonAvrLib\Release\libAntonAvrLib.a(timer.o)
                0x00000aa0                setTimerCompareValue
 .text.init_ports_m1284P
                0x00000af6      0x212 ..\..\Kernel-Tank-MASTER\Release\libKernel-Tank-MASTER.a(kernel.o)
                0x00000af6                init_ports_m1284P
 .text.in_timer_tick
                0x00000d08        0x2 ..\..\Kernel-Tank-MASTER\Release\libKernel-Tank-MASTER.a(kernel.o)
                0x00000d08                in_timer_tick
 .text.__vector_32
                0x00000d0a       0x74 ..\..\Kernel-Tank-MASTER\Release\libKernel-Tank-MASTER.a(kernel.o)
                0x00000d0a                __vector_32
 .text.mutex_lock
                0x00000d7e       0x12 ..\..\Kernel-Tank-MASTER\Release\libKernel-Tank-MASTER.a(kernel.o)
                0x00000d7e                mutex_lock
 .text.mutex_release
                0x00000d90        0x4 ..\..\Kernel-Tank-MASTER\Release\libKernel-Tank-MASTER.a(kernel.o)
                0x00000d90                mutex_release
 .text.init_tank_motors
                0x00000d94      0x198 ..\..\Kernel-Tank-MASTER\Release\libKernel-Tank-MASTER.a(kernel.o)
                0x00000d94                init_tank_motors
 .text.motor_smooth_start_tick
                0x00000f2c       0x32 ..\..\Kernel-Tank-MASTER\Release\libKernel-Tank-MASTER.a(kernel.o)
                0x00000f2c                motor_smooth_start_tick
 .text.motor_smooth_stop_tick
                0x00000f5e       0x46 ..\..\Kernel-Tank-MASTER\Release\libKernel-Tank-MASTER.a(kernel.o)
                0x00000f5e                motor_smooth_stop_tick
 .text.__vector_33
                0x00000fa4       0x72 ..\..\Kernel-Tank-MASTER\Release\libKernel-Tank-MASTER.a(kernel.o)
                0x00000fa4                __vector_33
 .text.twi_unexpectedCondition
                0x00001016        0x2 ..\..\Kernel-Tank-MASTER\Release\libKernel-Tank-MASTER.a(kernel.o)
                0x00001016                twi_unexpectedCondition
 .text.__vector_26
                0x00001018      0x382 ..\..\Kernel-Tank-MASTER\Release\libKernel-Tank-MASTER.a(kernel.o)
                0x00001018                __vector_26
 .text.before_timer
                0x0000139a        0x2 ..\..\Kernel-Tank-MASTER\Release\libKernel-Tank-MASTER.a(kernel.o)
                0x0000139a                before_timer
 .text.avr-libc.fplib
                0x0000139c       0x58 c:/program files (x86)/atmel/atmel studio 6.0/extensions/atmel/avrgcc/3.3.2.31/avrtoolchain/bin/../lib/gcc/avr/4.5.1/../../../../avr/lib/avr51\libm.a(fixunssfsi.o)
                0x0000139c                __fixunssfsi
 .text.avr-libc.fplib
                0x000013f4       0x7a c:/program files (x86)/atmel/atmel studio 6.0/extensions/atmel/avrgcc/3.3.2.31/avrtoolchain/bin/../lib/gcc/avr/4.5.1/../../../../avr/lib/avr51\libm.a(floatsisf.o)
                0x000013f4                __floatunsisf
                0x000013f8                __floatsisf
 .text.avr-libc.fplib
                0x0000146e       0x44 c:/program files (x86)/atmel/atmel studio 6.0/extensions/atmel/avrgcc/3.3.2.31/avrtoolchain/bin/../lib/gcc/avr/4.5.1/../../../../avr/lib/avr51\libm.a(fp_split3.o)
                0x0000146e                __fp_split3
                0x0000147e                __fp_splitA
 .text.avr-libc.fplib
                0x000014b2        0xe c:/program files (x86)/atmel/atmel studio 6.0/extensions/atmel/avrgcc/3.3.2.31/avrtoolchain/bin/../lib/gcc/avr/4.5.1/../../../../avr/lib/avr51\libm.a(fp_zero.o)
                0x000014b2                __fp_zero
                0x000014b4                __fp_szero
 .text.avr-libc.fplib
                0x000014c0        0x4 c:/program files (x86)/atmel/atmel studio 6.0/extensions/atmel/avrgcc/3.3.2.31/avrtoolchain/bin/../lib/gcc/avr/4.5.1/../../../../avr/lib/avr51\libm.a(mulsf3.o)
                0x000014c0                __mulsf3
 .text.avr-libc.fplib
                0x000014c4       0xc2 c:/program files (x86)/atmel/atmel studio 6.0/extensions/atmel/avrgcc/3.3.2.31/avrtoolchain/bin/../lib/gcc/avr/4.5.1/../../../../avr/lib/avr51\libm.a(mulsf3x.o)
                0x000014d8                __mulsf3x
                0x000014dc                __mulsf3_pse
 .text.avr-libc.fplib
                0x00001586        0xc c:/program files (x86)/atmel/atmel studio 6.0/extensions/atmel/avrgcc/3.3.2.31/avrtoolchain/bin/../lib/gcc/avr/4.5.1/../../../../avr/lib/avr51\libm.a(fp_inf.o)
                0x00001586                __fp_inf
 .text.avr-libc.fplib
                0x00001592        0x6 c:/program files (x86)/atmel/atmel studio 6.0/extensions/atmel/avrgcc/3.3.2.31/avrtoolchain/bin/../lib/gcc/avr/4.5.1/../../../../avr/lib/avr51\libm.a(fp_nan.o)
                0x00001592                __fp_nan
 .text.avr-libc.fplib
                0x00001598        0xe c:/program files (x86)/atmel/atmel studio 6.0/extensions/atmel/avrgcc/3.3.2.31/avrtoolchain/bin/../lib/gcc/avr/4.5.1/../../../../avr/lib/avr51\libm.a(fp_pscA.o)
                0x00001598                __fp_pscA
 .text.avr-libc.fplib
                0x000015a6        0xe c:/program files (x86)/atmel/atmel studio 6.0/extensions/atmel/avrgcc/3.3.2.31/avrtoolchain/bin/../lib/gcc/avr/4.5.1/../../../../avr/lib/avr51\libm.a(fp_pscB.o)
                0x000015a6                __fp_pscB
 .text.avr-libc.fplib
                0x000015b4       0x22 c:/program files (x86)/atmel/atmel studio 6.0/extensions/atmel/avrgcc/3.3.2.31/avrtoolchain/bin/../lib/gcc/avr/4.5.1/../../../../avr/lib/avr51\libm.a(fp_round.o)
                0x000015b4                __fp_round
 .text.processor_loop_idle
                0x000015d6       0x12 ..\..\AntonAvrLib\Release\libAntonAvrLib.a(idle.o)
                0x000015d6                processor_loop_idle
 .text.avr-libc
                0x000015e8      0x266 c:/program files (x86)/atmel/atmel studio 6.0/extensions/atmel/avrgcc/3.3.2.31/avrtoolchain/bin/../lib/gcc/avr/4.5.1/../../../../avr/lib/avr51\libc.a(malloc.o)
                0x000015e8                malloc
                0x0000171c                free
                0x0000184e                . = ALIGN (0x2)
 *(.fini9)
 .fini9         0x0000184e        0x0 c:/program files (x86)/atmel/atmel studio 6.0/extensions/atmel/avrgcc/3.3.2.31/avrtoolchain/bin/../lib/gcc/avr/4.5.1/avr51\libgcc.a(_exit.o)
                0x0000184e                _exit
                0x0000184e                exit
 *(.fini9)
 *(.fini8)
 *(.fini8)
 *(.fini7)
 *(.fini7)
 *(.fini6)
 *(.fini6)
 *(.fini5)
 *(.fini5)
 *(.fini4)
 *(.fini4)
 *(.fini3)
 *(.fini3)
 *(.fini2)
 *(.fini2)
 *(.fini1)
 .fini1         0x0000184e        0x4 ..\..\Kernel-Tank-MASTER\Release\libKernel-Tank-MASTER.a(kernel.o)
                0x0000184e                MainProcessEnd
 *(.fini1)
 *(.fini0)
 .fini0         0x00001852        0x4 c:/program files (x86)/atmel/atmel studio 6.0/extensions/atmel/avrgcc/3.3.2.31/avrtoolchain/bin/../lib/gcc/avr/4.5.1/avr51\libgcc.a(_exit.o)
 *(.fini0)
                0x00001856                _etext = .

.data           0x00800100       0xb0 load address 0x00001856
                0x00800100                PROVIDE (__data_start, .)
 *(.data)
 .data          0x00800100        0x8 ..\..\AntonAvrLib\Release\libAntonAvrLib.a(timer.o)
 .data          0x00800108       0xa2 ..\..\Kernel-Tank-MASTER\Release\libKernel-Tank-MASTER.a(kernel.o)
                0x00800108                PortA
                0x0080010a                PinA0
                0x0080010c                PinA1
                0x0080010e                PinA2
                0x00800110                PinA3
                0x00800112                PinA4
                0x00800114                PinA5
                0x00800116                PinA6
                0x00800118                PinA7
                0x0080011a                PortB
                0x0080011c                PinB0
                0x0080011e                PinB1
                0x00800120                PinB2
                0x00800122                PinB3
                0x00800124                PinB4
                0x00800126                PinB5
                0x00800128                PinB6
                0x0080012a                PinB7
                0x0080012c                PortC
                0x0080012e                PinC0
                0x00800130                PinC1
                0x00800132                PinC2
                0x00800134                PinC3
                0x00800136                PinC4
                0x00800138                PinC5
                0x0080013a                PinC6
                0x0080013c                PinC7
                0x0080013e                PortD
                0x00800140                PinD0
                0x00800142                PinD1
                0x00800144                PinD2
                0x00800146                PinD3
                0x00800148                PinD4
                0x0080014a                PinD5
                0x0080014c                PinD6
                0x0080014e                PinD7
                0x00800150                Timer0
                0x00800152                Timer1
                0x00800154                Timer2
                0x00800156                Timer3
                0x00800158                Timer0A
                0x0080015a                Timer0B
                0x0080015c                Timer1A
                0x0080015e                Timer1B
                0x00800160                Timer2A
                0x00800162                Timer2B
                0x00800164                Timer3A
                0x00800166                Timer3B
                0x00800168                LeftMotorBase
                0x0080016a                RightMotorBase
                0x0080016c                LeftMotor
                0x0080016e                RightMotor
                0x00800170                bgx1
                0x00800171                tank_IO
                0x00800172                sendBuffer
 .data          0x008001aa        0x6 c:/program files (x86)/atmel/atmel studio 6.0/extensions/atmel/avrgcc/3.3.2.31/avrtoolchain/bin/../lib/gcc/avr/4.5.1/../../../../avr/lib/avr51\libc.a(malloc.o)
                0x008001aa                __malloc_margin
                0x008001ac                __malloc_heap_start
                0x008001ae                __malloc_heap_end
 *(.data*)
 *(.rodata)
 *(.rodata*)
 *(.gnu.linkonce.d*)
                0x008001b0                . = ALIGN (0x2)
                0x008001b0                _edata = .
                0x008001b0                PROVIDE (__data_end, .)

.bss            0x008001b0      0x239
                0x008001b0                PROVIDE (__bss_start, .)
 *(.bss)
 .bss           0x008001b0        0xa ..\..\Kernel-Tank-MASTER\Release\libKernel-Tank-MASTER.a(kernel.o)
                0x008001b0                current_reset_status
                0x008001b1                milliseconds_running
                0x008001b5                motor_A_running
                0x008001b7                motor_B_running
                0x008001b9                TWIBroadcast
 *(.bss*)
 *(COMMON)
 COMMON         0x008001ba      0x22b ..\..\Kernel-Tank-MASTER\Release\libKernel-Tank-MASTER.a(kernel.o)
                0x008001ba                twi_address
                0x008001bb                PinA5_
                0x008001be                PinD7_
                0x008001c1                PinC1_
                0x008001c4                PinC4_
                0x008001c7                RightMotorBase_
                0x008001d2                PinC7_
                0x008001d5                PinA6_
                0x008001d8                PinB2_
                0x008001db                PinD0_
                0x008001de                sendBufferData
                0x008002dd                PinA1_
                0x008002e0                Timer3A_
                0x008002e8                Timer1A_
                0x008002f0                Timer1_
                0x008002f7                PinC2_
                0x008002fa                PortD_
                0x00800300                Timer2_
                0x00800307                Timer3_
                0x0080030e                Timer0B_
                0x00800316                PinC3_
                0x00800319                PinA4_
                0x0080031c                PinC5_
                0x0080031f                PortB_
                0x00800325                PinC0_
                0x00800328                alreadyHandled
                0x0080032a                twi_error
                0x0080032c                PinB1_
                0x0080032f                PinA7_
                0x00800332                PinB7_
                0x00800335                LeftMotor_
                0x00800345                PortC_
                0x0080034b                Timer1B_
                0x00800353                LeftMotorBase_
                0x0080035e                PinD5_
                0x00800361                PinA0_
                0x00800364                PinD2_
                0x00800367                Timer2B_
                0x0080036f                PinC6_
                0x00800372                Timer3B_
                0x0080037a                PinD4_
                0x0080037d                nextTwiOperation
                0x0080037f                PinB5_
                0x00800382                twi_buffer
                0x00800386                PinA3_
                0x00800389                twi_running
                0x0080038b                PinD3_
                0x0080038e                Timer0_
                0x00800395                PinB0_
                0x00800398                PinB4_
                0x0080039b                PinD6_
                0x0080039e                PinA2_
                0x008003a1                PortA_
                0x008003a7                RightMotor_
                0x008003b7                PinB3_
                0x008003ba                furtherOperations
                0x008003cf                PinD1_
                0x008003d2                Timer2A_
                0x008003da                PinB6_
                0x008003dd                Timer0A_
 COMMON         0x008003e5        0x4 c:/program files (x86)/atmel/atmel studio 6.0/extensions/atmel/avrgcc/3.3.2.31/avrtoolchain/bin/../lib/gcc/avr/4.5.1/../../../../avr/lib/avr51\libc.a(malloc.o)
                0x008003e5                __brkval
                0x008003e7                __flp
                0x008003e9                PROVIDE (__bss_end, .)
                0x00001856                __data_load_start = LOADADDR (.data)
                0x00001906                __data_load_end = (__data_load_start + SIZEOF (.data))

.noinit         0x008003e9        0x0
                0x008003e9                PROVIDE (__noinit_start, .)
 *(.noinit*)
                0x008003e9                PROVIDE (__noinit_end, .)
                0x008003e9                _end = .
                0x008003e9                PROVIDE (__heap_start, .)

.eeprom         0x00810000        0x0
 *(.eeprom*)
                0x00810000                __eeprom_end = .

.fuse
 *(.fuse)
 *(.lfuse)
 *(.hfuse)
 *(.efuse)

.lock
 *(.lock*)

.signature
 *(.signature*)

.stab           0x00000000     0x16f8
 *(.stab)
 .stab          0x00000000      0x6cc c:/program files (x86)/atmel/atmel studio 6.0/extensions/atmel/avrgcc/3.3.2.31/avrtoolchain/bin/../lib/gcc/avr/4.5.1/../../../../avr/lib/avr51/crtm1284p.o
 .stab          0x000006cc      0x240 c:/program files (x86)/atmel/atmel studio 6.0/extensions/atmel/avrgcc/3.3.2.31/avrtoolchain/bin/../lib/gcc/avr/4.5.1/../../../../avr/lib/avr51\libm.a(fixunssfsi.o)
                                0x24c (size before relaxing)
 .stab          0x0000090c      0x318 c:/program files (x86)/atmel/atmel studio 6.0/extensions/atmel/avrgcc/3.3.2.31/avrtoolchain/bin/../lib/gcc/avr/4.5.1/../../../../avr/lib/avr51\libm.a(floatsisf.o)
                                0x324 (size before relaxing)
 .stab          0x00000c24      0x1d4 c:/program files (x86)/atmel/atmel studio 6.0/extensions/atmel/avrgcc/3.3.2.31/avrtoolchain/bin/../lib/gcc/avr/4.5.1/../../../../avr/lib/avr51\libm.a(fp_split3.o)
                                0x1e0 (size before relaxing)
 .stab          0x00000df8       0x90 c:/program files (x86)/atmel/atmel studio 6.0/extensions/atmel/avrgcc/3.3.2.31/avrtoolchain/bin/../lib/gcc/avr/4.5.1/../../../../avr/lib/avr51\libm.a(fp_zero.o)
                                 0x9c (size before relaxing)
 .stab          0x00000e88       0x48 c:/program files (x86)/atmel/atmel studio 6.0/extensions/atmel/avrgcc/3.3.2.31/avrtoolchain/bin/../lib/gcc/avr/4.5.1/../../../../avr/lib/avr51\libm.a(mulsf3.o)
                                 0x54 (size before relaxing)
 .stab          0x00000ed0      0x4d4 c:/program files (x86)/atmel/atmel studio 6.0/extensions/atmel/avrgcc/3.3.2.31/avrtoolchain/bin/../lib/gcc/avr/4.5.1/../../../../avr/lib/avr51\libm.a(mulsf3x.o)
                                0x4e0 (size before relaxing)
 .stab          0x000013a4       0x78 c:/program files (x86)/atmel/atmel studio 6.0/extensions/atmel/avrgcc/3.3.2.31/avrtoolchain/bin/../lib/gcc/avr/4.5.1/../../../../avr/lib/avr51\libm.a(fp_inf.o)
                                 0x84 (size before relaxing)
 .stab          0x0000141c       0x54 c:/program files (x86)/atmel/atmel studio 6.0/extensions/atmel/avrgcc/3.3.2.31/avrtoolchain/bin/../lib/gcc/avr/4.5.1/../../../../avr/lib/avr51\libm.a(fp_nan.o)
                                 0x60 (size before relaxing)
 .stab          0x00001470       0x84 c:/program files (x86)/atmel/atmel studio 6.0/extensions/atmel/avrgcc/3.3.2.31/avrtoolchain/bin/../lib/gcc/avr/4.5.1/../../../../avr/lib/avr51\libm.a(fp_pscA.o)
                                 0x90 (size before relaxing)
 .stab          0x000014f4       0x84 c:/program files (x86)/atmel/atmel studio 6.0/extensions/atmel/avrgcc/3.3.2.31/avrtoolchain/bin/../lib/gcc/avr/4.5.1/../../../../avr/lib/avr51\libm.a(fp_pscB.o)
                                 0x90 (size before relaxing)
 .stab          0x00001578       0xfc c:/program files (x86)/atmel/atmel studio 6.0/extensions/atmel/avrgcc/3.3.2.31/avrtoolchain/bin/../lib/gcc/avr/4.5.1/../../../../avr/lib/avr51\libm.a(fp_round.o)
                                0x108 (size before relaxing)
 .stab          0x00001674       0x84 c:/program files (x86)/atmel/atmel studio 6.0/extensions/atmel/avrgcc/3.3.2.31/avrtoolchain/bin/../lib/gcc/avr/4.5.1/../../../../avr/lib/avr51\libc.a(memcpy.o)
                                 0x90 (size before relaxing)

.stabstr        0x00000000      0x60c
 *(.stabstr)
 .stabstr       0x00000000      0x60c c:/program files (x86)/atmel/atmel studio 6.0/extensions/atmel/avrgcc/3.3.2.31/avrtoolchain/bin/../lib/gcc/avr/4.5.1/../../../../avr/lib/avr51/crtm1284p.o

.stab.excl
 *(.stab.excl)

.stab.exclstr
 *(.stab.exclstr)

.stab.index
 *(.stab.index)

.stab.indexstr
 *(.stab.indexstr)

.comment
 *(.comment)

.debug
 *(.debug)

.line
 *(.line)

.debug_srcinfo
 *(.debug_srcinfo)

.debug_sfnames
 *(.debug_sfnames)

.debug_aranges  0x00000000       0x28
 *(.debug_aranges)
 .debug_aranges
                0x00000000       0x28 c:/program files (x86)/atmel/atmel studio 6.0/extensions/atmel/avrgcc/3.3.2.31/avrtoolchain/bin/../lib/gcc/avr/4.5.1/../../../../avr/lib/avr51\libc.a(malloc.o)

.debug_pubnames
                0x00000000       0x7f
 *(.debug_pubnames)
 .debug_pubnames
                0x00000000       0x7f c:/program files (x86)/atmel/atmel studio 6.0/extensions/atmel/avrgcc/3.3.2.31/avrtoolchain/bin/../lib/gcc/avr/4.5.1/../../../../avr/lib/avr51\libc.a(malloc.o)

.debug_info     0x00000000      0x296
 *(.debug_info)
 .debug_info    0x00000000      0x296 c:/program files (x86)/atmel/atmel studio 6.0/extensions/atmel/avrgcc/3.3.2.31/avrtoolchain/bin/../lib/gcc/avr/4.5.1/../../../../avr/lib/avr51\libc.a(malloc.o)
 *(.gnu.linkonce.wi.*)

.debug_abbrev   0x00000000       0xf5
 *(.debug_abbrev)
 .debug_abbrev  0x00000000       0xf5 c:/program files (x86)/atmel/atmel studio 6.0/extensions/atmel/avrgcc/3.3.2.31/avrtoolchain/bin/../lib/gcc/avr/4.5.1/../../../../avr/lib/avr51\libc.a(malloc.o)

.debug_line     0x00000000      0x405
 *(.debug_line)
 .debug_line    0x00000000      0x405 c:/program files (x86)/atmel/atmel studio 6.0/extensions/atmel/avrgcc/3.3.2.31/avrtoolchain/bin/../lib/gcc/avr/4.5.1/../../../../avr/lib/avr51\libc.a(malloc.o)

.debug_frame    0x00000000       0x30
 *(.debug_frame)
 .debug_frame   0x00000000       0x30 c:/program files (x86)/atmel/atmel studio 6.0/extensions/atmel/avrgcc/3.3.2.31/avrtoolchain/bin/../lib/gcc/avr/4.5.1/../../../../avr/lib/avr51\libc.a(malloc.o)

.debug_str      0x00000000      0x143
 *(.debug_str)
 .debug_str     0x00000000      0x143 c:/program files (x86)/atmel/atmel studio 6.0/extensions/atmel/avrgcc/3.3.2.31/avrtoolchain/bin/../lib/gcc/avr/4.5.1/../../../../avr/lib/avr51\libc.a(malloc.o)
                                0x17c (size before relaxing)

.debug_loc      0x00000000      0x429
 *(.debug_loc)
 .debug_loc     0x00000000      0x429 c:/program files (x86)/atmel/atmel studio 6.0/extensions/atmel/avrgcc/3.3.2.31/avrtoolchain/bin/../lib/gcc/avr/4.5.1/../../../../avr/lib/avr51\libc.a(malloc.o)

.debug_macinfo
 *(.debug_macinfo)
OUTPUT(Main-Tank-MASTER.elf elf32-avr)
LOAD linker stubs

.debug_pubtypes
                0x00000000       0x39
 .debug_pubtypes
                0x00000000       0x39 c:/program files (x86)/atmel/atmel studio 6.0/extensions/atmel/avrgcc/3.3.2.31/avrtoolchain/bin/../lib/gcc/avr/4.5.1/../../../../avr/lib/avr51\libc.a(malloc.o)

.debug_ranges   0x00000000       0x18
 .debug_ranges  0x00000000       0x18 c:/program files (x86)/atmel/atmel studio 6.0/extensions/atmel/avrgcc/3.3.2.31/avrtoolchain/bin/../lib/gcc/avr/4.5.1/../../../../avr/lib/avr51\libc.a(malloc.o)
